; Map created with FinalSun Mission Editor
; www.wagnerma.de (german+english homepage of author), finalsun.wagnerma.de (finalsun homepage, german+english), www.theonliner.de (german homepage of FRG)
; note that all comments were truncated

[Preview]

[PreviewPack]

[01000028]
0=1,FVBLUE
Name=Van
Group=-1

[01000029]
0=1,CITYBUS
Name=Bus
Group=-1

[01000030]
0=2,E1
Name=Soldier Team
Group=-1

[01000031]
0=3,12
1=5,4
2=3,4
3=37,0
Name=Bus 3 12 4

[01000032]
0=3,6
1=5,4
2=3,7
3=3,11
4=37,0
Name=Van 5 6 7 11

[01000033]
0=3,9
1=5,10
2=3,10
3=37,0
Name=Soldiers

[01000034]
Max=5
Full=yes
Name=Soldiers
Group=-1
House=Special
Script=01000033
Whiner=no
Droppod=no
Suicide=no
Loadable=no
Prebuild=no
Priority=5
Waypoint=I
Annoyance=no
IonImmune=no
Recruiter=no
Reinforce=no
TaskForce=01000030
TechLevel=0
Aggressive=no
Autocreate=yes
GuardSlower=no
OnTransOnly=no
AvoidThreats=no
LooseRecruit=no
VeteranLevel=1
IsBaseDefense=no
OnlyTargetHouseEnemy=no
TransportsReturnOnUnload=no
AreTeamMembersRecruitable=no

[01000035]
Max=5
Full=yes
Name=Van
Group=-1
House=Neutral
Script=01000032
Whiner=no
Droppod=no
Suicide=no
Loadable=no
Prebuild=no
Priority=5
Waypoint=F
Annoyance=no
IonImmune=no
Recruiter=no
Reinforce=no
TaskForce=01000028
TechLevel=0
Aggressive=no
Autocreate=yes
GuardSlower=no
OnTransOnly=no
AvoidThreats=no
LooseRecruit=no
VeteranLevel=1
IsBaseDefense=no
OnlyTargetHouseEnemy=no
TransportsReturnOnUnload=no
AreTeamMembersRecruitable=no

[01000036]
Max=5
Full=yes
Name=City Bus
Group=-1
House=Neutral
Script=01000031
Whiner=no
Droppod=no
Suicide=no
Loadable=no
Prebuild=no
Priority=5
Waypoint=D
Annoyance=no
IonImmune=no
Recruiter=no
Reinforce=no
TaskForce=01000029
TechLevel=0
Aggressive=no
Autocreate=yes
GuardSlower=no
OnTransOnly=no
AvoidThreats=no
LooseRecruit=no
VeteranLevel=1
IsBaseDefense=no
OnlyTargetHouseEnemy=no
TransportsReturnOnUnload=no
AreTeamMembersRecruitable=no

[AITriggerTypesEnable]
041CFAE0-G=yes
074AC080-G=yes
074ADF20-G=yes
074B3330-G=yes
075A52F0-G=yes
075A53F0-G=yes
075A5EC0-G=yes
07CC6030-G=yes
07CC6140-G=yes
07CC6250-G=yes
07CC6360-G=yes
07CC6470-G=yes
07CC6580-G=yes
07CC66F0-G=yes
07CC6800-G=yes
07CC6AD0-G=yes
07CC6BE0-G=yes
07CC6CF0-G=yes
07CC6E00-G=yes
07CC6F10-G=yes
07CC7690-G=yes
07CC77A0-G=yes
07CC78B0-G=yes
07CC79C0-G=yes
07CC7AD0-G=yes
07CC7BE0-G=yes
07CC7CF0-G=yes
07CC7E00-G=yes
07CC7F10-G=yes
07CDB770-G=yes
07D5E8A0-G=yes
07D70470-G=yes
07D70D20-G=yes
07E30560-G=yes
07E30660-G=yes
07E57AE0-G=yes
07E8B210-G=yes
07E8B310-G=yes
07E8B410-G=yes
07E8BB50-G=yes
07E8BC50-G=yes
07E8BD50-G=yes
07E8BE50-G=yes
07E8C9B0-G=yes
07E8CAB0-G=yes
07E8CBB0-G=yes
07E8CCB0-G=yes
07EA53C0-G=yes
07EA54C0-G=yes
07ECC040-G=yes
07ECC2E0-G=yes
07ECC580-G=yes
07ECC820-G=yes
07EF8A30-G=yes
07EF8B30-G=yes
07F232E0-G=yes
07F26720-G=yes
07F3D830-G=yes
07F3EC20-G=yes
07F3EE20-G=yes
07F3EF20-G=yes
07FC4E50-G=yes
07FC5110-G=yes
07FC53B0-G=yes
07FC5650-G=yes
080AB180-G=yes
080C70E0-G=yes
080C71E0-G=yes
080CF120-G=yes
080CF220-G=yes
080D0120-G=yes
080D0220-G=yes
080D0320-G=yes
080D0420-G=yes
080D0520-G=yes
080D0620-G=yes
080D0720-G=yes
080D0820-G=yes
080D0920-G=yes
080D0A20-G=yes
080D0B20-G=yes
080D0C20-G=yes
080D1120-G=yes
080D1220-G=yes
080D1320-G=yes
080D1420-G=yes
080D1520-G=yes
080D1620-G=yes
080D1720-G=yes
080D1820-G=yes
080D1920-G=yes
080D1A20-G=yes
080D1C20-G=yes
080D1D20-G=yes
080D1E20-G=yes
080D1F20-G=yes
080D2120-G=yes
080D2220-G=yes
080D2320-G=yes
080D2420-G=yes
080D2520-G=yes
080D2620-G=yes
080D2720-G=yes
080D2820-G=yes
080D2920-G=yes
080D2C20-G=yes
080D2D20-G=yes
080D2E20-G=yes
080D2F20-G=yes
080D3520-G=yes
080D3620-G=yes
080D3720-G=yes
080D3920-G=yes
080D3A20-G=yes
080D3B20-G=yes
080D3C20-G=yes
080D3D20-G=yes
080D3E20-G=yes
080D3F20-G=yes
080D4120-G=yes
080D4220-G=yes
080D4320-G=yes
080D4420-G=yes
080D4520-G=yes
080D4620-G=yes
080D4720-G=yes
080D4820-G=yes
080D4D20-G=yes
080D4E20-G=yes
080D4F20-G=yes
080D5120-G=yes
080D5220-G=yes
080D5320-G=yes
080D5420-G=yes
080D5520-G=yes
080D5620-G=yes
080D5720-G=yes
080D5820-G=yes
080D5920-G=yes
080D5A20-G=yes
080D5B20-G=yes
080D5C20-G=yes
080D5D20-G=yes
080D5E20-G=yes
080D5F20-G=yes
080D6120-G=yes
080D6220-G=yes
080D6320-G=yes
080D6420-G=yes
080D6520-G=yes
080D6620-G=yes
080D6720-G=yes
080D6820-G=yes
080D6920-G=yes
080D6A20-G=yes
080D6B20-G=yes
080D6C20-G=yes
080D6D20-G=yes
080D6E20-G=yes
080D6F20-G=yes
080D7620-G=yes
080D7720-G=yes
080D7820-G=yes
080D7D20-G=yes
080D7E20-G=yes
080D7F20-G=yes
080D8620-G=yes
080D8920-G=yes
080D9320-G=yes
080D9420-G=yes
080D9520-G=yes
080DA220-G=yes
080DA320-G=yes
080DA820-G=yes
080DA920-G=yes
080DAE20-G=yes
080DAF20-G=yes
080DBB20-G=yes
080DBC20-G=yes
080DDBE0-G=yes
080DF140-G=yes
080E2360-G=yes
080E8920-G=yes
080E8A20-G=yes
080E8B20-G=yes
080E8C20-G=yes
080E8D20-G=yes
080E8E20-G=yes
080E8F20-G=yes
080F9470-G=yes
080FB470-G=yes
08440550-G=yes
08440650-G=yes
08440750-G=yes
08440850-G=yes
08440950-G=yes
08440AE0-G=yes
084712B0-G=yes
08471C20-G=yes
08472A20-G=yes
08472B20-G=yes
08472C20-G=yes
08472D20-G=yes
08472E20-G=yes
08472F20-G=yes
084756C0-G=yes
084EF620-G=yes
084EF720-G=yes
084EF820-G=yes
084EF920-G=yes
084EFA20-G=yes
084EFB20-G=yes
084EFC20-G=yes
084EFF20-G=yes
084F0A20-G=yes
084F0B20-G=yes
084F4130-G=yes
084F4230-G=yes
084F7D20-G=yes
08500120-G=yes
08507720-G=yes
085696F0-G=yes
0856AD20-G=yes
0856AF20-G=yes
085940B0-G=yes
085944D0-G=yes
085945B0-G=yes
085945D0-G=yes
085946B0-G=yes
085947B0-G=yes
085948B0-G=yes
085949B0-G=yes
08594AB0-G=yes
08595620-G=yes
08595720-G=yes
08595E20-G=yes
08595F20-G=yes
08596050-G=yes
08596350-G=yes
08596450-G=yes
08596550-G=yes
08596650-G=yes
08596750-G=yes
08596850-G=yes
08596B20-G=yes
08596C20-G=yes
08596D20-G=yes
08597420-G=yes
08597520-G=yes
08597720-G=yes
08597820-G=yes
08597920-G=yes
08597A20-G=yes
08597B20-G=yes
08597C20-G=yes
08597D20-G=yes
08597E20-G=yes
085980D0-G=yes
085981D0-G=yes
085982D0-G=yes
085983D0-G=yes
085984D0-G=yes
085985D0-G=yes
085986D0-G=yes
085987D0-G=yes
085988D0-G=yes
08598A20-G=yes
08598B20-G=yes
08598C20-G=yes
08598D20-G=yes
08598E20-G=yes
08598F20-G=yes
08599F20-G=yes
0859A060-G=yes
0859A160-G=yes
0859A820-G=yes
0859AB20-G=yes
0859B030-G=yes
0859B130-G=yes
0859B330-G=yes
0859B430-G=yes
0859B630-G=yes
0859B930-G=yes
0859BA30-G=yes
0859BB30-G=yes
0859BD20-G=yes
0859BE20-G=yes
0859BF20-G=yes
0859C0E0-G=yes
0859C1E0-G=yes
0859C2E0-G=yes
0859C3E0-G=yes
0859C720-G=yes
0859C820-G=yes
0859C920-G=yes
0859CA20-G=yes
0859CB20-G=yes
0859CC20-G=yes
0859CD20-G=yes
0859CE20-G=yes
0859CF20-G=yes
0859D2C0-G=yes
0859DE20-G=yes
0859DF20-G=yes
0859E070-G=yes
0859E170-G=yes
0859E270-G=yes
0859ED20-G=yes
0859F140-G=yes
0859F240-G=yes
0859F340-G=yes
0859F440-G=yes
0859F540-G=yes
0859F640-G=yes
0859F740-G=yes
0859F840-G=yes
0859F940-G=yes
0859FD20-G=yes
0859FE20-G=yes
0859FF20-G=yes
085A0320-G=yes
085A0420-G=yes
085A0D20-G=yes
085A0E20-G=yes
085A0F20-G=yes
085A10A0-G=yes
085A11A0-G=yes
085A12A0-G=yes
085A13A0-G=yes
085A17F0-G=yes
085A18F0-G=yes
085A1BF0-G=yes
085A1D20-G=yes
085A1E20-G=yes
085A1F20-G=yes
085A20A0-G=yes
085A21A0-G=yes
085A22A0-G=yes
085A23A0-G=yes
085A24A0-G=yes
085A25A0-G=yes
085A26A0-G=yes
085A2A20-G=yes
085A2B20-G=yes
085A2C20-G=yes
085A30B0-G=yes
085A31B0-G=yes
085A32B0-G=yes
085A3480-G=yes
085A3580-G=yes
085A3680-G=yes
085A3780-G=yes
085A3880-G=yes
085A3B80-G=yes
085A3D20-G=yes
085A3E20-G=yes
085A3F20-G=yes
085A4230-G=yes
085A4430-G=yes
085A4530-G=yes
085A4630-G=yes
085A4730-G=yes
085A4C20-G=yes
085A4D20-G=yes
085A4E20-G=yes
085A4F20-G=yes
085A5320-G=yes
085A5420-G=yes
085A5520-G=yes
085A5A20-G=yes
085A5B20-G=yes
085A5C20-G=yes
085A5D20-G=yes
08821CF0-G=yes
08821E00-G=yes
08821F10-G=yes
08823520-G=yes
08823630-G=yes
08823740-G=yes
08823F10-G=yes
08850F10-G=yes
08860AF0-G=yes
08860C00-G=yes
08860D10-G=yes
08B80660-G=yes
08B80760-G=yes
08BBC3E0-G=yes
08BBC4E0-G=yes
08BBCA80-G=yes
08BBCB80-G=yes
08BBCE20-G=yes
08BBCF20-G=yes
08BBE8C0-G=yes
08BBE9C0-G=yes
090EFB90-G=yes
090EFC90-G=yes
090F8D20-G=yes
090F8E20-G=yes
090F8F20-G=yes
090F9350-G=yes
090FA500-G=yes
090FA600-G=yes
090FA700-G=yes
090FC820-G=yes
090FD760-G=yes
090FD860-G=yes
090FD960-G=yes
090FDA60-G=yes
090FDB60-G=yes
090FDE20-G=yes
090FDF20-G=yes
091001C0-G=yes
091002C0-G=yes
09100F20-G=yes
09101470-G=yes
09101920-G=yes
09101A20-G=yes
09101B20-G=yes
09101D20-G=yes
09101F20-G=yes
09102140-G=yes
09102240-G=yes
09102C20-G=yes
09103A20-G=yes
09103B20-G=yes
09103C20-G=yes
09103F20-G=yes
0914DE20-G=yes
091F4720-G=yes
0930A240-G=yes
0930BDC0-G=yes
096E8480-G=yes
096E8580-G=yes
096E8880-G=yes
09798200-G=yes
097985A0-G=yes
09799C80-G=yes
09799F20-G=yes
09A92A20-G=yes
09EEBCD0-G=yes
09EF4430-G=yes
09EF4530-G=yes
09F2E320-G=yes
09F2E520-G=yes
09F2E920-G=yes
09F2EA20-G=yes
09F2EB20-G=yes
09F30210-G=yes
09F30310-G=yes
09F30410-G=yes
09F30510-G=yes
0A70E220-G=yes
0A70E330-G=yes
0A70E440-G=yes
0A70F040-G=yes
0A70F310-G=yes
0A70F420-G=yes
0A70F530-G=yes
0A70F800-G=yes
0A70F910-G=yes
0A70FA20-G=yes
0A70FCF0-G=yes
0A70FE00-G=yes
0A70FF10-G=yes
0AA34260-G=yes
0AA34360-G=yes
0AA34800-G=yes
0AA34900-G=yes
0AA34BA0-G=yes
0AA34CA0-G=yes
0AA35070-G=yes
0AA35980-G=yes
0AA35E20-G=yes
0AA35F20-G=yes
0AA36C80-G=yes
0AA36D80-G=yes
0AA4F100-G=yes
0AA50F20-G=yes
0AAC5B20-G=yes
0AF3EF10-G=yes

[Actions]
01000000=1,46,0,0,0,0,0,0,A
01000002=1,11,0,105,0,0,0,0,A
01000004=1,11,0,106,0,0,0,0,A
01000006=1,20,0,10,0,0,0,0,A
01000008=1,11,0,107,0,0,0,0,A
01000010=1,11,0,100,0,0,0,0,A
01000012=2,11,0,101,0,0,0,0,A,17,0,0,0,0,0,0,A
01000014=1,11,0,102,0,0,0,0,A
01000016=1,11,0,103,0,0,0,0,A
01000018=4,11,0,104,0,0,0,0,A,17,0,1,0,0,0,0,A,53,2,01000037,0,0,0,0,A,53,2,01000039,0,0,0,0,A
01000020=3,11,0,108,0,0,0,0,A,17,0,2,0,0,0,0,A,53,2,01000041,0,0,0,0,A
01000022=1,11,0,109,0,0,0,0,A
01000024=1,11,0,110,0,0,0,0,A
01000026=1,1,0,0,0,0,0,0,A
01000037=1,80,1,01000036,0,0,0,0,D
01000039=1,80,1,01000035,0,0,0,0,F
01000041=1,80,1,01000034,0,0,0,0,I

[Basic]
Name=The Beginning
Player=GDI
Percent=0
GameMode=Custom Map
HomeCell=98
InitTime=10000
Official=yes
EndOfGame=yes
FreeRadar=no
MaxPlayer=8
MinPlayer=2
SkipScore=yes
TrainCrate=no
TruckCrate=no
AltHomeCell=99
OneTimeOnly=no
CarryOverCap=0
NewINIFormat=4
NextScenario=
SkipMapSelect=yes
CarryOverMoney=0.000000
AltNextScenario=
MultiplayerOnly=0
IceGrowthEnabled=yes
VeinGrowthEnabled=yes
TiberiumGrowthEnabled=yes
IgnoreGlobalAITriggers=no
TiberiumDeathToVisceroid=no

[Briefing]
1=Время до наших дней...

[Events]
01000000=1,8,0,0
01000002=1,13,0,125
01000004=1,13,0,145
01000006=1,8,0,0
01000008=1,13,0,165
01000010=1,13,0,15
01000012=1,13,0,35
01000014=1,13,0,60
01000016=1,13,0,80
01000018=1,13,0,100
01000020=1,13,0,185
01000022=1,13,0,210
01000024=1,13,0,230
01000026=1,13,0,260
01000037=1,13,0,15
01000039=1,13,0,50
01000041=1,13,0,8

[Extra1]
IQ=5
Edge=North
Side=Extra1
Color=Gold
Allies=Extra1
Credits=0
ActsLike=4
NodeCount=0
TechLevel=10
PercentBuilt=100
PlayerControl=no

[Extra2]
IQ=5
Edge=North
Side=Extra2
Color=Red
Allies=Extra2
Credits=0
ActsLike=5
NodeCount=0
TechLevel=10
PercentBuilt=100
PlayerControl=no

[Extra3]
IQ=5
Edge=North
Side=Extra3
Color=Grey
Allies=Extra3
Credits=0
ActsLike=6
NodeCount=0
TechLevel=10
PercentBuilt=100
PlayerControl=no

[Extra4]
IQ=5
Edge=North
Side=Extra4
Color=LightGold
Allies=Extra4
Credits=0
ActsLike=7
NodeCount=0
TechLevel=10
PercentBuilt=100
PlayerControl=no

[Extra5]
IQ=5
Edge=North
Side=Extra5
Color=Gold
Allies=Extra5
Credits=0
ActsLike=8
NodeCount=0
TechLevel=10
PercentBuilt=100
PlayerControl=no

[Extra6]
IQ=5
Edge=North
Side=Extra6
Color=Red
Allies=Extra6
Credits=0
ActsLike=9
NodeCount=0
TechLevel=10
PercentBuilt=100
PlayerControl=no

[Extra7]
IQ=5
Edge=North
Side=Extra7
Color=Grey
Allies=Extra7
Credits=0
ActsLike=10
NodeCount=0
TechLevel=10
PercentBuilt=100
PlayerControl=no

[Extra8]
IQ=5
Edge=North
Side=Extra8
Color=LightGold
Allies=Extra8
Credits=0
ActsLike=11
NodeCount=0
TechLevel=10
PercentBuilt=100
PlayerControl=no

[GDI]
IQ=5
Edge=North
Side=GDI
Color=Gold
Allies=GDI
Credits=0
ActsLike=0
NodeCount=0
TechLevel=10
PercentBuilt=100
PlayerControl=no

[Houses]
0=GDI
1=Nod
2=Neutral
3=Special
4=Extra1
5=Extra2
6=Extra3
7=Extra4
8=Extra5
9=Extra6
10=Extra7
11=Extra8

[Infantry]
0=Special,E1,256,60,80,0,Guard,64,None,0,-1,0,1,0
1=Special,E1,256,69,79,0,Guard,64,None,0,-1,0,1,0
2=Neutral,DOCTOR,256,70,63,1,Guard,64,None,0,-1,0,1,0
3=Neutral,POLITICIAN,256,70,64,1,Guard,64,None,0,-1,0,1,0
4=Neutral,CIV2,256,61,65,0,Guard,64,None,0,-1,0,1,0
5=Neutral,CIV8,256,56,60,0,Guard,64,None,0,-1,0,1,0
6=Neutral,CIV3,256,61,61,0,Stop,64,None,0,-1,0,1,0
7=Neutral,CIV1,256,70,55,1,Guard,64,None,0,-1,0,1,0
8=Neutral,CIV5,256,69,55,1,Guard,64,None,0,-1,0,1,0
9=Neutral,CIV8,256,66,49,1,Guard,64,None,0,-1,0,1,0
10=Neutral,CIV7,256,61,51,1,Guard,64,None,0,-1,0,1,0
11=Special,E1,256,60,74,1,Guard,64,None,0,-1,0,1,0

[IsoMapPack5]
1=VgwAIAFBAAEAgAACAgBAAAKEAVkAQUwAjwECAEIoKwA/AAOQAkUCQCgpAEEoKQBCKCkAQ0
2=oB//9YBQICAD4ABFwASwACAD8oKQBAKCkAQSgpAEJIAdkGQygpAEQoKwA9AAVECUgAfAon
3=KQA/KFUAQCgpAEFIAdEJQigpAEMoKQBEKCkARSgrADwABlwLSwACAD0oKQA+KCkAPygpAE
4=BIAckMQSgpAEIoKQBDKCkARCgpAEUoKQBGKCsAOwAHVA5LAAIAPCgpAD0oKQA+KCkAP0gB
5=wQ9AKCkAQSgpAEIoKQBDKCkARCgpAEUoKQBGKCkARygrADoACEwRSwACADsoKQA8KCkAPS
6=gpAD5IAdkRPygpAEAoKQBBKCkAQigpAEMoKQBEKCkARSgpAEYoKQBHKCkASCgrADkACUQU
7=SwACADooKQA7KCkAPCgpAD1IAdEUPigpAD8oKQBAKCkAQSgpAEIoKQBDKCkARCgpAEUoKQ
8=BGKCkARygpAEgoKQBJKCsAOAAKXBZLAAIAOSgpADooKQA7KCkAPEgByRc9KCkAPigpAD8o
9=KQBAKCkAQSgpAEIoKQBDKCkARCgpAEUoKQBGKCkARygpAEgoKQBJKCkASigrADcAC1QZSw
10=ACADgoKQA5KCkAOigpADtIAcEaPCgpAD0oKQA+KCkAPygpAEAoKQBBKCkAQigpAEMoKQBE
11=KCkARSgpAEYoKQBHKCkASCgpAEkoKQBKKCkASygrADYADEwcSwACADcoKQA4KCkAOSgpAD
12=pIAdkcOygpADwoKQA9KCkAPigpAD8oKQBAKCkAQSgpAEIoKQBDKCkARCgpAEUoKQBGKCkA
13=RygpAEgoKQBJKCkASigpAEsoKQBMKCsANQANRB9LAAIANigpADcoKQA4KCkAOUgB0R86KC
14=kAOygpADwoKQA9KCkAPigpAD8oKQBAKCkAQSgpAEIoKQBDKCkARCgpAEUoKQBGKCkARygp
15=AEgoKQBJKCkASigpAEsoKQBMKCkATSgrADQADlwhSwACADUoKQA2KCkANygpADhIAckiOS
16=gpADooKQA7KCkAPCgpAD0oKQA+KCkAPygpAEAoKQBBKCkAQigpAEMoKQBEKCkARSgpAEYo
17=KQBHKCkASCgpAEkoKQBKKCkASygpAEwoKQBNKCkATigrADMAD1QkSwACADQoKQA1KCkANi
18=gpADdIAcElOCgpADkoKQA6KCkAOygpADwoKQA9KCkAPigpAD8oKQBAKCkAQSgpAEIoKQBD
19=KCkARCgpAEUoKQBGKCkARygpAEgoKQBJKCkASigpAEsoKQBMKCkATSgpAE4oKQBPKCsAMg
20=AQTCdLAAIAMygpADQoKQA1KCkANkgB2Sc3KCkAOCgpADkoKQA6KCkAOygpADwoKQA9KCkA
21=PigpAD8oKQBAKCkAQSgpAEIoKQBDKCkARCgpAEUoKQBGKCkARygpAEgoKQBJKCkASigpAE
22=soKQBMKCkATSgpAE4oKQBPKCkAUCgrADEAEUQqSwACADIoKQAzKCkANCgpADVIAdEqNigp
23=ADcoKQA4KCkAOSgpADooKQA7KCkAPCgpAD0oKQA+KCkAPygpAEAoKQBBKCkAQigpAEMoKQ
24=BEKCkARSgpAEYoKQBHKCkASCgpAEkoKQBKKCkASygpAEwoKQBNKCkATigpAE8oKQBQKCkA
25=USgrADAAElwsSwACADEoKQAyKCkAMygpADRIAcktNSgpADYoKQA3KCkAOCgpADkoKQA6KC
26=kAOygpADwoKQA9KCkAPigpAD8oKQBAKCkAQSgpAEIoKQBDKCkARCgpAEUoKQBGKCkARygp
27=AEgoKQBJKCkASigpAEsoKQBMKCkATSgpAE4oKQBPKCkAUCgpAFEoKQBSKCsALwATVC9LAA
28=IAMCgpADEoKQAyKCkAM0gBwTA0KCkANSgpADYoKQA3KCkAOCgpADkoKQA6KCkAOygpADwo
29=KQA9KCkAPigpAD8oKQBAKCkAQSgpAEIoKQBDKCkARCgpAEUoKQBGKCkARygpAEgoKQBJKC
30=kASigpAEsoKQBMKCkATSgpAE4oKQBPKCkAUCgpAFEoKQBSKCkAUygrAC4AFEwySwACAC8o
31=KQAwKCkAMSgpADJIAdkyMygpADQoKQA1KCkANigpADcoKQA4KCkAOSgpADooKQA7KCkAPC
32=gpAD0oKQA+KCkAPygpAEAoKQBBKCkAQigpAEMoKQBEKCkARSgpAEYoKQBHKCkASCgpAEko
33=KQBKKCkASygpAEwoKQBNKCkATigpAE8oKQBQKCkAUSgpAFIoKQBTKCkAVCgrAC0AFUQ1Sw
34=ACAC4oKQAvKCkAMCgpADFIAdE1MigpADMoKQA0KCkANSgpADYoKQA3KCkAOCgpADkoKQA6
35=KCkAOygpADwoKQA9KCkAPigpAD8oKQBAKCkAQSgpAEIoKQBDKCkARCgpAEUoKQBGKCkARy
36=gpAEgoKQBJKCkASigpAEsoKQBMKCkATSgpAE4oKQBPKCkAUCgpAFEoKQBSKCkAUygpAFQo
37=KQBVKCsALAAWXDdLAAIALSgpAC4oKQAvKCkAMEgByTgxKCkAMigpADMoKQA0KCkANSgpAD
38=YoKQA3KCkAOCgpADkoKQA6KCkAOygpADwoKQA9KCkAPigpAD8oKQBAKCkAQSgpAEIoKQBD
39=KCkARCgpAEUoKQBGKCkARygpAEgoKQBJKCkASigpAEsoKQBMKCkATSgpAE4oKQBPKCkAUC
40=gpAFEoKQBSKCkAUygpAFQoKQBVKCkAVigrACsAF1Q6SwACACwoKQAtKCkALigpAC9IAcE7
41=MCgpADEoKQAyKCkAMygpADQoKQA1KCkANigpADcoKQA4KCkAOSgpADooKQA7KCkAPCgpAD
42=0oKQA+KCkAPygpAEAoKQBBKCkAQigpAEMoKQBEKCkARSgpAEYoKQBHKCkASCgpAEkoKQBK
43=KCkASygpAEwoKQBNKCkATigpAE8oKQBQKCkAUSgpAFIoKQBTKCkAVCgpAFUoKQBWKCkAVy
44=grACoAGEw9SwACACsoKQAsKCkALSgpAC5IAdk9LygpADAoKQAxKCkAMigpADMoKQA0KCkA
45=NSgpADYoKQA3KCkAOCgpADkoKQA6KCkAOygpADwoKQA9KCkAPigpAD8oKQBAKCkAQSgpAE
46=IoKQBDKCkARCgpAEUoKQBGKCkARygpAEgoKQBJKCkASigpAEsoKQBMKCkATSgpAE4oKQBP
47=KCkAUCgpAFEoKQBSKCkAUygpAFQoKQBVKCkAVigpAFcoKQBYKCsAKQAZREBLAAIAKigpAC
48=soKQAsKCkALUgB0UAuKCkALygpADAoKQAxKCkAMigpADMoKQA0KCkANSgpADYoKQA3KCkA
49=OCgpADkoKQA6KCkAOygpADwoKQA9KCkAPigpAD8oKQBAKCkAQSgpAEIoKQBDKCkARCgpAE
50=UoKQBGKCkARygpAEgoKQBJKCkASigpAEsoKQBMKCkATSgpAE4oKQBPKCkAUCgpAFEoKQBS
51=KCkAUygpAFQoKQBVKCkAVigpAFcoKQBYKCkAWSgrACgAGlxCSwACACkoKQAqKCkAKygpAC
52=xIAclDLSgpAC4oKQAvKCkAMCgpADEoKQAyKCkAMygpADQoKQA1KCkANigpADcoKQA4KCkA
53=OSgpADooKQA7KCkAPCgpAD0oKQA+KCkAPygpAEAoKQBBKCkAQigpAEMoKQBEKCkARSgpAE
54=YoKQBHKCkASCgpAEkoKQBKKCkASygpAEwoKQBNKCkATigpAE8oKQBQKCkAUSgpAFIoKQBT
55=KCkAVCgpAFUoKQBWKCkAVygpAFgoKQBZKCkAWigrACcAG1RFSwACACgoKQApKCkAKigpAC
56=tIAcFGLCgpAC0oKQAuKCkALygpADAoKQAxKCkAMigpADMoKQA0KCkANSgpADYoKQA3KCkA
57=OCgpADkoKQA6KCkAOygpADwoKQA9KCkAPigpAD8oKQBAKCkAQSgpAEIoKQBDKCkARCgpAE
58=UoKQBGKCkARygpAEgoKQBJKCkASigpAEsoKQBMKCkATSgpAE4oKQBPKCkAUCgpAFEoKQBS
59=KCkAUygpAFQoKQBVKCkAVigpAFcoKQBYKCkAWSgpAFooKQBbKCsAJgAcTEhLAAIAJygpAC
60=goKQApKCkAKkgB2UgrKCkALCgpAC0oKQAuKCkALygpADAoKQAxKCkAMigpADMoKQA0KCgA
61=BTUAHAD//wAAEQAA8wsAIAgAAgA2ABwA//8AAEgBATcAHADJATgoKQA5KCkAOigpADsoKQ
62=A8KCkAPSgpAD4oKQA/KCkAQCgpAEEoKQBCKCkAQygpAEQoKQBFKCkARigpAEcoKQBIKCkA
63=SSgpAEooKQBLKCkATCgpAE0oKQBOKCkATygpAFAoKQBRKCkAUigpAFMoKQBUKCkAVSgpAF
64=YoKQBXKCkAWCgpAFkoKQBaKCkAWygpAFwoKwAlAB1ENUsAAgAmKCkAJygpACgoKQApSAHV
65=OSooKQArKCkALCgpAC0oKQAuKCkALygpADAoKQAxKCkAMigpADMoKQA0KCkANSgpADYoKQ
66=A3KCkAOCgpADkoKQA6KCkAOygpADwoKQA9KCkAPigpAD8oKQBAKCkAQSgpAEIoKQBDKCkA
67=RCgpAEUoKQBGKCkARygpAEgoKQBJKCkASigpAEsoKQBMKCkATSgpAE4oKQBPKCkAUCgpAF
68=EoKQBSKCkAUygpAFQoKQBVKCkAVigpAFcoKQBYKCkAWSgpAFooKQBbKCkAXCgpAF0oKwAk
69=AB5cTUsAAgAlKCkAJigpACcoKQAoSAHJTikoKQAqKCkAKygpACwoKQAtKCkALigpAC8oKQ
70=AwKCkAMSgpADIoKQAzKCkANCgpADUoKQA2KCkANygpADgoKQA5KCkAOigpADsoKQA8KCkA
71=PSgpAD4oKQA/KCkAQCgpAEEoKQBCKCkAQygpAEQoKQBFKCkARigpAEcoKQBIKCkASSgpAE
72=ooKQBLKCkATCgpAE0oKQBOKCkATygpAFAoKQBRKCkAUigpAFMoKQBUKCkAVSgpAFYoKQBX
73=KCkAWCgpAFkoKQBaKCkAWygpAFwoKQBdKCkAXigrACMAH1RQSwACACQoKQAlKCkAJigpAC
74=dIAcFRKCgpACkoKQAqKCkAKygpACwoKQAtKCkALigpAC8oKQAwKCkAMSgpADIoKQAzKCkA
75=NCgpADUoKQA2KCkANygpADgoKQA5KCkAOigpADsoKQA8KCkAPSgpAD4oKQA/KCkAQCgpAE
76=EoKQBCKCkAQygpAEQoKQBFKCkARigpAEcoKQBIKCkASSgpAEooKQBLKCkATCgpAE0oKQBO
77=KCkATygpAFAoKQBRKCkAUigpAFMoKQBUKCkAVSgpAFYoKQBXKCkAWCgpAFkoKQBaKCkAWy
78=gpAFwoKQBdKCkAXigpAF8oKwAiACBMU0sAAgAjKCkAJCgpACUoKQAmSAHZUycoKQAoKCkA
79=KSgpACooKQArKCkALCgpAC0oKQAuKCkALygpADAoKQAxKCkAMigpADMoKQA0KCkANSgpAD
80=YoKQA3KCkAOCgpADkoKQA6KCkAOygpADwoKQA9KCkAPigpAD8oKQBAKCkAQSgpAEIoKQBD
81=KCkARCgpAEUoKQBGKCkARygpAEgoKQBJKCkASigpAEsoKQBMKCkATSgpAE4oKQBPKCkAUC
82=gpAFEoKQBSKCkAUygpAFQoKQBVKCkAVigpAFcoKQBYKCkAWSgpAFooKQBbKCkAXCgpAF0o
83=KQBeKCkAXygpAGAoKwAhACFEVksAAgAiKCkAIygpACQoKQAlSAHRViYoKQAnKCkAKCgpAC
84=koKQAqKCkAKygpACwoKQAtKCkALigpAC8oKQAwKCkAMSgpADIoKQAzKCkANCgpADUoKQA2
85=KCkANygpADgoKQA5KCkAOigpADsoKQA8KCkAPSgpAD4oKQA/KCkAQCgpAEEoKQBCKCkAQy
86=gpAEQoKQBFKCkARigpAEcoKQBIKCkASSgpAEooKQBLKCkATCgpAE0oKQBOKCkATygpAFAo
87=KQBRKCkAUigpAFMoKQBUKCkAVSgpAFYoKQBXKCkAWCgpAFkoKQBaKCkAWygpAFwoKQBdKC
88=kAXigpAF8oKQBgKCkAYSgpACBEWEBZIh07ISgpACIoKQAjKCkAJEgByVklKCkAJigpACco
89=KQAoKCkAKSgpACooKQArKCkALCgpAC0oKQAuKCkALygpADAoKQAxKCkAMigpADMoKQA0KC
90=kANSgpADYoKQA3KCkAOCgpADkoKQA6KCkAOygpADwoKQA9KCkAPigpAD8oKQBAKCkAQSgp
91=AEIoKQBDKCkARCgpAEUoKQBGKCkARygpAEgoKQBJKCkASigpAEsoKQBMKCkATSgpAE4oKQ
92=BPKCkAUCgpAFEoKQBSKCkAUygpAFQoKQBVKCkAVigpAFcoKQBYKCkAWSgpAFooKQBbKCkA
93=XCgpAF0oKQBeKCkAXygpAGAoKQBhKCkAYigrAB8AI55bAAJctycpACEoVQAiKCkAI0gBwV
94=wkKCkAJSgpACYoKQAnKCkAKCgpACkoKQAqKCkAKygpACwoKQAtKCkALigpAC8oKQAwKCkA
95=MSgpADIoKQAzKCkANCgpADUoKQA2KCkANygpADgoKQA5KCkAOigpADsoKQA8KCkAPSgpAD
96=4oKQA/KCkAQCgpAEEoKQBCKCkAQygpAEQoKQBFKCkARigpAEcoKQBIKCkASSgpAEooKQBL
97=KCkATCgpAE0oKQBOKCkATygpAFAoKQBRKCkAUigpAFMoKQBUKCkAVSgpAFYoKQBXKCkAWC
98=gpAFkoKQBaKCkAWygpAFwoKQBdKCkAXigpAF8oKQBgKCkAYSgpAGIoKQBjKCsAHgAk+V4f
99=KCkAICgpACEoKQAiSAHZXiMoKQAkKCkAJSgpACYoKQAnKCkAKCgpACkoKQAqKCkAKygpAC
100=woKQAtKCkALigpAC8oKQAwKCkAMSgpADIoKQAzKCkANCgpADUoKQA2KCkANygpADgoKQA5
101=KCkAOigpADsoKQA8KCkAPSgpAD4oKQA/KCkAQCgpAEEoKQBCKCkAQygpAEQoKQBFKCkARi
102=gpAEcoKQBIKCkASSgpAEooKQBLKCkATCgpAE0oKQBOKCkATygpAFAoKQBRKCkAUigpAFMo
103=KQBUKCkAVSgpAFYoKQBXKCkAWCgpAFkoKQBaKCkAWygpAFwoKQBdKCkAXigpAF8oKQBgKC
104=kAYSgpAGIoKQBjKCkAZCgrAB0AJfFhHigpAB8oKQAgKCkAIUgB0WEiKCkAIygpACQoKQAl
105=KCkAJigpACcoKQAoKCkAKSgpACooKQArKCkALCgpAC0oKQAuKCkALygpADAoKQAxKCkAMi
106=gpADMoKQA0KCkANSgpADYoKQA3KCkAOCgpADkoKQA6KCkAOygpADwoKQA9KCkAPigpAD8o
107=KQBAKCkAQSgpAEIoKQBDKCkARCgpAEUoKQBGKCkARygpAEgoKQBJKCkASigpAEsoKQBMKC
108=kATSgpAE4oKQBPKCkAUCgpAFEoKQBSKCkAUygpAFQoKQBVKCkAVigpAFcoKQBYKCkAWSgp
109=AFpIAZ9TAgBbKCkAXEgBwVFdKCkAXigpAF8oKQBgKCkAYSgpAGIoKQBjKCkAZCgpAGUoKw
110=AcACaIEAEAAgAdKCkAHigpAB8oKQAgSAHFEyEoKQAiKCkAIygpACQoKQAlKCkAJigpACco
111=KQAoKCkAKSgpACooKQArKCkALCgpAC0oKQAuKCkALygpADAoKQAxKCkAMigpADMoKQA0KC
112=kANSgpADYoKQA3KCkAOCgpADkoKQA6KCkAOygpADwoKQA9KCkAPigpAD8oKQBAKCkAQSgp
113=AEIoKQBDKCkARCgpAEUoKQBGKCkARygpAEgoKQBJKCkASigpAEsoKQBMKCkATSgpAE4oKQ
114=BPKCkAUCgpAFEoKQBSKCkAUygpAFQoKQBVKCkAVigpAFcoKQBYKCkAWSgpAFpIAYhVdGUn
115=0QpcVALNUl0oKQBeKCkAXygpAGAoKQBhKCkAYigpAGMoKQBkKCkAZSgpAGYoKwAbACeUEU
116=FnHCgpAB0oKQAeKCkAH0gB0RQgKCkAISgpACIoKQAjKCkAJCgpACUoKQAmKCkAJygpACgo
117=KQApKCkAKigpACsoKQAsKCkALSgpAC4oKQAvKCkAMCgpADEoKQAyKCkAMygpADQoKQA1KC
118=kANigpADcoKQA4KCkAOSgpADooKQA7KCkAPCgpAD0oKQA+KCkAPygpAEAoKQBBKCkAQigp
119=AEMoKQBEKCkARSgpAEYoKQBHKCgAAkgAJwD/EQAA/QsAIAj/AAAAAgBJACcA/6oBSgAnKQ
120=BLKCkATCgpAE0oKQBOKCkATygpAFAoKQBRKCkAUigpAFMoKQBUKCkAVSgpAFYoKQBXKCkA
121=WCgpAFkoKQBaKCkAWygpAFwoKQBdKCkAXigpAF8oKQBgKCkAYSgpAGIoKQBjKCkAZCgpAG
122=UoKQBmKCkAZygrABoAKFArSwACABsoKQAcKCkAHSgpAB5IAcEwHygpACAoKQAhKCkAIigp
123=ACMoKQAkKCkAJSgpACYoKQAnKCkAKCgpACkoKQAqKCkAKygpACwoKQAtKCkALigpAC8oKQ
124=AwKCkAMSgpADIoKQAzKCkANCgpADUoKQA2KCkANygpADgoKQA5KCkAOigpADsoKQA8KCkA
125=PSgpAD4oKQA/KCkAQCgpAEEoKQBCKCkAQygpAEQoKQBFKCkARigpAEcoKQBIKCkASSgpAE
126=ooKQBLKCkATCgpAE0oKQBOKCkATygpAFAoKQBRKCkAUigpAFMoKQBUKCkAVSgpAFYoKQBX
127=KCkAWCgpAFkoKQBaKCkAWygpAFwoKQBdKCkAXigpAF8oKQBgKCkAYSgpAGIoKQBjKCkAZC
128=gpAGUoKQBmKCkAZygpAGgoKwAZAClEbEsAAgAaKCkAGygpABwoKQAdSAHRbB4oKQAfKCkA
129=ICgpACEoKQAiKCkAIygpACQoKQAlKCkAJigpACcoKQAoKCkAKSgpACooKQArKCkALCgpAC
130=0oKQAuKCkALygpADAoKQAxKCkAMigpADMoKQA0KCkANSgpADYoKQA3KCkAOCgpADkoKQA6
131=KCkAOygpADwoKQA9KCkAPigpAD8oKQBAKCkAQSgpAEIoKQBDKCkARCgpAEUoKQBGKCkARy
132=gpAEgoKQBJKCkASigpAEsoKQBMKCkATSgpAE4oKQBPKCkAUCgpAFEoKQBSKCkAUygpAFQo
133=KQBVKCkAVigpAFcoKQBYKCkAWSgpAFooKQBbKCkAXCgpAF0oKQBeKCkAXygpAGAoKQBhKC
134=kAYigpAGMoKQBkKCkAZSgpAGYoKQBnKCkAaCgpAGkoKwAYACpcbksAAgAZKCkAGigpABso
135=KQAcSAHJbx0oKQAeKCkAHygpACAoKQAhKCkAIigpACMoKQAkKCkAJSgpACYoKQAnKCkAKC
136=gpACkoKQAqKCkAKygpACwoKQAtKCkALigpAC8oKQAwKCkAMSgpADIoKQAzKCkANCgpADUo
137=KQA2KCkANygpADgoKQA5KCkAOigpADsoKQA8KCkAPSgpAD4oKQA/KCkAQCgpAEEoKQBCKC
138=kAQygpAEQoKQBFKCkARigpAEcoKQBIKCkASSgpAEooKQBLKCkATCgpAE0oKQBOKCkATygp
139=AFAoKQBRKCkAUigpAFMoKQBUKCkAVSgpAFYoKQBXKCkAWCgpAFkoKQBaKCkAWygpAFwoKQ
140=BdKCkAXigpAF8oKQBgKCkAYSgpAGIoKQBjKCkAZCgpAGUoKQBmKCkAZygpAGgoKQBpKCkA
141=aigrABcAK1RxSwACABgoKQAZKCkAGigpABtIAcFyHCgpAB0oKQAeKCkAHygpACAoKQAhKC
142=kAIigpACMoKQAkKCkAJSgpACYoKQAnKCkAKCgpACkoKQAqKCkAKygpACwoKQAtKCkALigp
143=AC8oKQAwKCkAMSgpADIoKQAzKCkANCgpADUoKQA2KCkANygpADgoKQA5KCkAOigpADsoKQ
144=A8KCkAPSgpAD5IAUg1IvU1PygpAEAoKQBBSAHFNEIoKQBDKCkARCgpAEUoKQBGKCkARygp
145=AEgoKQBJKCkASigpAEsoKQBMKCkATSgpAE4oKQBPKCkAUCgpAFEoKQBSKCkAUygpAFQoKQ
146=BVKCkAVigpAFcoKQBYKCkAWSgpAFooKQBbKCkAXCgpAF0oKQBeKCkAXygpAGAoKQBhKCkA
147=YigpAGMoKQBkKCkAZSgpAGYoKQBnKCkAaCgpAGkoKQBqKCkAaygrABYALIA/AQACABcoKQ
148=AYKCkAGSgpABpIAdFAGygpABwoKQAdKCkAHigpAB8oKQAgKCkAISgpACIoKQAjKCkAJCgp
149=ACUoKQAmKCkAJygpACgoKQApKCkAKigpACsoKQAsKCkALSgpAC4oKQAvKCkAMCgpADEoKQ
150=AyKCkAMygpADQoKQA1KCkANigpADcoKQA4KCkAOSgpADooKQA7KCkAPCgpAD0oKQA+SAGD
151=NwIAPygpAEAoKQBBKCkAQkgB3TZDKCkARCgpAEUoKQBGKCkARygpAEgoKQBJKCkASigpAE
152=soKQBMKCkATSgpAE4oKQBPKCkAUCgpAFEoKQBSKCkAUygpAFQoKQBVKCkAVigpAFcoKQBY
153=KCkAWSgpAFooKQBbKCkAXCgpAF0oKQBeKCkAXygpAGAoKQBhKCkAYigpAGMoKQBkKCkAZS
154=gpAGYoKQBnKCkAaCgpAGkoKQBqKCkAaygpAGwoKwAVAC2MQFF3FigpABcoKQAYKCkAGUgB
155=0UAaKCkAGygpABwoKQAdKCkAHigpAB8oKQAgKCkAISgpACIoKQAjKCkAJCgpACUoKQAmKC
156=kAJygpACgoKQApKCkAKigpACsoKQAsKCkALSgpAC4oKQAvKCkAMCgpADEoKQAyKCkAMygp
157=ADQoKQA1KCkANigpADcoKQA4KCkAOSgpADooKQA7KCkAPCgpAD0oKQA+SAGMOHx4JzUHQC
158=hVAEEoKQBCSAHJOEMoKQBEKCkARSgpAEYoKQBHKCkASCgpAEkoKQBKKCkASygpAEwoKQBN
159=KCkATigpAE8oKQBQKCkAUSgpAFJIAc0bUygpAFRIAdUYVSgpAFYoKQBXKCkAWCgpAFkoKQ
160=BaKCkAWygpAFwoKQBdKCkAXigpAF8oKQBgKCkAYSgpAGIoKQBjKCkAZCgpAGUoKQBmKCkA
161=ZygpAGgoKQBpKCkAaigpAGsoKQBsKCkAbSgrABQALogmSXoVKCkAFigpABcoKQAYSAHFKR
162=koKQAaKCkAGygpABwoKQAdKCkAHigpAB8oKQAgKCkAISgpACIoKQAjKCkAJCgpACUoKQAm
163=KCkAJygpACgoKQApKCkAKigpACsoKQAsKCkALSgpAC4oKQAvKCkAMCgpADEoKQAyKCkAMy
164=gpADQoKQA1KCkANkgBmy4CADcoKQA4KCkAOSgpADooKQA7KCkAPCgpAD0oKQA+KCkAPygp
165=AEAoKQBBKCkAQigpAEMoKQBEKCkARSgpAEYoKQBHKCkASCgpAEkoKQBKSAHVREsoKQBMKC
166=kATSgpAE4oKQBPKCkAUCgpAFEoKQBSSAHNJlMoKQBUSAHVDVUoKQBWKCkAVygpAFgoKQBZ
167=KCkAWigpAFsoKQBcKCkAXSgpAF4oKQBfKCkAYCgpAGEoKQBiKCkAYygpAGQoKQBlKCkAZi
168=gpAGcoKQBoKCkAaSgpAGooKQBrKCkAbCgpAG0oKQBuKCsAEwAvlCdBfRQoKQAVKCkAFigp
169=ABdIAdEqGCgpABkoKQAaKCkAGygpABwoKQAdKCkAHigpAB8oKQAgKCkAISgpACIoKQAjKC
170=kAJCgpACUoKQAmKCkAJygpACgoKQApKCkAKigpACsoKQAsKCkALSgpAC4oKQAvKCkAMCgp
171=ADEoKQAyKCkAMygpADQoKQA1KCkANkgBhDBsfictBjgoVQA5KCkAOigpADsoKQA8KCkAPS
172=gpAD4oKQA/KCkAQCgpAEEoKQBCKCkAQygpAEQoKQBFKCkARigpAEcoKQBIKCkASSgpAEpI
173=AcFGSygpAEwoKQBNKCkATigpAE8oKQBQKCkAUSgpAFIoKQBTKCkAVCgpAFUoKQBWKCkAVy
174=gpAFgoKQBZKCkAWigpAFsoKQBcKCkAXSgpAF4oKQBfKCkAYCgpAGEoKQBiKCkAYygpAGQo
175=KQBlKCkAZigpAGcoKQBoKCkAaSgpAGooKQBrKCkAbCgpAG0oKQBuKCkAbygrABIAMJBPWX
176=8TKCkAFCgpABUoKQAWSAHVORcoKQAYKCkAGSgpABooKQAbKCkAHCgpAB0oKQAeKCkAHygp
177=ACAoKQAhKCkAIigpACMoKQAkKCkAJSgpACYoKQAnKCkAKCgpACkoKAAKKgAwAP//AAAAAg
178=ArABEAAD0MACAIMAD//wAAAAIALAAnKQAtKCkALigpAC8oKQAwKCkAMSgpADIoKQAzKCkA
179=NCgpADUoKQA2SAEBnwIAAEEPNygpADgoKQA5KCkAOigpADsoKQA8KCkAPSgpAD4oKQA/Sg
180=E5AYkMQMgBAQECAEHIAQECAgBCSAHNEEMoKQBEKCkARSgpAEYoKQBHKCkASCgpAEkoKQBK
181=KCkAS0gB3StMKCkATSgpAE4oKQBPKCkAUCgpAFEoKQBSKCkAUygpAFQoKQBVKCkAVigpAF
182=coKQBYKCkAWSgpAFooKQBbKCkAXCgpAF0oKQBeKCkAXygpAGAoKQBhKCkAYigpAGMoKQBk
183=KCkAZSgpAGYoKQBnKCkAaCgpAGkoKQBqKCkAaygpAGwoKQBtKCkAbigpAG8oKQBwKCsAEQ
184=AxSERLAAIAEigpABMoKQAUKCkAFUgB1TkWKCkAFygpABgoKQAZKCkAGigpABsoKQAcKCkA
185=HSgpAB4oKQAfKCkAICgpACEoKQAiKCkAIygpACQoKQAlKCkAJigpACcoKQAoKCkAKSgpAC
186=ooKQArKCkALCgpAC0oKQAuKCkALygpADAoKQAxKCkAMigpADMoKQA0KCkANSgpADZIAc1z
187=NygpADgoKQA5KCkAOigpADsoKQA8KCkAPSgpAD4oKQA/SAEnfhAxAGgBnIOoAZ6DMQDNEE
188=NMBckBRCgpAEUoKQBGKCkARygpAEgoKQBJKCkASigpAEtIAcVKTCgpAE0oKQBOKCkATygp
189=AFAoKQBRKCkAUigpAFMoKQBUKCkAVSgpAFYoKQBXKCkAWCgpAFkoKQBaKCkAWygpAFwoKQ
190=BdKCkAXigpAF8oKQBgKCkAYSgpAGIoKQBjKCkAZCgpAGUoKQBmKCkAZygpAGgoKQBpKCkA
191=aigpAGsoKQBsKCkAbSgpAG4oKQBvKCkAcCgpAHEoKwAQADJchEsAAgARKCkAEigpABMoKQ
192=AUSAHBOxUoKQAWKCkAFygpABgoKQAZKCkAGigpABsoKQAcKCkAHSgpAB4oKQAfKCkAICgp
193=ACEoKQAiKCkAIygpACQoKQAlKCkAJigpACcoKQAoKCkAKSgpACooKQArKCkALCgpAC0oKQ
194=AuKCkALygpADAoKQAxKCkAMigpADMoKQA0KCkANSgpADZIAdl0NygpADgoKQA5KCkAOigp
195=ADsoKQA8KCkAPSgpAD4oKQA/SAFohQEAAgBAyAGVhjKAiJWGMijUECcpAERMBcUTRSgpAE
196=YoKQBHKCkASCgpAEkoKQBKKCkAS0gB0UtMKCkATSgpAE4oKQBPKCkAUCgpAFEoKQBSKCkA
197=UygpAFQoKQBVKCkAVigpAFcoKQBYKCkAWSgpAFooKQBbKCkAXCgpAF0oKQBeKCkAXygpAG
198=AoKQBhKCkAYigpAGMoKQBkKCkAZSgpAGYoKQBnKCkAaCgpAGkoKQBqKCkAaygpAGwoKQBt
199=KCkAbigpAG8oKQBwKCkAcSgpAHIoKwAPADNUh0sAAgAQKCkAESgpABIoKQATSAHNPBQoKQ
200=AVKCkAFigpABcoKQAYKCkAGSgpABooKQAbKCkAHCgpAB0oKQAeKCkAHygpACAoKQAhKCkA
201=IigpACMoKQAkKCkAJSgpACYoKQAnKCkAKCgpACkoKQAqKCkAKygpACwoKQAtKCkALigpAC
202=8oKQAwKCkAMSgpADIoKQAzKCkANCgpADUoKQA2SAHFdjcoKQA4KCkAOSgpADooKQA7KCkA
203=PCgpAD0oKQA+KCkAP0gBJy0RM4CIjImoAY+JMwBPJJU0Q0wFaAFBBERIAcUTRSgpAEYoKQ
204=BHKCkASCgpAEkoKQBKKCkAS0gB3UxMSAFRUwBJm00oKQBOSAHBBE8oKQBQKCkAUSgpAFIo
205=KQBTKCkAVCgpAFUoKQBWKCkAVygpAFgoKQBZKCkAWigpAFsoKQBcKCkAXSgpAF4oKQBfKC
206=kAYCgpAGEoKQBiKCkAYygpAGQoKQBlKCkAZigpAGcoKQBoKCkAaSgpAGooKQBrKCkAbCgp
207=AG0oKQBuKCkAbygpAHAoKQBxKCkAcigpAHMoKwAOADSYNl02DygpABAoKQARKCkAEkgB1T
208=kTKCkAFCgpABUoKQAWKCkAFygpABgoKQAZKCkAGigpABsoKQAcKCkAHSgpAB4oKQAfKCkA
209=ICgpACEoKQAiKCkAIygpACQoKQAlKCkAJigpACcoKQAoKCkAKSgpACooKQArKCkALCgpAC
210=0oKQAuKCkALygpADAoKQAxKCkAMigpADMoKQA0KCkANSgpADZIAd14NygpADgoKQA5KCkA
211=OigpADsoKQA8KCkAPUkBTqmFPsgBSYU/SAEnhRE0KIQRqAGFjDSEjEkBQ0wFZIwBAwIARE
212=gBxRNFKCkARigpAEcoKQBIKCkASSgpAEooKQBLSAHJTkxIAYtVAgBNKCkATkgBwQRPKCkA
213=UCgpAFEoKQBSKCkAUygpAFQoKQBVKCkAVigpAFcoKQBYKCkAWSgpAFooKQBbKCkAXCgpAF
214=0oKQBeKCkAXygpAGAoKQBhKCkAYigpAGMoKQBkKCkAZSgpAGYoKQBnKCkAaCgpAGkoKQBq
215=KCkAaygpAGwoKQBtKCkAbigpAG8oKQBwKCkAcSgpAHIoKQBzKCkAdCgrAA0ANYQ4UY0OKC
216=kADygpABAoKQARSAHBOxIoKQATKCkAFCgpABUoKQAWKCkAFygpABgoKQAZKCkAGigpABso
217=KQAcKCkAHSgpAB4oKQAfKCkAICgpACEoKQAiKCkAIygpACQoKQAlKCkAJigpACcoKQAoKC
218=kAKSgpACooKQArKCkALCgpAC0oKQAuKCkALygpADAoKQAxKCkAMkgBnTICXMInhQY0KFUA
219=NSgpADZIAdV7NygpADgoKQA5KCkAOigpADsoKQA8KCkAPUgBfI5BiD7IAUGIP0gBJ98RNQ
220=BpoZNB1AJNBUJIAc0QQygpAEQoKQBFKCkARigpAEcoKQBIKCkASSgpAEooKQBLSAHJIkwo
221=KQBNSAHNUk4oKQBPKCkAUCgpAFEoKQBSKCkAUygpAFQoKQBVKCkAVigpAFcoKQBYKCkAWS
222=gpAFooKQBbKCkAXCgpAF0oKQBeKCkAXygpAGAoKQBhKCkAYigpAGMoKQBkKCkAZSgpAGYo
223=KQBnKCkAaCgpAGkoKQBqKCkAaygpAGwoKQBtKCkAbigpAG8oKQBwKCkAcSgpAHIoKQBzKC
224=kAdCgpAHUoKwAMADacOkmQDSgpAA4oKQAPKCkAEEgB2T0RKCkAEigpABMoKQAUKCkAFSgp
225=ABYoKQAXKCkAGCgpABkoKQAaKCkAGygpABwoKQAdKCkAHigpAB8oKQAgKCkAISgpACIoKQ
226=AjKCkAJCgpACUoKQAmKCkAJygpACgoKQApKCkAKigpACsoKQAsKCkALSgpAC4oKQAvKCkA
227=MCgpADEoKQAySAGINHSRJ7EGNChVADUoKQA2SAHFgTcoKQA4KCkAOSgpADooKQA7KCkAPC
228=gpAD0oKQA+KCkAP0gBJzcSNgBu9ZE2I0AklZE2KMxGJykARFgGxRNFKCkARigpAEcoKQBI
229=KCkASSgpAEooKQBLSAHJIkwoKQBNKCkATigpAE8oKQBQKCkAUSgpAFIoKQBTKCkAVEgBzV
230=1VKCkAVigpAFcoKQBYKCkAWSgpAFooKQBbKCkAXCgpAF0oKQBeKCkAXygpAGAoKQBhKCkA
231=YigpAGMoKQBkKCkAZSgpAGYoKQBnKCkAaCgpAGkoKQBqKCkAaygpAGwoKQBtKCkAbigpAG
232=8oKQBwKCkAcSgpAHIoKQBzKCkAdCgpAHUoKQB2KCsACwA3iDxBkwwoKQANKCkADigpAA9I
233=AdE1ECgpABEoKQASKCkAEygpABQoKQAVKCkAFigpABcoKQAYKCkAGSgpABooKQAbKCkAHC
234=gpAB0oKQAeKCkAHygpACAoKQAhKCkAIigpACMoKQAkKCkAJSgpACYoKQAnKCkAKCgpACko
235=KQAqKCkAKygpACwoKQAtKCkALigpAC8oKQAwKCkAMSgpADJIAZQ1bJQn3QY0KFUANSgpAD
236=ZIAcWBNygpADgoKQA5KCkAOigpADsoKQA8KCkAPSgpAD4oKQA/SQFxoZNASQFtqQFBSAF0
237=Ao2UNyiMEicpAERABMUTRSgpAEYoKQBHKCkASCgoAAdJADcAnwIAAAACEQAAlgwAIAoASg
238=A3AJ8CAAAAAgBLSQEAYwACAEwoKQBNKCkATigpAE8oKQBQKCkAUSgpAFIoKQBTKCkAVEoB
239=//9PDAIAVSgpAFYoKQBXKCkAWCgpAFkoKQBaKCkAWygpAFwoKQBdKCkAXigpAF8oKQBgKC
240=kAYSgpAGIoKQBjKCkAZCgpAGUoKQBmKCkAZygpAGgoKQBpKCkAaigpAGsoKQBsKCkAbSgp
241=AG4oKQBvKCkAcCgpAHEoKQByKCkAcygpAHQoKQB1KCkAdigpAHcoKAABCgA4AM0xC0gBUD
242=JxQAwoKQANKCkADkgBzQUPKCkAECgpABEoKQASKCkAEygpABQoKQAVKCkAFigpABcoKQAY
243=KCkAGSgpABooKQAbKCkAHCgpAB0oKQAeKCkAHygpACAoKQAhKCkAIigpACMoKQAkKCkAJS
244=gpACYoKQAnSAHNJigoKQApSAHBJSooKQArKCkALCgpAC0oKQAuKCkALygpADAoKQAxKCkA
245=MkgBwQ8zKCkANCgpADUoKQA2SgE4AVUFAl4+OADIAUAB6QE5KIEAOigpADsoKQA8KCkAPS
246=gpAD5KAXACnQo/SQE6qQxAyAEBAQIAQcgBAQICAEJIAc0FQ0gBzRBEKCkARSgpAEYoKQBH
247=KCkASCgpAEkoKQBKKCkAS0gBUBF9V0woKQBNKCkATigpAE8oKQBQKCkAUSgpAFIoKQBTKC
248=kAVEgBwTtVKCkAVigpAFcoKQBYKCkAWSgpAFooKQBbKCkAXCgpAF0oKQBeKCkAXygpAGAo
249=KQBhKCkAYigpAGMoKQBkKCkAZSgpAGYoKQBnKCkAaCgpAGkoKQBqKCkAaygpAGwoKQBtKC
250=kAbigpAG8oKQBwKCkAcSgpAHIoKQBzKCkAdCgpAHUoKQB2KCkAdygpAHgoKwAJADmAP1nX
251=CigpAAsoKQAMKCkADUgByTgOKCkADygpABAoKQARKCkAEigpABMoKQAUKCkAFSgpABYoKQ
252=AXKCkAGCgpABkoKQAaKCkAGygpABwoKQAdKCkAHigpAB8oKQAgKCkAISgpACIoKQAjKCkA
253=JCgpACUoKQAmKCkAJ0gBiykCACgoKQApKCkAKigpACsoKQAsSAHRKi0oKQAuKCkALygpAD
254=AoKQAxKCkAMkgBwQ8zKCkANCgpADUoKQA2SAFgiEWMNygpADgoKQA5KCkAOigpADsoKQA8
255=KCkAPSgpAD5IAWyUXQo/SAF8mQEDAgBAyQEEfpk5AHUCBX6ZOQDNBUNABNkRRCgpAEUoKQ
256=BGKCkARygpAEgoKQBJKCkASigpAEtIAdEqTCgpAE0oKQBOKCkATygpAFAoKQBRKCkAUigp
257=AFMoKQBUKCkAVSgpAFYoKQBXKCkAWCgpAFkoKQBaKCkAWygpAFwoKQBdKCkAXigpAF8oKQ
258=BgKCkAYSgpAGIoKQBjKCkAZCgpAGUoKQBmKCkAZygpAGgoKQBpKCkAaigpAGsoKQBsKCkA
259=bSgpAG4oKQBvKCkAcCgpAHEoKQByKCkAcygpAHQoKQB1KCkAdigpAHcoKQB4KCkAeSgrAA
260=gAOphiSZsJKCkACigpAAsoKQAMSAHBRg0oKQAOKCkADygpABAoKQARKCkAEigpABMoKQAU
261=KCkAFSgpABYoKQAXKCkAGCgpABkoKQAaKCkAGygpABwoKQAdKCkAHigpAB8oKQAgKCkAIS
262=gpACIoKQAjKCkAJCgpACUoKQAmKCkAJygpACgoKQApSAGPLQIAKigpACsoKQAsSQF8JL0j
263=LUkBdqkBLkgB1S4vKCkAMCgpADEoKQAySAHJDDMoKQA0KCkANSgpADZIAXmKAiLVJjojqC
264=ZJATgoVABMkfUCOihVADsoKQA8KCkAPSgpAD5IAWSXUQk/SAF9mQZ0nEwIAQEAAAd0nKkB
265=CHWcOpScTQVDTAXZEUQoKQBFKCkARigpAEcoKQBIKCkASSgpAEooKQBLSAHZJ0woKQBNKC
266=kATigpAE8oKQBQKCkAUSgpAFIoKQBTKCkAVCgpAFUoKQBWKCkAVygpAFgoKQBZKCkAWigp
267=AFsoKQBcKCkAXSgpAF4oKQBfKCkAYCgpAGEoKQBiKCkAYygpAGQoKQBlKCkAZigpAGcoKQ
268=BoKCkAaSgpAGooKQBrKCkAbCgpAG0oKQBuKCkAbygpAHAoKQBxKCkAcigpAHMoKQB0KCkA
269=dSgpAHYoKQB3KCkAeCgpAHkoKQB6KCsABwA7hGRBnggoKQAJKCkACigpAAtIAc1HDCgpAA
270=0oKQAOKCkADygpABAoKQARKCkAEigpABMoKQAUKCkAFSgpABYoKQAXKCkAGCgpABkoKQAa
271=KCkAGygpABwoKQAdKCkAHigpAB8oKQAgKCkAISgpACIoKQAjKCkAJCgpACUoKQAmKCkAJy
272=gpAChIAd2ZKUkBdL2ZKkgByZsrSAGTMQIALEkBe6EELUkBdakBLkgBwTAvKCkAMCgpADEo
273=KQAySAHRCTMoKQA0KCkANSgpADZJAZ+pDDdJAVGpATjKAQECXuM7AMEEOlQCyQE7KCkAPE
274=kBULkGPcgBWQY+SAHNBT9JAXGhBEBJAW+pAUFIAXQCQZ5CSAHNBUMoKQBEKCkARSgpAEYo
275=KQBHKCkASCgpAEkoKQBKKCkAS0gB2SdMKCkATSgpAE4oKQBPKCkAUCgpAFEoKQBSKCkAUy
276=gpAFQoKQBVKCkAVigpAFcoKQBYKCkAWSgpAFooKQBbKCkAXCgpAF0oKQBeKCkAXygpAGAo
277=KQBhKCkAYigpAGMoKQBkKCkAZSgpAGYoKQBnKCkAaCgpAGkoKQBqKCkAaygpAGwoKQBtKC
278=kAbigpAG8oKQBwKCkAcSgpAHIoKQBzKCkAdCgpAHUoKQB2KCkAdygpAHgoKQB5KCkAeigp
279=AHsoKwAGADyQZVmgBygpAAgoKQAJKCkACkgB2UgLKCkADCgpAA0oKQAOKCkADygpABAoKQ
280=ARKCkAEigpABMoKQAUKCkAFSgpABYoKQAXKCkAGCgpABkoKQAaKCkAGygpABwoKQAdKCkA
281=HigpAB8oKQAgKCkAISgpACIoKQAjSQF8qXokSAHJmyUoKQAmSAHVnCdIAdknKEgB1ZwpSQ
282=FypQgqKCkAK0gB0QksSAHBBC0oKQAuSAHBBC9IAckMMEgByQwxKCkAMkgBkzwCADMoKQA0
283=KCkANSgpADZIAdWRN0gBZKJNlDjJAQNlojwoRBQnKQA7QATZBjxIAWSiWQY9yAFZBj5IAc
284=EEP0oBOQFAEiI3KDwAbrEfQdQCWQZCSAHNBUNJAU2hBETIAVmrRUgBwQRGKCkARygpAEgo
285=KQBJKCkASigpAEtIAcElTCgpAE0oKQBOKCkATygpAFAoKQBRKCkAUigpAFMoKQBUKCkAVS
286=gpAFYoKQBXKCkAWCgpAFkoKQBaKCkAWygpAFwoKQBdKCkAXigpAF8oKQBgKCkAYSgpAGIo
287=KQBjKCkAZCgpAGUoKQBmKCkAZygpAGgoKQBpKCkAaigpAGsoKQBsKCkAbSgpAG4oKQBvKC
288=kAcCgpAHEoKQByKCkAcygpAHQoKQB1KCkAdigpAHcoKQB4KCkAeSgpAHooKQB7KCkAfEgB
289=UVMAR6IFAD2EAUkBBigpAAcoKQAIKCkACUgBxUoKKCkACygpAAwoKQANKCkADigpAA8oKQ
290=AQKCkAESgpABIoKQATKCkAFCgpABUoKQAWKCkAFygpABgoKQAZKCkAGigpABsoKQAcKCkA
291=HSgpAB4oKQAfKCkAICgpACEoKQAiKCkAI0kBf714JEgB3ZklKCkAJigpACdJAXitBShIAc
292=0FKSgpACpJAXehBCsoKQAsSAHNBS0oKQAuKCkAL0gBJT0pMEgBhzsCADEoKQAySAHJODMo
293=KQA0KCkANSgpADZIAcmQNygpADgoKQA5KCkAOigpADsoKQA8KCkAPSgpAD4oKQA/SAEnnx
294=Q9AGelHkHUAp2kPemxQ1QCfKRVAkTIAVGuRUgB0RRGKCkARygpAEgoKQBJKCkASigpAEtI
295=AckiTCgpAE0oKQBOKCkATygpAFAoKQBRKCkAUigpAFMoKQBUKCkAVSgpAFYoKQBXKCkAWC
296=gpAFkoKQBaKCkAWygpAFwoKQBdKCkAXigpAF8oKQBgKCkAYSgpAGIoKQBjKCkAZCgpAGUo
297=KQBmKCkAZygpAGgoKQBpKCkAaigpAGsoKQBsKCkAbSgpAG4oKQBvKCkAcCgpAHEoKQByKC
298=kAcygpAHQoKQB1KCkAdigpAHcoKQB4KCkAeSgpAHooKQB7KCkAfEgBzWh9KCsABAA+kAJJ
299=pgUoKAAEBgA+AAAAABEAAJUMACAGAAACAAcAPgAAYAAFAgAIAD4A//9PAQIACSgpAAooKQ
300=ALKCkADCgpAA0oKQAOKCkADygpABAoKQARKCkAEigpABMoKQAUKCkAFSgpABYoKQAXKCkA
301=GCgpABkoKQAaKCkAGygpABwoKQAdKCkAHigpAB8oKQAgKCkAISgpACIoKQAjKCkAJEoBew
302=KNJiVJAXepASZJAXWpASdIAdEqKEkBf7UCKUgBwQQqSAHBBCsoKQAsSAHNBS1JAXK5Bi4o
303=KQAvKCkAMEkBdqEEMUgBUBFhOzJIAd0KMygpADQoKQA1KCkANkkBn6UINygpADgoKQA5KC
304=kAOigpADsoKQA8KCkAPSgpAD4oKQA/SgE5AU8TAgBAyAEBAQIAQcgBAQICAEJIAc0QQ0kB
305=TrkRRMgBTQVFSAHBBEYoKQBHKCkASCgpAEkoKQBKKCkAS0gBySJMKCkATSgpAE4oKQBPKC
306=kAUCgpAFEoKQBSKCkAUygpAFQoKQBVKCkAVigpAFcoKQBYKCkAWSgpAFooKQBbKCkAXCgp
307=AF0oKQBeKCkAXygpAGAoKQBhKCkAYigpAGMoKQBkKCkAZSgpAGYoKQBnKCkAaCgpAGkoKQ
308=BqKCkAaygpAGwoKQBtKCkAbigpAG8oKQBwKCkAcSgpAHIoKQBzKCkAdCgpAHUoKQB2KCkA
309=dygpAHgoKQB5KCkAeigpAHsoKQB8SAFRUwBFon0oKQB+KCsAAwA/nANBBAQoKQAFKCkABi
310=gpAAdIAd1MCCgpAAkoKQAKKCkACygpAAwoKQANKCkADigpAA8oKQAQKCkAESgpABIoKQAT
311=KCkAFCgpABUoKQAWKCkAFygpABgoKQAZKCkAGigpABsoKQAcKCkAHSgpAB4oKQAfKCkAIC
312=gpACEoKQAiSQF8oX0jSQF0qQEkSAHRoyVIAcUpJkkBgaEEJ0gB1QIoKCkAKUgBybEqSAHR
313=CStIAdGjLEgB2QYtSQF/sQkuSAHZqy8oKQAwKCkAMUgBxQgySAGXQAIAM0gB0Qk0KCkANS
314=gpADZIAdmVNygpADgoKQA5KCkAOigpADsoKQA8KCkAPSgpAD4oKQA/SQFE7qo/AGgBXaRB
315=1AKOqj8AzRBDVAJsqlUCRMgBAQMCAEVIAcEERigpAEcoKQBIKCkASSgpAEooKQBLSAHdIE
316=woKQBNKCkATigpAE8oKQBQKCkAUSgpAFIoKQBTKCkAVCgpAFUoKQBWKCkAVygpAFgoKQBZ
317=KCkAWigpAFsoKQBcKCkAXSgpAF4oKQBfKCkAYCgpAGEoKQBiKCkAYygpAGQoKQBlKCkAZi
318=gpAGcoKQBoKCkAaSgpAGooKQBrKCkAbCgpAG0oKQBuKCkAbygpAHAoKQBxKCkAcigpAHMo
319=KQB0KCkAdSgpAHYoKQB3KCkAeCgpAHkoKQB6KCkAeygpAHxIAdVlfSgpAH4oKQB/KCgAIl
320=QgzwUDAECEAQEAAgAEKCkABSgpAAZIAclOBygpAAgoKQAJKCkACigpAAsoKQAMKCkADSgp
321=AA4oKQAPKCkAECgpABEoKQASKCkAEygpABQoKQAVKCkAFigpABcoKQAYKCkAGSgpABooKQ
322=AbKCkAHCgpAB0oKQAeKCkAHygpACAoKQAhKCkAIkgB0aMjSAHBniRIASelFUAm8S8mVALd
323=KycoKQAoKCkAKUgB1acqSAEl0SsrSQF5raosSAHFCC0oKQAuSAHZBi9IAdkGMEgB2RExSA
324=HZETJIAZRAZK0nZQI0VALdCjUoKQA2SAHRmDcoKQA4KCkAOSgpADooKQA7KCkAPEkBUKkX
325=PcgBQak+SAHdCj9IAXirTVJAyAFBBEHIAU2qQkgBzQVDKCkARCgpAEUoKQBGKCkARygpAE
326=goKQBJKCkASigpAEtIAdEfTCgpAE0oKQBOKCkATygpAFAoKQBRKCkAUigpAFMoKQBUKCkA
327=VSgpAFYoKQBXKCkAWCgpAFkoKQBaKCkAWygpAFwoKQBdKCkAXigpAF8oKQBgKCkAYSgpAG
328=IoKQBjKCkAZCgpAGUoKQBmKCkAZygpAGgoKQBpKCkAaigpAGsoKQBsKCkAbSgpAG4oKQBv
329=KCkAcCgpAHEoKQByKCkAcygpAHQoKQB1KCkAdigpAHcoKQB4KCkAeSgpAHooKQB7KCkAfE
330=gB1WV9KCkAfigpAH8oKQCAKCsAAQBBlAZUWiIoNo8BAgADKFUABCgpAAVIAdVPBigpAAco
331=KQAIKCkACSgpAAooKQALKCkADCgpAA0oKQAOKCkADygpABAoKQARKCkAEigpABMoKQAUKC
332=kAFSgpABYoKQAXKCkAGCgpABkoKQAaKCkAGygpABwoKQAdKCkAHigpAB8oKQAgKCkAISgp
333=ACJIASf+FUEAwZ4kVALBniVIAd0rJigpACdJAX6hkyhIAcEEKSgpACooKQArKCkALCgpAC
334=0oKQAuKCkALygpADBIAcUTMUgB1bIySAEl0SszSAHJQzRIAc0QNSgpADZIAc2fNygpADgo
335=KQA5KCkAOigpADsoKQA8SAF8r0GpPcgBAQMCAD5IAd0KP0gBJ/ZAQQBpAQFoVqgBWQZCQA
336=TNBUMoKQBEKCkARSgpAEYoKQBHKCkASCgpAEkoKQBKKCkAS0gB0R9MKCkATSgpAE4oKQBP
337=KCkAUCgpAFEoKQBSKCkAUygpAFQoKQBVKCkAVigpAFcoKQBYKCkAWSgpAFooKQBbKCkAXC
338=gpAF0oKQBeKCkAXygpAGAoKQBhKCkAYigpAGMoKQBkKCkAZSgpAGYoKQBnKCkAaCgpAGko
339=KQBqKCkAaygpAGwoKQBtKCkAbigpAG8oKQBwKCkAcSgpAHIoKQBzKCkAdCgpAHUoKQB2KC
340=kAdygpAHgoKQB5KCkAeigpAHsoKQB8SAHJZH0oKQB+KCkAfygpAIAoKQCBKCgAIvxLxwgD
341=AEKEAVWyBEgByU4FKCkABigpAAcoKQAIKCkACSgpAAooKQALKCkADCgpAA0oKQAOKCkADy
342=gpABAoKQARKCkAEigpABMoKQAUKCkAFSgpABYoKQAXKCkAGCgpABkoKQAaKCkAGygpABwo
343=KQAdKCkAHigpAB8oKQAgKCkAISgpACJIAdWcI0gBJ/0VQumxJVQCJclAJigpACdIAc0FKE
344=kBeqmxKUgB2TIqKCkAKygpACwoKQAtKCkALigpAC9IASXhQzBIAc3AMUgB3QoySAEltUMz
345=SAGDQgIANEgBwQQ1KCkANkgBzZ83KCkAOCgpADkoKQA6KCkAOygpADwoKQA9KCkAPigpAD
346=9IAXCuTVJAyAGdr0KJsQJ1V0IopEEnKQBETAXFE0UoKQBGKCkARygpAEgoKQBJKCkASigp
347=AEtIAdEfTCgpAE0oKQBOKCkATygpAFAoKQBRKCkAUigpAFMoKQBUKCkAVSgpAFYoKQBXKC
348=kAWCgpAFkoKQBaKCkAWygpAFwoKQBdKCkAXigpAF8oKQBgKCkAYSgpAGIoKQBjKCkAZCgp
349=AGUoKQBmKCkAZygpAGgoKQBpKCkAaigpAGsoKQBsKCkAbSgpAG4oKQBvKCkAcCgpAHEoKQ
350=ByKCkAcygpAHQoKQB1KCkAdigpAHcoKQB4KCkAeSgpAHooKQB7KCkAfEgByWR9KCkAfigp
351=AH8oKQCAKCkAgSgrAAMAQ4AIQVwESAHdTAUoKQAGKCkABygpAAgoKQAJKCkACigpAAsoKQ
352=AMKCkADSgpAA4oKQAPKCkAECgpABEoKQASKCkAEygpABQoKQAVKCkAFigpABcoKQAYKCkA
353=GSgpABooKQAbKCkAHCgpAB0oKQAeKCkAHygpACAoKQAhKCkAIkgBJcE/I0gBwakkKCkAJS
354=gpACYoKQAnSAHFoihIAc0xKSgpACooKQArKCkALCgpAC0oKQAuSQGAubYvSAEleSswSAEl
355=rUIxSAHJDDJIAZRAItBBJz0INFQCwQQ1SAEBAAEAAE2fNsgBTZ83SAHBBDhIAcUIOSgpAD
356=ooKQA7KCkAPCgpAD0oKQA+KCkAPygpAEAoKQBBKCkAQigpAEMoKQBEKCkARSgpAEYoKQBH
357=SAHdFUgoKQBJKCkASigpAEsoKQBMKCkATSgpAE4oKQBPKCkAUCgpAFEoKQBSKCkAUygpAF
358=QoKQBVKCkAVigpAFcoKQBYKCkAWSgpAFooKQBbKCkAXCgpAF0oKQBeKCkAXygpAGAoKQBh
359=KCkAYigpAGMoKQBkKCkAZSgpAGYoKQBnKCkAaCgpAGkoKQBqKCkAaygpAGwoKQBtKCkAbi
360=gpAG8oKQBwKCkAcSgpAHIoKQBzKCkAdCgpAHUoKAABdgBDABEAAOYMACAI//8AAAACAHcA
361=QwDJAXgoKQB5KCkAeigpAHtIAVAGAgAAAgB8KCkAfSgpAH4oKQB/KCkAgCgrAAQARPUNBS
362=gpAAYoKQAHKCkACCgpAAkoKQAKKCkACygpAAwoKQANKCkADigpAA8oKQAQKCkAESgpABIo
363=KQATKCkAFCgpABUoKQAWKCkAFygpABgoKQAZKCkAGigpABsoKQAcKCkAHSgpAB4oKQAfKC
364=kAICgpACEoKQAiKCkAI0oBewJDMwIAJEkBcqkBJSgpACYoKQAnSQF5oQQoSAHFPykoKQAq
365=KCkAKygpACwoKQAtKCkALigpAC8oKQAwKCkAMUgBXBJhRjJKAQUBRwECADPIAQEDAgA0SQ
366=EAVAJJATXIAQEEAgA2yAEBBQIAN0gB0RQ4SQGfqRc5KCkAOigpADtJAVahBDxJATCpAT3I
367=AQEBAgA+yAEBAgIAP8gBQQ9AyAFBD0HIAUEPQkkBYKUIQ0kBWKkBREgBzRBFSQFXtQJGSA
368=HRFEcoKQBISQFdoQRJSQFVqQFKKCkAS0gBxQhMSAHFCE0oKQBOKCkATygpAFAoKQBRKCkA
369=UigpAFMoKQBUKCkAVSgpAFYoKQBXKCkAWCgpAFkoKQBaKCkAWygpAFwoKQBdKCkAXigpAF
370=8oKQBgKCkAYSgpAGIoKQBjKCkAZCgpAGUoKQBmKCkAZygpAGgoKQBpKCkAaigpAGsoKQBs
371=KCkAbSgpAG4oKQBvKCkAcCgpAHEoKQByKCkAcygpAHQoKQB1KCkAdigpAHcoKQB4KCkAeS
372=gpAHpIAclkeygpAHwoKQB9KCkAfigpAH8oKwAFAEXtqgYoKQAHKCkACCgpAAkoKQAKKCkA
373=CygpAAwoKQANKCkADigpAA8oKQAQKCkAESgpABIoKQATKCkAFCgpABUoKQAWKCkAFygpAB
374=goKQAZKCkAGigpABsoKQAcKCkAHSgpAB4oKQAfKCkAICgpACEoKQAiSQF8rXMjSAHVpyQo
375=KQAlKCkAJkkBda0FJ0gBxXYoKCkAKSgpACooKQArKCkALCgpAC1JAQFMn1XpLsgBTZQvyA
376=FNlDBIAWimQZMxyAFBkzLJAQZiqUUAYQQHY6lFAABQCVUCNUAEaAFVAjZIAdEUNygpADhJ
377=AVy1GDlIAd2ZOigpADtIASciFUUAYKkBCAIAPVQCaQEJYKm1AgpgqagBAQsCAEDABAEMAg
378=BByAEBDQIAQsgBAQ4CAEPKAQ8CVldFAM0QRVUCWrkRRkgB3RVHSAHVp0hIAdEUSSgpAEoo
379=KQBLSAHdFUxIAcUITSgpAE4oKQBPKCkAUCgpAFEoKQBSKCkAUygpAFQoKQBVKCkAVigpAF
380=coKQBYKCkAWSgpAFooKQBbKCkAXCgpAF0oKQBeKCkAXygpAGAoKQBhKCkAYigpAGMoKQBk
381=KCkAZSgpAGYoKQBnKCkAaCgpAGkoKQBqKCkAaygpAGwoKQBtKCkAbigpAG8oKQBwKCkAcS
382=gpAHIoKQBzKCkAdCgpAHUoKQB2KCkAdygpAHgoKQB5SAHVp3ooKQB7KCkAfCgpAH0oKQB+
383=KCsABgBG9acHKCkACCgpAAkoKQAKKCkACygpAAwoKQANKCkADigpAA8oKQAQKCkAESgpAB
384=IoKQATKCkAFCgpABUoKQAWKCkAFygpABgoKQAZKCkAGigpABsoKQAcKCkAHSgpAB4oKQAf
385=KCkAICgpACEoKQAiSAElwSkjSAEnyhRGAMkBJShVACYoKQAnSQF0oX0oSQF6qQEpSAHFdi
386=ooKQArKCkALCgpAC1IAWimAQMCAC7IAVGjL8gBAQUCADBIAWSiWZUxyAFZlTJIAckMM0gB
387=wUY0KCkANUgBwQQ2KCkANygpADhIAdmVOUgB1ZE6KCkAOygpADxIASWxJz1IASWFJz5JAT
388=OlHj/IAVW9QMgBVb1BSAF5qxVppkaRrhZqpkYA2aBEQATVnEVIAd0VRigpAEdJAWCpDEhI
389=AdEUSSgpAEooKQBLSAHRCUxIAdEJTSgpAE4oKQBPKCkAUCgpAFEoKQBSKCkAUygpAFQoKQ
390=BVKCkAVigpAFcoKQBYKCkAWSgpAFooKQBbKCkAXCgpAF0oKQBeKCkAXygpAGAoKQBhKCkA
391=YigpAGMoKQBkKCkAZSgpAGYoKQBnKCkAaCgpAGkoKQBqKCkAaygpAGwoKQBtKCkAbigpAG
392=8oKQBwKCkAcSgpAHIoKQBzKCkAdCgpAHUoKQB2KCkAdygpAHhIAdleeSgpAHooKQB7KCkA
393=fCgpAH0oKwAHAEf9pAgoKQAJKCkACigpAAsoKQAMKCkADSgpAA4oKQAPKCkAECgpABEoKQ
394=ASKCkAEygpABQoKQAVKCkAFigpABcoKQAYKCkAGSgpABooKQAbKCkAHCgpAB0oKQAeKCkA
395=HygpACAoKQAhKCkAIkgBJ3EUR+WiJFQCJ3AUJ1UAJihVACdIASVpKShIAcFyKSgpACooKQ
396=ArKCkALCgpAC0oKQAuKCkALygpADAoKQAxKCkAMigpADNIAdVENCgpADVIAdkRNigpADco
397=KQA4SAEnchRHAN2OOlQCyQE7SQFLoZM8yAFNnz1IAcmQPkkBcaEEP8gBQQRAyAGTo0cAYa
398=EEQlUCWakBQ0gBJ2I+RwAlESlFVALdFUYoKQBHKCkASEgB3aRJSAHFCEooKQBLSAHRCUxI
399=AdEJTSgpAE4oKQBPKCkAUCgpAFEoKQBSKCkAUygpAFQoKQBVKCkAVigpAFcoKQBYKCkAWS
400=gpAFooKQBbKCkAXCgpAF0oKQBeKCkAXygpAGAoKQBhKCkAYigpAGMoKQBkKCkAZSgpAGYo
401=KQBnKCkAaCgpAGkoKQBqKCkAaygpAGwoKQBtKCkAbigpAG8oKQBwKCkAcSgpAHIoKQBzKC
402=kAdCgpAHUoKQB2KCkAd0gBzV14KCkAeSgpAHooKQB7KCkAfCgrAAgASOWiCSgpAAooKQAL
403=KCkADCgpAA0oKQAOKCkADygpABAoKQARKCkAEigpABMoKQAUKCkAFSgpABYoKQAXKCkAGC
404=gpABkoKQAaKCkAGygpABwoKQAdKCkAHigpAB8oKQAgKCkAISgpACJIAScZFEgoGBQnKQAl
405=QATFoiYoKQAnKCkAKEkBdqF9KUgB1XAqKCkAKygpACwoKQAtKCkALigpAC8oKQAwKCkAMU
406=kBgKkMMkgBJXEqM0gBwQ80SAHVRDVIAc0QNigpADcoKQA4SAEnGRRIKBgUJykAO0AEeKBd
407=mTzJAQMiWD0ngQA+VgJAAVwNIlo9SABoAZigqAFZBkFBBHC9FUJJATitBUMoKQBESQFDtQ
408=JFyAFFCEbIAUUIR8gBQQ9ISAHFCEkoKQBKKCkASygpAEwoKQBNKCkATigpAE8oKQBQKCkA
409=UUgBzSZSKCkAUygpAFQoKQBVKCkAVigpAFcoKQBYKCkAWSgpAFooKQBbKCkAXCgpAF0oKQ
410=BeKCkAXygpAGAoKQBhKCkAYigpAGMoKQBkKCkAZSgpAGYoKQBnKCkAaCgpAGkoKQBqKCkA
411=aygpAGwoKQBtKCkAbigpAG8oKQBwKCkAcSgpAHIoKQBzKCkAdCgpAHUoKQB2SAFUTAIAAA
412=IAdygpAHgoKQB5KCkAeigpAHsoKwAJAEntnwooKQALKCkADCgpAA0oKQAOKCkADygpABAo
413=KQARKCkAEigpABMoKQAUKCkAFSgpABYoKQAXKCkAGCgpABkoKQAaKCkAGygpABwoKQAdKC
414=kAHigpAB8oKQAgKCkAISgpACJIASfBE0kowBMnKQAlQAQnwBMnVQAnKFUAKEkBd7V7KUgB
415=1ZEqSAHVkStIAdlpLCgpAC0oKQAuKCkALygpADAoKQAxKCkAMkgB3RUzSAEl7Sk0SAHJQz
416=UoKQA2SAHBDzcoKQA4SAEnwRNJKMATJykAO0AEJQkoPCgpAD0oKQA+SAF0nFWRP8kBBCId
417=UUmNnwUiHlFJAGCeUZhCQAR4lUkBQygpAERIAWCeWQZFyAFZBkbKAQYCWvVJAGIEBwJWV0
418=kAxQhJQATJAUooKQBLKCkATCgpAE0oKQBOKCkATygpAFAoKQBRSAHBJVIoKQBTKCkAVCgp
419=AFUoKQBWKCkAVygpAFgoKQBZKCkAWigpAFsoKQBcKCkAXSgpAF4oKQBfKCkAYCgpAGEoKQ
420=BiKCkAYygpAGQoKQBlKCkAZigpAGcoKQBoKCkAaSgpAGooKQBrKCkAbCgpAG0oKQBuKCkA
421=bygpAHAoKQBxKCkAcigpAHMoKQB0KCkAdUgByVl2KCkAdygpAHgoKQB5KCkAeigrAAoASv
422=WcCygpAAwoKQANKCkADigpAA8oKQAQKCkAESgpABIoKQATKCkAFCgpABUoKQAWKCkAFygp
423=ABgoKQAZKCkAGigpABsoKQAcKCgACR0ASgD//wAAAAIAHhEAAOEMACAIAEoA//8AAAACAB
424=8oKQAgKCkAISgpACJIAQF/AgAATQUjSQFyqQEkKCkAJSgpACYoKQAnSQF1rQUoSgH//4UI
425=KUkBe7UCKkkBeakBK0gBwQQsKCkALSgpAC4oKQAvKCkAMCgpADEoKQAySAHJDDNIAc0QNE
426=gBRBB1GDUoKQA2SAHBDzcoKQA4SQFcpRM5SQGfqQE6KCkAO0kBSbUCPEgBwQQ9KCkAPkgB
427=BUABAAAGAgA/yAEBBwIAQMgBAQgCAEFJAXBECAECAgBCSQE4TAVJAUMoKQBESQFDVAJNBU
428=XIAQEJAgBGyAEBCgIAR8gBAQsCAEhIAcUISSgpAEooKQBLKCkATCgpAE0oKQBOKCkATygp
429=AFAoKQBRSAHBJVIoKQBTKCkAVCgpAFUoKQBWKCkAVygpAFgoKQBZKCkAWigpAFsoKQBcKC
430=kAXSgpAF4oKQBfKCkAYCgpAGEoKQBiKCkAYygpAGQoKQBlKCkAZigpAGcoKQBoKCkAaSgp
431=AGooKQBrKCkAbCgpAG0oKQBuKCkAbygpAHAoKQBxKCkAcigpAHMoKQB0SAHdV3UoKQB2KC
432=kAdygpAHgoKQB5KCsACwBL7X4MKCkADSgpAA4oKQAPKCkAECgpABEoKQASKCkAEygpABQo
433=KQAVKCkAFigpABcoKQAYKCkAGSgpABooKQAbKCkAHCgpAB0oKQAeKCkAHygpACAoKQAhKC
434=kAIigpACNIAd2ZJEkBd1RwSZslSAHJmyYoKQAnKCkAKEkBdK0FKUgB2YoqSAHdYisoKQAs
435=KCkALSgpAC5JAXylCC9JAXapATBIAcUIMUkBgLUCMkgB2REzSAHVDTRIAdFANSgpADZIAc
436=UIN0kBXaUIOEgBwZM5KCkAOigpADsoKQA8KCkAPSgpAD5JAXGxCT/JAQFymEsAdAJZlUFU
437=AskMQigpAEMoKQBEKCkARUgB0RRGKCkARygpAEhIAckXSUkBVaEPSigpAEtJAVe1AkxIAd
438=EJTSgpAE4oKQBPKCkAUCgpAFEoKQBSKCkAUygpAFQoKQBVKCkAVigpAFcoKQBYKCkAWSgp
439=AFooKQBbKCkAXCgpAF0oKQBeKCkAXygpAGAoKQBhKCkAYigpAGMoKQBkKCkAZSgpAGYoKQ
440=BnKCkAaCgpAGkoKQBqKCkAaygpAGwoKQBtKCkAbigpAG8oKQBwKCkAcSgpAHIoKQBzSAHR
441=VnQoKQB1KCkAdigpAHcoKQB4KCsADABM5ZcNKCkADigpAA8oKQAQKCkAESgpABIoKQATKC
442=kAFCgpABUoKQAWKCkAFygpABgoKQAZKCkAGigpABsoKQAcKCkAHSgpAB4oKQAfKCkAICgp
443=ACEoKQAiKCkAIygpACQoKQAlSAElkSMmSAHJhScoKQAoKCkAKSgpACpIAdGYKygpACxIAd
444=WRLUgBxWsuSAHJDC9IAckMMEgBzQUxSAHNBTJIAc0FM0gBJ7kSTIA/Was1VAKPAQIANkgB
445=2QY3SQFgqXo4SQGfqQE5KCkAOigpADsoKQA8KCkAPSgpAD5KAUYBUAwiziVMAGgBmJWoAZ
446=qVTADJDEJsBbUNQ0gB1QJEKCkARUgB0RRGKCkARygpAEhIASWNKElJAUixCUpIAdEJS0kB
447=VrUCTEgB0QlNKCkATigpAE8oKQBQKCkAUSgpAFIoKQBTKCkAVCgpAFUoKQBWKCkAVygpAF
448=goKQBZKCkAWigpAFsoKQBcKCkAXSgpAF4oKQBfKCkAYCgpAGEoKQBiKCkAYygpAGQoKQBl
449=KCkAZigpAGcoKQBoKCkAaSgpAGooKQBrKCkAbCgpAG0oKQBuKCkAbygpAHAoKQBxKCkAck
450=gBRUcARVVzKCkAdCgpAHUoKQB2KCkAdygrAA0ATe2UDigpAA8oKQAQKCkAESgpABIoKQAT
451=KCkAFCgpABUoKQAWKCkAFygpABgoKQAZKCkAGigpABsoKQAcKCkAHSgpAB4oKQAfKCkAIC
452=gpACEoKQAiKCkAIygpACQoKQAlSAEldSUmSAHVhicoKQAoKCkAKSgpACooKQArKCkALEgB
453=zYktSAHNaC5IAdGNL0gByQwwSAElLScxSAHVnDJIAcEEM0gBJb05NEgB2T01SAHdCjYoKQ
454=A3KCkAOEgBwX05SAHVezooKQA7KCkAPCgpAD1IAdl/PkgBdZEDYZNNgZMEIhwlqQEFIjE4
455=TShgEicpAENYBtUNREgB0QlFSAHdFUYoKQBHKCkASEgB3RVJSAHFCEooKQBLSAHRCUxIAd
456=EJTSgpAE4oKQBPKCkAUCgpAFEoKQBSKCkAUygpAFQoKQBVKCkAVigpAFcoKQBYKCkAWSgp
457=AFooKQBbKCkAXCgpAF0oKQBeKCkAXygpAGAoKQBhKCkAYigpAGMoKQBkKCkAZSgpAGYoKQ
458=BnKCkAaCgpAGkoKQBqKCkAaygpAGwoKQBtKCkAbigpAG8oKQBwKCkAcUgB2VNyKCkAcygp
459=AHQoKQB1KCkAdigrAA4ATvWRDygpABAoKQARKCkAEigpABMoKQAUKCkAFSgpABYoKQAXKC
460=kAGCgpABkoKQAaKCkAGygpABwoKQAdKCkAHigpAB8oKQAgKCkAISgpACIoKQAjKCkAJCgp
461=ACUoKQAmSAHVkSdIAd2DKEgB0YIpKCkAKigpACsoKQAsKCkALUgB2YouSAHFCC9IAc2UME
462=gB3TYxSAHBDzJIAd2OM0gBwQQ0KCkANUgB1XA2KCkAN0gBJT00OEgB3Xg5SAHRdzpJAUok
463=gSE7yAEBAQIAPEgBzQU9SAHNBT5IAWiQIz1KToiQIzxKqQEIaZBOKAgSJykAQ1gG0QlEKC
464=kARUgBJXk2RigpAEdIAc0FSEkBWKUTSSgpAEooKQBLSQFaoQRMSAHRH00oKQBOKCkATygp
465=AFAoKQBRKCkAUigpAFMoKQBUKCkAVSgpAFYoKQBXKCkAWCgpAFkoKQBaKCkAWygpAFwoKQ
466=BdKCkAXigpAF8oKQBgKCkAYSgpAGIoKQBjKCkAZCgpAGUoKQBmKCkAZygpAGgoKQBpKCkA
467=aigpAGsoKQBsKCkAbSgpAG4oKQBvKCkAcEgB2VNxKCkAcigpAHMoKQB0KCkAdSgrAA8AT/
468=2OECgpABEoKQASKCkAEygpABQoKQAVKCkAFigpABcoKQAYKCkAGSgpABooKQAbKCkAHCgp
469=AB0oKQAeKCkAHygpACAoKQAhKCkAIigpACMoKQAkKCkAJSgpACYoKQAnKCkAKEgBxYEpSA
470=HJkCpIAcGIKygpACwoKQAtKCkALkgB2QYvSAHNiTBIAdE1MSgpADJIAdlpMygpADQoKQA1
471=KCkANigpADdIASXRIDhIAd14OSgpADpIAXCNAQICADvJAQNxjU/1hj1UAsl6PkgBcY0JIr
472=4jTwBpAQoivCOpAQtwjSfZAEJMBdUNQygpAERJAUy9g0XIAUmbRkgBzQVHSAHJm0hIAcUe
473=SSgpAEooKQBLKCkATCgpAE0oKQBOKCkATygpAFAoKQBRKCkAUigpAFMoKQBUKCkAVSgpAF
474=YoKQBXKCkAWCgpAFkoKQBaKCkAWygpAFwoKQBdKCkAXigpAF8oKQBgKCkAYSgpAGIoKQBj
475=KCkAZCgpAGUoKQBmKCkAZygpAGgoKQBpKCkAaigpAGsoKQBsKCkAbSgpAG4oKQBvSAHRVn
476=AoKQBxKCkAcigpAHMoKQB0KCsAEABQ5YwRKCkAEigpABMoKQAUKCkAFSgpABYoKQAXKCkA
477=GCgpABkoKQAaKCkAGygpABwoKQAdKCkAHigpAB8oKQAgKCkAISgpACIoKQAjKCkAJCgpAC
478=UoKQAmKCkAJygpACgoKQApKCkAKkgB0Y0rSAHVhiwoKQAtSAHBiC5IAcFnL0gB2TIwKCkA
479=MSgpADJIAc0FMygpADQoKQA1KCkANigpADdIAcV2OCgpADkoKQA6KCkAO0gBJdEgPEgBzY
480=k9SAHBDz5JATkmfkdQAGgBUYJA1AJBk0FIAW2UACJObVAAaAFBBENUAs0QREgBeIpNBUXI
481=AVGYRkgBwQRHSAEnWBEnnQlJVALNEEooKQBLKCkATCgpAE0oKQBOKCkATygpAFAoKQBRKC
482=kAUigpAFMoKQBUKCkAVSgpAFYoKQBXKCkAWCgpAFkoKQBaKCkAWygpAFwoKQBdKCkAXigp
483=AF8oKQBgKCkAYSgpAGIoKQBjKCkAZCgpAGUoKQBmKCkAZygpAGgoKQBpKCkAaigpAGsoKQ
484=BsKCkAbSgpAG5IAdFWbygpAHAoKQBxKCkAcigpAHMoKwARAFHtiRIoKQATKCkAFCgpABUo
485=KQAWKCkAFygpABgoKQAZKCkAGigpABsoKQAcKCkAHSgpAB4oKQAfKCkAICgpACEoKQAiKC
486=kAIygpACQoKQAlKCkAJigoAAYnAFEA//8AAAARAAB4DAAgAAECACgAUQD//wAAAAIAKQBR
487=AP//iQEqKCkAKygpACwoKQAtKCkALigpAC9IAVwHcQkwKCkAMUgB3QoyKCkAMygpADQoKQ
488=A1KCkANigpADdKAZ8CRwsCADhJAVipATkoKQA6SQFatQI7SAHVDTwoKQA9KCkAPkoBSgFP
489=FAIAP8gBAQMCAEDIAQEEAgBBaAFQCQECAgBCyAFBBENIAc0QRCgpAEUoKQBGKCkAR0kBVk
490=QIUSpISAHZEUkoKQBKKCkASygpAEwoKQBNKCkATigpAE8oKQBQKCkAUSgpAFIoKQBTKCkA
491=VCgpAFUoKQBWKCkAVygpAFgoKQBZKCkAWigpAFsoKQBcKCkAXSgpAF4oKQBfKCkAYCgpAG
492=EoKQBiKCkAYygpAGQoKQBlKCkAZigpAGcoKQBoKCkAaSgpAGooKQBrKCkAbCgpAG1IAV1J
493=AEU0bigpAG8oKQBwKCkAcSgpAHIoKwASAFL1ZRMoKQAUKCkAFSgpABYoKQAXKCkAGCgpAB
494=koKQAaKCkAGygpABwoKQAdKCkAHigpAB8oKQAgKCkAISgpACIoKQAjKCkAJCgpACUoKQAm
495=KCkAJygpACgoKQApKCkAKigpACsoKQAsKCkALSgpAC4oKQAvKCkAMCgpADEoKQAyKCkAMy
496=gpADQoKQA1KCkANigpADcoKQA4KCkAOSgpADooKQA7KCkAPCgpAD1IAXyDAQYCAD7JAQdq
497=hVIAdQIIaIWpAQlqhVIA0YJCTAXJAUMoKQBEKCkARSgpAEYoKQBHSAEnqBAnRQlJVALVhk
498=ooKQBLKCkATCgpAE0oKQBOKCkATygpAFAoKQBRKCkAUigpAFMoKQBUKCkAVSgpAFYoKQBX
499=KCkAWCgpAFkoKQBaKCkAWygpAFwoKQBdKCkAXigpAF8oKQBgKCkAYSgpAGIoKQBjKCkAZC
500=gpAGUoKQBmKCkAZygpAGgoKQBpKCkAaigpAGsoKQBsSAHdg20oKQBuKCkAbygpAHAoKQBx
501=KCsAEwBT/YMUKCkAFSgpABYoKQAXKCkAGCgpABkoKQAaKCkAGygpABwoKQAdKCkAHigpAB
502=8oKQAgKCkAISgpACIoKQAjKCkAJCgpACUoKQAmKCkAJygpACgoKQApKCkAKigpACsoKQAs
503=KCkALSgpAC4oKQAvKCkAMCgpADEoKQAyKCkAMygpADQoKQA1KCkANigpADcoKQA4KCkAOS
504=gpADooKQA7KCkAPEgBbH4BCgIAPckBC3GCU4WBDHCCqQENcIKpAQ5zglMAXLX/QlgGJ1EQ
505=U+mFRFUCR6EERUgBwQRGSAElZSNHSAElOSNISAHFgUkoKQBKKCkASygpAEwoKQBNKCkATi
506=gpAE8oKQBQKCkAUSgpAFIoKQBTKCkAVCgpAFUoKQBWKCkAVygpAFgoKQBZKCkAWigpAFso
507=KQBcKCkAXSgpAF4oKQBfKCkAYCgpAGEoKQBiKCkAYygpAGQoKQBlKCkAZigpAGcoKQBoKC
508=kAaSgpAGooKQBrSAHFgWwoKQBtKCkAbigpAG8oKQBwKCsAFABU5YEVKCkAFigpABcoKQAY
509=KCkAGSgpABooKQAbKCkAHCgpAB0oKQAeKCkAHygpACAoKQAhKCkAIigpACMoKQAkKCkAJS
510=gpACYoKQAnKCkAKCgpACkoKQAqKCkAK0gB2ScsKCkALUgB1VouKCkALygpADAoKQAxKCkA
511=MigpADMoKQA0KCkANSgpADYoKQA3KCkAOCgpADlJAelrEwIAOsgBAQECADvIAQECAgA8yQ
512=EDeX9UjX4QeH+pARF4f6kBEnh/qQETe39UAGC1e0JECNV7QygpAEQoKQBFSAHV/0ZIAcki
513=RygpAEgoKQBJKCkASigpAEsoKQBMKCkATSgpAE4oKQBPKCkAUCgpAFEoKQBSKCkAUygpAF
514=QoKQBVKCkAVigpAFcoKQBYKCkAWSgpAFooKQBbKCkAXCgpAF0oKQBeKCkAXygpAGAoKQBh
515=KCkAYigpAGMoKQBkKCkAZSgpAGYoKQBnKCkAaCgpAGkoKQBqSAFkQwEAAgBrKCkAbCgpAG
516=0oKQBuKCkAbygrABUAVe1+FigpABcoKQAYKCkAGSgpABooKQAbKCkAHCgpAB0oKQAeKCkA
517=HygpACAoKQAhKCkAIigpACMoKQAkKCkAJSgpACYoKQAnKCkAKCgpACkoKQAqKCkAK0gBzS
518=YsKCkALUgB1VouKCkALygpADAoKQAxKCkAMigpADMoKQA0KCkANSgpADYoKQA3KCkAOCgp
519=ADlIAWF9BGJ9VQBpAQVgfakBBmB9qQEHYH0n3QY+WgY5AUgaYn1VAGgBXYNA1AJdg0FIAc
520=0bQkgBzX5DSAHZ+ERIAdl/RUgBJ6APJ4kBR1QCxQhIKCkASSgpAEooKQBLKCkATCgpAE0o
521=KQBOKCkATygpAFAoKQBRKCkAUigpAFMoKQBUKCkAVSgpAFYoKQBXKCkAWCgpAFkoKQBaKC
522=kAWygpAFwoKQBdKCkAXigpAF8oKQBgKCkAYSgpAGIoKQBjKCkAZCgpAGUoKQBmKCkAZygp
523=AGgoKQBpSAFYOiLtP2ooKQBrKCkAbCgpAG0oKQBuKCsAFgBW9XsXKCkAGCgpABkoKQAaKC
524=kAGygpABwoKQAdKCkAHigpAB8oKQAgKCkAISgpACIoKQAjKCkAJCgpACUoKQAmKCkAJygp
525=ACgoKQApKCkAKigpACsoKQAsKCkALSgpAC4oKQAvKCkAMCgpADEoKQAyKCkAMygpADQoKQ
526=A1KCkANigpADcoKQA4KCkAOUgBfXgIaXpWinoJAkz3qQEKaHonhQY9TAXRbD5IAXx4Xbo/
527=yQEBbfdWlXsCbPcn2QBCQATZBkMoKQBESAElbS9FSAHVe0ZJAVep/kdIAdkGSCgpAEkoKQ
528=BKKCkASygpAEwoKQBNKCkATigpAE8oKQBQKCkAUSgpAFIoKQBTKCkAVCgpAFUoKQBWKCkA
529=VygpAFgoKQBZKCkAWigpAFsoKQBcKCkAXSgpAF4oKQBfKCkAYCgpAGEoKQBiKCkAYygpAG
530=QoKQBlKCkAZigpAGcoKQBoSAHdeGkoKQBqKCkAaygpAGwoKQBtKCsAFwBX/XgYKCkAGSgp
531=ABooKQAbKCkAHCgpAB0oKQAeKCkAHygpACAoKQAhKCkAIigpACMoKQAkKCkAJSgpACYoKQ
532=AnKCkAKEgB0R8pKCkAKkgB1U8rKCkALCgpAC0oKQAuKCkALygpADAoKQAxKCkAMigpADMo
533=KQA0KCkANSgpADYoKQA3KCkAOCgpADkoKQA6SAF9eA1wdyctBjxUAtUYPSgpAD5IASfxDl
534=eEdpB3qAGQdycFAUJMBcUIQygpAERIASfxDlcmNT5GVALJ80dIAdkGSCgpAEkoKQBKKCkA
535=SygpAEwoKQBNKCkATigpAE8oKQBQKCkAUSgpAFIoKQBTKCkAVCgpAFUoKQBWKCkAVygpAF
536=goKQBZKCkAWigpAFsoKQBcKCkAXSgpAF4oKQBfKCkAYCgpAGEoKQBiKCkAYygpAGQoKQBl
537=KCkAZigpAGdIAdFWaCgpAGkoKQBqKCkAaygpAGxIAdsyGABY5XYZKCkAGigpABsoKQAcKC
538=kAHSgpAB4oKQAfKCkAICgpACEoKQAiKCkAIygpACQoKQAlKCkAJigpACcoKQAoSAHFHiko
539=KQAqSAHBGisoKQAsKCkALSgpAC4oKQAvKCkAMCgpADEoKQAyKCkAMygpADQoKQA1KCkANi
540=gpADcoKQA4KCkAOSgpADooKQA7KCkAPCgpAD0oKQA+SAEnmQ5YKJgOqAGYdCcJB0JNBV29
541=5kNJAVWpAURIAcHrRSgpAEZIASVNTEdIAdknSCgpAEkoKQBKKCkASygpAEwoKQBNKCkATi
542=gpAE8oKQBQKCkAUSgpAFIoKQBTKCkAVCgpAFUoKQBWKCkAVygpAFgoKQBZKCkAWigpAFso
543=KQBcKCkAXSgpAF4oKQBfKCkAYCgpAGEoKQBiKCkAYygpAGQoKQBlKCkAZkgBxVVnKCkAaC
544=gpAGkoKQBqKCkAaygrABkAWe1zGigpABsoKQAcKCkAHSgpAB4oKQAfKCkAICgpACEoKQAi
545=KCkAIygpACQoKQAlKCkAJigpACcoKQAoKCkAKSgpACooKQArKCkALCgpAC0oKQAuKCkALy
546=gpADAoKQAxKCkAMigpADMoKQA0KCkANSgpADYoKQA3KCkAOCgpADkoKQA6KCkAOygpADwo
547=KQA9KCkAPigpAD8oKAADQABZAP//EQAA2AsAIAgAAAACAEEAWQD//4gBA0IAWQBgAokBQ0
548=kBWKkBRCgpAEVJAVq1AkZIAdkGRygpAEgoKQBJKCkASigpAEsoKQBMKCkATSgpAE4oKQBP
549=KCkAUCgpAFEoKQBSKCkAUygpAFQoKQBVKCkAVigpAFcoKQBYKCkAWSgpAFooKQBbKCkAXC
550=gpAF0oKQBeKCkAXygpAGAoKQBhKCkAYigpAGMoKQBkKCkAZUgBWC95MmYoKQBnKCkAaCgp
551=AGkoKQBqKCsAGgBa9TkbKCkAHCgpAB0oKQAeKCkAHygpACAoKQAhKCkAIigpACMoKQAkKC
552=kAJSgpACYoKQAnKCkAKCgpACkoKQAqKCkAKygpACwoKQAtKCkALigpAC8oKQAwKCkAMSgp
553=ADIoKQAzKCkANCgpADUoKQA2KCkANygpADgoKQA5KCkAOigpADsoKQA8KCkAPSgpAD4oKQ
554=A/KCkAQCgpAEEoKQBCKCkAQygpAEQoKQBFKCkARigpAEcoKQBIKCkASSgpAEooKQBLKCkA
555=TCgpAE0oKQBOKCkATygpAFAoKQBRKCkAUigpAFMoKQBUKCkAVSgpAFYoKQBXKCkAWCgpAF
556=koKQBaKCkAWygpAFwoKQBdKCkAXigpAF8oKQBgKCkAYSgpAGIoKQBjKCkAZEgB3W1lKCkA
557=ZigpAGcoKQBoKCkAaSgrABsAW/1tHCgpAB0oKQAeKCkAHygpACAoKQAhKCkAIigpACMoKQ
558=AkKCkAJSgpACYoKQAnKCkAKCgpACkoKQAqKCkAKygpACwoKQAtKCkALigpAC8oKQAwKCkA
559=MSgpADIoKQAzKCkANCgpADUoKQA2KCkANygpADgoKQA5KCkAOigpADsoKQA8KCkAPSgpAD
560=4oKQA/KCkAQCgpAEEoKQBCKCkAQygpAEQoKQBFKCkARigpAEcoKQBIKCkASSgpAEooKQBL
561=KCkATCgpAE0oKQBOKCkATygpAFAoKQBRKCkAUigpAFMoKQBUKCkAVSgpAFYoKQBXKCkAWC
562=gpAFkoKQBaKCkAWygpAFwoKQBdKCkAXigpAF8oKQBgKCkAYSgpAGIoKQBjSAHFa2QoKQBl
563=KCkAZigpAGcoKQBoKCsAHABc5WsdKCkAHigpAB8oKQAgKCkAISgpACIoKQAjKCkAJCgpAC
564=UoKQAmKCkAJygpACgoKQApKCkAKigpACsoKQAsKCkALSgpAC4oKQAvKCkAMCgpADEoKQAy
565=KCkAMygpADQoKQA1KCkANigpADcoKQA4KCkAOSgpADooKQA7KCkAPCgpAD0oKQA+KCkAPy
566=gpAEAoKQBBKCkAQigpAEMoKQBEKCkARSgpAEYoKQBHKCkASCgpAEkoKQBKKCkASygpAEwo
567=KQBNKCkATigpAE8oKQBQKCkAUSgpAFIoKQBTKCkAVCgpAFUoKQBWKCkAVygpAFgoKQBZKC
568=kAWigpAFsoKQBcKCkAXSgpAF4oKQBfKCkAYCgpAGEoKQBiSAHNaGMoKQBkKCkAZSgpAGYo
569=KQBnKCsAHQBd7WgeKCkAHygpACAoKQAhKCkAIigpACMoKQAkKCkAJSgpACYoKQAnKCkAKC
570=gpACkoKQAqKCkAKygpACwoKQAtKCkALigpAC8oKQAwKCkAMSgpADIoKQAzKCkANCgpADUo
571=KQA2KCkANygpADgoKQA5KCkAOigpADsoKQA8KCkAPSgpAD4oKQA/KCkAQCgpAEEoKQBCKC
572=kAQygpAEQoKQBFKCkARigpAEcoKQBIKCkASSgpAEooKQBLKCkATCgpAE0oKQBOKCkATygp
573=AFAoKQBRKCkAUigpAFMoKQBUKCkAVSgpAFYoKQBXKCkAWCgpAFkoKQBaKCkAWygpAFwoKQ
574=BdKCkAXigpAF8oKQBgKCkAYUgB1WViKCkAYygpAGQoKQBlKCkAZigrAB4AXvVlHygpACAo
575=KQAhKCkAIigpACMoKQAkKCkAJSgpACYoKQAnKCkAKCgpACkoKQAqKCkAKygpACwoKQAtKC
576=kALigpAC8oKQAwKCkAMSgpADIoKQAzKCkANCgpADUoKQA2KCkANygpADgoKQA5KCkAOigp
577=ADsoKQA8KCkAPSgpAD4oKQA/KCkAQCgpAEEoKQBCKCkAQygpAEQoKQBFKCkARigpAEcoKQ
578=BIKCkASSgpAEooKQBLKCkATCgpAE0oKQBOKCkATygpAFAoKQBRKCkAUigpAFMoKQBUKCkA
579=VSgpAFYoKQBXKCkAWCgpAFkoKQBaKCkAWygpAFwoKQBdKCkAXigpAF8oKQBgSAHdYmEoKQ
580=BiKCkAYygpAGQoKQBlKCsAHwBf/WIgKCkAISgpACIoKQAjKCkAJCgpACUoKQAmKCkAJygp
581=ACgoKQApKCkAKigpACsoKQAsKCkALSgpAC4oKQAvKCkAMCgpADEoKQAyKCkAMygpADQoKQ
582=A1KCkANigpADcoKQA4KCkAOSgpADooKQA7KCkAPCgpAD0oKQA+KCkAPygpAEAoKQBBKCkA
583=QigpAEMoKQBEKCkARSgpAEYoKQBHKCkASCgpAEkoKQBKKCkASygpAEwoKQBNKCkATigpAE
584=8oKQBQKCkAUSgpAFIoKQBTKCkAVCgpAFUoKQBWKCkAVygpAFgoKQBZKCkAWigpAFsoKQBc
585=KCkAXSgpAF4oKQBfSAHFYGAoKQBhKCkAYigpAGMoKQBkKCsAIABg5WAhKCkAIigpACMoKQ
586=AkKCkAJSgpACYoKQAnKCkAKCgpACkoKQAqKCkAKygpACwoKQAtKCkALigpAC8oKQAwKCkA
587=MSgpADIoKQAzKCkANCgpADUoKQA2KCkANygpADgoKQA5KCkAOigpADsoKQA8KCkAPSgpAD
588=4oKQA/KCkAQCgpAEEoKQBCKCkAQygpAEQoKQBFKCkARigpAEcoKQBIKCkASSgpAEooKQBL
589=KCkATCgpAE0oKQBOKCkATygpAFAoKQBRKCkAUigpAFMoKQBUKCkAVSgpAFYoKQBXKCkAWC
590=gpAFkoKQBaKCkAWygpAFwoKQBdKCkAXkgBzV1fKCkAYCgpAGEoKQBiKCkAYygrACEAYe1d
591=IigpACMoKQAkKCkAJSgpACYoKQAnKCkAKCgpACkoKQAqKCkAKygpACwoKQAtKCkALigpAC
592=8oKQAwKCkAMSgpADIoKQAzKCkANCgpADUoKQA2KCkANygpADgoKQA5KCkAOigpADsoKQA8
593=KCkAPSgpAD4oKQA/KCkAQCgpAEEoKQBCKCkAQygpAEQoKQBFKCkARigpAEcoKQBIKCkASS
594=gpAEooKQBLKCkATCgpAE0oKQBOKCkATygpAFAoKQBRKCkAUigpAFMoKQBUKCkAVSgpAFYo
595=KQBXKCkAWCgpAFkoKQBaKCkAWygpAFwoKQBdSAHVWl4oKQBfKCkAYCgpAGEoKQBiKCsAIg
596=Bi9VojKCkAJCgpACUoKQAmKCkAJygpACgoKQApKCkAKigpACsoKQAsKCkALSgpAC4oKQAv
597=KCkAMCgpADEoKQAyKCkAMygpADQoKQA1KCkANigpADcoKQA4KCkAOSgpADooKQA7KCkAPC
598=gpAD0oKQA+KCkAPygpAEAoKQBBKCkAQigpAEMoKQBEKCkARSgpAEYoKQBHKCkASCgpAEko
599=KQBKKCkASygpAEwoKQBNKCkATigpAE8oKQBQKCkAUSgpAFIoKQBTKCkAVCgpAFUoKQBWKC
600=kAVygpAFgoKQBZKCkAWigpAFsoKQBcSAHdV10oKQBeKCkAXygpAGAoKQBhKCsAIwBj/Vck
601=KCkAJSgpACYoKQAnKCkAKCgpACkoKQAqKCkAKygpACwoKQAtKCkALigpAC8oKQAwKCkAMS
602=gpADIoKQAzKCkANCgpADUoKQA2KCkANygpADgoKQA5KCkAOigpADsoKQA8KCkAPSgpAD4o
603=KQA/KCkAQCgpAEEoKQBCKCkAQygpAEQoKQBFKCkARigpAEcoKQBIKCkASSgpAEooKQBLKC
604=kATCgpAE0oKQBOKCkATygpAFAoKQBRKCkAUigpAFMoKQBUKCkAVSgpAFYoKQBXKCgAC1gA
605=YwD//wAAAAIAWQBjEQAA4QsAIAgA//8AAAACAFoAY+kBW0kBAGMAAgBcKCkAXSgpAF4oKQ
606=BfKCkAYCgrACQAZPEJJSgpACYoKQAnKCkAKCgpACkoKQAqKCkAKygpACwoKQAtKCkALigp
607=AC8oKQAwKCkAMSgpADIoKQAzKCkANCgpADUoKQA2KCkANygpADgoKQA5KCkAOigpADsoKQ
608=A8KCkAPSgpAD4oKQA/KCkAQCgpAEEoKQBCKCkAQygpAEQoKQBFKCkARigpAEcoKQBIKCkA
609=SSgpAEooKQBLKCkATCgpAE0oKQBOKCkATygpAFAoKQBRKCkAUigpAFMoKQBUKCkAVSgpAF
610=YoKQBXKCkAWCgpAFkoKQBaSAFoUgEAAgBbKCkAXCgpAF0oKQBeKCkAXygrACUAZe1SJigp
611=ACcoKQAoKCkAKSgpACooKQArKCkALCgpAC0oKQAuKCkALygpADAoKQAxKCkAMigpADMoKQ
612=A0KCkANSgpADYoKQA3KCkAOCgpADkoKQA6KCkAOygpADwoKQA9KCkAPigpAD8oKQBAKCkA
613=QSgpAEIoKQBDKCkARCgpAEUoKQBGKCkARygpAEgoKQBJKCkASigpAEsoKQBMKCkATSgpAE
614=4oKQBPKCkAUCgpAFEoKQBSKCkAUygpAFQoKQBVKCkAVigpAFcoKQBYKCkAWUgB1U9aKCkA
615=WygpAFwoKQBdKCkAXigrACYAZvVPJygpACgoKQApKCkAKigpACsoKQAsKCkALSgpAC4oKQ
616=AvKCkAMCgpADEoKQAyKCkAMygpADQoKQA1KCkANigpADcoKQA4KCkAOSgpADooKQA7KCkA
617=PCgpAD0oKQA+KCkAPygpAEAoKQBBKCkAQigpAEMoKQBEKCkARSgpAEYoKQBHKCkASCgpAE
618=koKQBKKCkASygpAEwoKQBNKCkATigpAE8oKQBQKCkAUSgpAFIoKQBTKCkAVCgpAFUoKQBW
619=KCkAVygpAFhIAd1MWSgpAFooKQBbKCkAXCgpAF0oKwAnAGf9TCgoKQApKCkAKigpACsoKQ
620=AsKCkALSgpAC4oKQAvKCkAMCgpADEoKQAyKCkAMygpADQoKQA1KCkANigpADcoKQA4KCkA
621=OSgpADooKQA7KCkAPCgpAD0oKQA+KCkAPygpAEAoKQBBKCkAQigpAEMoKQBEKCkARSgpAE
622=YoKQBHKCkASCgpAEkoKQBKKCkASygpAEwoKQBNKCkATigpAE8oKQBQKCkAUSgpAFIoKQBT
623=KCkAVCgpAFUoKQBWKCkAV0gBxUpYKCkAWSgpAFooKQBbKCkAXCgrACgAaOVKKSgpACooKQ
624=ArKCkALCgpAC0oKQAuKCkALygpADAoKQAxKCkAMigpADMoKQA0KCkANSgpADYoKQA3KCkA
625=OCgpADkoKQA6KCkAOygpADwoKQA9KCkAPigpAD8oKQBAKCkAQSgpAEIoKQBDKCkARCgpAE
626=UoKQBGKCkARygpAEgoKQBJKCkASigpAEsoKQBMKCkATSgpAE4oKQBPKCkAUCgpAFEoKQBS
627=KCkAUygpAFQoKQBVKCkAVkgBzUdXKCkAWCgpAFkoKQBaKCkAWygoAAEpAGkAJX0xKigpAC
628=soKQAsKCkALSgpAC4oKQAvKCkAMCgpADEoKQAyKCkAMygpADQoKQA1KCkANigpADcoKQA4
629=KCkAOSgpADooKQA7KCkAPCgpAD0oKQA+KCkAPygpAEAoKQBBKCkAQigpAEMoKQBEKCkARS
630=gpAEYoKQBHKCkASCgpAEkoKQBKKCkASygpAEwoKQBNKCkATigpAE8oKQBQKCkAUSgpAFIo
631=KQBTKCkAVCgpAFVIAdVEVigpAFcoKQBYKCkAWSgpAFooKwAqAGr1RCsoKQAsKCkALSgpAC
632=4oKQAvKCkAMCgpADEoKQAyKCkAMygpADQoKQA1KCkANigpADcoKQA4KCkAOSgpADooKQA7
633=KCkAPCgpAD0oKQA+KCkAPygpAEAoKQBBKCkAQigpAEMoKQBEKCkARSgpAEYoKQBHKCkASC
634=gpAEkoKQBKKCkASygpAEwoKQBNKCkATigpAE8oKQBQKCkAUSgpAFIoKQBTKCkAVEgB3UFV
635=KCkAVigpAFcoKQBYKCkAWSgrACsAa/1BLCgpAC0oKQAuKCkALygpADAoKQAxKCkAMigpAD
636=MoKQA0KCkANSgpADYoKQA3KCkAOCgpADkoKQA6KCkAOygpADwoKQA9KCkAPigpAD8oKQBA
637=KCkAQSgpAEIoKQBDKCkARCgpAEUoKQBGKCkARygpAEgoKQBJKCkASigpAEsoKQBMKCkATS
638=gpAE4oKQBPKCkAUCgpAFEoKQBSKCkAU0gBxT9UKCkAVSgpAFYoKQBXKCkAWCgrACwAbOU/
639=LSgpAC4oKQAvKCkAMCgpADEoKQAyKCkAMygpADQoKQA1KCkANigpADcoKQA4KCkAOSgpAD
640=ooKQA7KCkAPCgpAD0oKQA+KCkAPygpAEAoKQBBKCkAQigpAEMoKQBEKCkARSgpAEYoKQBH
641=KCkASCgpAEkoKQBKKCkASygpAEwoKQBNKCkATigpAE8oKQBQKCkAUSgpAFJIAc08UygpAF
642=QoKQBVKCkAVigpAFcoKwAtAG3tPC4oKQAvKCkAMCgpADEoKQAyKCkAMygpADQoKQA1KCkA
643=NigpADcoKQA4KCkAOSgpADooKQA7KCkAPCgpAD0oKQA+KCkAPygpAEAoKQBBKCkAQigpAE
644=MoKQBEKCkARSgpAEYoKQBHKCkASCgpAEkoKQBKKCkASygpAEwoKQBNKCkATigpAE8oKQBQ
645=KCkAUUgB1TlSKCkAUygpAFQoKQBVKCkAVigrAC4AbvU5LygpADAoKQAxKCkAMigpADMoKQ
646=A0KCkANSgpADYoKQA3KCkAOCgpADkoKQA6KCkAOygpADwoKQA9KCkAPigpAD8oKQBAKCkA
647=QSgpAEIoKQBDKCkARCgpAEUoKQBGKCkARygpAEgoKQBJKCkASigpAEsoKQBMKCkATSgpAE
648=4oKQBPKCkAUEgB3TZRKCkAUigpAFMoKQBUKCkAVSgrAC8Ab/02MCgpADEoKQAyKCkAMygp
649=ADQoKQA1KCkANigpADcoKQA4KCkAOSgpADooKQA7KCkAPCgpAD0oKQA+KCkAPygpAEAoKQ
650=BBKCkAQigpAEMoKQBEKCkARSgpAEYoKQBHKCkASCgpAEkoKQBKKCkASygpAEwoKQBNKCkA
651=TigpAE9IAcU0UCgpAFEoKQBSKCkAUygpAFQoKwAwAHDlNDEoKQAyKCkAMygpADQoKQA1KC
652=kANigpADcoKQA4KCkAOSgpADooKQA7KCkAPCgpAD0oKQA+KCkAPygpAEAoKQBBKCkAQigp
653=AEMoKQBEKCkARSgpAEYoKQBHKCkASCgpAEkoKQBKKCkASygpAEwoKQBNKCkATkgBzTFPKC
654=kAUCgpAFEoKQBSKCkAUygrADEAce0xMigpADMoKQA0KCkANSgpADYoKQA3KCkAOCgpADko
655=KQA6KCkAOygpADwoKQA9KCkAPigpAD8oKQBAKCkAQSgpAEIoKQBDKCkARCgpAEUoKQBGKC
656=kARygpAEgoKQBJKCkASigpAEsoKQBMKCkATUgB1S5OKCkATygpAFAoKQBRKCkAUigrADIA
657=cvUuMygpADQoKQA1KCkANigpADcoKQA4KCkAOSgpADooKQA7KCkAPCgpAD0oKQA+KCkAPy
658=gpAEAoKQBBKCkAQigpAEMoKQBEKCkARSgpAEYoKQBHKCkASCgpAEkoKQBKKCkASygpAExI
659=Ad0rTSgpAE4oKQBPKCkAUCgpAFEoKwAzAHP9KzQoKQA1KCkANigpADcoKQA4KCkAOSgpAD
660=ooKQA7KCkAPCgpAD0oKQA+KCkAPygpAEAoKQBBKCkAQigpAEMoKQBEKCkARSgpAEYoKQBH
661=KCkASCgpAEkoKQBKKCkAS0gBxSlMKCkATSgpAE4oKQBPKCkAUCgrADQAdOUpNSgpADYoKQ
662=A3KCkAOCgpADkoKQA6KCkAOygpADwoKQA9KCkAPigpAD8oKQBAKCkAQSgpAEIoKQBDKCgA
663=CEQAdAD//wAAAAIAEQAAOQNLCAlFAHQA//8AAAACAEYoKQBHKCkASCgpAEkoKQBKSQEAYw
664=ACAEsoKQBMKCkATSgpAE4oKQBPKCgAAzUAdQD//0sIAgA2KCkANygpADgoKQA5KCkAOigp
665=ADsoKQA8KCkAPSgpAD4oKQA/KCkAQCgpAEEoKQBCKCkAQygpAEQoKQBFKCkARigpAEcoKQ
666=BIKCkASUgBRRsAUSpKKCkASygpAEwoKQBNKCkATigrADYAdvUjNygpADgoKQA5KCkAOigp
667=ADsoKQA8KCkAPSgpAD4oKQA/KCkAQCgpAEEoKQBCKCkAQygpAEQoKQBFKCkARigpAEcoKQ
668=BISAHdIEkoKQBKKCkASygpAEwoKQBNKCsANwB3/SA4KCkAOSgpADooKQA7KCkAPCgpAD0o
669=KQA+KCkAPygpAEAoKQBBKCkAQigpAEMoKQBEKCkARSgpAEYoKQBHSAHFHkgoKQBJKCkASi
670=gpAEsoKQBMKCsAOAB45R45KCkAOigpADsoKQA8KCkAPSgpAD4oKQA/KCkAQCgpAEEoKQBC
671=KCkAQygpAEQoKQBFKCkARkgBzRtHKCkASCgpAEkoKQBKKCkASygrADkAee0bOigpADsoKQ
672=A8KCkAPSgpAD4oKQA/KCkAQCgpAEEoKQBCKCkAQygpAEQoKQBFSAHVGEYoKQBHKCkASCgp
673=AEkoKQBKKCsAOgB69Rg7KCkAPCgpAD0oKQA+KCkAPygpAEAoKQBBKCkAQigpAEMoKQBESA
674=HdFUUoKQBGKCkARygpAEgoKQBJKCsAOwB7gAhVkTwoKQA9KCkAPigpAD8oKQBAKCkAQSgp
675=AEIoKQBDKCkARCgpAEUoKQBGKCkARygpAEgoKwA8AHzlEz0oKQA+KCkAPygpAEAoKQBBKC
676=kAQigpAEMoKQBEKCkARSgpAEYoKQBHKCsAPQB97RA+KCkAPygpAEAoKQBBKCkAQigpAEMo
677=KQBEKCkARSgpAEYoKwA+AH71DT8oKQBAKCkAQSgpAEIoKQBDKCkARCgpAEUoKwA/AH/9Ck
678=AoKQBBKCkAQigpAEMoKQBEKCsAQACA5QhBKCkAQigpAEMoKwBBAIHsBQhCAIEAAAAAAAAC
679=ABEAAA==

[Lighting]
Red=1.000000
Blue=1.000000
Green=1.000000
Level=0.032000
Ground=0.000000
IonRed=1.000000
Ambient=0.700000
IonBlue=1.000000
IonGreen=1.000000
IonLevel=0.032000
IonGround=0.000000
IonAmbient=1.000000

[Map]
Size=0,0,65,65
Theater=TEMPERATE
LocalSize=2,4,61,59

[Neutral]
IQ=5
Edge=North
Side=Neutral
Color=Grey
Allies=Neutral,Special
Credits=0
ActsLike=2
NodeCount=0
TechLevel=10
PercentBuilt=100
PlayerControl=no

[Nod]
IQ=5
Edge=North
Side=Nod
Color=DarkRed
Allies=Nod
Credits=0
ActsLike=1
NodeCount=0
TechLevel=10
PercentBuilt=100
PlayerControl=no

[OverlayDataPack]
1=BQAAIP4AIACABQAAIP4AIACABQAAIP4AIACABQAAIP4AIACAPQAAIP49DACBFf7/AQCBBf
2=7/BwAYAIIGCP4EAACCAgogB//zAU4U//wBPQ4eAP/8AUEYgSX/AwI+GIEB/r4BAIAiAAAg
3=/j0AAIEB/gQMAIEE/v8BAIEH/v8BAIEF//8DQw7+vgsAgAUAACD+ACAAgAUAACD+ACAAgA
4=UAACD+ACAAgAUAACD+ACAAgAUAACD+ACAAgAUAACD+ACAAgAUAACD+ACAAgAUAACD+ACAA
5=gAUAACD+ACAAgAUAACD+ACAAgAUAACD+ACAAgAUAACD+ACAAgAUAACD+ACAAgAUAACD+AC
6=AAgAUAACD+ACAAgAUAACD+ACAAgAUAACD+ACAAgAUAACD+ACAAgAUAACD+ACAAgAUAACD+
7=ACAAgAUAACD+ACAAgAUAACD+ACAAgAUAACD+ACAAgAUAACD+ACAAgAUAACD+ACAAgAUAAC
8=D+ACAAgA==

[OverlayPack]
1=BQAAIP4AIP+ABQAAIP4AIP+ABQAAIP4AIP+ABQAAIP4AIP+ATgAAIP4oAP+Brf4UDP+BAv
2=/qAz4Kga/+CAD/ga7+BgT/gav/CAI5CoIAAP4EAP/+AwAA//gBShT/AAJCFP4FAP+Bqv//
3=AUgY/wACRxj+uQH/gB8AACD+PQD/gQL+/QX/gaj+Bgb//wACPQD/AAZCDP6+C/+ABQAAIP
4=4AIP+ABQAAIP4AIP+ABQAAIP4AIP+ABQAAIP4AIP+ABQAAIP4AIP+ABQAAIP4AIP+ABQAA
5=IP4AIP+ABQAAIP4AIP+ABQAAIP4AIP+ABQAAIP4AIP+ABQAAIP4AIP+ABQAAIP4AIP+ABQ
6=AAIP4AIP+ABQAAIP4AIP+ABQAAIP4AIP+ABQAAIP4AIP+ABQAAIP4AIP+ABQAAIP4AIP+A
7=BQAAIP4AIP+ABQAAIP4AIP+ABQAAIP4AIP+ABQAAIP4AIP+ABQAAIP4AIP+ABQAAIP4AIP
8=+ABQAAIP4AIP+ABQAAIP4AIP+A

[ScriptTypes]
0=01000031
1=01000032
2=01000033

[Smudge]
0=BURNT03,69,76,0
1=BURNT05,63,73,0
2=BURNT10,63,84,0
3=CRATER02,70,76,0
4=CRATER09,70,71,0
5=CRATER10,65,83,0
6=CRATER09,41,71,0
7=CRATER06,46,66,0
8=BURNT05,41,69,0
9=BURNT09,48,73,0
10=BURNT05,44,67,0
11=CRATER12,43,70,0
12=CRATER05,45,75,0
13=CRATER04,44,76,0

[Special]
IQ=5
Edge=North
Side=Special
Color=Gold
Allies=Special,Neutral
Credits=0
ActsLike=3
NodeCount=0
TechLevel=10
PercentBuilt=100
PlayerControl=no

[SpecialFlags]
Inert=no
FogOfWar=no
IonStorms=no
MCVDeploy=no
Meteorites=no
Visceroids=yes
FixedAlliance=no
TiberiumGrows=yes
InitialVeteran=no
HarvesterImmune=no
TiberiumSpreads=yes
TiberiumExplosive=no
DestroyableBridges=yes

[Structures]
0=Nod,GAOLDCC1,66,44,64,64,None,1,0,1,0,0,None,None,None,0,0
1=Neutral,CACITY18,256,71,50,64,None,1,0,1,0,0,None,None,None,0,0
2=Special,GAPILE,256,66,76,64,None,1,0,1,0,0,None,None,None,0,0
3=Neutral,CACITY01,256,53,53,64,None,1,0,1,0,0,None,None,None,0,0
4=Neutral,CACITY15,256,58,62,64,None,1,0,1,0,0,None,None,None,0,0
5=Neutral,CACITY13,256,67,53,64,None,1,0,1,0,0,None,None,None,0,0
6=Neutral,CACITY06,256,68,65,64,None,1,0,1,0,0,None,None,None,0,0
7=Nod,GAOLDCC6,256,46,73,64,None,1,0,1,0,0,None,None,None,0,0
8=Neutral,CACITY12,256,65,41,64,None,1,0,1,0,0,None,None,None,0,0
9=Neutral,CACITY11,256,71,60,64,None,1,0,1,0,0,None,None,None,0,0
10=Neutral,CACITY16,256,53,62,64,None,1,0,1,0,0,None,None,None,0,0
11=Neutral,CACITY17,256,57,51,64,None,1,0,1,0,0,None,None,None,0,0
12=Special,GAVTUR,256,67,75,0,None,1,0,1,0,0,None,None,None,0,0
13=Neutral,CABOARD06,256,59,55,64,None,1,0,1,0,0,None,None,None,0,0
14=Neutral,INGALITE,256,43,70,64,None,1,0,1,0,0,None,None,None,0,0
15=Neutral,LAMP3,256,56,55,64,None,1,0,1,0,0,None,None,None,0,0
16=Neutral,HEDGEHOG1,256,64,71,64,None,1,0,1,0,0,None,None,None,0,0
17=Neutral,INREDLMP,256,68,82,64,None,1,0,1,0,0,None,None,None,0,0
18=Neutral,INBLULMP,256,64,57,64,None,1,0,1,0,0,None,None,None,0,0
19=Neutral,HEDGEHOG2,256,62,71,64,None,1,0,1,0,0,None,None,None,0,0
20=Special,GACNST,256,57,76,64,None,1,0,1,0,0,None,None,None,0,0
21=Special,GATECH,256,68,83,64,None,1,0,1,0,0,None,None,None,0,0
22=Neutral,HEDGEHOG2,256,61,81,64,None,1,0,1,0,0,None,None,None,0,0
23=Neutral,HEDGEHOG1,256,62,80,64,None,1,0,1,0,0,None,None,None,0,0
24=Neutral,HEDGEHOG1,256,65,82,64,None,1,0,1,0,0,None,None,None,0,0
25=Neutral,HEDGEHOG2,256,64,80,64,None,1,0,1,0,0,None,None,None,0,0
26=Neutral,LAMP1,256,59,59,64,None,1,0,1,0,0,None,None,None,0,0
28=Neutral,CACRSH02,256,69,70,64,None,1,0,1,0,0,None,None,None,0,0
29=Special,GASPOT,256,66,85,64,None,1,0,1,0,1,None,None,None,0,0
30=Special,GAPOWR,256,71,78,64,None,1,0,1,0,0,None,None,None,0,0
31=Neutral,CABARL1,256,66,79,64,None,1,0,1,0,0,None,None,None,0,0
32=Neutral,CABARL3,256,67,80,64,None,1,0,1,0,0,None,None,None,0,0
33=Neutral,CABARL1,256,69,81,64,None,1,0,1,0,0,None,None,None,0,0
35=Neutral,CACITY18,256,74,83,64,None,1,0,1,0,0,None,None,None,0,0
36=Neutral,CACITY07,256,70,88,64,None,1,0,1,0,0,None,None,None,0,0
37=Neutral,CABOARD12,256,60,77,64,None,1,0,1,0,0,None,None,None,0,0
38=Neutral,LAMP4,256,66,61,64,None,1,0,1,0,0,None,None,None,0,0
41=Neutral,LAMP4,256,66,65,64,None,1,0,1,0,0,None,None,None,0,0
42=Neutral,LAMP2,256,62,61,64,None,1,0,1,0,0,None,None,None,0,0
43=Neutral,LAMP2,256,62,54,64,None,1,0,1,0,0,None,None,None,0,0
44=Neutral,LAMP2,256,62,50,64,None,1,0,1,0,0,None,None,None,0,0
45=Neutral,LAMP4,256,66,50,64,None,1,0,1,0,0,None,None,None,0,0
46=Neutral,LAMP1,256,68,59,64,None,1,0,1,0,0,None,None,None,0,0
47=Nod,GAOLDCC5,256,42,66,64,None,1,0,1,0,0,None,None,None,0,0
48=Nod,GAOLDCC4,69,43,73,64,None,1,0,1,0,0,None,None,None,0,0
49=Neutral,CACRSH01,256,43,68,64,None,1,0,1,0,0,None,None,None,0,0
50=Nod,GAOLDCC2,84,40,69,64,None,1,0,1,0,0,None,None,None,0,0
51=Special,GAGATE_B,256,61,72,64,None,1,0,1,0,0,None,None,None,0,0
53=Special,GAWEAP,256,56,70,64,None,1,0,1,0,0,None,None,None,0,0

[Tags]
01000001=0,Lock 1,01000000
01000003=0,text 6 1,01000002
01000005=0,Text 7 1,01000004
01000007=0,Music 1,01000006
01000009=0,text 8 1,01000008
01000011=0,Text 1 1,01000010
01000013=0,Text 2 and Reveal 1 1,01000012
01000015=0,Text 3 1,01000014
01000017=0,Text 4 1,01000016
01000019=0,text 5 and Reveal 2 1,01000018
01000021=0,text 9 and reveal 3 1,01000020
01000023=0,text 10 1,01000022
01000025=0,text 11 1,01000024
01000027=0,end 1,01000026
01000038=0,Create Bus 1,01000037
01000040=0,Create Van 1,01000039
01000042=0,Create Soldiers 1,01000041

[TaskForces]
0=01000028
1=01000029
2=01000030

[TeamTypes]
0=01000034
1=01000035
2=01000036

[Terrain]
60042=TREE01
61037=TREE04
61046=TREE04
62044=TREE10
64041=TREE08
64046=TREE09
65035=TREE10
65038=TREE11
66037=TREE01
67037=TREE03
68036=TREE02
68041=TREE24
68046=TREE22
70039=TREE05
71035=TREE08
71037=TREE04
72047=TREE25
73038=TREE10
74037=TREE01
74041=TREE06
75038=TREE02
76040=TREE08
77041=TREE04
77048=TREE05
78046=TREE12
79042=TREE10
79044=TREE01

[Triggers]
01000000=GDI,<none>,Lock,0,1,1,1,0
01000002=GDI,<none>,text 6,0,1,1,1,0
01000004=GDI,<none>,Text 7,0,1,1,1,0
01000006=GDI,<none>,Music,0,1,1,1,0
01000008=GDI,<none>,text 8,0,1,1,1,0
01000010=GDI,<none>,Text 1,0,1,1,1,0
01000012=GDI,<none>,Text 2 and Reveal 1,0,1,1,1,0
01000014=GDI,<none>,Text 3,0,1,1,1,0
01000016=GDI,<none>,Text 4,0,1,1,1,0
01000018=GDI,<none>,text 5 and Reveal 2,0,1,1,1,0
01000020=GDI,<none>,text 9 and reveal 3,0,1,1,1,0
01000022=GDI,<none>,text 10,0,1,1,1,0
01000024=GDI,<none>,text 11,0,1,1,1,0
01000026=GDI,<none>,end,0,1,1,1,0
01000037=Special,<none>,Create Bus,1,1,1,1,0
01000039=Special,<none>,Create Van,1,1,1,1,0
01000041=Special,<none>,Create Soldiers,1,1,1,1,0

[Units]
0=Special,BADGER,256,61,83,32,Guard,None,0,-1,0,-1,1,0
1=Neutral,TRUCKA,256,71,62,128,Guard,None,0,-1,0,-1,1,0
2=Neutral,LUXRED,256,56,59,64,Guard,None,0,-1,0,-1,1,0
3=Neutral,LUXYELLOW,256,61,52,0,Guard,None,0,-1,0,-1,1,0
4=Neutral,LUXBLACK,256,68,61,128,Guard,None,0,-1,0,-1,1,0
5=Neutral,PICKBLACK,256,67,63,0,Guard,None,0,-1,0,-1,1,0
6=Neutral,PICKBLUE,256,68,60,0,Guard,None,0,-1,0,-1,1,0
7=Neutral,TREXYELLOW,256,67,61,128,Guard,None,0,-1,0,-1,1,0
8=Neutral,TREXRED,256,62,53,128,Guard,None,0,-1,0,-1,1,0
9=Neutral,FVBLUE,256,55,60,64,Guard,None,0,-1,0,-1,1,0
10=Neutral,TAXI,256,68,63,0,Guard,None,0,-1,0,-1,1,0
11=Neutral,WINI,256,60,60,64,Guard,None,0,-1,0,-1,1,0
14=Neutral,TRUCKB,256,60,48,64,Guard,None,0,-1,0,-1,1,0

[Waypoints]
0=70045
1=58065
2=80066
3=47063
4=67063
5=58053
6=58062
7=55065
8=73076
9=73063
10=89063
11=47065
12=55063
98=68060
99=69060



[Digest]
1=N4RmbMGAYeVaOTgDE/KD5hpTAAk=

