; Map created with FinalSun Mission Editor
; www.wagnerma.de (german+english homepage of author), finalsun.wagnerma.de (finalsun homepage, german+english), www.theonliner.de (german homepage of FRG)
; note that all comments were truncated

[CA0009]
Strength=800

[E1]
Cost=450

[GALAMP]
TechLevel=1
AlphaImage=alpha_blamp
AIBuildThis=yes
LightRedTint=0.6
LightBlueTint=0.1
LightGreenTint=0.5
LightIntensity=0.28
LightVisibility=4100

[GALITE]
LightRedTint=0.3
LightBlueTint=0.2
LightGreenTint=0.3
LightIntensity=0.35

[INGALITE]
LightRedTint=0.1
LightBlueTint=0.1
LightGreenTint=0.1
LightIntensity=0.1
LightVisibility=4500

[INGRNLMP]
LightRedTint=0.1
LightBlueTint=0.01
LightGreenTint=0.7
LightIntensity=0.1
LightVisibility=2100

[INPURPLAMP]
LightRedTint=0.35
LightBlueTint=0.4
LightGreenTint=0.01
LightIntensity=0.1
LightVisibility=4000

[INREDLMP]
LightRedTint=0.5
LightBlueTint=0.01
LightGreenTint=0.01
LightIntensity=0.1
LightVisibility=4000

[INYELWLAMP]
LightRedTint=0.45
LightBlueTint=0.01
LightGreenTint=0.35
LightIntensity=0.01
LightVisibility=4000

[DRUDGE]
Sight=0
Primary=Minigun
TiberiumHeal=no
TiberiumProof=no

[SPECTRE]
Sight=0
TiberiumHeal=no
TiberiumProof=no

[BRUTE]
Sight=0
TiberiumHeal=no
TiberiumProof=no

[MUTANTCHIEF]
Sight=0

[MutantCannon]
Range=10
Damage=50

[NEGLAMP]
LightRedTint=0.03
LightBlueTint=0.04
LightGreenTint=0.04
LightIntensity=-0.05

[NEGRED]
LightRedTint=0.15
LightBlueTint=0.04
LightGreenTint=0.04
LightIntensity=-0.04

[P90]
Damage=65

[TSTLAMP]
LightRedTint=0.5
LightBlueTint=0.1
LightGreenTint=0.4
LightIntensity=0.1
LightVisibility=2100

[VEGA]
Name=Joseph
;Image=COMMANDO
Primary=P90
Secondary=None


[Preview]

[PreviewPack]

[01000004]
0=1,VEGA
Name=Vega Team
Group=-1

[01000005]
0=3,1
1=3,2
2=3,3
3=3,4
4=5,120
5=3,5
6=3,6
7=3,7
8=3,8
9=0,4
10=5,30
11=3,6
12=3,5
13=3,4
14=5,80
15=3,3
16=3,0
17=37,0
Name=Vega Script 1

[01000006]
Max=5
Tag=01000055
Full=yes
Name=Vega Team
Group=-1
House=GDI
Script=01000005
Whiner=no
Droppod=no
Suicide=no
Loadable=no
Prebuild=no
Priority=5
Waypoint=A
Annoyance=no
IonImmune=no
Recruiter=no
Reinforce=no
TaskForce=01000004
TechLevel=0
Aggressive=no
Autocreate=yes
GuardSlower=no
OnTransOnly=no
AvoidThreats=no
LooseRecruit=no
VeteranLevel=1
IsBaseDefense=no
OnlyTargetHouseEnemy=no
TransportsReturnOnUnload=no
AreTeamMembersRecruitable=no

[01000011]
0=2,E1
Name=Vegas Men
Group=-1

[01000012]
Max=5
Full=yes
Name=Vegas Men Team
Group=-1
House=GDI
Script=01000013
Whiner=no
Droppod=no
Suicide=no
Loadable=no
Prebuild=no
Priority=5
Waypoint=A
Annoyance=no
IonImmune=no
Recruiter=no
Reinforce=no
TaskForce=01000011
TechLevel=0
Aggressive=no
Autocreate=yes
GuardSlower=no
OnTransOnly=no
AvoidThreats=no
LooseRecruit=no
VeteranLevel=1
IsBaseDefense=no
OnlyTargetHouseEnemy=no
TransportsReturnOnUnload=no
AreTeamMembersRecruitable=no

[01000013]
0=3,1
1=3,2
2=3,3
3=3,9
4=5,122
5=3,5
6=3,6
7=3,7
8=3,11
9=0,4
10=5,32
11=3,6
12=3,5
13=3,9
14=5,85
15=3,3
16=3,0
17=37,0
Name=Vega Men Script

[01000030]
0=1,DRUDGE
Name=Mutant
Group=-1

[01000031]
0=5,100
1=3,5
2=3,10
3=5,100
4=37,0
Name=Mutant Script

[01000032]
Max=5
Full=yes
Name=Mutant
Group=-1
House=Mutant
Script=01000031
Whiner=no
Droppod=no
Suicide=no
Loadable=no
Prebuild=no
Priority=5
Waypoint=G
Annoyance=no
IonImmune=no
Recruiter=no
Reinforce=no
TaskForce=01000030
TechLevel=0
Aggressive=no
Autocreate=yes
GuardSlower=no
OnTransOnly=no
AvoidThreats=no
LooseRecruit=no
VeteranLevel=1
IsBaseDefense=no
OnlyTargetHouseEnemy=no
TransportsReturnOnUnload=no
AreTeamMembersRecruitable=no

[01000044]
0=1,INITIATE
Name=Nod Soldier
Group=-1

[01000045]
0=5,50
Name=Guard

[01000046]
Max=5
Full=yes
Name=Nod Soldier Team
Group=-1
House=Nod
Script=01000045
Whiner=no
Droppod=no
Suicide=no
Loadable=no
Prebuild=no
Priority=5
Waypoint=J
Annoyance=no
IonImmune=no
Recruiter=no
Reinforce=no
TaskForce=01000044
TechLevel=0
Aggressive=no
Autocreate=yes
GuardSlower=no
OnTransOnly=no
AvoidThreats=no
LooseRecruit=no
VeteranLevel=1
IsBaseDefense=no
OnlyTargetHouseEnemy=no
TransportsReturnOnUnload=no
AreTeamMembersRecruitable=no

[AITriggerTypesEnable]
041CFAE0-G=yes
074AC080-G=yes
074ADF20-G=yes
074B3330-G=yes
075A52F0-G=yes
075A53F0-G=yes
075A5EC0-G=yes
07CC6030-G=yes
07CC6140-G=yes
07CC6250-G=yes
07CC6360-G=yes
07CC6470-G=yes
07CC6580-G=yes
07CC66F0-G=yes
07CC6800-G=yes
07CC6AD0-G=yes
07CC6BE0-G=yes
07CC6CF0-G=yes
07CC6E00-G=yes
07CC6F10-G=yes
07CC7690-G=yes
07CC77A0-G=yes
07CC78B0-G=yes
07CC79C0-G=yes
07CC7AD0-G=yes
07CC7BE0-G=yes
07CC7CF0-G=yes
07CC7E00-G=yes
07CC7F10-G=yes
07CDB770-G=yes
07D5E8A0-G=yes
07D70470-G=yes
07D70D20-G=yes
07E30560-G=yes
07E30660-G=yes
07E57AE0-G=yes
07E8B210-G=yes
07E8B310-G=yes
07E8B410-G=yes
07E8BB50-G=yes
07E8BC50-G=yes
07E8BD50-G=yes
07E8BE50-G=yes
07E8C9B0-G=yes
07E8CAB0-G=yes
07E8CBB0-G=yes
07E8CCB0-G=yes
07EA53C0-G=yes
07EA54C0-G=yes
07ECC040-G=yes
07ECC2E0-G=yes
07ECC580-G=yes
07ECC820-G=yes
07EF8A30-G=yes
07EF8B30-G=yes
07F232E0-G=yes
07F26720-G=yes
07F3D830-G=yes
07F3EC20-G=yes
07F3EE20-G=yes
07F3EF20-G=yes
07FC4E50-G=yes
07FC5110-G=yes
07FC53B0-G=yes
07FC5650-G=yes
080AB180-G=yes
080C70E0-G=yes
080C71E0-G=yes
080CF120-G=yes
080CF220-G=yes
080D0120-G=yes
080D0220-G=yes
080D0320-G=yes
080D0420-G=yes
080D0520-G=yes
080D0620-G=yes
080D0720-G=yes
080D0820-G=yes
080D0920-G=yes
080D0A20-G=yes
080D0B20-G=yes
080D0C20-G=yes
080D1120-G=yes
080D1220-G=yes
080D1320-G=yes
080D1420-G=yes
080D1520-G=yes
080D1620-G=yes
080D1720-G=yes
080D1820-G=yes
080D1920-G=yes
080D1A20-G=yes
080D1C20-G=yes
080D1D20-G=yes
080D1E20-G=yes
080D1F20-G=yes
080D2120-G=yes
080D2220-G=yes
080D2320-G=yes
080D2420-G=yes
080D2520-G=yes
080D2620-G=yes
080D2720-G=yes
080D2820-G=yes
080D2920-G=yes
080D2C20-G=yes
080D2D20-G=yes
080D2E20-G=yes
080D2F20-G=yes
080D3520-G=yes
080D3620-G=yes
080D3720-G=yes
080D3920-G=yes
080D3A20-G=yes
080D3B20-G=yes
080D3C20-G=yes
080D3D20-G=yes
080D3E20-G=yes
080D3F20-G=yes
080D4120-G=yes
080D4220-G=yes
080D4320-G=yes
080D4420-G=yes
080D4520-G=yes
080D4620-G=yes
080D4720-G=yes
080D4820-G=yes
080D4D20-G=yes
080D4E20-G=yes
080D4F20-G=yes
080D5120-G=yes
080D5220-G=yes
080D5320-G=yes
080D5420-G=yes
080D5520-G=yes
080D5620-G=yes
080D5720-G=yes
080D5820-G=yes
080D5920-G=yes
080D5A20-G=yes
080D5B20-G=yes
080D5C20-G=yes
080D5D20-G=yes
080D5E20-G=yes
080D5F20-G=yes
080D6120-G=yes
080D6220-G=yes
080D6320-G=yes
080D6420-G=yes
080D6520-G=yes
080D6620-G=yes
080D6720-G=yes
080D6820-G=yes
080D6920-G=yes
080D6A20-G=yes
080D6B20-G=yes
080D6C20-G=yes
080D6D20-G=yes
080D6E20-G=yes
080D6F20-G=yes
080D7620-G=yes
080D7720-G=yes
080D7820-G=yes
080D7D20-G=yes
080D7E20-G=yes
080D7F20-G=yes
080D8620-G=yes
080D8920-G=yes
080D9320-G=yes
080D9420-G=yes
080D9520-G=yes
080DA220-G=yes
080DA320-G=yes
080DA820-G=yes
080DA920-G=yes
080DAE20-G=yes
080DAF20-G=yes
080DBB20-G=yes
080DBC20-G=yes
080DDBE0-G=yes
080DF140-G=yes
080E2360-G=yes
080E8920-G=yes
080E8A20-G=yes
080E8B20-G=yes
080E8C20-G=yes
080E8D20-G=yes
080E8E20-G=yes
080E8F20-G=yes
080F9470-G=yes
080FB470-G=yes
08440550-G=yes
08440650-G=yes
08440750-G=yes
08440850-G=yes
08440950-G=yes
08440AE0-G=yes
084712B0-G=yes
08471C20-G=yes
08472A20-G=yes
08472B20-G=yes
08472C20-G=yes
08472D20-G=yes
08472E20-G=yes
08472F20-G=yes
084756C0-G=yes
084EF620-G=yes
084EF720-G=yes
084EF820-G=yes
084EF920-G=yes
084EFA20-G=yes
084EFB20-G=yes
084EFC20-G=yes
084EFF20-G=yes
084F0A20-G=yes
084F0B20-G=yes
084F4130-G=yes
084F4230-G=yes
084F7D20-G=yes
08500120-G=yes
08507720-G=yes
085696F0-G=yes
0856AD20-G=yes
0856AF20-G=yes
085940B0-G=yes
085944D0-G=yes
085945B0-G=yes
085945D0-G=yes
085946B0-G=yes
085947B0-G=yes
085948B0-G=yes
085949B0-G=yes
08594AB0-G=yes
08595620-G=yes
08595720-G=yes
08595E20-G=yes
08595F20-G=yes
08596050-G=yes
08596350-G=yes
08596450-G=yes
08596550-G=yes
08596650-G=yes
08596750-G=yes
08596850-G=yes
08596B20-G=yes
08596C20-G=yes
08596D20-G=yes
08597420-G=yes
08597520-G=yes
08597720-G=yes
08597820-G=yes
08597920-G=yes
08597A20-G=yes
08597B20-G=yes
08597C20-G=yes
08597D20-G=yes
08597E20-G=yes
085980D0-G=yes
085981D0-G=yes
085982D0-G=yes
085983D0-G=yes
085984D0-G=yes
085985D0-G=yes
085986D0-G=yes
085987D0-G=yes
085988D0-G=yes
08598A20-G=yes
08598B20-G=yes
08598C20-G=yes
08598D20-G=yes
08598E20-G=yes
08598F20-G=yes
08599F20-G=yes
0859A060-G=yes
0859A160-G=yes
0859A820-G=yes
0859AB20-G=yes
0859B030-G=yes
0859B130-G=yes
0859B330-G=yes
0859B430-G=yes
0859B630-G=yes
0859B930-G=yes
0859BA30-G=yes
0859BB30-G=yes
0859BD20-G=yes
0859BE20-G=yes
0859BF20-G=yes
0859C0E0-G=yes
0859C1E0-G=yes
0859C2E0-G=yes
0859C3E0-G=yes
0859C720-G=yes
0859C820-G=yes
0859C920-G=yes
0859CA20-G=yes
0859CB20-G=yes
0859CC20-G=yes
0859CD20-G=yes
0859CE20-G=yes
0859CF20-G=yes
0859D2C0-G=yes
0859DE20-G=yes
0859DF20-G=yes
0859E070-G=yes
0859E170-G=yes
0859E270-G=yes
0859ED20-G=yes
0859F140-G=yes
0859F240-G=yes
0859F340-G=yes
0859F440-G=yes
0859F540-G=yes
0859F640-G=yes
0859F740-G=yes
0859F840-G=yes
0859F940-G=yes
0859FD20-G=yes
0859FE20-G=yes
0859FF20-G=yes
085A0320-G=yes
085A0420-G=yes
085A0D20-G=yes
085A0E20-G=yes
085A0F20-G=yes
085A10A0-G=yes
085A11A0-G=yes
085A12A0-G=yes
085A13A0-G=yes
085A17F0-G=yes
085A18F0-G=yes
085A1BF0-G=yes
085A1D20-G=yes
085A1E20-G=yes
085A1F20-G=yes
085A20A0-G=yes
085A21A0-G=yes
085A22A0-G=yes
085A23A0-G=yes
085A24A0-G=yes
085A25A0-G=yes
085A26A0-G=yes
085A2A20-G=yes
085A2B20-G=yes
085A2C20-G=yes
085A30B0-G=yes
085A31B0-G=yes
085A32B0-G=yes
085A3480-G=yes
085A3580-G=yes
085A3680-G=yes
085A3780-G=yes
085A3880-G=yes
085A3B80-G=yes
085A3D20-G=yes
085A3E20-G=yes
085A3F20-G=yes
085A4230-G=yes
085A4430-G=yes
085A4530-G=yes
085A4630-G=yes
085A4730-G=yes
085A4C20-G=yes
085A4D20-G=yes
085A4E20-G=yes
085A4F20-G=yes
085A5320-G=yes
085A5420-G=yes
085A5520-G=yes
085A5A20-G=yes
085A5B20-G=yes
085A5C20-G=yes
085A5D20-G=yes
08821CF0-G=yes
08821E00-G=yes
08821F10-G=yes
08823520-G=yes
08823630-G=yes
08823740-G=yes
08823F10-G=yes
08850F10-G=yes
08860AF0-G=yes
08860C00-G=yes
08860D10-G=yes
08B80660-G=yes
08B80760-G=yes
08BBC3E0-G=yes
08BBC4E0-G=yes
08BBCA80-G=yes
08BBCB80-G=yes
08BBCE20-G=yes
08BBCF20-G=yes
08BBE8C0-G=yes
08BBE9C0-G=yes
090EFB90-G=yes
090EFC90-G=yes
090F8D20-G=yes
090F8E20-G=yes
090F8F20-G=yes
090F9350-G=yes
090FA500-G=yes
090FA600-G=yes
090FA700-G=yes
090FC820-G=yes
090FD760-G=yes
090FD860-G=yes
090FD960-G=yes
090FDA60-G=yes
090FDB60-G=yes
090FDE20-G=yes
090FDF20-G=yes
091001C0-G=yes
091002C0-G=yes
09100F20-G=yes
09101470-G=yes
09101920-G=yes
09101A20-G=yes
09101B20-G=yes
09101D20-G=yes
09101F20-G=yes
09102140-G=yes
09102240-G=yes
09102C20-G=yes
09103A20-G=yes
09103B20-G=yes
09103C20-G=yes
09103F20-G=yes
0914DE20-G=yes
091F4720-G=yes
0930A240-G=yes
0930BDC0-G=yes
096E8480-G=yes
096E8580-G=yes
096E8880-G=yes
09798200-G=yes
097985A0-G=yes
09799C80-G=yes
09799F20-G=yes
09A92A20-G=yes
09EEBCD0-G=yes
09EF4430-G=yes
09EF4530-G=yes
09F2E320-G=yes
09F2E520-G=yes
09F2E920-G=yes
09F2EA20-G=yes
09F2EB20-G=yes
09F30210-G=yes
09F30310-G=yes
09F30410-G=yes
09F30510-G=yes
0A70E220-G=yes
0A70E330-G=yes
0A70E440-G=yes
0A70F040-G=yes
0A70F310-G=yes
0A70F420-G=yes
0A70F530-G=yes
0A70F800-G=yes
0A70F910-G=yes
0A70FA20-G=yes
0A70FCF0-G=yes
0A70FE00-G=yes
0A70FF10-G=yes
0AA34260-G=yes
0AA34360-G=yes
0AA34800-G=yes
0AA34900-G=yes
0AA34BA0-G=yes
0AA34CA0-G=yes
0AA35070-G=yes
0AA35980-G=yes
0AA35E20-G=yes
0AA35F20-G=yes
0AA36C80-G=yes
0AA36D80-G=yes
0AA4F100-G=yes
0AA50F20-G=yes
0AAC5B20-G=yes
0AF3EF10-G=yes

[Actions]
01000000=1,16,0,0,0,0,0,0,A
01000002=1,73,0,65,0,0,0,0,A
01000007=1,80,1,01000006,0,0,0,0,A
01000009=3,53,2,01000047,0,0,0,0,A,53,2,01000042,0,0,0,0,A,53,2,01000039,0,0,0,0,A
01000014=1,46,0,0,0,0,0,0,A
01000016=2,80,1,01000012,0,0,0,0,A,80,1,01000032,0,0,0,0,G
01000018=8,17,0,4,0,0,0,0,A,53,2,01000020,0,0,0,0,A,53,2,01000024,0,0,0,0,A,53,2,01000026,0,0,0,0,A,53,2,01000028,0,0,0,0,A,53,2,01000033,0,0,0,0,A,53,2,01000035,0,0,0,0,A,53,2,01000037,0,0,0,0,A
01000020=1,11,0,20,0,0,0,0,A
01000022=1,48,0,0.5,0,0,0,0,E
01000024=1,11,0,21,0,0,0,0,A
01000026=1,11,0,22,0,0,0,0,A
01000028=1,11,0,23,0,0,0,0,A
01000033=1,11,0,24,0,0,0,0,A
01000035=1,11,0,25,0,0,0,0,A
01000037=2,11,0,26,0,0,0,0,A,48,0,0.5,0,0,0,0,I
01000039=3,11,0,28,0,0,0,0,A,48,0,0.5,0,0,0,0,E,53,2,01000054,0,0,0,0,A
01000041=1,11,0,29,0,0,0,0,A
01000042=7,80,1,01000046,0,0,0,0,O,80,1,01000046,0,0,0,0,M,80,1,01000046,0,0,0,0,N,80,1,01000046,0,0,0,0,P,63,0,16,0,0,0,0,H,63,0,17,0,0,0,0,A,63,0,18,0,0,0,0,A
01000047=1,11,0,27,0,0,0,0,A
01000050=1,11,0,30,0,0,0,0,A
01000052=1,11,0,31,0,0,0,0,A
01000054=9,53,2,01000041,0,0,0,0,A,53,2,01000050,0,0,0,0,A,53,2,01000052,0,0,0,0,A,53,2,01000056,0,0,0,0,A,53,2,01000058,0,0,0,0,A,53,2,01000060,0,0,0,0,A,53,2,01000062,0,0,0,0,A,53,2,01000064,0,0,0,0,A,53,2,01000066,0,0,0,0,A
01000056=1,11,0,32,0,0,0,0,A
01000058=1,73,0,0,0,0,0,0,A
01000060=1,11,0,33,0,0,0,0,A
01000062=2,11,0,34,0,0,0,0,A,51,0,0,0,0,0,0,A
01000064=1,1,0,0,0,0,0,0,A
01000066=2,11,0,35,0,0,0,0,A,51,0,0,0,0,0,0,A
01000068=1,20,0,2,0,0,0,0,A
01000070=1,17,0,19,0,0,0,0,A

[Basic]
Name=Cinematic - The Beginning
Player=GDI
Percent=0
GameMode=Custom Map
HomeCell=98
InitTime=10000
Official=yes
EndOfGame=yes
FreeRadar=no
MaxPlayer=8
MinPlayer=2
SkipScore=yes
TrainCrate=no
TruckCrate=no
AltHomeCell=99
OneTimeOnly=no
CarryOverCap=0
NewINIFormat=4
NextScenario=
SkipMapSelect=yes
CarryOverMoney=0.000000
AltNextScenario=
MultiplayerOnly=0
IceGrowthEnabled=yes
VeinGrowthEnabled=yes
TiberiumGrowthEnabled=yes
IgnoreGlobalAITriggers=no
TiberiumDeathToVisceroid=no

[Briefing]
1=- Солнце восходит над новым поколением как шрамы прошлого над страницами истории. -
; - The sun rises upon a new generation as the scars of the past fade into the pages of history. -

[Events]
01000000=1,13,0,0
01000002=1,13,0,10
01000007=1,13,0,10
01000009=1,9,0,1
01000014=1,13,0,0
01000016=1,13,0,13
01000018=1,4,0,0
01000020=1,13,0,10
01000022=1,13,0,20
01000024=1,13,0,30
01000026=1,13,0,50
01000028=1,13,0,70
01000033=1,13,0,90
01000035=1,13,0,110
01000037=1,13,0,130
01000039=1,13,0,25
01000041=1,13,0,10
01000042=1,13,0,15
01000047=1,13,0,5
01000050=1,13,0,30
01000052=1,13,0,50
01000054=1,34,0,4
01000056=1,13,0,60
01000058=1,13,0,105
01000060=1,13,0,80
01000062=1,13,0,120
01000064=1,13,0,170
01000066=1,13,0,140
01000068=1,8,0,0
01000070=1,4,0,0

[GDI]
IQ=0
Edge=South
Side=GDI
Color=Gold
Allies=GDI,Neutral,Mutant
Credits=0
ActsLike=0
NodeCount=0
TechLevel=2
PercentBuilt=0
PlayerControl=yes

[GDILand]
IQ=0
Edge=West
Side=GDI
Color=Gold
Allies=GDILand,GDI
Credits=0
ActsLike=0
NodeCount=0
TechLevel=10
PercentBuilt=100
PlayerControl=no

[GDINaval]
IQ=0
Edge=West
Side=GDI
Color=Gold
Allies=GDINaval,GDI
Credits=0
ActsLike=0
NodeCount=0
TechLevel=10
PercentBuilt=100
PlayerControl=no

[Houses]
0=GDI
1=Nod
2=OCN
3=Neutral
4=Special
5=GDILand
6=GDINaval
7=NodLand
8=NodNaval
9=OCNLand
10=OCNNaval
11=Mutant

[OCN]
IQ=5
Edge=North
Side=OCN
Color=DarkGreen
Allies=OCN
Credits=0
ActsLike=0
NodeCount=0
TechLevel=10
PercentBuilt=100
PlayerControl=no

[OCNLand]
IQ=5
Edge=North
Side=OCN
Color=DarkGreen
Allies=OCN
Credits=0
ActsLike=0
NodeCount=0
TechLevel=10
PercentBuilt=100
PlayerControl=no

[OCNNaval]
IQ=5
Edge=North
Side=OCN
Color=DarkGreen
Allies=OCN
Credits=0
ActsLike=0
NodeCount=0
TechLevel=10
PercentBuilt=100
PlayerControl=no

[Infantry]
0=Nod,INITIATE,256,39,70,0,Area Guard,64,01000071,0,-1,0,1,0
1=Nod,INITIATE,256,41,61,0,Area Guard,64,01000071,0,-1,0,1,0
2=Nod,INITIATE,256,44,75,0,Area Guard,64,01000071,0,-1,0,1,0
3=Mutant,CIV6,256,71,52,1,Guard,64,None,0,-1,0,1,0
4=Mutant,DRUDGE,256,73,50,1,Guard,64,None,0,-1,0,1,0
5=Mutant,MUTANTCHIEF,256,64,43,0,Guard,96,None,0,-1,0,1,0
6=Mutant,DRUDGE,256,68,41,1,Area Guard,64,None,0,-1,0,1,0
7=Mutant,DRUDGE,256,63,46,1,Area Guard,64,None,0,-1,0,1,0
8=Mutant,SPECTRE,256,60,38,0,Guard,64,None,0,-1,0,1,0

[IsoMapPack5]
1=KxAAIA48AAEA//8AAAAEADsAAgAsAEMABAA8SQEpRAFVAj0oKAABOgADANUCO0kBMKEEPE
2=gBZAEBAAUAPSgpAD4oKQA5VAjBBDooKQA7KCkAPCgpAD0oKQA+KCkAPygpADhYDMEPOUgB
3=J10BBYQBRQI7TACNAQVUGCdVAD0oVQA+KCkAPygpAEAoKAACNwAGAChrCAQAOEgBZAFRAz
4=koKQA6KCkAOygpADwoKQA9KCkAPigpAD9IAZ8rBQBASAGHKQUAQSgrADYAB+EwN0gB2Rw4
5=SAEnDAIBBwB8AlMBBQA6VQJ2qQE7SAFNAgBRFDwoKQA9KCkAPkgBwQ8/SAGcCm0QB5QGXQ
6=9BVAKPAQYAQkkBKmwBAgUANQAIYQEAUS82SAHJIjdIAZkCBVQjwwQFADlVAnu5ETpJAXKp
7=ATtJAXSpATxIAd0VPUgBxQg+SAGfCgUAP0gBlQIGVCPdCgZUIycpAEJABMUTQ0gBjAUCBQ
8=A0AAntUjUoKQA2SAGbHAQAN0gBzQU4KCkAOUkBf6UTOkgBJ74CCQDJATxVAnWhBD1IAcUI
9=PkgBJ70CCZACWSdAVAKYMn4VCQCYHGYpCQAnvALPBQUAREwFnAYDBQAzAAoA0RQ0SAHVAj
10=UoKQA2KCkANygpADgoKQA5KCkAOkgBwTA7SAEnFwMKAHn1GAqEDFVEPkEEL3ABdS4KXBBM
11=AX5BCgCIInQY2AZ1GAooFAMnBQFERAiHHgUARUgBzzwyAAtECUgAbBsnKQA0KFUANSgpAD
12=YoKQA3KCkAOCgpADlIAckMOkgBwRo7SAHZMjxIAUwNeV49KCkAPigpAD9IAdkcQEkBM3AF
13=fG3EE28bCwAxtQJDQQQtqQFESAHFKUVIAcEPRkgBww8xAAxkBWEPMigpADMoKQA0KCkANS
14=gpADYoKQA3KCkAOEgB2Rw5SAHVDTooKQA7KCkAPEgByS09KCkAPkgBiE50OSdlAkBUAsVV
15=QUgBgBZkHsMEBgBDVALZU0RIAYQ/dTkM5WBGVALZEUdIAcsMMAANjAlZSDEoKQAyKCkAM0
16=gBwRo0SAHZBjVIAZ8GBQA2KCkANygpADhIAc0QOUgBwQ86KCkAOygpADxJAXf1Wg39FT5U
17=AsU0P0gB1Q1ASAEnHATIF3wgJykAQ0AEJxwE1AJ+IA0A0UBGQATZEUcoKQBISAHPGy8ADv
18=14MEgBwQ8xSAHdIDJIAd02M0gB0Qk0SAHNczVIAdkGNigpADcoKQA4KCkAOUgBwSU6SAHd
19=IDtIAdEfPEgB0Qk9SAHVGD5IAcEEP0gBwQRASAHJZEFJASt5AgVOwA4AyQFDVQIutQJESA
20=FkAUU/RUgB3QpGSAHBGkcoKQBISAHNG0lIAdsGLgAP4esvSAHVAjAoKQAxSAHNGzJIAc0b
21=M0gB0Qk0SAHZBjVIAdHaNkgB1ek3KCkAOEgByXo5SAHZBjooKQA7SAHVGDxIAcU0PUgBwR
22=o+KCkAP0gBwQRAKCkAQUgB0UBCSAHJDEMoKQBEKCkARUgB1Q1GSAHJDEdIAdkySEgBxQhJ
23=KCkASigrAC0AEJwDXfEuSAGXWgQAL0gBmQIFUFDBBAVYmicpADIogQAzKCkANCgpADVIAZ
24=AJbHPZBgZc5icpADhABMlkOUgB1Q06KCkAO0gBzRs8SAHNGz0oKQA+KCkAP0gBwTtAKCkA
25=QUgBzTxCSAHJDEMoKQBESAHZaUVIAckMRigpAEdIAScnBRAApmsIBQBJVQIyawEEAEpIAZ
26=daBABLSAFwAkcpLAARhAFJAS0oKQAuSAGIInwrwAR8KycpADFABJ8GBQAySAHJDDNIAckM
27=NEgBh84EADVIAZAJfCvECHwrJykAOEAEJ3wF1AIihScRJrEnO0EEcqGePCgpAD0oKQA+SA
28=HRHz9IAcUTQCgpAEEoKQBCSQEyZQQETcARt/8EAERUAslvRUgBxTRGSQFyoQ9HKCkASEgB
29=2V5JSAGIF3wryBd8KycpAExABHANXCsCKwASAKlvAQQALEoB//9PAQQALUgBQAEilSkuSA
30=GUkXUuEqmQBFRaJykAMUAE3SsySAGBkwRFGBKACEkMNFQCiC11LhJMY0ADdC7FCAVUWicp
31=ADhMBYQIIvQqxAh1LhIkFyQFADtABNEfPCgpAD0oKQA+KCkAP0kBeqElQEkBMlwOWRFBSA
32=HdFUJIAZQNdC7EE3UuElgXUwUEAEVABEABIlUhRkgBzTFHSAHNMUhIAclkSUgBJ9UFErRE
33=di4SAJsyBABMQASTCQQATSgoAAUqABMAUQEAAEkAK0gBbDFJFizJAQNvMRMAqn8GBAAuVA
34=LFNC9IAXACQRowKCkAMSgpADJIAYxzbTET7RA0VALVOTVIAd0gNigpADdIAclkOEgBiAxt
35=MROEAVnMOihVADtIASeHERMAclwWQQQ9VALJAT5IAScEDCcFAUBUAsElQUgBgQsEXdsTRF
36=BQAW0xEyb5MERABCU5LkVIAVgDrzETADJvAQQAR1QC1RhIKCkASUgBwTtKSAGQFGwx0BRs
37=MSdJBE1ABGwJRSlOKCgAAikAFABQTDJJACpJAU5cAFEEK8gBVQEsSAFyNQUAVWUUhDRdHy
38=5UAnA1XTYvSQGsTAZdCjDKAQEETcAU/W0yVAKESmU0FCRLMAQANFQCdAZZBjUoKQA2KCkA
39=N0gB2Wk4SAGMBWU0FIQBQTA6KFUAO0gBkB8i3z0UAHJEFEEEPVQCyQE+SAHdVz9JATJvCA
40=QAQEgB2SdBSAFwAlkRQkgBwQ9DSAGUAiLvNBQAoGwBIn8mFACaqQFGQAQjFC9lNBREJFsC
41=BABIVAJAAXmKSUgB2VNKSQFyZBNkNNAUZjQUAIxHdGXPGwQATkwFxQhPSQHsbAECBAAoAB
42=WQNVUBKcgBRTQqSAEn3gYVAGgBVQIsKFUALcgBVQIuSAF8NlU5L0gBfDZFEjDKAQMAXTYV
43=nDZVAjJUAmQ/TTwzSQFgVA5VIzRIAWQBSQE1SAEjFyQEADZIASMUJCLNOxVYpkgEIgVDFV
44=wASAB8NicpADpMBU4CAAB1nBXhnjxUApQjIiVHFasiBQA+VALNBT9IAdlpQEgBwQ9BSAHB
45=D0JIAc1oQ0gB2QZESQGjbAF/NhUAmakBRlQCZAFNEEdIAd0KSEgBlQIETvcVAIRKbcsVpE
46=p8NicpAExMBYRKfDbMG382FQDrawgEAE9ABGgBUWFQSAFoOEcpJwAWhDRNBChIAWhvSS0p
47=yAFBMCpIAWg4VQIryAFVAizIAVUCLUkBTUg5RQguSAFsBUkBL8gBQQMwSAF8ClUCMcgBVQ
48=IySAF0OUU/M0gBdDlFEzRIAcWtNUgB2V42SAFUB2U0NygpADhIAYhZdjkWACVFKjpUAoC/
49=dTkWlAZRKjxUApgndTkWrH50OSeBAD9ABMFnQEgB3TZBSAGICCIcMCetAEMoVQBEKCkARU
50=kBoXMFBQBGSQEyaAF1cBZYx0wBdXAW9dNJQQRyTCdRVkpIAZDadDnEE3Rw1A13ORYA6kAI
51=VSNOTAVpAQJ1ORaAO0k4UFQCXAN1e1EoKwAmABec20UDJ0gB2TIoyAFBMCnIAUEEKsgBVQ
52=IrSAFwNUkBLEgBZORBBC1IAWw8SRYuSAFwCUkBL0gBbAVBBDDIAVkGMUgB2QYyyAFVAjNJ
53=AV9ABUUeNEgBJ40HF1CIWAJldhdcAEgAIlwiJykAOEwFjLVtPBe4XiJcIicpADtABMU/PE
54=gBhJdsPCcFAT5UAlQKbUc/SAHBRkBIAdVEQUkBomQEbDwn2QBDVAJwAk1HRCgpAEVJAaV4
55=Am08FyQsSGw82AZtPBf5dElMBcFySkgBdAZRH0soKQBMSAF0OUk4TckBBGV2F5k9BWw8J1
56=0BUEAExQhRKCkAUigrACUAGP14JsgBVS4nSAHFNCjIAVUCKUgByTgqSAHBBCvIAUEELEgB
57=YARFDi1IAcEELkgBcEBVAi9IAXQCUUAwyAFRgjFIAWQ/VQIyyAFVAjNIAWQ/XVc0SAFUB2
58=VVNUgBJ3UPGJACSS03VAKMASI8VSdVADlUAtFAOkgBlGV2exgAyQE8VAKILWc/GAAyaQgE
59=TbUYJj0pP0AExQhASAHNBUFIAcV2QkgBdAZNEEMoKQBEKCkARUgB3QpGSAHV9EdIAYRKZT
60=8YsMRstcgXbLUnKQBLTQXLbAx2exgAaAFJIk1UAnFAB2c/GAB+TCdVRE9UAmgFSQFQSAHJ
61=DFFIAZNWBABSSAHBBFMoKAABJAAZAGQ0VS4lSAFoOF0JJsgBVQInSAHdNihIAWAEVQgpyA
62=FFPypIAcEEK8gBWQYsSAFsBVEJLUgBwQQuSAF0DVUCL0kBT1gHUQkwyAFVATFIAXxBVQIy
63=yAFVAjNJAadIAk0bNEgBJyUQGSSEMmWBGSa5MzdABCWVKTgoKQA5SAElrSw6SAFsCV02Oy
64=gpADwoKQA9SAHV6T5IAclOP0kBpHwGIqdXGQCcqQFBVQKdqQFCSAFkAV0KQ0gBxT9ESAHZ
65=EUVIAdFARkgBjAVlgRn5f0hVAnJII1kcSUgB3TZKSAHNBUtIAXBAUblMyAGFgRmcA1kGTl
66=QCjNZlgRm/2wQAUFQC3QpRSAGAnnxBJ9kAU1UCLG8IBABUSAElMyIjABr5wSQoKQAlyAFZ
67=MiZIAck4J8gBVQIoSAHFPynIAV1BKkgBZD9VDCvIAU0FLEgBxQgtSAF0REEELsgBQQQvSA
68=HdQTDIAVUCMcgBTSUyyAFJDDNIAXREVQI0yAFVIzVIASK4KFUjNkgBzUc3SAFEDXmKOCgp
69=ADlIASXJNTpIAd02OygpADwoKQA9SAHVOT5IAdkGP0gB2QZAKCkAQSgpAEIoKQBDSAHFCE
70=RIAZBLIh87GgCeaxMEAEZUAt14R0gByThISAGQmHWGGiRcInWGGnAGYRpLQQQeVCRFHkzI
71=AZeGGgCASCNVAk5UAtEJTygpAFAoKQBRKCkAUkgBwVFTSAHRYVRIAZsNBQBVSAElFCQCIg
72=AbALpYAk0PI0gBfDZBDiTIAUEDJcgBQQQmSAHdQSfIAVUCKMgBTQUpyAFVAirIAVEJK0gB
73=cEtBBCxIAWxHVQItSAFsR0kBLsgBXUEvSAHNEDDIAVUCMUgBZAhdCjJIAWQIUQkzyAFVAj
74=RIAXhIAQUAADVIAWxHXQo2yAFFSjdJAa1MBkUpOMgBXSs5SAEiLDJVAjrIAVUCO0gBIsgq
75=VQI8SAF0BkkBPSgpAD5JAUJ7AgQAP8gBWQZASQE+tQJBSAHRVkJIAXACRQhDSAEjiE4iDU
76=QbJo0oRVQCI2QjbkcbAM08R1QCzX5ISAHFCEkoKQBKKCkAS0kBxWQEZs4bAGgBWRFNVAJw
77=AkEPTkgBJ4QRJ4kBUFQC1Q1RKCkAUkgBn+YEAFNIASftCBsm6TlVVAKfCgUAVigoAAEhAB
78=wAxR4iSAFkSgEEBAAjyAFZMiRIAcE7JcgBQTsmSAFkSlE1J0gBbDxNCyhIAdUCKcgBTQUq
79=SAHBRitIAWwFWQYsSAHdQS1IAXgGRQguyAFJQy9IAWAPCAAAADAAHABRAQAAEQAA/BAAIA
80=UBAAAxABwAT1wABAAAADIAHABoAVUBM8gBVQI0yAFVAjXIAVUCNkkBqlwAAQUAADdJAa1I
81=AQECAAA4yAEBAwAAOUkBrLUCOsgBVQI7SQGptQI8yAEBAwQAPUkBvlQCSQA+SQFCXABRCT
82=/IAVkGQEkBPrUCQcgBWQZCSQFgVAIBAAQAQ0gBZAFJAURJAX9YB0kBRUkBcqkBRigpAEco
83=KQBISQF0oQRJKCkASkkBdrUCS0kBxUALAQIEAEzIAUEPTUkBC1whAQEEAE5IAdUNT0kBd7
84=kGUCgpAFFJAXW1AlJIAU0JAEUTU0kBKG8BBABUSQGZawEFAFVIAWQBAQAFAFYoKQBXSQEq
85=eAICBAAgAB1gAWUIISgpACJJAbZ/AgQAI8gBURMkSQFNXABBAyXIAVUBJkkBUVwAVQInSQ
86=FOSAFREyjIAUktKUgBYARVAirIAVUCK0gB0QksSAF0REEELUgBdAJJAS7IAU0FL0gBxQgw
87=yAFVAjFIAdkGMsgBVQIzyAFFCDTIAVUCNcgBVQI2SAFoDF0VN8gBSRY4yAFVAjnIAVUCOk
88=gBYBpVAjvIAVUCPEgBaE5FVT1IAXxMVQI+SQGEQAVJAT9KAf//TwEAAEAoKQBBSAFoTlkG
89=QkgBfExZPUNIAYcFBABEKCkARUkBe1AVQTtGSAHJTkcoKQBIKCkASSgpAEpIAclDS0gB3Q
90=pMSAFwS55MHQBpAQR8TKgBAQUEAE9ABM0FUCgpAFFIAc0QUkgB3VdTSAEnnwkdAJ98Bn9M
91=HQCYqQFWQQSaqQFXSAHdTFhIAXACQxofAB6EAUkBICgpACEoKQAiSAF0T0lkI8gBSTgkSA
92=F8NlUiJcgBVQImSAHJQydIAWAEUQsoSAHdNinIAVkyKsgBQQQrSAFsBVEJLMgBUQktSAFw
93=CUEELsgBWQYvyAFVAjDIAVUCMUkBUFwASQAyKCkAM0gBbFJNBTTIAUEENUgBbAVVAjZIAc
94=EPN8gBQQ84yAFZETnIAVUCOkgBdBhVAjvIAVUCPEgBZAhdCj1JAYZQCkEEPsgBQQQ/SAEn
95=9gkeAMkBQShVAEJJAV9YBkEwQ0kBoqkBREgBZAFVAkVIAcU/RkgBJ/YJHgDVkUgoVQBJKC
96=kASigpAEtIAcFGTEgB3QpNSAF1Twd1Tx6BUQh3Tx4A2EQEUWFQQQR8VBlNEFFIAcEPUkgB
97=1VpTSAEn9wkeAKNYBkmbVVUCm6kBVkkBnakBV0gBJ/QJJ8kJWVQCfANLDB4AH4QBRQgfSQ
98=ExcAFnoh8ALakBIVQCZAFNBSJJAVJsAWaiHwBoAV0VJFUCVbUCJUkBu6kBJsgBRTQnSAFw
99=NU0aKEgB1TkpSAHVRCrIAU0FK0gBwQQsyAFVOS1IAWxSRQguyAFVAi/IAVUCMMgBVQIxSA
100=F8TEkBMigpADNIAXQNTQU0yAFBBDVIAWwFVQI2SAHJDDfIAUEEOEkBWlgSTRo5SQGCXABJ
101=ADrIAUEDO0kBfkgCSQA8yAFVAj1JAZFIAkkAPsgBVQI/SAGAO2aiHwCLQwAAQVQC2VNCSA
102=FsUlEqQ0gBmIpmoh8Aj4kEAEVUAtniRkkBeVwWWTJHSAFEDXnXSEgB0VZJSAHNR0ooKQBL
103=SAHZSExIAdkGTSgpAE5IAWFRAm1SH4xSSaZQVALBD1FIAd0KUkgB0QlTSQEvdAln7x8AK6
104=kBVVUCM6kBVkgBZAFdTFdIASdMCtdPBABZVAKDBAQAWigpAB1Q85UCBUlWIIQBRQgfKFUA
105=IEgB0VYhSAHRViJIAZAqZVUgu38EACRUAosIBAAlSAHBBCZIAXBWWcEnyAFV0yhIAWhDXQ
106=UpSAHNRyrIAUlDK0gB1VosSAHBBC1IAXxXWQYuyAFFPy/IAVUCMMgBVQIxKCkAMkgB1U8z
107=yAFJDDRIAd0KNcgBVQI2SAHJDDfIAVEJOEgBZAhJDDlJAYJcAFVDOsgBWQY7SAFkVVUCPM
108=gBVQI9SAFkVVUCPsgBVQI/SAGYSGdVIAByVANdCUFUAtFWQkkBPEgCVU9DSAGIkGZVIACc
109=jmdVIACTWBIBAQMARkAEaAEBAgMAR0gBdAZZBkhIAcVKSUgBzapKKCkAS0gBgA8ijSggt2
110=UEAE1UAsUITkkBHEgMUQlPyAFBZ1BIAcEEUUgByQxSSAHJDFNIASVxKlRIAYMaBABVSAHd
111=V1ZIAd1XV0kBLncJBABYSAFkAVUNWSgpAFpJATJ7AgMAW0gBZAEDAAMAHAAhhAFFVR0oKQ
112=AeKCkAHygpACAoKQAhSAHJWSJJASlsCH1XIemxJFQC0VYlSAF8A1kRJkkBum8BBAAnyAFV
113=IihIAXxXSTcpyAFNBCrIAUEEK0gBfFdVAizIAVUCLUgBcEtZBi7IAV1BL8gBVQIwyAFVAj
114=EoKQAySAF0T0UIM0gBZAhdCjTIAVUCNUgBeBFVAjZIAWAEUQk3yAFRCThIAWQIVQI5SAFk
115=+k0FOsgBRQg7SQF8VANVAjxIAZ82AAA9SQGmSAJJAD5IAZcjAAA/SAEn/QohKP4KIQCblQ
116=AAQkEEPEwGXQlDyAFVnERIAWRVSQFFyQEEfVchilkFAl5XIQCfmQMASEAEQAhxrkkoKQBK
117=KCkAS0gB1U9MSAHNtU1IAdkGTkkBHEEbAmatIQBoAUEPUFQCwQRRKCkAUigpAFNIAd0KVE
118=kBckgYUUBVSAHVWlZIAZcjBABXSAHRCVhJATJtAQNFrSGhtANGrSEAgFx8V9NWAwBcTAVo
119=BUtZGwAihAFJWRwoKQAdKCkAHigpAB8oKQAgKCkAISgpACIoKQAjSAHNXSRIAc1dJUgBxb
120=gmSAGUOXZaIgBgXEG0KFQCaAFBtClIAWRKXR8qyAFZSCtIAXRaVQIsSAF8TF0XLcgBVS0u
121=SAF4BlUCL8gBVQIwSAF0T0kBMcgBRQgyyAFdCjNIAXwKWQY0yAFNBTVIAdEJNsgBVQI3SA
122=FsBUkBOEgBwQQ5SAF0Wl0KOsgBXQo7SAHFVTxJAXJUA0kMPUgBizgAAD5IAcFcP0gBzQVA
123=SAHNBUFIASdVCyKr3QAAQ1UCPEQJQSVESAF0WgEGAABFygEHAFWyIpZaCAFWWiIAjJ91Wi
124=LpQ0lMBZugAwBKKCkASygpAExIAdFhTUgBUA1xYU5JAR5EH01ST8gBl7IiADJnBAMAUVQC
125=3QpSKCkAU0gB0QlUSAHBXFVIAdm2VkgBzWhXSAHRCVhIAd1XWUgBZAxRVlpJAXxkKXZaIg
126=CcYnVaIrfIAwBdQASTKgMAGiFwP5sGBQAbSQEsbQEFRrgjAI9SBQAdVALJAR4oKQAfSAGF
127=VQVZviNxBgBJZCFUAo0BBUAMJ1UAIyhVACQoKQAlSAElFSQmSAGYBm5dIwAiXC1ZJyhUAm
128=gBWScpSAEliS0qSQG8cQUEQjUjAGgBVS0sVAJsXVEeLcgBUUsuSAF0T1UCL8gBVQIwSAFs
129=XUkBMcgBQQQySQFURAlJCzPIAVUBNEgBaFlNBTVIAdEJNkkBg0AFSQA3yAFNBThJAX9IAk
130=kAOUkBkFwASQA6yAFBBDtIAd1XPEkBclQOQQQ9KCkAPkgBkDVmuCMAwQRAVALJAUEoKQBC
131=SAHJZENJAaRECUkAREkBnlwASQBFSAF5XgpuXSMAagELAE1dI1wmWQMCRLgnKQBJTAWVTw
132=JMXd82AwBLVAJFBQBFSkxIAclkTUgB3VdOSQGKQBtBBE/IAQEBAwBQSAHNUlFIAcUIUigp
133=AFNIAdEJVEgB0QlVKCkAVigpAFdIAdEJWEgB0QlZSAHBXFpIAZQjbF3MJmxdJykAXUAEgy
134=UDAF5IAccIGQAkhAFRVhooKQAbSQEofAJkYMEEBkRgJykAHkAEfAMBAAYAH0gBnFdkYMEE
135=BUDHJykAIkAEjQUFWA4nVQAkKFUAJUgBzcAmSAGYaWRgzwUEAChUAoUIBFBxJ1UAKlUCtX
136=gCZmAkAGgBTTAsVAJkYEEDLcgBVQIuSAF8V1UCL8gBVQIwSAFsBUkBMUgBcGFBBDJIAWRg
137=WVIzyAFZXjRIAXheTQU1SAEiOC5NBTZIAWRgTQU3yAFNBThIAWRgTQU5SAFkYEEEOsgBQQ
138=Q7SAGLmwAAPEgBiJsiDSMkJExBdL0nKQA/KIEAQEgBjDwitTgk/WJCVALFCENIAcFnREgB
139=mD11vSRIKFQVZGDYJ3W9JKVgAUVgJCQ7IwEASVgGjFJkYNUCAkRg2wYDAExABIsJAwBNKC
140=kATkkBHFgdhmAkAGgBhGAn2QBRQATZBlIoKQBTSQF8SCNZBlRIAYsXAwBVKCkAVigpAFco
141=KQBYKCkAWUgBiCIiDCPIImRgJykAXCiBAF1IAYTkZGAnZQJfVALHExgAJYQBUWEZKCkAGi
142=gpABtIASdcDMwFfGInKQAeQASICH5iJQAnXwwlAKB4An1iJSQQP2TD2AZ8YicpACTlCAVA
143=ASdVACZQAclkJ0gBnNB9YiUmSTApVAJkDF3FKkgBcWECfWIlnGJJTixUAmxdVS0tyAFVAi
144=5IAXxiVQIvyAFVAjBIAWwFSQExSAF8YkEEMsgBVQIzSAFwYVUCNMgBVQI1SAF8YlUCNkkB
145=h54RADfIAVVDOEgBmD0i/WIlv/EAADpUAsVVO0gBI7AnfWIlJg0jPShVAD5IAboKAD8oKQ
146=BASAHZaUFIASN4ICJuLyUAkPsiFiQlAMXORCiBAEVIAYxdfWIlpGBnwyUAfkkYAH1iJSRA
147=JHxiwQQBRMPUAn1iJa1oAlxiwQQCXGLfNgMATkkMHEQfAQIDAE/JAQNkwyeBAFFUAoEaA1
148=j9J1UAU1QCgxoDAFRIAZR7fWIlr34DAFZUAtleVygpAFgoKQBZKCkAWigpAFsoKQBcKCkA
149=XSgpAF5IAY8xAwBfSAHFE2AoKwAXACaQAgEABQAYKCkAGSgpABooKQAbSAEntAzYBnRlJy
150=kAHkAElAl1ZSYotQwmJi1TIUEElmQEdWUmJlFdI1QCJX1dJEgBI0xMdGXdCgVMAicpACdQ
151=AWAIXRUoSAGAcnTIwQQEUQ4mI1AxQWcrQAQiUDFdNSxIAcFcLcgBQVwuyAFBBC9IAXxiTQ
152=swSAHNaDHIAVUCMsgBTQUzSAFsBVFKNMgBUQk1SAHJDDZIASJIMFkGN8gBWQY4SAHRVjlI
153=AZg9dWUms0AAADtUApA1dGXAGnfIJgATWAdJAD5ABEwKaQA/KCkAQCgpAEEoKQBCSQF8RB
154=RRBUNIAZ+kAABESAFEAmkARSgpAEZIAYA7dmUmAIRVdWUmJFwtdWUmpM52ZSYAnAp3ZSYA
155=emgMdWUmpGt1ZSbtaE5dColeFgACVmUmAGgBAQECAFBUAiNvJAIAUUkBM3ERAlRlxx4DAF
156=NUAnAClMgnVQBVVAKYJ3RlzyYDAFdUAocpAwBYKCkAWSgpAFooKQBbKCkAXEgB1XBdKCkA
157=XkgBkI10ZSfhAWBVAjJ/EQIAYUgBZAFDGhYAJyHwIlMBBQAXKCkAGEgBI78jBQAZSAFZAw
158=BFVRooKQAbSAGMlCIlJiegJSIsMicpAB5ABJcjBQAfSAEjjCgiJSYnjAlRCSFUAiNcTm5o
159=JwAlaWAjVALJASRIASO0TmxoJ9kAJlQCiQgFQAEnVQAoUAEnDA3UAm1oJ6y1Zc4nmGkBBA
160=QALEwFemkFAFLUJwDNXS5UAmgBRWAvSAHdYjDIAUUOMUgB2WkyyAFNBTNIAWwFQQQ0yAFB
161=RTXIAVUCNkgBbGhdSzfIAVkGOEgBkEBlzifhZzpVAnJABVkGO0gBzV08SQETUApZBj3JAQ
162=QiJSYnmGlVGD9UAkgGaQBAKCkAQSgpAEJIAQl/AgAAAAAAQwAnAHcRAACmEAAgCAIAAAAA
163=AEQAJwB0qAECRQAnAHapAUZKASgAgQBHSAGDAQEASEkBgWMEAQBJSAGDBAEASkgBlwICAE
164=tIAY8FAgBMKCkATSgpAE5KARsBSwQCAE/IAQEBAgBQSAFMAgIAAAIAUUkBL28BAgBSSQEr
165=qQFTKCkAVEkBM7UCVUkBf3sRAwBWSQFyqQFXKCkAWCgpAFkoKQBaKCkAW0kBdbkGXEgBeA
166=oBAAMAXUkBpG8BAwBeSQGeqQFfSQEyawECAGBJAS6pAWFJATSpAWJJASpoAQEBABUAjCMC
167=AAAGABYoKQAXKCkAGEgBjwUFABlIAXQGAQAFABooKQAbKCkAHCgpAB0oKQAeKCkAHygpAC
168=AoKQAhKCkAIigpACMoKQAkKCkAJSgpACYoKQAnKCkAKEkBMXcUBAApSQEtqQEqSAFkAQEA
169=BAArSQG2bwEEACzIAVk8LUkBTlwAQQMuyAFVAS9JAVBcAEEvMEkBUakBMUgBdAJNBTIoKQ
170=AzSAHBBDTIAQEDAAA1yAFFCDZJAYRMBkkAN8gBXQk4SQF7VANVAjlJAXKpATooKQA7SAGH
171=PwAAPEgBXARpAD1JARNYBwEHAAA+yAEBCAAAP0kBC1QCSQBASAFgBU0AQSgpAEJJAaZIAk
172=kAQ0gBWABpAERIAZtTAABFSQF5rRBGSAGDXAAAR0kBM2UFAERrwEZmaygAgARlayhAK0UE
173=AURrJykATPsGAQBNSAFYA2FnTkkBG0UUAmZrKABpAQNka9wKZ2soAHxsEGVrKK9+AgBTWA
174=aPfgIAVEgBlwUCAFVIAZwKZmsoAJcYAwBXVAKHKQMAWCgpAFkoKQBaKCkAWygpAFxIAYgM
175=ZGuBDABRbF5UAskMX0gBkGFka8MEAgBhVAInZQ0oRHxXBQQAY1UCVkQBAQEEABRIUUQBcW
176=wVKCkAFigpABcoKQAYSAGIDH1tKZQGnG0nKQAbQQQsfwIFABxIAZ8CBQAdKCkAHigpAB9I
177=AYdgBQAgSAF0BlEJIUkBoG8BBQAiSQGaqQEjSAFkAQEABQAkSQGgbwEFACVJAZipASYoKQ
178=AnSAHZBihIAX4DAAVCASkAyW8qUAGAD35tKQB9bQJ8bagBXWItQAR8bVk8LsgBVQIvSAFs
179=aEEKMMgBQUUxSAF8bU0FMigpADNIAc0FNMgBTQU1SQFVXABFCDZIAXxtWQY3yAFJDDhIAZ
180=dEAAA5SQF3VANNBTooKQA7SAGMR31tKfnMPVQCXARpAD5IAXBsUQk/yAEBBAAAQMgBAQUA
181=AEFIAWAFTQBCKCkAQygpAEQoKQBFKCkARigpAEdIAYRrfm0pAMlvSVUCgHwVf20pAHqpAU
182=tUAkcNAAABRNlonlABfG2BQwBB1U5ABHFsBH1tKZ1tBXxtJ4EAUUEEe3AJfm0pAJAffm0p
183=AJyOfW0poH19bSmhfQJcXMUTAl1tKelvWFAJkyoDAFkoKQBaKCkAWygpAFxIAZCNfG3YEW
184=fZKQAyUBhJF19ABNnXYEgBcAJVAmFIASe9DSlcEFQcfG3HCAQAZEAEjAUBBAATAJBpaW8U
185=KCkAFSgpABYoKQAXKCkAGEgBgAd0cIEBAEFcGlQCnwoFABtIAYCAdHDBBAZUcCcpAB5ABI
186=8FBgAfSAGcAnRwgAFxCSFVAqNkBHdwKgCbqQEjVALdbSRJAZa1AiVIAcEEJigpACdIAcEE
187=KEgBwXIpSAF0Bl0VKkgBnA13cCoAungCdHCoAVVkLUAEJxYOKgBoAVVaL1QCZGtJQjDIAV
188=UCMcgBUQgyKCkAM8gBTQU0yAFNBTXIAVUCNkkBi0wGSQA3yAFBDzhJAW9IAkkAOUkBklwA
189=SQA6yAFBBDtIAdl0PEgBg1EAAD1IAVwEaQA+KCkAP0gBYHJN4UDIAU3hQUkB0kQFUQlCSQ
190=HcSAFJAEPIAVUCREkBBFwAVQJFyAFVAUZIAUQCaQBHKCkASEgBmz0AAElIAXQDXW1KKCkA
191=SygpAExIAZB3dXAqt2UBAE5VAopcC1kGT8gBAQEBAFBIAZd7AQBRSAGEHndwKgByTCdNXV
192=NUAskBVEkBdLUCVUgBgNV1cCrtc1dVAitpEwJU3sEPAlVwKqOIAgBaQAR8A1HaWygpAFwo
193=KQBdSQEyZwQCAF5IAclvX0gBcAJZEWAoKQBhSQE0ewICAGJJAV5oAXRwgk4AAHRwJykAZU
194=AEfANVAhKgImFyEygpABQoKQAVKCkAFigpABdIAYcTBQAYSAGEE21zK5gKTV0aVAKMAWxz
195=IownUAFsc8AEb3MrAKBQAgEABgAeTAWUZW1zK6wTbHPPBQUAIUAEaQUAbHMnVQAjVQKfeA
196=Jn5CsAnakBJVQCZAFNBSYoKQAnSAHUeyI4JMwFzacATAV9Myp8BmxzASsA//9MAW1zK5h0
197=AQQEAC1ECGR2QcouSQF3XANJAC/IAUVJMEgBeOJdbTFIAcV2MkgBfHhNBTPIAU0FNEkBT1
198=wASQA1SAHBBDZIAWxzUUo3yAFRCThJAW9YB00FOUgBbHNBBDrIAUEEO0gBnBVm5CsAiMdt
199=cyvx5T5ABEAIaQA/KCkAQEgBYHJRCUHIAVEJQkgBbHNVAkPIAVUCREgBbHNB60XIAV0gRs
200=kBBiJGKisAYARNfkhVAoRQFVkNSUkB/FwAUWxKSAFgBEkBS8gBXW1MSAF8A1UCTSgpAE5J
201=AR5nCAEAT8gBTQVQSAHdeFFIAdl0UkgB2XRTSAGI3WXkK+V2VVQCmJVsc8xHZOQnKQBYQA
202=SMEG1zK/F3WlQCiwQCAFsoKQBcKCkAXUgBmF5sc4QFWt4AX1QC0QlgKCkAYUgBJ20OK095
203=AAABbHPYBmxzJykAZUwFhwgEAGYoKgARACOMKXl0EigpABMoKQAUKCkAFSgpABYoKQAXSA
204=GAXGR20AlkdicpABpABIAPZHYiKDZQAWR2wARmdiwAjGhldiy8bWV2LCjEDswFZHYnKQAi
205=XQqgTAkBAAUAI0kBmakBJEgBZAFVAiUoKQAmKCkAJygpACgoKQApKCkAKkgBgBpkdtQNZ3
206=YsAFRgC2R2qAFJLS5NBVO1Ai/IAVUCMEkBu7UCMcgBVU4ySQFOXABFYDPIAUVgNEgBaHpB
207=AzVIAcEENkkBUEgCTQU3yAFNBThJAVpUAkkLOUkBhFwASQA6yAFBAztIASNENWV2LKRVZH
208=YnKQA+QASAyiIMOcwbIkwrJykAQUAETAppAEJJARpQCk0BQ8gBVQFESAFEAmkARSgpAEZI
209=AXVwCmV2LIV2CyJOKywAZHZZBklABGR2XW1KSAFsBU0AS8kBBSJMK7kGBnTpqQEHd+ksAM
210=dsDWR2qAFFCFBYBnACVXtRSAHRd1JIAZddAQBTSAHdeFRIAd14VUgBIxgqZHbEHmV2LCYV
211=OlhBBHRILkHgWUgBgCV06SetAFtUAoMPAgBcKCkAXSgpAF4oKQBfSQE0cAUiDjksAMkBYS
212=hVAGJJAV9gBGR2yAxkdicpAGVABHwDVelmKCkAZygpABBQx4MEBgARKCkAEigpABMoKQAU
213=KCkAFSgpABYoKQAXSAGYXn14LZgKTWgZVAKMASIsSCdVABtUApQufHhg2EgEImw6JykAHk
214=AEjzEFAB9IAZyZZO8nBQEhVAJQBmXkIkgB2e0jSAElpSskSAElgSwlKCkAJigpACdIAZP7
215=BQAoSAHRCSlJAaBtAQVRhy0mmTorVQIpdAJ8eCJIOkwBfXgtXAKJAS5AAZkGBF60LQCfCg
216=QAMFQCgeAEQgktAGh6AQQEADJUAmgBQdUzSAFwd01GNMgBWXQ1SQFNTF5FCzZIAWAESQE3
217=yAFBAzjIAVUCOUkBhFwARQg6yAFFCDtIAdntPEkBclQDTQQ9KCkAPigpAD9JAXShBEBIAZ
218=BWIm06LSSvIQAAQlQCfHhNBEPIAUkMREgBTAppAEUoKQBGKCkARygpAEhIAZg9IlUsLSSX
219=KQAASlQCeAdVcEsoKQBMSAFGewAKfXgtpIF9eC2deAJ8eKkBAyJULNxBIlQsJykAUkQI3Q
220=pTSAGBDwFMr8MPAQBVVAKABH14LfF3V1QCgCUiViwtAMkBWShVAFpIAYAlZe8tJAwjfXgt
221=7XNdQQQ0YAtk7ydVAF8oVQBgSAEiqEdBcmHIAVW9YkgBfHhJAWNIAWAIQQRkKCkAZSgpAG
222=YoKQBnKCkAaCgqAA8AjGV98RAoKQARKCkAEkgBh1UGABNIAYdVBgAUSAGDDwYAFSgpABYo
223=KQAXSQEqZAR0e8gMdPQnKQAaQAScCnX0LqRgdHsngQAdQARgCAEABQAeKCkAHygpACAoKQ
224=AhKCkAIkgBJ3YPLgAndA8nKQAlQATVAiZIASX5OydIASUxLShIAcEPKUgB0QkqSAHZBiso
225=KQAsSAEjdVwFSiouAIUeBE4CLgCYBnZ7LgAjpCB3ey4AsWALdHuoAU1zMlQF0XczyAFVAj
226=RIAXzxQWc1SAFgBFlpNkkBT1QDUQg3yAFVAThIAc1+OUgBdHtBBDrIAUEEO0gBJ3UPLqRV
227=dPQnKQA+QAScV3T0J1UAQFQCmNd1ey4odg8uAHR7AQQAAENABGgBQZNESAFQDmkARSgpAE
228=YoKQBHKCkASEkBflQZUQVJSAGcbXR7IjQyTwIAAEtUApfpAABMSAGMAnR7yEN0eycpAE8o
229=gQBQKCkAUSgpAFIoKQBTKCkAVEgBgA91ey6njAEAVlQCzfdXSAGIInR7yCIiXC0nKQBaKI
230=EAW0gBJWUuXEgByXpdSQFXTBdZdF5IASXVJl/IAVUCYEgBdHsBAgQAYUkBpEwFXXhiSAGE
231=SnT02Bx09CcpAGVABGgFTQVmKCkAZygpAGgoKQBpKCkADkDNmwYGAA8oKQAQKCkAESgpAB
232=JIASWBLBNIAZxibH6EJmmFFVQC0QkWKCkAF0kBMXgCbH4iyFVMAW1+L0xjiQEaQAScCm1+
233=LyTgLWx+3Apk+icpAB5MBVAGYfYfKCkAICgpACEoKQAiSAGcbSJlLi8ozA8nKQAlQASXcA
234=UAJkgB3QonKCgAJcBhdA0iSFLRCSpABCfMDye9AixVAjJoCGX6L6QsbX4vKMwPzAVtfi+M
235=flldMVgGaHpFBzLIAU1zM0gBdHtBfTRIAWAETQU1SAEiZC5NBTZIAWx+VQI3yAFNBThIAW
236=x+VQI5SAFsfkkBOsgBQQQ7SAGIWSJmLi8AIzg5bH4nKQA+QATVAj9IAcF9QEgBIwQibX4v
237=KM0PL41+Bmx+qAEBBwAAREwFQBRpAEUoKQBGSAElSTBHSQF0WBJFBEhJAXKpAUlIAdUCSk
238=gBJf0gS0gBzT9MSAEjLycAAE0oKQBOSAHRgk9IAU4KAABk+tAGZPonKQBSKIEAU0gBmBFl
239=+i+w8G1+L1wCTAhtfi/5f1dMApykbX4vvKRsficpAFpABJQYZvovACfODy8AYH1deF1ABG
240=gBAQMEAF5IAUAMIsFKXygpAGAoKQBhKCkAYigpAGMoKQBkSQGgawgEAGVIAYTvIiw92xwE
241=AGdUAnwDRYFoKCkAaSgpAGooKwANADCIBQEABgAOKCkADygpABAoKQARKCkAEigpABMoKQ
242=AUSAGEE3X/MKz3Ipx3J4kBF0AEmw0GABgoKQAZSAGE5CJsL8wFZIEnKQAcQASYBmaBMACI
243=DHb/MAAlZS4fQATJASBIAYgiIow+JwUBIlQC0XcjSAHRdyRIAdz8CiUAMACdAAAAAAUAJg
244=ARAAB/EAAgATAAAABAAAEFACcAJykAKEkBpFACAQAFAClJAZupASpJAZmpAStJATJrAQQA
245=LEkBLqkBLUkBoKkBLkgBjwUEAC9JAbW1AjDIAQEBAAAxSQFQXAABAgAAMsgBAQMAADNJAV
246=FUAkkANEkBT1wARQc1SQFOSAFNBTZJAU1IAVUCN8gBVQE4SAFwCVUCOUkBi1wASQA6yAFB
247=BDtJAW5IAkkAPMgBVQI9SQGTSAJJAD7IAVUCP0gBRAJpAEBKAf//ZgEAQSgpAEJJASVABU
248=kAQ8gBRRNESAGHBQAARSgpAEZJAXtUA0UDR0kBcqkBSCgpAElJAXe1AkpIAcEES0kBdLUC
249=TEkBeKkBTUkBeqkBTkkBL1AKSQBPSQErXABJAFBJATNcAEkAUUgBWAACAAABAFJJAXx7Bg
250=EAU0gBiwwBAFRJAXm1AlVIAc0FVkkBKG8BAQBXSQF/YwQCAFhIAZMUAgBZSAGHCAIAWigp
251=AFtIAZMJAgBcSQFeZwgEAF1JAaKpAV5IAWQBAQAEAF9IAdVEYEkBmnsCBABhSAFkAUEEYi
252=gpAGMoKQBkSQGfZwQEAGVJAZ2pAWZIAWQBWQZnKCkAaCgpAGkoKQBqKCkAaygpAAxIUYcI
253=BgANKCkADigpAA8oKQAQKCkAESgpABIoKQATKCkAFEkBo2MLBgAVSQGWqQEWSQGYqQEXSA
254=GTHwYAGEgBcAIBAAYAGUkBMW8BBQAaSQEtqQEbSAFkAQEABQAcKCkAHUgBiwwFAB5IAYsM
255=BQAfKCkAIEgB0XchSAGDDwUAIkgBzQUjSAGHKQUAJEgByQwlKCkAJkkBMnkCBF6DMQCfTA
256=QAKFQCyQEpSAGLTgQAKkkBpW0FBV0EMVgBTAF8g5kZAEU0LUAEyTguSAGAD36DMQB+gwIE
257=UDKoAUWBMUEETkRsQVAyyAFVAjNIAXyDSQE0SAF8g0EENUgBdAJdDTZIAXyDVQI3SQFURA
258=hVAjjIAVUBOUgBfINBBDrIAVEJO0kBbkAFVQI8yAFVAj1IAXyDVQI+yAFVAj9IAdGCQCgp
259=AEFIAUAIaQBCSAF8gwEEAABDyAEBBQAAREgBdANNAEUoKQBGSAEnfxAxAHJIDUEESFUCda
260=kBSUgBRAJpAEpIAYNyAABLSAHBBExIAXQDTQBNKCkATkgBj34AAE9JAXaxCVBIAdWGUUgB
261=nTYAXoMxAJwKfoMxAJx4fIPfNgEAVUwFWAttiVZIAYQIfYMxXLVdAgFcg8wFfIPQCXyD0w
262=kCAFtZBjRJBQB+gzEAfYMBf4MxAKF1AgREAsQIfoMxANVEYFgG1chhSAFoBVlIYigpAGNJ
263=AaB7AgQAZEgBzQVlSAFwAk0FZigpAGcoKQBoKCkAaSgpAGooKQBrKCkAbCgrAAsAMpgKWX
264=QMKCkADSgpAA5JASxrBAYAD0kBKakBECgpABEoKQASSAGXewYAE0gBaAVdChQoKQAVSAGX
265=ewYAFkgBh3YGABdIAZgcdIYnOQIZVALFCBpIAY8pBQAbSAGIDHSGzwUFAB1UAowFdYYyqC
266=12hjIAnwoFACAogQAhSAGMEHaGMgCHdgUAI1QCxQgkKCkAJSgpACZJASpkBHaGMgAjKCF2
267=hjIAg54EAClABJhIdYYyWIVRBQRaADIAJSkhLEAEwTstSAGFEwRSAzIAiG93hjIAtFQGSQ
268=AwQATV/zHIAUF9MkgBfINFdjNJAU5IAlFgNEgBdAJZBjVIAXSGVQI2yAFNBTdIAXSGVQI4
269=yAFVAjlJAVVECFkGOigpADsoKQA8KCkAPUkBhkAFSQA+yAFFBz9IAUQCaQBASAGXGAAAQU
270=kBJVQDAQYAAELJAQd0htA1doYyAN14RUEEdFgSSQhGSQFyqQFHKCkASEgBl/QAAElIASWl
271=IEpIAUgGaQBLSQGBuQZMSAFoAk0ATUgByQxOSAHdCk9IAcWMUEgB3RVRSAEjeCB1hjJQB0
272=gAdIYnKQBUQAROAgAAdIYnVQBWKFUAV0gBhAh3hjIANHAFdIbURHeGMgCetQJbTAXBBFxJ
273=AVdUApWGMijUEMgMdIbLWQQAYEwFwUZhSAFUBnHPYigpAGNIAZRadoYyAITkIlYhMgCH5A
274=QAZkAExVVnSAHFCGgoKQBpKCkAaigpAGsoKQBsKCkAbSgpAAqhpgBBfQsoKQAMKCkADSgp
275=AA5IAYAlbInHtQcAEFQCmxEHABEoKQASSAGcbWyJzwUGABRUAowFIgQiJ1UAFlQCmKttiT
276=OsfmyJJ4EAGUAEi28GABpIAZ0gBk2JM6T6bInMBWyJJykAHkwFkCptiTPphSBUAo8QBQAh
277=KCkAIigpACMoKQAkKCkAJSgpACZIAZyZbokzAJyZbokzACOsIW6JMwCQrm2JM0iLXA1siS
278=etACxECIUeBFQHxB5viTMAuEgFUcQvQARoAUFxMEgBbIlUZHTbaAFZfzJUAiVVITNIAcWB
279=NEgBbIlNBTXIAU0FNkgB2Yo3SAFgBFUMOMgBSQw5SAFgBFUCOkgBfApJATvIAUEEPEgByQ
280=w9SAFsiUkMPsgBSQw/SAFIBmkAQCgpAEFIAW2JCW6JMwBpAQpuiTMAIwwubokzACWtIUVN
281=BXJQCkkIRkgB1YZHSAHNfkhIAVADaQBJKCkASigpAEsoKQBMSQGAsQlNSAHRCU5IAckMT0
282=gB3QpQSAFwCk0AUUgBgFxtiTO0nG+JMwB0cAkiBCInKQBVTAUjDyMBAFZIAVQHZYxXSQFW
283=bwEEAFjIAV2DWUkBU7UCWsgBVQJbSAFgiAECBABcyQEDIgUiMygsEchZbYkzuOJsiSfBCG
284=FYBngKQUZiKCkAYygpAGQoKQBlSAGQYWyJ02EEAGdUAsUIaCgpAGkoKQBqKCkAaygpAGwo
285=KQBtKCsACQA0jAkBAAYACigpAAsoKQAMKCkADSgpAA5IAZQueIrECHiKJykAEUAEgwsHAB
286=JIASdYEcAEeIonKQAVQASMBSKKIjQAhB55ijS4f3iKJ60AGUwFwQQaSAEjKCF5ijQoWBHM
287=BXiKJykAHkwFiAx4iidVACAoVQAhKCkAIkkBoHAFIokiNLC5ImAzJykAJUAEi7wFACZIAY
288=ibIuBDzBB4isgMeoo0AIAle4o0AKa9CitYBogiImEzNPVELVQCxc4uSQG2bAUiiiI0AGgB
289=SXowVAJsiUEDMcgBVAJ531NcAFUCM1QCaAFVATRIAdWGNUkBg1QDSQA2yAFBBDdJAX9IAk
290=kAOEkBe1wASQA5yAFBBDpJAYJIAkkAO8gBVQI8SAHZBj1JAZBUA0kAPsgBQQQ/SAFEAmkA
291=QCgpAEFJAcZsAnqKNABoAU0FQ1QCnK95ijQoWhE0AMF9RkAEtgYAR0gBJdkhSEgB1QJJKC
292=kASigpAEsoKQBMKCkATSgpAE5IAdGYT0gBxYxQSAGfgwAAUUgBnDZ5ijQoYjM0AIwFeIon
293=KQBVTAWcFXiKxD8iYTM0V4wAAAJ6ijQAh0oEAFlMBYNGBABaSAGXGAQAW0gBwQRcSAGQS3
294=mKNKDrImAz3Ap4ishkeIrIZCLgQyeBAGJECN0KYygpAGQoKQBlKCkAZigpAGcoKQBoKCkA
295=aSgpAGooKQBrKCkAbCgrAAgANZwOTYkJKCkACigpAAsoKQAMKCkADSgpAA5IAZQueIrQCX
296=iKJykAEUAEjAx5ijWsfiK0IsAEeIonKQAV7AV4iidVABcoVQAYKCkAGSgpABooKQAbSAGY
297=dCK0IsQIeIonKQAeQAScNnmKNSRYMiLkMyeBACFABJwVIuUzNaB9eoo1ACMgNnmKNSTnKA
298=UAJUwFIxApeYo1pD94itgceIrcCnqKNQAn5jM1ACUVRStECCfkM9QNIrQi0AkitSI1jIlN
299=Ui9MBXiKAQMAADBIAXiKXeUxyAFVAjJIAWyJVQIzyAFVAjRIAXiKVQI1SAF4ikkBNsgBQQ
300=Q3SAF8g1V7OEgBeIpBBDnIAUEEOkkBgkwiVQI7yAFVAjxIAdkGPUgBeIpBBD7IAUEEP0gB
301=VAZpAEBJAexgASLmMzUAaAFVDUJUAniKTQVDSAG+AwBESAHBfUVJAXVQCkUDRkgBWABpAE
302=coKQBIKCkASSgpAEooKQBLKCkATCgpAE1IASflMzW8gyK+RDUAJQ0jUEAEIzhEeIrcNniK
303=IrgnahAAU0AEkBR4isQIIuYzNQCcFXmKNYEFAHuKNQBfcAF4iieOB1kAJ40HWkgBfQMAeI
304=ongQBcVAKQS3mKNaDreIrcCniKJykAYEwFxQhhKCkAYigpAGMoKQBkKCkAZUgBkGEitCLQ
305=YSK0IiddAWhABN0KaSgpAGooKQBrKCsABwA2iAVNiQgoKQAJKCkACigpAAsoKQAMKCkADS
306=gpAA5IAZRleYo2t2UGABBUAoNnBgARKCkAEkgBjGh5ija4tnmKNrR7IhA0J2UCFk0FMnsU
307=BQAXSAGTCQUAGCgpABkoKQAaKCkAG0gBiAx4itAJeIonKQAeQAQjkCN5ijb9gyBUAoTDIh
308=E0NiZdIiJUAs2JI0gBI/wgeIoiMEJJEwRYiiIsMYkBJkAEmO15ija0p3iK2Bx4itwKIrQi
309=JykAK1gGgA8itSI2pJd5ijb5SC5BBMFEDEkAL0gBbIlJATDIAU1zMUgB1YYySAF4f0EEM8
310=gBQQQ0SAF4f1UCNUgBeH9JATbIAUEEN0kBfrF3OEkBjlQDSQA5yAFBBDpIAdkGO8gBVQI8
311=SAFcBGkAPSgpAD4oKQA/SQHlWANJC0DIAUGIQUgBeIpJAUJIAdV7Q0kBdEAFWQVESQFyqQ
312=FFSQF5qQFGSAFQA2kARygpAEgoKQBJKCkASigpAEtIAckMTEgByQxNSAHBiE5JAXWpDE9I
313=AXwLTQBQKCkAUUgBJW1FUkgBiegAWYo2JuEiVFQCkAl5ijYmcVZWVAJACSQRNDaZigF5ij
314=YkDC4itCInuQdaTAXRQFtIASPgLSIRNDYm1TxdVAIjqFJ5ijYmAT1fKFUAYCgpAGEoKQBi
315=SAElNT5jSAGYESJARdBhIkBFJzkCZkAEwQ9nSAHNBWgoKQBpKCkAaigrAAYAN4gFTYkHKC
316=kACCgpAAkoKQAKKCkAC0gBn5kGAAxIAZAfInVnN+WBDlQCgAt4iieJARAoVQARKCkAEigp
317=ABNIASMgQXmKN7z8eIonBQEWQAQjrEJ6ijcAlCN4isMEBQAZQASADyJ0ZydVABsoVQAcKC
318=kAHSgpAB4oKQAfKCkAIEgBmBF5ije0eyK0IicpACNABJQueYo39YYlVAKPqgQAJkgBjJ8i
319=bkU3AIibeYo3JLwjeYo3sJh4iicpACtYBsnSLEgBiAx7ijcARlAbUXcuVAJ4ikkBL0gBeI
320=pRYDDIAU1zMUgBIkRWWQUySAF4ikEEM8gBQQQ0SAF4ikUINUgBfINBBDbIAUEEN0kBgUgC
321=RQg4SAF4ilUBOcgBQQQ6SAHZBjvIAVUCPEgBSAZpAD0oKQA+SAFsiQEFAAA/yAEBBgAAQM
322=kBByK0ItA1IhI0NwAjtGQib0U3AHdUDlcJRAA3rHMi9Xc3fHJE/lghqAFNBEdABFwEaQBI
323=KCkASUgBwYhKSAHBiEtJAXdMBlEFTEgBwYhNSAFEAmkATkgBI9ghIrYiNwDZBlBUAskBUU
324=kBdqUIUkgBmD15ijeo6AkAAFQANwArAAAAAAARAABCEAAgBgBVADcAKwAAAEEAVigpAFdJ
325=AWBIAgEABABYSAFkAUkBWUkBn28BBABaSQEsqQFbSQEpqQFcSQEwqQFdSAFkAQEABQBeKC
326=kAXygpAGAoKQBhKCkAYkkBKn8GBABjSAFkAUEPZCgpAGUoKQBmKCkAZygpAGgoKQBpKCsA
327=BQA4jgkABkQAJykAByhVAAgoKQAJKCkACigpAAtJAaNvCAYADEkBm6kBDUkBnakBDkgBZA
328=FBDA8oKQAQKCkAESgpABIoKQATSAGTKgYAFEkBmWsIBgAVSAFkAVEJFigpABdIAZcjBQAY
329=SAGDBAUAGUkBoG8BBQAaSQGYqQEbKCkAHEkBmrUCHUgBZAEBAAUAHkkBoG8BBQAfSAHZBi
330=BJAZa1AiEoKQAiSAGHEwUAI0kBMmMEBAAkSQEuqQElSAGTCQQAJkgBkwkEACcoKQAoSAGH
331=CAQAKUoB//9fBgQAKkkBQkQBTTwryAEBAQQALEkBRlQCAQIAAC1JAY9IAUkALsgBAQEAAC
332=9JAX5IAkkAMCgpADHIAUEEMkkBkFQDSQAzyAFVAjRJAXxQClUCNUkBeqkBNkgBRAJpADco
333=KQA4KCkAOSgpADooKQA7SQEFUApRCDzIAQEDAAA9SQHlSAkBCAAAPsgBAQkAAD/IAQEKAA
334=BAyAEBCwAAQUkB+kwFSQBCyAFdCUPIAV0KREkBAEgCXQpFyAEBBAAARsgBAQUAAEdoAVgH
335=SQBIKCkASUkBf1gHVQJKSQF5qQFLSAFEAmkATEkBe7UCTUkBdKkBTkkBcqkBT0kBd6kBUC
336=gpAFFIAdEJUkgBizgAAFMoKQBUSAGJZABaijgAn2IAAFZUAs0FV0gBeIpNPFhJAaRzEQQA
337=WUgBmGl7ijgAKLUCW1UCpmsBBQBcSAFkAQEABQBdKCkAXkkBoHsCBQBfSAHBXGBIAXACAQ
338=AFAGEoKQBiSAGAZ3iK238EAGRUAo8FBABlKCkAZigpAGcoKQBoKCsABAA5lAZNcwUoKQAG
339=KCkABygpAAgoKQAJKCkACigpAAsoKQAMKCkADUgBm6sGAA5IAZurBgAPKCkAECgpABFJAS
340=1jEgYAEkgBZAFFExNIASdaETkAiG94iifpAhZABM0FF0gBlCN4isAEeoo5AIQIeoo5ANGC
341=G0wFkzUFABxIAY88BQAdSAGQCXqKOQCQQHiKJ9kAIEAExQghSAHFCCJIAcUII0gBjBB7ij
342=kAoHcJBAAlVAKYBniK0Al4iicpAChABIQIeYo5TWMAYWYqVAJ4iklYK8gBTWgsSQF+SAJJ
343=Cy1IAXiKVQEuyAFBBC9IAXiKVQIwKCkAMcgBQQQySAF4ikEEM8gBVQI0SQGBSAJdCjVIAV
344=gAaQA2KCkAN0kB0W0CAFJIOQBoAVV6OVQCYIhJejrIAUl6O8gBAQYAADzJAQd6ijkAeYoM
345=eIqpAQ14iqkBDniKqQEPeoo5AHiKRRNCRAhoAUkMQ8gBSQxESAF0JEkMRcgBSQxGaAGxFE
346=coKQBIKCkASSgpAEooKQBLKCkATEgB3Y5NSAHBiE5JAXm1I09IAcWBUCgpAFFIAYeBAABS
347=SQGerRBTSAHNBVQoKQBVKCkAVigpAFdJAVtYBpmKOUABSAB4iicpAFpABCdYEdQCeIrcTH
348=qKOQCM1iK2IjkA2VNfWAaTSwUAYEgBVgoAAHiKJwUBYlQC0VZjSAGABHiKwAR4iicpAGYo
349=gQBnKCsAAwA6lAZFdgRIAc1+BUgBzX4GKCkABygpAAgoKQAJKCkACkgBxYELSAGACyK0Ii
350=eJAQ1UApwgeIrVAgdbijoAoHMFBwAQQASDqQcAEUgBjBt5ijp5AwBRFBNUApR7IrUiOqi8
351=eIongQAWQASTBQYAF0gBhAh4isAEeYo6KFkROqOTBQAbTAWYBniKJ60AHVUCMnsCBAAeSQ
352=EzqQEfSAGPEAUAIEgBxTQhSAHNBSJJASutBSNIASWJIiRIAZyZeYo6rDx4iicpACdABJEJ
353=BE3QOoyJXVYpVALBUSpIASX9ICtIAd3mLEkBeUAFQQ4tSAHNBS5IAc0FL0gBzQUwKCkAMU
354=kBdrkGMkgBxWAzSAHFYDRIAUwKaQA1KCkANkkB7G8CAAA3yAFNiThIAXiKTX45SAF6iggA
355=QgE6AGgBAQkAADtQAbQGWIrcK3iKJykAPiiBAD9IAckXQEgB0RRBSAHFCEJIAdkcQ0gBzQ
356=VESAHNBUVIAc0FRigpAEcoKQBIKCkASSgpAEooKQBLKCkATCgpAE0oKQBOKCkAT0kBmFAg
357=SZtQSAHFE1FJAVdQEFGCUkkBVEgBAQAEAFPIAVUCVEkBU7UCVcgBVQJWSAFsiQECBABXSQ
358=GioQRYSAFkAUUIWSgpAFpIAZtpBABbSAGABHmKOuHgXVQChEp6ijoA2VNfVALZU2AoKQBh
359=KCkAYkgB0VZjSAGcCniK0DV4iicpAGYogQACVDyPBQYAAygpAARIAZMUBgAFSAGBBAdFeT
360=uGAQAHRAAnKQAIKIEACSgpAApJATF3BQYAC0gBwZMMSAHRjQ1IAckMDkgBaAVVCg9IAZl0
361=B1mKO6iFeoo7AJCCeIrDDwYAE0wFmAZ4iidVABUoVQAWSAGZJwVaijsAlCN4iswFeYo79S
362=4aTAXVLhtIAZwKeIonrQAdVAKMEHmKO1B9SwQEAB9UAkEBAFkkIEgBlw0EACFIAZcNBAAi
363=SQGgZwQEACNIAZzFIrUiO7CYeIrIDHuKOwBFrQUnTAVoAUVUKEgB1WUpSAHRgipIAdHlK0
364=gBzYksSAHJWS0oKQAuSAHN7C9IAdkGMCgpADEoKQAySAHJDDNIAc1zNEgBYBNNADVJActc
365=AEkANsgBURQ3SAFkjE2JOEgBUANpADkoKQA6KCkAOygpADwoKQA9KCkAPigpAD9IAckXQE
366=gByRdBSAHRFEIoKQBDSAHBBERIAckiRUgBbBFNAEYoKQBHKCkASCgpAEkoKQBKSQFWTAYB
367=AAQAS8gBQX1MSQFTtQJNyAFVAk5JAVS1Ak/IAVUCUEgBbIlRglHIAQEDBABSSAHdQVNIAZ
368=/mBABUSAFgCFUNVSgpAFYoKQBXSAHd0FhJAZpwBSK0IiftCFpUAphpeIrUAniKJykAXUAE
369=dQYAeIrbaQQAX/cCBABgKCkAYSgpAGIoKQBjKCkAZCgpAGUoKQABWMSLDAYAAigpAAMoKQ
370=AESAGQFHmKPIgFTX4GVAKMAXiKJ1UACChVAAlJAaBnBAcACkkBmKkBC0gBnyAHAAxIAY9z
371=BgANSAHJDA5IAWgFSQwPKCkAECgpABFIAdkGEkgBjAV4iswQeYo8v68FABVABJ+vBQAWSA
372=GUe3iKzAV4iicpABlABJAJIhA0J1UAG1QClBh6ijwAiBciETQ8qJt5ijwoWhE8ACUdOyBY
373=BpAUeoo8AIQIeYo8JHA1eYo8Jl0iJE0Fm2QPe4o8AJ6pASZUAmyJAQIAACdJAYBcAEEDKE
374=gB1WUpSAHVZSpIAcGIKygpACwoKQAtKCkALigpAC8oKQAwKCkAMUgBlRgAVyg8AHuhDzNV
375=AnWpATRIAUgRaQA1SAF4ikEDNsgBTYk3SAF0A00AOCgpADkoKQA6SQGNVANJADvIAVWRPE
376=kBbUgCSQA9yAFVAj5JAW9IAkkAP0kBklwASQBAyAFBBEFIAdGNQkgBySJDSAGXLgAAREgB
377=kSoAXLTAOyJsRScpAEdABEwKaQBIKCkASSgpAEpIAXiKUYJLSAFgBU1+TCgpAE0oKQBOKC
378=kATygpAFAoKQBRSAGEE3iKJz0IU1UClmALeYo8JIcyBABVVAKDZwQAVigpAFdIAc0FWCgp
379=AFlIAZhTImxFJ00KW1QCeQoAeIrEHiIQNCcpAF5ABMVVX0gBjAV4isMEBABhKFUAYigpAG
380=MoKQBkKCgAAQIAPQAj6y4FAANIAZEJBkklPahkYYg9kAJVewbgBGCIJ1UACChVAAlIASVV
381=IQpIAYtkBwALSQGdbAhhiD20cGOIPQAvdAIiujM9AIx+IhRFJykAEFgG1QIRSAGEgSJdIj
382=2sc2GIPbR7YIjcCmCIxBNgiCcpABdECHANUSoYKCkAGSgpABooKQAbSAGUGGGIPSRsJGCI
383=yAxgiMgXIlwi3xUEACBYBpAUYYg9JLwjYIjECGOIPQA/cBAiXiI9AJh/Y4g9AE21AiZECG
384=gBSWQnSAGBBABcMM8FAAApKFUAKigpACtIAWAITQAsKCkALSgpAC4oKQAvSQF8TH9NBTBI
385=AdH7MSgpADJJAXKhBDNIAScAEccpAAA1VQIbRBRFCDbIAVUBN0gBRAJpADgoKQA5KCkAOk
386=gBYIhJCzvIAV2OPEgBYIhVAj3IAVUCPkgBYIhdCj9IAWCIQQRAyAFBBEFIAdUjQigpAENJ
387=AaVkEGOIPQCXWAdNBUVUArICAEYoKQBHKCkASEgBIvwgAQEEAElIASXZIUrIAVUCS0gBhw
388=gEAExJAaBtAQRNNj3tfk5UAs1+TygpAFAoKQBRSAGQYWGIPfXIU1QC0YJUKCkAVUgBzQVW
389=KCkAVygpAFgoKQBZSAGEa2CIxHYiXCLQNWCIJykAXUwFZRcAIlwiJykLX/QCYIjMBWCI02
390=wEAGJABM2UY0gBhQgESYU+hQEAaYU+/3gFAD79eAYoKQAHKCkACEgBk40GAAlIAYgIIqwh
391=0AlohScpAAxABJScaIXUAmiFJykAD0AEhwgGABAoKQARKCkAEkgBIywnaYU+JBwwaoU+AC
392=PANGqFPgAjlDRohdwKIqwhJykAGEQIiAwiCTM+vI4irSE+vI4iZEQnrQAcTQUycwUEAB1I
393=AcWBHkgBI/RAa4U+AJyhBCBUAtEqIUgBIjhlSa4iyAFdViNIAWiFWV4kyQEDa4U+AEhnCA
394=AAJlQC3XgnSAEl+TAoSAHdYikoKQAqSQF+RAlFBytIAVgAaQAsKCkALSgpAC4oKQAvSQF/
395=uQYwSAElDSMxSQFytQIySAHVAjNJAXm1AjRIAXwLTQA1SAFohUEDNsgBQXI3SAFQA2kAOE
396=kBjGMBAAA5yAFRHzpJAXK1AjvIAVUCPEkBWlwAQQM9SQFQSAFRCT7IAUkMP0kBhlQDSQBA
397=yAFNBEFJAaBIAkkAQkgBJVUhQ0gBzX5ESAFohQEGBABFSAHZf0bIAVl/R0gBbgUCBFIvPg
398=BoAU0xSVQCTQoAXTZKSAGIDCIJMz7xgkxUAt14TSgpAE4oKQBPKCkAUEgB3XhRSAHdClIo
399=KQBTSAGI0iKtIT6o0iKtIT6IBU0QVkAEjAEiZEQnVQBYKFUAWSgpAFpIAYTvaIXHdgQAXF
400=QCm+0EAF0oKQBeSAHJWV9IAckMYCgpAGFIAcUTYkgB1RgEoN0iUVIFKCkABigpAAcoKQAI
401=SAGYEXGCP+GIClQCmBEiXEMnVQAMVAKYEXGCP5QRSZAOVAKMASL8ICdVABBUApsyBgARSA
402=GAtCL9ID8kQC9xgj8oUBAn2QAVTAXdgxZIAd2DF0gBkAkiATI/vHhxgj+wuXCCJykAG0wF
403=nEwi/SA/JLwjcoI/ACMEWSL9ID9I+UQWcYI/qJAi/iA/AJjXBgQAIQA/AEYAABEAAOUPAC
404=AGAAIAACIAPwB8XAAFAAAAIwA/AHapASRJAT9IAgEFAAAlSAHBBCZJAXehBCdJAXmpAShK
405=Af//UwUAAClJAYC1AipIAc0FK0kBerUCLEgBhwUAAC0oKQAuKCkALygpADBIAd0KMUkBfa
406=UIMkkBpqkIM0gBpgEANCgpADVIAQUbAQAABAAANsgBVRg3SAHNBThJAYxMAV0JOcgBAQMA
407=ADpJAXK1AjvIAVUCPEkBUFAJSQE9SQFOSAFJAD5IAXQCWQU/SQGGXABRCUDIAU0FQUkBnV
408=QCSQBCSQFXXAABAgQAQ8gBAQMEAERIAVACdRRFSQGgbwEEAEZJAZipAUcoKQBISQGatQJJ
409=SAFkAVEbSkkBo28BBABLSAGXDQQATEgBcAJBBE0oKQBOSQEsewIEAE9JASmpAVAoKQBRKC
410=kAUigpAFNJAS2tBVRIAcUIVUgBxQhWKCkAVygpAFhIAdkGWUgB2QZaSAHZBlsoKQBcKCkA
411=XUgB2QZeSAF8DlUYXygpAGAoKQBhKCsABQBAigUABkQAJykAByhVAAgoKQAJKCkACkgBhx
412=MGAAtIAYcTBgAMKCkADSgpAA5IAYcTBgAPSAGbDQYAEEkBn28BBgARSQGWqQESKCkAE0kB
413=mbUCFEgBZAFJFBUoKQAWSQEqewIFABdJAaWpARhIAWQBAQAFABkoKQAaKCkAG0kBMmcEBA
414=AcSQEuqQEdSQEoqQEeSAGLZAUAH0gBiwwEACBJAU+hBCHIAUlZIkkBf1BXQQMjSQFyqQEk
415=SQF0qQElSQF1qQEmSAHBcicoKQAoSQF+oQQpSAFACWkAKigpACsoKQAsKCkALSgpAC4oKQ
416=AvKCkAMEgB1Q0xSAHRFDJIAc2JM0gBaA1NADQoKQA1SQHGSAJJADbIAVkcN0gBRAJpADhJ
417=AY5jAQAAOcgBQQQ6SQF6tQI7yAFVAjxIAc1+PcgBVXs+SAF4f1EeP0gBeH9FB0DIAVkGQU
418=kBVkgCXVdCyQEBeH/YU3h/JykARUAE3XhGSQGbuQZHKCkASEgB1XtJSAF8A10KSkgBnFd5
419=f0BAr1wCeH8nKQBNQASXWgQATkkBMFwDWQZPSAGbBgUAUEgBgwQFAFEoKQBSSAGPXQUAU0
420=gBzUdUSAHRS1VIAWwJWVNWKCkAVygpAFhIAdkGWUgB2QZaSQGgfwYFAFtIAZ+ZBQBcSAFw
421=AgEABQBdSAHZBl5IAZcCBABfKCkAYCgrAAYAQZwDWWkHKCkACCgpAAkoKQAKSAGMEGB92Q
422=YHQH0nKQANQASXCQcADkgBjBBgfcAEYn1BAIQ0Yn1BACegDycpABNYBiegDyfZABVUAp8K
423=BgAWSAGcCmB9wwQFABhUAoAEYH0nVQAaKFUAG0kBMWQEYX1B7TwdVQI4tQIeSQErqQEfSA
424=HFgSBIAZt/BAAhSAFsfgEEBAAiyAFN4SNJAXtQV0UHJEgBzX4lSQF5tQImSAHJbydIAdX/
425=KEgBzQUpSAHdgypIAcFyK0gBTAppACxIAdGCLUgBaAJNAC4oKQAvKCkAMEgB1Q0xKCkAMi
426=gpADNIAVQHaQA0SQHyQAFRbDXIAUkWNkgBbH5NczdIAZMfAAA4SAFgfUEEOcgBQQQ6SAFg
427=fVUCO8gBVQI8SAFgfUkBPUgBdHtJDD5JAVVcAEEOP0gBYH1ZBkDIAU0FQUgBYH1R+0JIAV
428=wEZfpDKCkARCgpAEUoKQBGSAGXcAQAR0gBl3AEAEgoKQBJKCkASkgB0XdLSAGJDAVc/CfB
429=CE0oVQBOKCkAT0gBmF5gfc0FBkB9JykAUkAEzVJT6wEEAFRIAZsGBABVSAHVDVZJAaBvAQ
430=UAV0gB0XdYSAGHCAQAWUgB2QZaSAGUZWJ9QQCEl2B9wA9ifUEA2QZeTAV4CkGTXygrAAcA
431=QpACVXsIKCkACSgpAApIAZQNaHrMBWh6JykADUAEiAhpekK0DWh6wQQGTPcnKQARTAWfFQ
432=YAEkgB1XsTSAEnSA8nrQAVVAKcCmh63ApoesAEaHonKQAZ7wUFABooKQAbSAHFKRxIAcUp
433=HUgBwX0eSAGdrwRP90IAongNbPfcCmt6QgBKtQIiTAVoAUVUI0gBJ0oPQgDB9iVUAsVrJk
434=gB3XgnSAHdeChIASWRLilJAXlUW0kLKkgBWABpACtIAdkGLEgBzQUtSQF4rQUuSAHZfy9I
435=AWwGTQAwSAHBDzEoKQAyKCkAM0gBfHhNaDTIAQEEAAA1yAFNlDZIAUAJaQA3SAHNEDhIAd
436=2OOUgBJbEyOkkBd2cFAAA7yAFJIjxIAXx4XRQ9yAFVDT5JAU1UA1UCP0kBhbkGQMgBQQNB
437=SQFgdQIEQAEn1QVDUAFwAkVVREgB0XdFSAHRd0ZIAdl0R0gBjQUFSHrHCAUASShVAEooKQ
438=BLSAHdQUxIAd1BTUgBxQhOKCkAT0gBmF5oetwKaHonKQBSQASEa2z32FNqekIAmAZoes8F
439=BQBWTAWYXml6Qvl0WFQChAhoeifZAFpUAtkRWygpAFwoKQBdSAHZBl5IAY8FBAAIIcAziw
440=EGAAkoKQAKSAGYEXF3Q50DAHB3JykADUAEmAJxd0Mo8A7BBAZQdycpABHsBXF3Q/X0E1QC
441=n44GABRIAZMJBgAVKCkAFkgBnBVwd9AJcHcnKQAZQASYBnB3J1UAG1QCI8cvBQAcSAGLhQ
442=UAHUgB3TYeSAGcCnB32BFyd0MAgARxd0OQd13FIkwFcHdNUiNIASfyDkMA0WwlVALNXSZI
443=AcV2J0gB1XsoSAGQFCLcPdEUAFwlJykAK0EEgUBdUQQsSAFYAGkALSgpAC4oKQAvKCkAMC
444=gpADEoKQAyKCkAMygpADRIAX14B3J3QwDNfjZUAskBN0gBJekuOEgB1Rg5SAHVGDpJAXZ8
445=EnJ3QwBoAVVwPFUCT1wASQA9SAF8eE0EPsgBVQI/SAFwd1kbQMgBRSlBSAFxdwFyd0MAhG
446=si4C0nAQZEQASXTwQARUgBTwoAAAUh3D3NJgVc8ScpAEgogQBJKCkASigpAEtIAc1oTEgB
447=i04FAE1IAd0KTigpAE9JAS94AnJ3QwAj1SYFXPEnKQBSQAQjAycFAFNIAdlIVEgBmAZwd8
448=0FBFB3JykAV0AEkwkEAFhIAYQIcndDANkGWlQCwQRbKCkAXCgpAF1IAdsGCQBEaRQARe8K
449=SAGECHl0RLwVInw8JykADUAEnwoGAA5IAYQIbOwnBQEQVAKUCSLYLCdVABJUApenBgATSA
450=GUp3p0RACU3nh0J60AFkAEmOJ4dMAEeHTABCLYLCcpABpNBaB7DQUAG0gBzXMcSAEjRDV5
451=dET1nB5UApwKeHTcCnt0RAChZAh7dEQAS6kBIkwFaAFJTiNIASURSiRIAcFcJUgB0XcmSA
452=HBXCdIAd14KEgBxeQpSAF4Ck0AKkgBJYEsK0gBRAJpACwoKQAtKCkALigpAC8oKQAwKCkA
453=MSgpADIoKQAzKCkANEgB3RU1KCkANigpADcoKQA4SAHFdjlJAXlEbEkTOkgBbHNVATvIAV
454=1tPEgBeHRJAT1IAXh0QQQ+yAFVAj9JAZBYB0kAQMgBRSlBSQFfSAJV6UJIAYxoeHTENCJ9
455=PETt1kVABGkFAHt0RACgbAF5dESsqmzsJxEISSitAEooKQBLKCkATEkBMmUIBFh0yFkifD
456=wnKQBPQASXWgQAUCgpAFEoKQBSKCkAU0gBm14EAFRIAXgKQRpVKCkAVigpAFcoKQBYKCkA
457=WSgpAFooKQBbKCkAXCgpAApBljNvDAUAC0gBZAFZdAwoKQANKCkADigpAA8oKQAQKCkAES
458=gpABJIAYSiYXJFmApd8RRUAoiQYHLUAiLQKycpABfgBGBy1AJhckXlNBpABNVwG0gBIzAt
459=fOYnrQAdVAKbDQUAHigpAB9IAYAPYXJFKEEORYBynOaoAVFLI0wFxVUkSAHR5SVJAXJUUE
460=0LJkgB2cwnSAFEAmkAKCgpAClIASVpKSpIAdkGK0gBJXkrLEgB3QotSAHVAi5IAcl6L0gB
461=cApNADAoKQAxKCkAMigpADMoKQA0SQGCsRQ1SAElxTo2SAHZETdIASV5KzhIAVgLaQA5SA
462=HdeDpIASfSK0UAaAFFazxUAnRwSQE9SAFsc10GPsgBVQI/SAFgck0PQMgBRSlBSAFgcpzm
463=xDRgcicpAERABJREfObUAmFyRSTMJWFyRfmrSEwFUg4AACLQKyetAEpVAjJ4AiLBSkWgyi
464=LCSkUAzWhNQAR8A01oTigpAE8oKQBQKCkAUSgpAFIoKQBTKCkAVEkBoHcJBABVSAEl+SVW
465=SAFwAkkMVygpAFgoKQBZKCkAWigpAFsoKwALAEaACIhvJykADShVAA4oKQAPKCkAECgpAB
466=EoKQASSAHN7BNIAZyObeFGqCJqb0YAlBhpb0ajngYAF0wFmNdpb0YkWEhpb0ao6CLJKkYk
467=lEpu4UYAJ+gN3BVs4ScpAB5QCZRPIq5YRgAn6g1GACM4Wm/hRgBObB4iCEmoAVlII/sGAA
468=AkSAHVcCVJAXJES1kFJigpACdIAclZKEgBUANpAClIAd3mKkgB2cwrSAF0A00ALEgBJfUq
469=LUgBRAJpAC4oKQAvKCkAMCgpADEoKQAyKCkAMygpADQoKQA1KCkANkgB2RE3SAHVhjhIAd
470=1tOSgpADpJAY9wESLKKkYAaAFJIjxVAn61Aj3IAVUCPkkBf7UCP0gBiy0AAEBIAd0KQUgB
471=InxoiG/YMmhvJykAREAElERpb0bhZ0ZUApjBIghJzAVs4ScpAElABJ8OBQBKSAGARmhvwE
472=ZobycpAE1ABCMkJmzhJ1UAT1QCI1AmbOHfCgQAUVQCnwoEAFIoKQBTKCkAVEgBxfpVSAEj
473=VywEAFZIAdkGV0gBlFoiyCrUWiLIKieJAVpABM8FDABHhAFdbQ0oKQAOKCkADygpABBIAZ
474=wKIsIpRwAjIG0iXzhHAJxsCHzbJ1UAFEwFwQQVSAGA1XFsR7RlcGwn4QEYQARgCE0QGUgB
475=hClxbEfpbxtUApgnfNsnVQAdVAKYJ3zb0AlybEcAhAh920ekdnFsRyapRyJYBnxtAQQEAC
476=PJAQVxbEcmcTUlVALdbSZIAd1tJygpAChIAc3WKUgByVkqSAGVGABISNsRAAAsKFUALSgp
477=AC4oKQAvKCkAMCgpADEoKQAyKCkAMygpADQoKQA1KCkANkgByRc3SAHNfjhIAdFhOUgB2e
478=I6SAFka1mJO8gBQdU8SAFwbFUCPcgBVQI+SAFwbF1tP0kBWH0cBFJsRwBkawECBABBVAJp
479=AQMiXThHrKpxbEesqiLAKcgicGwnKQBGWAbV3kdIAXkKAHBswAR82ycpAEoogQBLKCkATC
480=gpAE0oKQBOKCkAT0gB3UFQSAGYSHBs2EhwbCcpAFNABIRKIsApwA982ycpAFZABJEUBEEf
481=R6jzcWxHqPNwbApHAAAAAAAABAANAEgAEQAAxA8AIAcAAAAAAAYADgBIXABLAAYADygpAB
482=BJAZ9QAgEABgARSQGZqQESSAFkAVUCE0gBwQQUSQGWewIGABVJAZupARZJAZ2pARdIAWQB
483=WQYYKCkAGSgpABooKQAbSQGgcwUGABxJAZqpAR1JATFrAQUAHkkBLakBH0gBgwQFACBJAS
484=p3AgQAIUkBoakBIkkBU6kBI8gBAQEEACRJAVC1AiXIAQEBAAAmSgF/AnoCACdJAXKpASgo
485=KQApKCkAKkkBdqEEK0gBkwYAACwoKQAtKCkALigpAC8oKQAwKCkAMSgpADJJAXy9CjNIAc
486=kMNEgByQw1KCkANigpADcoKQA4KCkAOSgpADpIAd0KO0gB3Qo8SgH//4ULPUgBly4AAD5I
487=AZs9AAA/SQFffwMEAEBIAWQBAQAEAEEoKQBCSQGjewIEAENIAZs9BABESAFwAk0FRUkBLG
488=8BBABGSQEwqQFHSAFmAQAFQAHXTwUASVAB1QJKKCkASygpAExJAaBnBAUATUkBmKkBTigp
489=AE9IAd1BUEgBfAMBAAUAUSgpAFIoKQBTSAHBRlRIAY8FBABVKCkAVigpAFcoKQBYKCkADk
490=QWmAZhZ0mEAUFcEFQCiCJiZ0kA3WISVAKfFQYAE0gByWQUSAGILWBnJwUBFlQClwkGABco
491=KQAYSQGgewIGABlIAZscBgAaSAFwAkEPG0gBwXIcSAHBDx1IAc0FHkgBhx4FAB9IAZA1Ym
492=dJAJQCYmdJAIsXBAAiQQSeYwsEACNIAWQBVTkkSAHVAiVIAW5oBARCZ0kAagEFAEJnSQDN
493=aChBBHepWSkoKQAqSQF5tQIrSAGcCmJnSQDZUy1VAnShBC5JAXqpAS9IAc0FMCgpADFIAd
494=kGMkgBxXYzKCkANEgBzV01SAHFCDZJAX69CjdIAdUCOCgpADkoKQA6SQF7rQU7SAHJDDxI
495=Ad0KPUgBjCZiZ0kAlDliZ0kAYGdRjUBABIgMYGfPPAQAQihVAEMoKQBESAHVZUVIAdVlRk
496=gBlwIFAEdJASl0CWJnSQDJAUlUAsWiSkgBfAMBAAUASygpAExIAZAUYmdJAJdPBQBOVALJ
497=AU9IAYFGBUY5SQCARmBn3xUFAFJABN0KU0gBi7EEAFRIAYAPYGfPBQQAVlQCjwUEAFcoKw
498=APAEqQAkVVECgpABFIAYcTBgASSAGMUmhkJ60AFFQC1VoVSAHNaBYoKQAXKCkAGEgBlBhp
499=ZEq4HGpkSgDZBhsogQAcKCkAHUgBnTYGTctKsGFoZMwQamRKAMUeIUwFlC5pZEqgMGhkJy
500=kAJEAEySIlSQFObB5pZEpaLQAAWcwnVALRrihIAXwDTQApKCkAKigpACsoKQAsSAHFay1I
501=Ac1oLkgBVAdpAC8oKQAwKCkAMUgB3VcySAHdVzMoKQA0KCkANUgByW82SAHNBTdIAdUCOE
502=gB2V45SAF0Dk0AOkgByQw7SAHZBjxIAdEUPUgBXARpAD5IAYjza2RKAGBsAmzLyC1oZCcp
503=AEJNBaChBENIAYxSb8tKACi1AkVUAt1iRkgBlGVoZMUIBkS1JykASUAElZwFQwFKADKlCE
504=tRATOpAUxIAWUBAGhk2AZoZCcpAE9ABIRVaGTQS2hk0EtpZErhZ1NMBdEJVEgBzUdVSAHN
505=R1ZIAYMEBAAQQHWIAX3FS4QBSWQSKFUAEygpABRIAYwQfcVL4VwWVAKceHzFJ1UAGFQC2W
506=kZSAGAC3FhS6u8BgAbVALZBhwoKQAdSAHZBh5IAc0mH0gBhAhzYUsAoG8BBQAhVAKFawVd
507=xUuxbAVdxUv9ICRABIcIBAAlSQGmeAZxYUuQYUnHJ1QCaGRJxyhIAd1iKSgpACooKQArKC
508=kALCgpAC1IAXgKTQAuKCkALygpADAoKQAxSAHFVTJJAXK9ujMoKQA0KCkANSgpADYoKQA3
509=KCkAOEkBd6UIOUkBeKkBOkgB1QI7SAHFYDxIAUAUaQA9KCkAPkkBpWwCcWFLkGGcxdBAcG
510=EnKQBCTAWEPyKjJUsAnXgGcWFLKDAMywEFAEZMBXwDWUhHKCkASCgpAElIAZgycWFLoZ4E
511=TALHCAQATFABhAhwYcwQcGEnKQBPQQQyZQQEXsVLAM1oUVQCkBRwYdMUBQBTVAJqBQAFXM
512=UnBQFVKFUAEVwNgARtwEyFAQBswCcpABQogQAVKCkAFigpABcoKQAYKCkAGSgpABooKQAb
513=KCkAHCgpAB0oKQAeSAGEdm3ATKi8el5MAJy6eV5MqG95XkwkhCd5Xky3/wUAJEQInCt4Xt
514=QYeV5MTCFbGwQAJ0AEIlgyWT0oSQFUUgIABEUNTEQkUcQESzJMAFG1AitABGgBSccsSQGi
515=dQIASBHfCgAALlQCsgIAL0gBJUEkMEgB2bYxSQFyuVMySAHZUzMoKQA0KCkANSgpADYoKQ
516=A3SAHJWThIAdUNOSgpADooKQA7KCkAPCgpAD0oKQA+SAHBfT9JAV50CWzAwBp4XicpAEJA
517=BHwDVSNDKCkAREgBJw0YTKRgeF7bBgYAR0AEmAZtwEy0vSJ9MUxQJVwCeV5MTCxIAXhexA
518=h4XsQIeV5M9ZxOUQmaSAVdV09IAYhDel5MAIXOBEA1J9kAUkAEaAVNBVMoKQBUKCsAEgBN
519=nAOAXCcpABQoVQAVKCkAFigpABcoKQAYKCkAGUgBnEF8uicxARtUAowMIgA9J1UAHVUCoH
520=gCIpMjTQCeqQEfVAJkAVkRIEgBkFZgXNgGYVxNvMVhXE28jmFcTfknJVgGhAhgXNgGY1xN
521=AKR5AgRXM00AnKkBKUwFhClhXE2zIgQAK1QCYCiCXE0AxaItVALJWS5IAclZL0gB3VcwSA
522=HVWjFJAXXiXE0A0UszVALJATQoKQA1SAF0EU0ANigpADcoKQA4KCkAOSgpADooKQA7KCkA
523=PCgpAD0oKQA+SQFXXAtVez9IAWBcSQFASAFRAgBJWUFIASPgIiIdME1cflwCfLonKQBEQA
524=TRS0VIAYxdYVxNrFJhXE2s7GBczDFgXMAwYFzUAmFcTVAwiQxMUAlCAQAAYFwnYQdOVAKD
525=ygUAT0gBwQRQKCkAUSgpAFIoKQBTKCkAE5z5QwcGABQoKQAVKCkAFigpABdJAaBIBUlOGE
526=gBI/wgIr0uTqCpaVlO7RsbQARoBU0FHEgBh0oGAB1IASe9Lk71ex9VAitwBW21TuF9IVQC
527=cQIAaFkipCFQAWhZJykAJEAEyXolSAElfSYmKCkAJygpAChIAYzAbrVOACMgK2hZZ4QAAA
528=JoWakBAyJJO04oSjtOAMVVLkQIxVUvSAHZUzBIASVtLzFIAcWtMkgBwQQzSAEj8yQAADRI
529=AdFLNUkBUlwZRUo2yAFdTDdIAWzLVQI4yAFVAjlIAc0FOsgBVQI7SAHRzzzIAVUCPUgBaA
530=xBGj7IAQEDBAA/SAFwDV0KQCgpAEFIAZhTaFknUQVDVAKPBQUARCgpAEVIAYwFaVlOuIpp
531=WU64imlZTiScNWlZTkzcTAhpWU7wjSLdKC9QAk0QTFAJmT0EWVBOUIhZAgRNAk4mMSJPUA
532=FMAm1dUCgpAFEoKQBSSQEyZQQEUVZPYQEAXUwVTGCPAQYAFkkBoGwBIl0tT/lTGFQCJ5E5
533=TyQgIHBWJykAG0AE2ascSAFgCF0KHUgBiJt9r0/5HB9UAohOcVZPpIF8rycpACJABIhOcF
534=bQFH6vTwCHEwUAJUAEj2gFACYoKQAnSAGFrQVJf0/5JylUAowQcVZPUAFME3BWqAGer08A
535=wVEtWAPFrS5IAc1SL0gBzVIwKCkAMSgpADIoKQAzSAHZSDTIAVlINUgBWA55oDYoKQA3SA
536=GDGgQAOEgBixcEADlIAc0FOkgBwQQ7SAHBBDxIAcEEPSgpAD4oKQA/KCkAQCgpAEFIAYBR
537=cFYnUQVDVAKQCXBWJ1UARVQCiE5xVk+wSyKQOcAEcFYnKQBJTAXJ6EroAXyvwAQigCEnKQ
538=BNQASUDXFWT1Q0UQEETALABCKQOScpAFFcAlsDAAAFIXxdIqRNUAF5U1DvaBcAUCh5ClAk
539=GCpuqlAAmMx5U1CwSyLYNycpABxYBpBLbKonXQEeVAJADHFhH0kBoG8BBgAgSAGXLgYAIU
540=gBcAJVWiJIAcUeI0gBlAJ4U9AJeFPEE3hTJykAJ0wFxc4oSAGECGyq2AZ6U1AAgJ55U1Ca
541=HwQEUBmpAQUi/StQJIAhIv0rUCQ7IwAAL1AJJ3kKUCYhIDFVAlZrEwQAMsgBVZwzSQFYtQ
542=I0SAFkAVmKNSgpADYoKQA3SAEjYDN5U1C4lXhTJ70COiiBADtIAY8bBAA8SAHdCj1IAYcp
543=BAA+SAGEdm2qUKjdIvwrJzEBQUAEJ3gK1wIFAENUApAJeFMnVQBFKFUARkgBmAZ4U8AEeF
544=MnKAAilFaILW2qUPGCS1gGnAp4U8wFbKonKQBOQASEYHlTUOWtUFQC3q8WACJ8MkwIfaRR
545=7VIYVAKcIGFRUaBcYVFRvzYHABtABIdKBwAcSAGQ8GFRUeVVHlQC2VMfSAGAMGFRUe1dIV
546=QChwgGACJIAc0bI0gBUBF1ZSQoKQAlSAGYtmFRUatkBQAnVALNBShIAYwQYFHMEGFRUbzQ
547=YlFRAMnoLEwFaAFZSC1IAdntLsgBVQIvSAHB6zDIAVUCMUgBYFFB6zJIAYEPBEiK2ScEUv
548=tRANVENUAEjxsEADZIAc0FN0gBiHpgUSeRAjlUApfIBAA6KCkAO0gBmCdgUSeJAT1UAoQp
549=YFHEKWBRyCJgUSetAEFMBcU/QkgB2T1DKCkAREgBJe0/RUgBkBR9pFFEcVABYVFRoEYivF
550=onKQBJTQUuXQMAYVFRKCAKJ+ABJfA7ccRNTAVoBU1zTigpAE8oKQAXsDJ5lRhIAZQjaU5S
551=JHg2aE5oNUwIak5SACMwWWlOUiTDSgcAHVgGiy0HAB5IAZtIBgAfSAFQBn0KIEgBmAZtn1
552=K4f2lOUqgXaPPIDGyfJykAJVgGiC1pTlKwVmhOwA9p81K5fwVIXifZACpYBowQaE7UAmyf
553=JykALUAEIyssBAAuSAElcTUvSAGdFQRAHyetADEoVQAyKCkAMygpADRIAY8bBAA1SAGEdm
554=hOJwUBN1QCmIpoTtUCBUjzJykAOkAEgw8FADtIAckXPEgBlwIEAD0oKQA+SAHVDT9IASMU
555=L2hO0Aki7D8nKQBCQATFCENIAYA7IshLwzsEAEVUAoAEaE7YBmhOJykASCiBAEkoKQBKSA
556=HRFEtIAYQIbJ/YBmyfJykATiiDABgAU/GYGUgBmwYHABooKQAbSAGMG3FLUyRgKHFLU7CN
557=cUtToEZxS1OgfXyZwARwS4SJaU4iUAmUkXFLU1hDXA1xS1O0kWDrzAVxS1O0WnFLU/1MKE
558=QInCtwSyesAAkqAFMAMQAAAAAEACsRAADXDqofCABTACkAAAAABAAsKCkALSgpAC5KAS0A
559=QwAEAC9IAUABbQUwSQGgbwEEADFJAZqpATJIAWQBUQkzSAHBBDRJAZl7AgQANUgBZAFBBD
560=YoKQA3SQEoewIEADhIAWQBAQAFADlJAaBvAQUAOkgBiwwFADtJASp3AgQAPEgBZAFRCT0o
561=KQA+SQGjewIEAD9JAZ2pAUBJASypAUFJASmpAUIoKQBDSQEwtQJESAFkAQEABQBFKCkARi
562=gpAEdJAaBnBAUASEgBxRNJSAFwAgEABQBKSAHRFEtIAZcCBABMKCkATSgrABkAVJwDAQAH
563=ABooKQAbSQGlfwIHABxIAWQBQQQdSAHVAh5IAYsMBgAfSAGHHgYAIEgBhx4GACFIAZsGBg
564=AiSQGkbwEGACNIAZ8VBgAkSAGHCAUAJUkBoGMEBQAmSQGWqQEnSQGbqQEoKCkAKUkBmLUC
565=KkgBkwkFACtIAXICAAVYSMMaBQAtKFUALkgBlA14SMMEBAAwVAKIF3pIVACLFwQAMlQCkw
566=kEADNIAcEENEgBwQQ1SAHBBDYoKQA3SAEnGAnIDHpIVACECHhIyAx6SFQA2RE8WAbRCT1I
567=AdVEPkgB1UQ/KCkAQEgB1URBSAGPBQUAQkgBjwUFAEMoKQBEKCkARUgBj2gFAEZIAZcNBQ
568=BHSAHFE0hIAY8bBQBJSAHBBEpIAdEUS0gBlAJ4SM0bBEFGVZACSkMbACcpABwoKQAdSQEy
569=awQGAB5JAS6pAR9IAWUBAGFGVVgtUQEFQUZVWDiJASJBBDNEAVU5I0gBiE5hRlWsJmFGVf
570=EqJkAEyRcnSAF0BlkGKCgpAClJAZ95AgVWB1UA0UsrVALZSCxIAdlILUgBnxUEAC5IAZwV
571=YEbMG2FGVUBMVAlhRlXllzJMBYAwYEYnVQA0VAKULnyOJwUBNlQCXAdxmDdJAS9sAXyO0R
572=8EXI4nKQA6QQQroQQ7SAHZETxIAXACno5VAMlOPvUCBVyO1w0FAEAoVQBBSAGMBWBGwQQG
573=QEYnKQBEQASdCgZcjiepBUb0AmBGzAV8jicpAEkogQBKSAEnwAjABAIEABsAVpgKVUQcKC
574=kAHUgBjAVrQ1YAoGgEbolWAIwxaUNWQDZYAmhDxQgFTYlWXMCVAiNECJUjBU2JVkA2lQIl
575=VAJCAQAAbIkn2QAnKFUAKCgpAClIASdpCFYoaghWAN2OLEAE0UstSAGcFWhD3ApoQycpAD
576=BABJwraEPVAgVQWycpADNABMUTNEkBMWwBaUNW+Ug2VALZSDdIAc1HOEgBaAVZPTkoKQA6
577=KCkAOygpADwoKQA9SAHZET5IAYQIaEMnOQJAKFUAQUgBjAVoQ8AEaEMnKQBEQAScYmjSJ6
578=kFRvUCBE2JVrF3BEjSJykASUAEhTQESNLZBgRBylesBQIGAB0AV7w2ckBXAIwxckBXAID2
579=cUBXKBMIVwCgeBhyQFcA0XcjRAiARnFAV3oDAAB8gyetACYogQAnSAGVGARRZldMu1kFBF
580=AvwA98g8APYMonMQEsKNkALUgB1XAuSAFcB314LygpADBIAYQpcEAnBQEyVQKgcQUFUQ5X
581=o1wFADRUAnACAQAFADUoKQA2KCkAN0gB1UQ4SAHJQzlIAclDOkgBhwgEADsoKQA8KCkAPU
582=gB2RE+SAGMBXBAJ2UCQChVAEFIAYwFcEDABHBAJykAREAEhGBxQFdEW1kJBEDKyDhwQMwF
583=cEAnKQBJWAZEBWMlHQBYhAFBvx5IAZDPeT1YpO95PVgouQdYvEF5PVjtcyNYBsFyJEgBlA
584=l5PVgoOBjTCQUAJ0AEnBV5PVhIPlQFeD3MEHg9JykAK0wFWANtRyxIAdkGLUkBpngCbH7M
585=BWx+JykAMEAEjCZ4PdQCbH4nOQIzQATdFTRIAWwJmD0nrQA2VQKgewIFADdIAclZOEgBcQ
586=IAIv4gWADRQDpUAtFAOygpADwoKQA9SQE4fwYEAD5IAclvPygpAEBIAYPrBABBSAGQz3k9
587=WKByIvwgJykAREAEjF14PdgyeD3IF3g9JykASEwFfA5PlB4AWfEJHygpACBIAdEJIUgBgH
588=1hO1mjfQUAI1QCJTkjJEgBmBxiO1kAjF1xuVmEDEkiJ0AExTQoSAGUGGA7wQ8ESUhZQG1Z
589=BQRIESfZACxMBdkGLUgBWANtUi4oKQAvKCkAMEgB3QoxSAHFKTIoKQAzSAHFKTRIAZAJfH
590=gntQE2VALZHDdIASXZIThIAc08OUgB2QY6KCkAOygpADwoKQA9SAHRQD5IAZQjInwx1SME
591=XfxZuOJgOycdBEJMBckXQygpAEQoKQBFSAGYMmA7yBdgOycrAB8AWowUVS4gSQGgcAF98V
592=rhciJUAoy1aThasGxosdsGBgAlQASULmg41AJtc1pUNFQJbHPUAmg4JykAKlgGwTArSAHV
593=GCxIAd0VLUgBXAeoOCfZAC8oVQAwKCkAMSgpADIoKQAzSAHRdzRIAZAJaDjTCQUANlQCJw
594=kHWiZNIDhUAtU5OUgB3dA6KCkAOygpADxIAdk9PUgByQw+KCkAP0gBlCNoOMAPaDgnKQBC
595=QASbBgQAQygpAEQoKQBFKCkARigrACAAW+WiIUgB3RUiSAEnsQZboEZxNVtYZFAMfW1bvP
596=FxNVtIAkgAcTVbKLMGWwCiUAJBfSlQCWQBSQEqKCkAKygpACxIAYl6BE14W1zsVAVgqScp
597=AC9ABMlZMCgpADEoKQAyKCkAM0gBJeUzNEgBSAlttTVIAc1SNkgBzRs3SAHBBDhIAZjMYa
598=lb6Tg6VAIlhSc7KCkAPEgBwSU9SAHdNj5IAdEJP0gBJ7AG1CNyNVsAjxAEAEJABJxBcTVb
599=v/wEAERUAocIBABFKCsAIQBc5TQiSAHZESNIAYQIeTJcpAh5MlyBCAB5Mlzl7ydMBdFhKE
600=kBoWgEbGjMBXigJykAK0AEfANRNSxIAdleLUgBlQIFVD7NBQVYQicpADAogQAxKCkAMigp
601=ADMoKQA0KCkANUgB1S42SAHB4DdIAdUNOEgBJSUmOUgBwak6SAHBBDsoKQA8SAHVcD1IAc
602=08PkgBzQU/SAEnWAbIF3kyXCT8IHkyXLiVeTJcJKwheDInrwAiAF2MCV0rI0gByRckSAHJ
603=FyVIAYQEYTBd8WEnVQKgeAJxmF2k2WAw0AlgMCcpACtMBWgFgTBdvKR8YsAEYDAnKQAv7w
604=UFADAoKQAxKCkAMigpADNIAYwQIj0pXeFGNVQClA1wmCddATcoVQA4SAHNJjlIAcWtOkgB
605=zTE7SAHFCDxIAckiPUgBySI+SAHJOD9IAcFRQEgBmAZhMF0oAAYndQRDKIMAIwBev44EAC
606=QoKQAlKCkAJkgB3QonSAGQQGktXiipBV6QDVEqKkAEjAFo/idVACxUAiesC9QCaC0nKQAv
607=QASYBmktXr94BQAxVALVcDIoKQAzSAHdgzRIAd0gNUgBxQg2KCkANygpADhIASeoBcMPBA
608=A6VALFEztIAcUIPCgpAD0oKQA+SAHFCD9IAYwFfMUnMQFBVAKENG1dXuNcJABfiAVVIyUo
609=KQAmKCkAJ0gB2QYoSAGAGnxXJ9kAKlQCiAhwKidVACxUAsFGLUgBwUYuSAGMBWCIzAVxKl
610=/1nDFABNWcMigpADNIAYAPfFcn2QA1VALVWjZIAcmxN0gByQw4SAHJIjlIAZQCcSpf5Ws7
611=9wIFADwoKQA9KCkAPkgBxQg/SAHFCEAoKQBBKCsAJQBgnANFKSYoKQAnKCkAKCgpACkoKQ
612=AqKCkAKygpACxIASdZHGBEfEgLeOLIDHgnJykAMEwFWgMAAGxSJ1UAMihVADMoKQA0KCkA
613=NUgBgDt5f2C8QSJ8MScFAThABCU9KTlIAdHwOkgBJfkwO0gBJc0lPCgpAD0oKQA+SAHNcz
614=9IAZAUbFLIDAIEACYAYZACTSYnKCkAKCgpACkoKQAqKCkAKygpACxIAclkLUgBlAlwd9wK
615=YCUnKQAwQATVkTFIAc1SMkgB2QYzKCkANCgpADVIAdkGNkgB2QY3SAHZBjgoKQA5KCkAOk
616=gBzUc7SAGMBSI8YNsRBAA9KFUAPigpAD8oKwAnAGKUBlUjKCgpACkoKQAqKCkAKygpACxI
617=ASdIBMQIaCInKQAvQASAC2lvYuHVMVQC2QYySAHBBDMoKQA0KCkANUgBzRs2SAHZBjdIAd
618=kGOCgpADkoKQA6SAHFSjtIAcVKPCgpAD1IASMoNyJsOtwVcbljmApeICkAJykAKigpACso
619=KQAsSAHZES1IAZwGcB/YBnxBJykAMEAE1RgxSAHZlTJIAdVaMygpADQoKQA1SAHVWjZIAd
620=UNN0gB1Q04KCkAOSgpADooKQA7KCkAPCgpAD1IAdsRKQBkjAlFHiooKQArKCkALEgB3RUt
621=SAHdFS4oKQAvKCkAMEgB3RUxSAGACyL8YieJATMoVQA0KCkANSgpADZIAdUNN0gB1Q04KC
622=kAOUgB3WI6SAGIDCL8YsgMeKsnKwAqAGWcA00bKygpACwoKQAtKCkALkgB2aAvSAHBRjAo
623=KQAxKCkAMkgBzUczSAGPDAQANCgpADUoKQA2KCkANygpADgoKQA5SAHBOzpIAZAJYBrIFy
624=LpT2aQAlYYLAAnKQAtKCkALkgBxQgvSAGQBXxtzAVstScpADJABN1iM0gB2Rw0SAHBGjVI
625=AYcIBAA2KCkANygpADgoKQA5SAHRNTpIAdM1LABngAhdFS0oKQAuSAEnkALABHAUJykAMU
626=AEnAYiwEonVQAzKFUANEgByRc1SAHJFzYoKQA3KCkAOEgBwRo5SAGcCiJ5K2iEAUcTLgBo
627=6fMvSAGYAngRwARsJicpADIogQAzKCkANCgpADUoKQA2KCkANygpADhIAd9tLgBpIUQzXA
628=0i4U5pJsEpMFQC1VoxSAFYA23sMigpADMoKQA0KCkANSgpADYoKQA3KCsALwBqjAlFHjBI
629=AcEwMUgBmAJoLcAEIihYJykANCiBADUoKQA2KCsAMABr+ScxSAEnMQFrhQEAcAknKQA0QA
630=TR2jVIAddEMQBs8R8yKCkAMygpADRIAc+JMgBtvAoKBAAzAG0AAAAAAAAEABEAAA==

[Lighting]
Red=0.8
Blue=1.0
Green=0.9
Level=0.032000
Ground=0.000000
IonRed=1.000000
Ambient=0.30000
IonBlue=1.000000
IonGreen=1.000000
IonLevel=0.032000
IonGround=0.000000
IonAmbient=1.000000

[Map]
Size=0,0,60,50
Theater=TEMPERATE
LocalSize=2,4,56,44

[Mutant]
IQ=0
Edge=West
Side=GDI
Color=Purple
Allies=Mutant,GDI,Neutral
Credits=0
ActsLike=0
NodeCount=0
TechLevel=10
PercentBuilt=100
PlayerControl=no

[Neutral]
IQ=5
Edge=North
Side=Neutral
Color=Grey
Allies=Neutral
Credits=0
ActsLike=2
NodeCount=0
TechLevel=10
PercentBuilt=100
PlayerControl=no

[Nod]
IQ=5
Edge=North
Side=Nod
Color=DarkRed
Allies=Nod,Neutral
Credits=0
ActsLike=1
NodeCount=0
TechLevel=10
PercentBuilt=100
PlayerControl=no

[NodLand]
IQ=0
Edge=West
Side=Nod
Color=DarkRed
Allies=NodLand,Nod
Credits=0
ActsLike=0
NodeCount=0
TechLevel=10
PercentBuilt=100
PlayerControl=no

[NodNaval]
IQ=0
Edge=West
Side=Nod
Color=DarkRed
Allies=NodNaval,Nod
Credits=0
ActsLike=0
NodeCount=0
TechLevel=10
PercentBuilt=100
PlayerControl=no

[OverlayDataPack]
1=BQAAIP4AIACABQAAIP4AIACABQAAIP4AIACABQAAIP4AIACABQAAIP4AIACABQAAIP4AIA
2=CABQAAIP4AIACABQAAIP4AIACABQAAIP4AIACABQAAIP4AIACABQAAIP4AIACABQAAIP4A
3=IACABQAAIP4AIACABQAAIP4AIACABQAAIP4AIACABQAAIP4AIACABQAAIP4AIACABQAAIP
4=4AIACABQAAIP4AIACABQAAIP4AIACABQAAIP4AIACABQAAIP4AIACABQAAIP4AIACABQAA
5=IP4AIACABQAAIP4AIACABQAAIP4AIACABQAAIP4AIACABQAAIP4AIACABQAAIP4AIACABQ
6=AAIP4AIACABQAAIP4AIACABQAAIP4AIACA

[OverlayPack]
1=BQAAIP4AIP+ABQAAIP4AIP+ABQAAIP4AIP+AHgAAIP5AAP+Bq/72Df+Bqf4BDP+Bqv/wA0
2=IMgaj+1QH/gBYAACD+JQj/gar+Dwb/gav/CgwrAv7ABf+ABQAAIP4AIP+ACwAAIP5aEv+B
3=rP6lDf+ABQAAIP4AIP+ABQAAIP4AIP+ABQAAIP4AIP+ABQAAIP4AIP+ABQAAIP4AIP+ABQ
4=AAIP4AIP+ABQAAIP4AIP+ABQAAIP4AIP+ABQAAIP4AIP+ABQAAIP4AIP+ABQAAIP4AIP+A
5=BQAAIP4AIP+ABQAAIP4AIP+ABQAAIP4AIP+ABQAAIP4AIP+ABQAAIP4AIP+ABQAAIP4AIP
6=+ABQAAIP4AIP+ABQAAIP4AIP+ABQAAIP4AIP+ABQAAIP4AIP+ABQAAIP4AIP+ABQAAIP4A
7=IP+ABQAAIP4AIP+ABQAAIP4AIP+A

[ScriptTypes]
0=01000005
1=01000013
2=01000031
3=01000045

[Special]
IQ=5
Edge=North
Side=Special
Color=DarkGreen
Allies=Special
Credits=0
ActsLike=3
NodeCount=0
TechLevel=10
PercentBuilt=100
PlayerControl=no

[SpecialFlags]
Inert=no
FogOfWar=no
IonStorms=no
MCVDeploy=no
Meteorites=no
Visceroids=yes
FixedAlliance=no
TiberiumGrows=yes
InitialVeteran=no
HarvesterImmune=no
TiberiumSpreads=yes
TiberiumExplosive=no
DestroyableBridges=yes

[Structures]
0=Neutral,CTVEGA,256,40,66,64,None,1,0,1,0,0,None,None,None,0,0
1=Neutral,INGALITE,256,46,67,64,None,1,0,1,0,0,None,None,None,0,0
2=Neutral,CA0008,256,61,42,64,01000019,1,0,1,0,0,None,None,None,0,0
3=Neutral,CAFARM04,256,66,37,64,None,1,0,1,0,0,None,None,None,0,0
4=Neutral,CA0009,256,69,48,64,None,1,0,1,0,0,None,None,None,0,0
5=Neutral,CA0006,256,59,40,64,None,1,0,1,0,0,None,None,None,0,0
6=Neutral,CA0002,256,64,38,64,None,1,0,1,0,0,None,None,None,0,0
7=Neutral,CA0010,256,61,37,64,None,1,0,1,0,0,None,None,None,0,0
8=Neutral,INGALITE,256,67,45,64,None,1,0,1,0,0,None,None,None,0,0
9=Neutral,CA0012,256,76,49,64,None,1,0,1,0,0,None,None,None,0,0
10=Neutral,CA0012,256,76,52,64,None,1,0,1,0,0,None,None,None,0,0
11=Neutral,CA0005,256,74,53,64,None,1,0,1,0,0,None,None,None,0,0
12=Neutral,CAPWRLN1,256,73,42,64,None,1,0,1,0,0,None,None,None,0,0
13=Neutral,CAPWRLN1,256,73,49,64,None,1,0,1,0,0,None,None,None,0,0
14=Neutral,CAPWRLN1,256,73,33,64,None,1,0,1,0,0,None,None,None,0,0
15=Neutral,CAPWRLN1,256,73,24,64,None,1,0,1,0,0,None,None,None,0,0
16=Neutral,CA0011,256,81,46,64,None,1,0,1,0,0,None,None,None,0,0
17=Neutral,LAMP2,256,62,45,64,None,1,0,1,0,0,None,None,None,0,0
18=Neutral,LAMP3,256,68,40,64,None,1,0,1,0,0,None,None,None,0,0
19=Neutral,CAFARM03,256,77,55,64,None,1,0,1,0,0,None,None,None,0,0
20=Neutral,CAFARM03,256,67,59,64,None,1,0,1,0,0,None,None,None,0,0
21=Neutral,CAFARM03,256,69,59,64,None,1,0,1,0,0,None,None,None,0,0
22=Neutral,TSTLAMP,256,63,38,64,None,1,0,1,0,0,None,None,None,0,0
23=Neutral,INGALITE,256,77,29,64,None,1,0,1,0,0,None,None,None,0,0
24=Neutral,NEGLAMP,256,90,39,64,None,1,0,1,0,0,None,None,None,0,0
25=Neutral,NEGLAMP,256,89,54,64,None,1,0,1,0,0,None,None,None,0,0
26=Neutral,NEGLAMP,256,70,67,64,None,1,0,1,0,0,None,None,None,0,0
27=Neutral,NEGLAMP,256,51,47,64,None,1,0,1,0,0,None,None,None,0,0
28=Neutral,NEGLAMP,256,67,19,64,None,1,0,1,0,0,None,None,None,0,0
29=Neutral,NEGLAMP,256,67,32,64,None,1,0,1,0,0,None,None,None,0,0
30=Neutral,NEGLAMP,256,79,60,64,None,1,0,1,0,0,None,None,None,0,0
31=Neutral,NEGLAMP,256,54,81,64,None,1,0,1,0,0,None,None,None,0,0
32=Neutral,NEGLAMP,256,39,77,64,None,1,0,1,0,0,None,None,None,0,0
33=Neutral,NEGLAMP,256,34,60,64,None,1,0,1,0,0,None,None,None,0,0
34=Neutral,NEGLAMP,256,44,54,64,None,1,0,1,0,0,None,None,None,0,0
35=Neutral,NEGLAMP,256,60,71,64,None,1,0,1,0,0,None,None,None,0,0
36=Neutral,TSTLAMP,256,76,51,64,None,1,0,1,0,0,None,None,None,0,0
37=Neutral,TSTLAMP,256,64,58,64,None,1,0,1,0,0,None,None,None,0,0

[Tags]
01000001=0,REVEAL ALL 1,01000000
01000003=0,Lighting Fade 1,01000002
01000008=0,Create Vega 1,01000007
01000010=0,Nod Destroyed part 2 begin 1,01000009
01000015=0,Lock 1,01000014
01000017=0,Create Vega Men and Mutant 1,01000016
01000019=0,Waypoint Reach 1 1,01000018
01000021=0,Text 1 1,01000020
01000023=0,Camera 1 1,01000022
01000025=0,Text 2 1,01000024
01000027=0,Text 3 1,01000026
01000029=0,Text 4 1,01000028
01000034=0,Text 5 1,01000033
01000036=0,Text 6 1,01000035
01000038=0,Text 7 and Camera 1,01000037
01000040=0,2 Text 10 and Camera 1,01000039
01000043=0,2 Create Village Assault and Explosion 1,01000042
01000048=0,2 Text 9 1,01000047
01000049=0,2 text 11 1,01000041
01000051=0,2 Text 12 1,01000050
01000053=0,2 Text 13 1,01000052
01000055=0,2 Waypoint Reach 2 Enable Text 1,01000054
01000057=0,2 Text 14 1,01000056
01000059=0,2 Lighting Fade out 1,01000058
01000061=0,2 Text 15 1,01000060
01000063=0,2 Text 16 1,01000062
01000065=0,2 END 1,01000064
01000067=0,2 Text 17 1,01000066
01000069=0,Music 1,01000068
01000071=0,Reveal Ancient Structure 1,01000070

[TaskForces]
0=01000004
1=01000011
2=01000030
3=01000044

[TeamTypes]
0=01000006
1=01000012
2=01000032
3=01000046

[Terrain]
11060=TREE05
12071=TREE03
13056=TREE15
13059=TREE03
13071=TREE08
14058=TREE07
14061=TREE15
14071=TREE03
15061=TREE13
15064=TREE03
15068=TREE15
15069=TREE03
15070=TREE05
16059=TREE08
16062=TREE15
16068=TREE10
16070=TREE06
17060=TREE12
18070=TREE13
18072=TREE01
19060=TREE05
19074=TREE18
20074=TREE08
20075=TREE07
20076=TREE07
21069=TREE04
21073=TREE03
21074=TREE13
22057=TREE03
22061=TREE08
22067=TREE09
22069=TREE01
22073=TREE05
23056=TREE13
23058=TREE15
23059=TREE07
23063=TREE11
23065=TREE07
23067=TREE09
23068=TREE12
24063=TREE01
24065=TREE07
24068=TREE04
25064=TREE11
25065=TREE04
25071=TREE03
25072=TREE01
25080=TREE07
26068=TREE24
26070=TREE05
26080=TREE01
26081=TREE08
27067=TREE25
27079=TREE04
27082=TREE21
28068=TREE07
28070=TREE01
28072=TREE08
28081=TREE10
29063=TREE02
29069=TREE05
29070=TREE09
29071=TREE09
29084=TREE01
30069=TREE10
30072=TREE01
30074=TREE04
30085=TREE04
31067=TREE05
31068=TREE18
31073=TREE15
31074=TREE16
31075=TREE06
31081=TREE04
31082=TREE04
32068=TREE07
32075=TREE07
32082=TREE06
33063=TREE04
33083=TREE09
33084=TREE18
33085=TREE01
33087=TREE04
34061=TREE16
34062=TREE15
34063=TREE09
34064=TREE03
35061=TREE11
35063=TREE06
35067=TREE08
35068=TREE13
35089=TREE20
36085=TREE08
36086=TREE08
36090=TREE04
36091=TREE01
37032=TREE19
37033=TREE21
37058=TREE16
37063=TREE04
37071=TREE16
37089=TREE03
37092=TREE11
38034=TREE13
38057=TREE02
38068=TREE24
38071=TREE20
38072=TREE05
38074=TREE08
38085=TREE01
38086=TREE10
38088=TREE11
38089=TREE21
38090=TREE08
38091=TREE02
38092=TREE07
39057=TREE17
39068=TREE05
40036=TREE12
40057=TREE18
40060=TREE01
40087=TREE06
40088=TREE03
40092=TREE01
41034=TREE08
41035=TREE10
41057=TREE01
41081=TREE07
41082=TREE05
41083=TREE08
41089=TREE07
41090=TREE05
41091=TREE06
42036=TREE02
43060=TREE25
43083=TREE04
43085=TREE05
44036=TREE11
44039=TREE03
44087=TREE20
45086=TREE09
46032=TREE10
46034=TREE08
46035=TREE21
46043=TREE01
46047=TREE04
46060=TREE02
46061=TREE04
46062=TREE01
46087=TREE21
46089=TREE01
46090=TREE03
47035=TREE25
47043=TREE02
47046=TREE18
47061=TREE17
47089=TREE07
48026=TREE22
48031=TREE22
48034=TREE02
48035=TREE25
48037=TREE21
48046=TREE22
48074=TREE03
48084=TREE06
48089=TREE02
48101=TREE04
49023=TREE03
49027=TREE06
49033=TREE23
49045=TREE17
49071=TREE04
49078=TREE23
49083=TREE04
49096=TREE13
50021=TREE19
50028=TREE02
50031=TREE09
50032=TREE11
50045=TREE15
50079=TREE11
50095=TREE02
50099=TREE05
50102=TREE11
51021=TREE16
51023=TREE07
51040=TREE01
51044=TREE13
51078=TREE24
51079=TREE06
51102=TREE02
51103=TREE20
52023=TREE06
52032=TREE10
52044=TREE01
52045=TREE05
52068=TREE03
52069=TREE25
52070=TREE13
52079=TREE21
52084=TREE07
52097=TREE17
53020=TREE16
53022=TREE24
53037=TREE13
53044=TREE02
53067=TREE20
53068=TREE01
53080=TREE08
53084=TREE03
54029=TREE17
54030=TREE03
54041=TREE02
54042=TREE04
54068=TREE11
54084=TREE02
55011=TREE13
55020=TREE09
55028=TREE09
55034=TREE01
55067=TREE09
55100=TREE04
56010=TREE17
56013=TREE18
56034=TREE05
56093=TREE05
57027=TREE02
57032=TREE03
57037=TREE01
58019=TREE06
58020=TREE07
58036=TREE02
58042=TREE02
58043=TREE07
58044=TREE10
58047=TREE05
58048=TREE24
58049=TREE08
59018=TREE05
59026=TREE12
59035=TREE17
59041=TREE04
59047=TREE07
59049=TREE19
59051=TREE12
59063=TREE20
59064=TREE04
59091=TREE07
59092=TREE01
60035=TREE16
60036=TREE03
60041=TREE09
60049=TREE03
60050=TREE13
60084=TREE08
60086=TREE15
61017=TREE16
61025=TREE16
61026=TREE21
61033=TREE12
61045=TREE05
61049=TREE08
61050=TREE21
61077=TREE22
61081=TREE02
61092=TREE02
62025=TREE09
62032=TREE02
62039=TREE06
63018=TREE25
63032=TREE01
63038=TREE13
63050=TREE25
63073=TREE11
63074=TREE23
64008=TREE10
64015=TREE10
64035=TREE02
64068=TREE04
64069=TREE04
64071=TREE13
64072=TREE02
64090=TREE21
65016=TREE21
65036=TREE04
65037=TREE11
65068=TREE23
65082=TREE23
66009=TREE11
66012=TREE22
66018=TREE07
66038=TREE15
66044=TREE09
66067=TREE22
66076=TREE21
66080=TREE04
66081=TREE07
66092=TREE19
67019=TREE08
67026=TREE13
67027=TREE15
67035=TREE01
67036=TREE07
67067=TREE16
67074=TREE01
68017=TREE19
68026=TREE02
68028=TREE05
68029=TREE16
68035=TREE13
68038=TREE12
68057=TREE02
68072=TREE20
69017=TREE06
69026=TREE01
69027=TREE03
69035=TREE12
69044=TREE09
69054=TREE21
70022=TREE03
70037=TREE10
70054=TREE09
70055=TREE10
70067=TREE19
71018=TREE20
71020=TREE17
71022=TREE12
71067=TREE25
71072=TREE08
71073=TREE23
71074=TREE05
72014=TREE15
72017=TREE04
72028=TREE13
72039=TREE04
72051=TREE09
72058=TREE18
72064=TREE06
72075=TREE05
72076=TREE02
72077=TREE16
73016=TREE21
73029=TREE10
73034=TREE16
73035=TREE17
73042=TREE16
73049=TREE10
73064=TREE16
73066=TREE04
74018=TREE03
74029=TREE17
74051=TREE06
74054=TREE07
74059=TREE17
74076=TREE22
75019=TREE02
75029=TREE18
75050=TREE02
75052=TREE06
75053=TREE05
75056=TREE10
75058=TREE02
75065=TREE08
75082=TREE13
76020=TREE17
76034=TREE16
76035=TREE05
76048=TREE05
76078=TREE11
77045=TREE06
77046=TREE10
77047=TREE17
77048=TREE06
77079=TREE01
78023=TREE08
78045=TREE03
78079=TREE04
79023=TREE12
79025=TREE15
79027=TREE08
79056=TREE15
79057=TREE04
79059=TREE19
79063=TREE19
79067=TREE04
79068=TREE23
80032=TREE03
80036=TREE01
80037=TREE02
80053=TREE01
80054=TREE04
80060=TREE09
80061=TREE13
80063=TREE08
81033=TREE05
81036=TREE05
81053=TREE09
81061=TREE01
81063=TREE01
82027=TREE12
82028=TREE07
82033=TREE06
82038=TREE16
82045=TREE02
82047=TREE01
82052=TREE01
82053=TREE16
82061=TREE03
82062=TREE01
82070=TREE25
83029=TREE10
83032=TREE04
83038=TREE07
83048=TREE15
83049=TREE07
83050=TREE17
83053=TREE10
83069=TREE18
83070=TREE11
84039=TREE17
84047=TREE22
84052=TREE08
84053=TREE12
84070=TREE23
84071=TREE10
84072=TREE25
85041=TREE05
85043=TREE01
86031=TREE06
86042=TREE02
87031=TREE07
87037=TREE09
87038=TREE18
87042=TREE01
87051=TREE09
88034=TREE25
88038=TREE08
88045=TREE05
89038=TREE07
89047=TREE16
90056=TREE01
90058=TREE12
91059=TREE16
91061=TREE09
91065=TREE04
92059=TREE02
93039=TREE05
93048=TREE25
93051=TREE20
93052=TREE12
93054=TREE07
94040=TREE20
94047=TREE07
94051=TREE03
95040=TREE04
97051=TREE07
99046=TREE17
99057=TREE21
104050=TREE13

[Triggers]
01000000=GDI,<none>,REVEAL ALL,1,1,1,1,0
01000002=GDI,<none>,Lighting Fade,0,1,1,1,0
01000007=GDI,<none>,Create Vega,0,1,1,1,0
01000009=GDI,<none>,Nod Destroyed part 2 begin,0,1,1,1,0
01000014=GDI,<none>,Lock,0,1,1,1,0
01000016=GDI,<none>,Create Vega Men and Mutant,0,1,1,1,0
01000018=GDI,<none>,Waypoint Reach 1,0,1,1,1,0
01000020=GDI,<none>,Text 1,1,1,1,1,0
01000022=GDI,<none>,Camera 1,0,1,1,1,0
01000024=GDI,<none>,Text 2,1,1,1,1,0
01000026=GDI,<none>,Text 3,1,1,1,1,0
01000028=GDI,<none>,Text 4,1,1,1,1,0
01000033=GDI,<none>,Text 5,1,1,1,1,0
01000035=GDI,<none>,Text 6,1,1,1,1,0
01000037=GDI,<none>,Text 7 and Camera,1,1,1,1,0
01000039=GDI,<none>,2 Text 10 and Camera,1,1,1,1,0
01000041=GDI,<none>,2 text 11,1,1,1,1,0
01000042=GDI,<none>,2 Create Village Assault and Explosion,1,1,1,1,0
01000047=GDI,<none>,2 Text 9,1,1,1,1,0
01000050=GDI,<none>,2 Text 12,1,1,1,1,0
01000052=GDI,<none>,2 Text 13,1,1,1,1,0
01000054=GDI,<none>,2 Waypoint Reach 2 Enable Text,1,1,1,1,0
01000056=GDI,<none>,2 Text 14,1,1,1,1,0
01000058=GDI,<none>,2 Lighting Fade out,1,1,1,1,0
01000060=GDI,<none>,2 Text 15,1,1,1,1,0
01000062=GDI,<none>,2 Text 16,1,1,1,1,0
01000064=GDI,<none>,2 END,1,1,1,1,0
01000066=GDI,<none>,2 Text 17,1,1,1,1,0
01000068=GDI,<none>,Music,0,1,1,1,0
01000070=GDI,<none>,Reveal Ancient Structure,0,1,1,1,0

[Units]
0=Neutral,TRACTOR,256,72,51,64,Sleep,None,0,-1,0,-1,1,0
1=Neutral,PICK,256,70,46,0,Sleep,None,0,-1,0,-1,1,0

[Waypoints]
0=22078
1=26075
2=31079
3=44078
4=43066
5=55064
6=58055
7=66053
8=67049
9=43068
10=44064
11=66049
12=46071
13=40061
14=50064
15=36064
16=49069
17=39065
18=41059
19=67044
98=35075
99=36075



[Digest]
1=BcQCa13YtjtEGC/Um/s+BH48lbA=

