; Map created with FinalSun Mission Editor
; www.wagnerma.de (german+english homepage of author), finalsun.wagnerma.de (finalsun homepage, german+english), www.theonliner.de (german homepage of FRG)
; note that all comments were truncated

[Preview]

[PreviewPack]

[01000002]
0=1,E1
Name=Marine 1
Group=-1

[01000003]
0=1,GHOST
Name=Ghost
Group=-1

[01000004]
0=1,MCVG
Name=MCV
Group=-1

[01000005]
0=1,MMCH
Name=Titan
Group=-1

[01000006]
0=3,2
1=3,3
2=3,0
3=9,0
Name=MCV Script

[01000007]
0=3,5
1=3,6
2=3,7
3=3,3
4=3,2
5=3,1
6=37,0
Name=Titan script

[01000008]
Max=5
Full=no
Name=MCV Team
Group=-1
House=GDI2
Script=01000006
Whiner=no
Droppod=no
Suicide=no
Loadable=no
Prebuild=no
Priority=5
Waypoint=B
Annoyance=no
IonImmune=no
Recruiter=no
Reinforce=no
TaskForce=01000004
TechLevel=0
Aggressive=no
Autocreate=no
GuardSlower=no
OnTransOnly=no
AvoidThreats=no
LooseRecruit=no
VeteranLevel=1
IsBaseDefense=no
OnlyTargetHouseEnemy=no
TransportsReturnOnUnload=no
AreTeamMembersRecruitable=no

[01000009]
Max=5
Full=no
Name=Titan Team
Group=-1
House=GDI2
Script=01000007
Whiner=no
Droppod=no
Suicide=no
Loadable=no
Prebuild=no
Priority=5
Waypoint=E
Annoyance=no
IonImmune=no
Recruiter=no
Reinforce=no
TaskForce=01000005
TechLevel=0
Aggressive=no
Autocreate=no
GuardSlower=no
OnTransOnly=no
AvoidThreats=no
LooseRecruit=no
VeteranLevel=1
IsBaseDefense=no
OnlyTargetHouseEnemy=no
TransportsReturnOnUnload=no
AreTeamMembersRecruitable=no

[01000014]
0=5,30
1=3,6
2=3,11
3=37,0
Name=Marine 1 script

[01000015]
0=3,10
1=5,220
2=3,11
3=37,0
Name=Ghost Script

[01000016]
Max=5
Full=no
Name=Marine 1 Team
Group=-1
House=GDI2
Script=01000014
Whiner=no
Droppod=no
Suicide=no
Loadable=no
Prebuild=no
Priority=5
Waypoint=K
Annoyance=no
IonImmune=no
Recruiter=no
Reinforce=no
TaskForce=01000002
TechLevel=0
Aggressive=no
Autocreate=no
GuardSlower=no
OnTransOnly=no
AvoidThreats=no
LooseRecruit=no
VeteranLevel=1
IsBaseDefense=no
OnlyTargetHouseEnemy=no
TransportsReturnOnUnload=no
AreTeamMembersRecruitable=no

[01000017]
Max=5
Full=no
Name=Ghost Team
Group=-1
House=GDI2
Script=01000015
Whiner=no
Droppod=no
Suicide=no
Loadable=no
Prebuild=no
Priority=5
Waypoint=L
Annoyance=no
IonImmune=no
Recruiter=no
Reinforce=no
TaskForce=01000003
TechLevel=0
Aggressive=no
Autocreate=no
GuardSlower=no
OnTransOnly=no
AvoidThreats=no
LooseRecruit=no
VeteranLevel=1
IsBaseDefense=no
OnlyTargetHouseEnemy=no
TransportsReturnOnUnload=no
AreTeamMembersRecruitable=no

[01000042]
0=2,E1
1=1,E2
Name=Soldiers
Group=-1

[01000043]
0=3,13
1=3,7
2=3,6
3=3,5
4=3,4
5=37,0
Name=Soldiers script

[01000054]
Max=5
Full=no
Name=Soldiers Patrol Team
Group=-1
House=GDI2
Script=01000043
Whiner=no
Droppod=no
Suicide=no
Loadable=no
Prebuild=no
Priority=5
Waypoint=O
Annoyance=no
IonImmune=no
Recruiter=no
Reinforce=no
TaskForce=01000042
TechLevel=0
Aggressive=no
Autocreate=no
GuardSlower=no
OnTransOnly=no
AvoidThreats=no
LooseRecruit=no
VeteranLevel=1
IsBaseDefense=no
OnlyTargetHouseEnemy=no
TransportsReturnOnUnload=no
AreTeamMembersRecruitable=no

[Actions]
01000000=11,46,0,0,0,0,0,0,A,17,0,5,0,0,0,0,A,17,0,6,0,0,0,0,A,17,0,7,0,0,0,0,A,17,0,3,0,0,0,0,A,17,0,8,0,0,0,0,A,17,0,9,0,0,0,0,A,48,0,0,0,0,0,0,M,80,1,01000016,0,0,0,0,K,20,0,2,0,0,0,0,A,73,0,90,0,0,0,0,A
01000010=1,80,1,01000008,0,0,0,0,B
01000012=1,11,0,360,0,0,0,0,A
01000018=1,11,0,361,0,0,0,0,A
01000020=1,80,1,01000017,0,0,0,0,L
01000022=1,11,0,362,0,0,0,0,A
01000024=1,11,0,363,0,0,0,0,A
01000026=1,11,0,364,0,0,0,0,A
01000028=1,11,0,365,0,0,0,0,A
01000030=1,80,1,01000009,0,0,0,0,E
01000032=1,11,0,366,0,0,0,0,A
01000034=1,11,0,367,0,0,0,0,A
01000036=1,11,0,368,0,0,0,0,A
01000038=1,11,0,369,0,0,0,0,A
01000040=1,11,0,370,0,0,0,0,A
01000044=1,11,0,371,0,0,0,0,A
01000046=1,11,0,372,0,0,0,0,A
01000048=1,11,0,373,0,0,0,0,A
01000050=1,73,0,0,0,0,0,0,A
01000052=1,1,0,0,0,0,0,0,A
01000055=1,80,1,01000054,0,0,0,0,O

[Basic]
Name=16 - Catastrophe
Player=GDI
Percent=0
GameMode=Custom Map
HomeCell=98
InitTime=10000
Official=yes
EndOfGame=yes
FreeRadar=no
MaxPlayer=8
MinPlayer=2
SkipScore=yes
TrainCrate=no
TruckCrate=yes
AltHomeCell=99
OneTimeOnly=yes
CarryOverCap=0
NewINIFormat=4
NextScenario=
SkipMapSelect=yes
CarryOverMoney=0.000000
AltNextScenario=
MultiplayerOnly=0
IceGrowthEnabled=yes
VeinGrowthEnabled=yes
TiberiumGrowthEnabled=yes
IgnoreGlobalAITriggers=no
TiberiumDeathToVisceroid=no

[Briefing]
0=Египет - Руины древнего храма.
; Egypt - Ancient Temple Ruins

[Events]
01000000=1,8,0,0
01000010=1,13,0,145
01000012=1,13,0,15
01000018=1,13,0,40
01000020=1,13,0,25
01000022=1,13,0,60
01000024=1,13,0,80
01000026=1,13,0,100
01000028=1,13,0,120
01000030=1,13,0,40
01000032=1,13,0,140
01000034=1,13,0,160
01000036=1,13,0,180
01000038=1,13,0,200
01000040=1,13,0,220
01000044=1,13,0,235
01000046=1,13,0,255
01000048=1,13,0,275
01000050=1,13,0,285
01000052=1,13,0,295
01000055=1,13,0,100

[GDI]
IQ=0
Edge=West
Side=GDI
Color=Gold
Allies=GDI
Credits=0
ActsLike=0
NodeCount=0
TechLevel=10
PercentBuilt=100
PlayerControl=no

[GDI2]
IQ=0
Edge=West
Side=GDI
Color=Gold
Allies=GDI2,Neutral
Credits=0
ActsLike=0
NodeCount=0
TechLevel=10
PercentBuilt=100
PlayerControl=no

[GDILand]
IQ=5
Edge=North
Side=GDILand
Color=Gold
Allies=GDILand,GDI,GDI2,Neutral
Credits=0
ActsLike=0
NodeCount=0
TechLevel=10
PercentBuilt=100
PlayerControl=no

[GDINaval]
IQ=5
Edge=North
Side=GDINaval
Color=Gold
Allies=GDINaval
Credits=0
ActsLike=0
NodeCount=0
TechLevel=10
PercentBuilt=100
PlayerControl=no

[Houses]
0=GDI
1=Nod
2=OCN
3=Neutral
4=Special
5=GDILand
6=GDINaval
7=NodLand
8=NodNaval
9=OCNLand
10=OCNNaval
11=GDI2

[OCN]
IQ=5
Edge=North
Side=OCN
Color=DarkGreen
Allies=OCN
Credits=0
ActsLike=0
NodeCount=0
TechLevel=10
PercentBuilt=100
PlayerControl=no

[OCNLand]
IQ=5
Edge=North
Side=OCN
Color=DarkGreen
Allies=OCN
Credits=0
ActsLike=0
NodeCount=0
TechLevel=10
PercentBuilt=100
PlayerControl=no

[OCNNaval]
IQ=5
Edge=North
Side=OCN
Color=DarkGreen
Allies=OCN
Credits=0
ActsLike=0
NodeCount=0
TechLevel=10
PercentBuilt=100
PlayerControl=no

[Infantry]
0=GDI2,E1,256,63,51,0,Guard,64,None,0,-1,0,1,0
1=GDI2,E1,256,60,47,0,Guard,64,None,0,-1,0,1,0
2=Neutral,CIV3,256,81,65,1,Guard,64,None,0,-1,0,1,0
3=Neutral,CIV1,256,86,73,1,Guard,64,None,0,-1,0,1,0
4=Neutral,CIV4,256,86,65,0,Guard,64,None,0,-1,0,1,0
5=GDI2,VEGA,256,51,52,0,Guard,64,None,0,-1,0,1,0
6=GDI2,E1,256,42,57,1,Guard,64,None,0,-1,0,1,0
7=GDI2,E1,256,41,57,1,Guard,64,None,0,-1,0,1,0
8=GDI2,E1,256,67,43,1,Guard,64,None,0,-1,0,1,0
9=GDI2,E1,256,59,63,0,Guard,64,None,0,-1,0,1,0
10=GDI2,E1,256,38,62,0,Guard,64,None,0,-1,0,1,0
11=GDI2,E1,256,68,63,1,Guard,64,None,0,-1,0,1,0

[IsoMapPack5]
1=zA8AIAEyAAEAgAAFBwAxAAIAgAJTAQcAMkkBdqkBM0gBTAIEAAAHADAAA4QBSQExKCkAMk
2=kBe+8FAwB6qQE0VAKQBQIHAC8ABIQBWQYwKCkAMSgpADJJAX25BjNIAZMFBwA0SQF+tQI1
3=SQExeAIEBgAuAAUAgrUCL0gBcAKfCgUAfLUCMVUCdKkBMkkBd6kBM0gB1QI0SQFytQI1SA
4=HdFTZIAdMJLQAGhAFdCi4oKQAvSAHJDDBIAcUIMUkBdbEJMkgBnwYHADNIAckiNEgBwQQ1
5=SAHBBDYoKQA3SQEqewIGACxEDmQBWQAtTADJAS4oKQAvSAHdCjBIAScOAgcAyQEyVALZHD
6=NIAdUCNCgpADVIAcE7NkgByQw3SAHNEDhIAYgtAgUAKwAInANFAiwoKQAtKCkALigpAC9I
7=ASdlAgj5ETFUAs0QMigpADMoKQA0KCkANUkBeaUpNkkBMmsPBgA3SQEuqQE4SAFkAV0lOU
8=gBiEMCBgAqAAmQAlEUKygpACxIAdE1LUgBySIuSQF4qQwvSQFyqQEwKCkAMSgpADIoKQAz
9=KCkANEgB0RQ1SQEyaw8GADZIAdEUN0gBcAJRFDgoKQA5SAGDXAYAOkgBwwQpAAqEAUkXKi
10=gpACsoKQAsSAHRKi1IAdlILkgBnAZmawoAwQQwVQJyoRoxKCkAMkgBJwYMCgDJFzRVAjJr
11=CAYANUgByRc2SAFwAkkXN0gB3Ss4SAHVAjlIAZQNdhgKAJtIBgA7VALDBCgAC4QBQRopKC
12=kAKigpACsoKQAsSAGTCQcALUkBcqkXLkgB0TUvSAHVAjAoKQAxSAHdIDJIAZgNf20LADJt
13=AQZVhgtMhEwBbBvYEWQ0JykAN1gGgw8GADhIAZcNBgA5SQFybBBuGwsAyQE7VALBBDxIAc
14=ceJwAMXAtLAAcAKCgpAClIAclOKkgBjQUHTGgnrQAsVQJ/aAxlHgypDAdMFScpAC9ABIAP
15=ZK0nVQAxKFUAMkgB2ZUzSAHFdjRIAVERAF02NUgBjBBmHgwAjF1saNAJZB4nKQA5TAWUDW
16=QeJ1UAOyhVADwoKQA9SAGAGgIGACYADZANTTwnKCkAKCgpAClIAZ0rB01zDfkcK1QChQgH
17=VJwnBQEtVALNBS5IAZgRdFon2QAwKFUAMUgB3VcySAGQEGU/DVgMUAFlPw2swGY/DQCURH
18=wg1A1+IA0AlA18IMgMZD8nKQA6XAqMEHZaDQCDZwYAPFQCyQE9KCkAPkgBjDECBgAlAA5A
19=EEkAB1QjJykAJyhVAChIAZsyBwApSAGQCXUjDih0BCcpACxABIhOdEQnVQAuVAKEE3UjDq
20=QTdkQOAMkiMUAERBB19DJJATJtAQZd0A5ATEwBdiMOAJRPdCPYBnQj3BV1Iw4odATAD3Qj
21=JykAOlwK0So7SAFUCmlOPCgpAD1JAa17AgYAPsgBAQEGAD9JAaq3AiQAD2ABcRQlKCkAJi
22=gpACdIAcElKEgBlA1sJifZACpUAog4ZWsP+ScsVALRKi1JAXKxbC5IAcUIL0gBhA9vJg8A
23=Mm8BBgAxVQIrqQEySAHZoDNIAXACWWk0KCkANSgpADZIAZAUbSYPrDFkStgRbCYnVQA6TA
24=WENGdKDwCxYAtkSqgBAQECAD1ABG4mAgJOJg8AagEDAk4mDwBsJlUCQEAEaAEDAwYAIwAQ
25=fAd5JyQoKQAlKCkAJigpACdIAcElKEkBcqkiKUgB0UsqSAHVAitIAcElLEgBjAx1TxC8QW
26=2UEP1MLyiBADBIASOkIGUpEERbQQcGTCsnKQAzQQQpUAKFKRBYvEwBdE/UGHZPEADZ4jdM
27=BVgDZUo4SQGBfBVnKRAArHgCbJSpAQFlKRCEKVUjPE0FUSIAK2YpEABoAVEqPlUCTbUCP8
28=gBVQJASAFkKQEFAgBBSQGuXApXAiIAEUABSQAHXCsnKQAkKFUAJSgpACZIAYc/BwAnSAHZ
29=JygoKQApKCkAKigpACsoKQAsSAHBMC1IAYhDfCsn4QEvVAIleSswSAFcEnk9MSgpADJIAc
30=0QM0gBxQg0SAHZwTVIAZgGfSsRKH8FEQCweAJkVagBUR85TAV8K0UpOsgBVU87SAFmKQAC
31=TZ8RkCpBBD1VAk+xKj7IAUUIP0gBzQVAyAFVAkFJAU6tBULIAVcCIQASZBBhGiIoKQAjKC
32=kAJEgBzRslSAHBJSZIAcktJygpACgoKQApKCkAKigpACsoKQAsSAHBJS1IAZAQdC4nOQIv
33=KFUAMEgBzRAxSAHNEDJIAclkM0kBMmgIbaoS+as1VAJwAk1dNkkBgb1XN0gBdC5ZJzjIAV
34=0rOUkBULUjOsgBVSM7SAHdKzzIAVUCPcgBRQg+yAFFCD9IAXQuVQJAyAFVAkFIAXQuWQZC
35=yAFVAkNIAYQTAgIAIAAThAFN9yEoKQAiKCkAIygpACRIAZ3FB1/bEwByYBp82ycpACdABN
36=UCKCgpACkoKQAqKCkAK0gB2ScsSAGQEGeMEwAybAEiVjcTAMmxL0EEM7UCMEgB0ZgxSQFy
37=rRAySAHRCTNIAdleNEgBdAZBMDUoKQA2SQGzewICADdJAVO1LjjIAUElOUgBbDFFKTrIAU
38=0mO0gBbDFVAjzIAVUCPcgBXWI+yAFFCD9IAXQuVQJAyAFVAkHIAVkGQkgBaBBBBEMoKQBE
39=KCsAHwAUnANZMiAoKQAhKCkAIkgBzVIjSAEj2yEHACRIAZwGZTQU7bUmVALBJScoKQAoKC
40=kAKSgpACpIAd3mK0gByWQsSAHdCi1IAd0rLkgBJUkwL0kBKGcEBgAwSAEnhgYUAMEPMlQC
41=J4UGFCh+JhQAxQg1QQS2pQg2yAFNJjdIAWQ0VS44yAFZJzlIAWxdQQQ6SAHJLTtIAXw2US
42=o8yAFBBD1IAd02PsgBRQg/SAF4Bl0KQMgBVQJBSAHdCkJIAXQRUQlDKCkARCgpAEUoKwAe
43=ABWIBVE1HygpACAoKQAhSAHRNSJIAd0gI0gBnQYHXDYnBQElVALZJyZIAc0xJygpAChIAd
44=EqKUgB0QkqSAHRCSsoKQAsSQEyeQIGSe0V4ZMuVALVkS9IASfdBhXxNTFVAnLlaxUk2Cwi
45=XS0VKN0GFfXINUwFfTYCbssVAGgBRSk3VAJ8K0kBOEgBcCpJLTnIAVUCOkgBYARVAjtIAX
46=w2SQE8yAFBBD1IAdkGPigpAD/IAUEEQMgBWQZByAFVAkJIAWAenDbTKgIARFUCVnsCBgBF
47=yAEBAQYARkkBVbcCHQAWYAF90B4oKQAfKCkAICgpACFIAdmgIkgBwSUjSAHFwyQoKQAlSA
48=HFNCZIAYwMIqQgJ7UBKFQC2T0pSAHRCSpIASVpNCtIAdkGLEgBJXUlLUkBLXgCfKTTCQYA
49=L1QCJzYHFgDRFDFUAt0KMkgB2REzSAHdeDRIASXNJTVJAbq9CjbIAU1oN0gBcDVRKjhIAX
50=hpSQE5yAFBBDpIAWg4VQI7yAFVAjxIAWwJVQI9KCkAPkkBWngCIh4wFgBoAU0xQFUCU7UC
51=QcgBVQJCSQFUtQJDyAFVAkRIAXQ5SU5FSAF8A0m8RigpAEcoKwAcABecA01zHSgpAB5IAZ
52=+OBwAfSAGFBAdN4Re3kQcAIShVACJIAcU0I0gBxSkkKCkAJSgpACZIAdFAJygpAChIAdkG
53=KSgpACpIAc0xK0gBzRAsKCkALUgBxTQuSAGABG48FwAnjAcnbQMxQATRFDJIAd0KM0gBxQ
54=g0SAGcQSK2LRcAnMVmdhcAeT0EItwyqAEBBQIAOEwFbDxFaznIAUVrOkgBbDxVAjvIAVUC
55=PEgBhBMity0XAFdMAUU0PlQCYDtFND9IAY+fBgBASAHBD0FIAUgFIm0vQigpAENJAYB9jg
56=ZGdhcAJa1CRVQC2QZGSAHZBkdJASxvAQYASEgBJVMxGwAYbAJ9eBwoKQAdKCkAHkgBwSUf
57=SAHRNSBIAc0mIUgBiwgHACJIAY8mBwAjSAHJsSRIAdU5JSgpACYoKQAnKCkAKCgpAClIAc
58=UIKigpACtIAc0QLEgBzX4tSAHdNi5IAZgRZT8YKOYHGACQKiKFXhj5tjJMBdUYM0gByYU0
59=SAHVIzVIAdWGNkkBtWALZj8YAGgBRXY4VAJsPEV2OcgBVQI6SAFosVUCO8gBVQI8SAF4PU
60=08PckBAyKUP8QTdXsYqMdmPxgA0TVBTAXZEUIoKQBDSAHFE0RIAWETAGy11DlstScpAEdA
61=BMVgSEgBjwUHAEkoKwAaABmQAk1+GygpABwoKQAdKCkAHkgBzTwfSAHBOyAoKQAhSAHZMi
62=JIAYALfEEniQEkVALFSiVIAcUIJigpACcoKQAoSAHFNClIAdEJKigpACtIAdkRLEgBJfkl
63=LUgBJz0IGayUfUEZKD0IGSi2FxkA3UwyWAbZETNIAd1MNEgBwRo1SAHdCjZIAXBAVTk3yA
64=FVezhIAXxBTX45yAFVAjpIAXxBVQI7yAFVAjxJATxnGgYAPUgBZAFJOD5IAYAafUEZJMhA
65=fEEn6QJBQASPBQcAQigpAENIAd1XREgBwUZFKCkARigpAEdJATBoCGSBJ1kGSVQCcAJRQE
66=ooKwAZABqQAlUCGigpABsoKQAcSQF8a5AHAB1IAZ+OBwAeSAGcBn3FGiZdLSBUAt0rISgp
67=ACJIAdkGI0gB2QYkSAEnlQga5XYmVALFCCcoKQAoKCkAKUgB3TYqSAHdNitJATJgCyJ9aB
68=omlTQtVAIlwUouSAHF+i9JAS+tBTBIASVFNTFIASVFNTJIAcUTM0kBcrEfNEgB1U81SAEn
69=lQgaI4QnQTs3VAIisCdFgThIASe+GBoAaAFdQTpUAieVCBojyEBVAjxVAjxYEU1HPcgBl4
70=YaAF5UAl0KP1QCZAFJAUBIAckXQUgB3RVCSQF8sRRDSAHJLURIAZsGBwBFKCkARigpAEco
71=KQBIKCkASSgpAEooKQBLKCsAGAAbmApBRhkoKQAaKCkAG0gB2REcSAHVex1IAZwGbUcb7b
72=UfVALdKyAoKQAhSAHZBiJIAdkGIygpACRIAcU0JUgBxQgmKCkAJygpACgoKQApKCkAKkgB
73=yQwrSAHVOSxIAZQNInQw0BQiPSkb+bYvKIEAMCgpADFIAd2vMkgBlHsidTAbtHsilHYnzQ
74=Q1QATVDTZIAWBGhYwbmEhdQThUAnRETcs5yAFFSjpIAXyOVQI7SQGGdBQi5kkbAGgBQQQ9
75=VQI8VQIFIo1UG41HAWSMwA9ljBv9pEFMBd0VQkgBn2IHAENIAUAIIqUgRCgpAEUoKQBGKC
76=kARygpAEgoKQBJKCkASigpAEsoKQBMKCsAFwAckA1ZSBgoKQAZKCkAGkkBfLVaG0gBzTwc
77=SAHdNh1IAYgIZUoc9b0fVALVvSAoKQAhSAHFCCJIAcGIIygpACRIAcEEJSgoAAUmABwAcg
78=IAABEAAJcQACAIAAcAJwAcAHICAABIAQEoABwAyQEpKCkAKkkBdaEEK0kBKkgFAQAGACxJ
79=AYB3AgYALUgBmwYGAC5JAXe1Ai9JAXipATBJAXqpATFJAS+lCDJJASupATMoKQA0KCkANU
80=kBLqEENkkBsmsBAgA3SgFNAU8BAgA4SQFRSAEBAgIAOUkBglACAQACADrIAQEBAgA7SQGG
81=VAJBBDzIAQEDAgA9SQFYVAIBAAYAPkkBYakBP0kBfLEUQEgBhx4GAEFJASihBEJJAX9jBA
82=cAQ0gBgxoHAERIAXwDWSdFKCkARkkBIa0FR0kBGakBSEkBHakBSUkBG6kBSkgBxQhLKCkA
83=TCgpAE0oKwAWAB2IBVUNFygpABgoKQAZKCkAGkkBe6kMG0gBhTQHSQkd7TwdVQJ2oQQeSA
84=GDCwcAHygpACAoKQAhSAHRCSJIAdEJIygpACQoKQAlKCkAJigpACdIAYtDBwAoKCkAKSgp
85=ACpJAXm5EStIASecCcQef0wdAH1gBHxMJ1UAL0wFixcGADAoKQAxSQFBewIGADLIAQEBBg
86=AzSQFAtQI0yAFVAjVJAcF3AgIANkgBZUoAfkwdAGkBAXxMqAFVAjlABHxMRUo6yAFFSjtJ
87=AVZnCAYAPMgBAQEGAD1JAWBUAkkBPkgBRQEASU4/SAGbSAYAQEgBJ50JHVgiSwQGAEJUAk
88=ABYXJDKCkAREkBJXMfBwBFSAHFSkZJARe1AkdJARqpAUhIAcUISUkBJrUCSkgB1QJLKCkA
89=TCgpAE0oKQBOKCsAFQAe5RMWSAHFCBcoKQAYKCkAGUkBgLUNGkgB1UQbKCkAHCgpAB0oKQ
90=AeSAHBUR9IAckMIEgBg3IHACFIAdEJIigpACMoKQAkKCkAJSgpACZIAZwrdZwemApBZyhV
91=AjJzAQYAKUgByZAqKCkAK0gB3Y4sSAGNEAZXnB4Acmwbd08eAHSpAS9ABISBd08eAEh/Cg
92=IAMVUCQUgBVUQyyAFVRDNJAUC1AjTIAVUCNUkBwVUCAXVPHohOWQY3VAJ0T0EEOMgBVQI5
93=SAF9mQB2nB4AaAFZBjtUAnVPAnZPHgDdFT1UAtEUPkgBnysGAD9IAVANYVFASQGBtRhBSA
94=EnlBMnoQRDVQInYAR0nCdVAEVVAiC1AkZIASf2CR4AJ/QJJ60ASUAElw0HAEpJASO5BktI
95=AdUCTCgpAE0oKQBOKCkATygpABRIk5sGBgAVSAHVyBZJATN7AgYAF0gBZAFNPBgoKQAZKC
96=kAGkgB0ZgbSAGUOWWiH6E7B1JeHwDNlB4ogQAfSAGHKQcAIEgB2QYhKCkAIigpACMoKQAk
97=KCkAJSgpACZIASdNCh+YFV0VKFQCwZ4pSAGbAgYAKkgB1TkrSAGNEAZE79wVbFInKQAuQA
98=SfCgYAL0kBTGgIblIfAGgBVUQxVAJwAk1HMkgBnQoCRqIfAItDAgA0VQJ3ZwQCADXIAVkG
99=NkkBVEzsWQY3yAFVAjhIAXhTVQI5SAFgUVlTOsgBUVY7SQFfcAluUh8AlC5koie9Aj5ABN
100=0VP0gBaQUAZaIfXBtQAWXvH0C6iQFC4ARk7yfNBERUAidGFB8AwVFGVQIcvUxHSQEeqQFI
101=SAFICW2qSUgB2QZKSAHNBUtJAR+tBUxIAc0FTSgpAE4oKQBPKCkAUCgpABNRQ5J/BgYAFM
102=kBAWVVIGwCfW0WVALRVhdIAd2OGEgB3VcZSAGTBQcAGkgBjyYHABtIAclOHEgBjCZkVd0K
103=B0JkIACAym33IOlZIEwFyVkhSAHFCCIoKQAjKCkAJCgpACVIAdkGJkgB2QYnSAGURG33IF
104=xSWBR3pyAAgGwmZFXDDwYAK0wFmAZkVSdVAC1UAp8KBgAuSAGd/AZFVSCYU0WXMFQCZFVN
105=RzFIAZ8KAgAySAGQCWZVIACQH2RVSAFIEFVPNUEEdUgBTVI2SAFkVUFRN8gBUQk4SAFkVV
106=UCOUkBh0wFWQY6yAFZBjtJAV9UAlE1PEgBlC5kVSfpAj5UAowQdacgtGVlVSD54kFABEAI
107=cUtCKCkAQygpAEQoKQBFSAHd8UZIAdkGRygpAEgoKQBJKCkASigpAEsoKQBMSAHBtE1IAd
108=EJTigpAE8oKQBQKCkAUUgB0Y0SSetOd3sGABNIAXxXTTEUyQEDfVchmAoBAAYAFlQCjAFk
109=rSdVABhUAsnHGUkBgHxBflchAIwmfFcnKQAcQASIOHxXxAh8VycpAB9BBIGlCCBIAZQNdf
110=8ho4gHACJUAt0KIygpACRIAd0KJUgB2QYmSAHdYidIAYhOfVchKPwKwA98V8gMfVchrMB+
111=VyEAmAZkrSetAC5RCUNsDH9XIQBHaQECSJXABHT/JykAMkwFhEp8V9AJflchAHBWTVI1QA
112=RpAQN3/yEAT2wxIuwpqAFZUzhABIQ0Io4zIQAn/AqoAUEEO0EEV00QAWStJxUDPVQCgCUi
113=jDPAMHxXzBB9VyEo/wohAH61LkJYBkwJaVlDSAHVOURIAZDPIu0pIadgBwBGVALNBUdJAT
114=JvAQYASEgByZtJKCkASigpAEtIAcGeTEgBdAZB4E1IAcUITkgBxQhPKCkAUCgpAFFIASV9
115=JlJIAYcIBgARUENkKQEABgASyAFJIhNIAXTTVQIUyAFVAhVIAdkGFigpABcoKQAYSAEnVQ
116=siiAVRFBpUApQ5dVoi4VwcVAKURHRaJ60AHlQCwRofSAHFHiBIAYTvdFonBQEiVQJyoTAj
117=KCkAJEgBJ1QLJ10BJlUCMmMSBgAnSAHBJShIAckiKUgBfANFHipJAYF8CnRaxAh2WiIAhw
118=gFAC1ABN1XLkkBQ1wGRUovSAGcQXRa2wYCADFUAogXdbIi6bEzVAJVBgBNqjRJAY9sASL+
119=ICIAaAFRCTZVAnq1AjfIAVUCOEgBdFpFYDnJAQMiTisiAGhZSZA7VAJoAUmQPEgBnHh0ss
120=wmdVoi7XM/QARkDEUeQEgB3TZBSAGbBgcAQkgBI5AuIvwgwBoiTSsi/eZFQATJOEZIAZEJ
121=B0V7IumFSPcCBgBJKCkASigpAEtIAdH7TEgB2TJNSAHZMk5IAZ8KBgBPKCkAUCgpAFEoKQ
122=BSKCkAUygrABAAI4AIWRwRSAFsXUElEsgBQSUTSAFsXVUCFMgBVQIVSAGcBmS4JwUBFyhV
123=ABhIAckXGUgBxVUaSAHZJxtIAdUjHEgBj0cGAB1IAdkcHkgB2RwfSAHBMCBIAdVlIUkBcm
124=BRZrgjAMkBI1QCI08gBwAkSAHVAiVIASWtISZIAcHVJ0gB1RgoSAGYUyIEIidBAypUAsEE
125=K0kBRmwBbV0jXpQAAElOLVQCcAJFVS5IAclZL0gBjBBuXSMAlJxsXdAUbF0nKQAzTAWEE2
126=W4I4BcXVc1VAJsXV1XNkgBbF1VAjfIAVUCOEkBVb26OSgpADpJATx/EQYAO0gBZAFBOzwo
127=KQA9SAHRdz5IAcEEPygpAEBIAd02QUgBzTFCKCkAQ0gB1TlESAGECGe4IwAybQEGRiMjAN
128=kGR0AEyThISAEj7EpuXSMAI8NKBgBKVQIfazgGAEtIAWAIXRVMKCkATSgpAE4oKQBPKCkA
129=UCgpAFEoKQBSKCkAUygpAFQoKQAPUEPVDRAoKQARSQF2eAJ2vSQAaQEBIg0jJKTkIgwuqA
130=FVAhVMBWgFXRUWKCkAFygpABgoKQAZSAHdVxpIAZgGdb0khAFNwBxUAs1SHUgBmwIGAB4o
131=KQAfSAHFCCBIAScHDCQAcngnZWAktacHUBwnXQEkTAXdbSVIAd1tJkgB1Q0nSQF8ZQgGXP
132=bQCWRgUB+1AipABNkRK0gBZGBBUSxIAZUCAlW9JCRzQAIALlQCj8sCAC9IAcEEMEgBjBBl
133=YCQkFCRkYCcpADNABJQYZWAk9WU1VALdYjZJAXV0CSIMI1gcSAFJbzhUAnS9SW85yAFVAj
134=pJATxABFEUO8gBWZU8SQFfVAJRNT1IAWQBSQE+SAHNfj9IAdUCQCgpAEEoKQBCSAHNBUNI
135=AclkREgBzV1FSAHNXUZIAdEJRygpAEhJASKxKklIAcEESigpAEtKAW0SXwIGAEzIAV1MTU
136=kBbLUCTsgBVQJPSQFqtQJQSAFRBgBBGlEoKQBSKCkAU0kBca0FVMgBAQEEAFVJAW5UAksB
137=DgAlgAhFCA8oKQAQKCkAEUgBcGFNwBLIAVEqE0kBimAHfmIlAGgBRRMVVQJvtQIWSAEi8C
138=9dChfIAUEEGEgBfANVAhlIAcUpGkgBxSkbKCkAHEgB0SodSQF8uSceSAGLQwYAH0gBJ14M
139=JQAnXQwlKF0MJShfDCUAMmUPBkkfJe2UJUQIwQ8mSAHVDSdIAZAJfGLQCXxi0AkibS8lVJ
140=dUCSIUJKgBVU8sWQaAcBR8YtgGfWIlJFQhfmIlAJigZsMlACPAVX1iJaSif2IlAB+lCDNQ
141=CcFnNEgBwco1SAGceCJsL1gRSBBNXTdUAmhkhsMlAHxiVQI5VAJoAVUCOsgBURQ7SQE8WA
142=YBBQIAPEkBX0gBWTI9SAGIFyIVJCW4dCJtLyWgciJuLyUAI7wjIhRFJ8EIQlgGkxQGAENI
143=AcEEREgBWAptUkVIASM4OWTDJ9kAR1QCnCAibi8lACNARWfDJQBvTVIAZMOoAVlTS0wFfm
144=ICBF5iJQBoAQEDBABNVAJ8YlUCTsgBVQJPSAF8YlUCUMgBRVVRSAF4Bl0KUsgBRR5TSAF8
145=Yk0FVEgBnBV8YtMUBABWKFcADQAmnANFCA4oKQAPKCkAECgpABFIASPIS3bIJgBoAVUNE1
146=QCaGRNaBTIAUUTFUgBdGVBBBZIAXRlQQQXyAFBBBhIAYcPBgAZKCkAGigpABsoKQAcSQF8
147=bEciHyUmAHKpAR5UApSydWUmWLxbCQYAIFQCgFwizDDMBXXIJii1DCYmnSokTAXdCiVIAS
148=M5IwZBASbpQydQAdUNKEgBhFV1ZSa4XnVlJpRlTRsrQQRKSBBNUixIAUQBIpkvLUgBIxRm
149=dGXILXRlSNV0GHVlJiQoWHdlJgACJOkjMlgGaAFVWjNJAdV3CQIANMgBVQI1SAFwAlHENk
150=kBdGwBdMhIF0gBQQQ4VAIiJEdJATlIASUNcDpJAYRABFkGO8gBQQQ8SQE9dAIizzAmAD+p
151=AT5UAmQBSUM/SQGBfBV0ZdQYdGUnKQBCQATNBUMoKQBEKCkARSgpAEZIASNLUQYAR0gByW
152=RISAHFCElIAXRlXVdKSAGXAgQASygpAEwoKQBNKCkATkgBI89cBABPSAHZBlBIAWBnAQUE
153=AFFIAXRlXQpSyAFFa1NIAc0FVCgpAFVJASx4AndlJgApqQFXVALLAQwAJ7cCBgANKCkADi
154=gpAA8oKQAQSQEtZAgi3z0nAI6pARJUAmkBASInJicAe7UCFFQCaAFVAhVIAZScIi0yJyP8
155=Yk0xF1QCItwyQQQYSAF0BlUCGSgpABpJAYKxNRtIAcEEHEgBnGJtaCcoDQ0nvGJtaCcoDw
156=0nAH9kCG1oJ6imbWgnuF4iJSYnKAwNSBdtBQZQiswFbGgniQEnQA+cumXOJ5QRXRUpVAIi
157=zCVJASrIAUFRK0kBgHMJAgAsSAGAcmTO0AluaCcA1QIvQASQ5W5oJwAjBCJtaCeMaFHEMk
158=AEbGhBcjNIAWxoVQI0yAFVAjVJAdhAEkEPNkgBbGhBBDfIAUEEOEgBCVEBAAADAgA5ACcA
159=UREAANoQACAIAQAAAAIAOgAnAIRkAQECADsAqAEBAwIAPEkBPVQCAQECAD1JAT9IAQECAg
160=A+yAEBAwYAP0kBQFQCAQAGAEDIAQEBBgBBSAFsBVUCQkgBfANJAUMoKQBEKCkARSgpAEYo
161=KQBHKCkASEoBnRNPCAYAScgBAQEEAEpKAWoSVwIEAEtIAUABAgAABABMKCkATUoBJQJfAg
162=QATkkBHKkBT0kBG6kBUEgBWAN5BlEoKQBSKCkAUygpAFQoKQBVSQEofwYEAFZIAWQBAQAF
163=AFcoKQBYKCoACwCEBQIAAAcADCgpAA0oKQAOKCkADygpABBJASpjCwYAEUkBjkgBAQIGAB
164=LIAVUuE0kBe7UCFMgBVQIVSQFRVDlBMBZJAYahBBfIAUEEGEgBUQIATTEZSQF+fyAGABpI
165=AdUCGygpABxJAX+hBB1JAXKpAR5JAXWpAR9JAS9/BgYAIEkBK6kBISgpACIoKQAjSQEuoQ
166=QkSQGBpQglSAFwAlkRJkgB1QInSAHVAihJATJvAQUAKUkBRkgBVU8qSAFEAQIAAAIAKygp
167=ACxIAZ8VAgAtSQFyawwCAC4oKQAvSQF5tQIwSQEmqQExSAGfIAIAMkgB3QozKCkANEkB2F
168=gCQQ81yAFdYjZJAXZUAk0QN8gBSWQ4SQGDtQI5yAFVAjpJAZC1AjvIAVUCPEkBfK0QPUkB
169=dqkBPkkBP04FBQJHaygAQEgBQQ9AVAJoAUEPQUgBYARVAkLIAUE7Q0kBxqUIRMgBSQxFyA
170=FNBUbIAUUIR0kByG8FBgBISAFka0EEScgBQQRKSAFka1UCS8kBA2drKABpvW1NVAJAE2Fn
171=TigpAE9JASJ/CgQAUEgBwQRRKCkAUkkBLHsCBABTSQEpqQFUKCkAVUkBMLUCVkgBZAGEa8
172=9oBQBYKFUAWSgpAApQQ5sGBgALSAGYBnxtgAxpbw0oVQAOKCkADygpABBJATF8Bn1tKVAB
173=TAF9bSlISYkBE00Cd0QBRVUUyAEBAQYAFUgBfG1BMBZJAYehBBfIAUEEGEgBjzwGABlJAX
174=d0I35tKQCbPQYAG1QCdAZdChwoKQAdSQF/rQUeSAHZBh9JAXS1AiAoKQAhSAHRCSJIAdEJ
175=IygpACQoKQAlKCkAJkkBrXEFBlKVKQBoAV0VKFUCwHUCAkIBKQBoAVlIKlEBb7UCK0kBk6
176=kBLMgBQQQtSQF7ZBN+bSkAn4MCAC9UAmgFAQACADBIAZ8gAgAxSAHBBDJIAcEEMygpADRJ
177=AR5QmFkGNcgBSQw2SAF8bU1SN8gBRVU4SQGDSAhVAjnIAVUCOkgBfG1VAjvIAVUCPEgBkC
178=pm2SkAxYE+VAJBCABVDT8oKQBAKCkAQSgpAEJJAT9QBU1zQ0gBfG0BBAIARMgBVQJFyAEB
179=BgIARsgBAQcCAEdIAXxtVRhISAFACHUNSSgpAEooKQBLSAFob1EJTEgBfG1VGE3JAQNn2S
180=kAi7VwT1QCJ7wNz10EAFFUAtFsUkgBnGJ8bcMEBQBUVAKPEAUAVSgpAFYoKQBXKCkAWCgp
181=AFkoKQBaKCoACQCY1HFsCigpAAsoKQAMKCkADSgpAA4oKQAPKCkAECgpABEoKQASSAGTDA
182=YAE0kBdW8XBgAUyAFRVhVJAU5ARpVwKiMMIwEABgAXVAIiOCNBBBhJAX14U3RwiQkAQQQa
183=VAKQVnVwKuFyHFQCZAxBBB0oKQAeKCkAH0gB2QYgSAGbzAYAISgpACJJAXi1DSMoKQAkSQ
184=F6tQIlSQGybwwCACZIAWhvTTwnyAFFVShJAVNAGk1SKcgBTUcqSAF0cEkBK0gBdHBZBizI
185=AVkGLUgBhBN2cCoAlIZ2cCoAlIZ2cCoAnBV0cCcpADJYBp8VAgAzSAGPiQIANEkBJK0QNc
186=gBQQ82SAF0cEUTN8gBVQI4SQGFoRo5yAFVAjpJAX5kHiI8KdQuIjwpJykAPUAEdAZRCT4o
187=KQA/KCkAQCgpAEEoKQBCKCkAQ0gBdXAId3AqAES9FUVUAmgBTRBGyAFBJUdIAXRwSQFISA
188=HBD0lJAS1QFE0FSsgBQQRLSAHBBEwoKQBNSAFgck1zTkgBdHABAQQAT0kBIEUIAHbeKgAl
189=aSlRVAKX1gQAUkgBkQkFVN7QH3RwJykAVSiBAFYoKQBXKCkAWCgpAFkoKQBaKCkAWygqAA
190=gAIxwmYXIJKCkACigpAAsoKQAMKCkADSgpAA4oKQAPKCkAECgpABEoKQASSAGcGG5zKwBt
191=cwJsc6gBQXIVQQRQWDJVAhZIAWBySQEXyAFBBBhJAX94J25zKwCAUWXkK6RVbHMnKQAcTA
192=WbUwYAHUgBkyoGAB4oKQAfSAHRCSBIAYRgbXMrt70GACJVAkB/BgYAI8gBXYMkSQG/dwIC
193=ACXIAV1BJkkBVEoXAAJG5CsAaAFVAihUAmxzVUQpyAFJbypJAU1MBVUCK0gBeBxZBizIAV
194=kGLUkBgXgcbXMrbA1twC9UApwVbXMr5XYxVALV0zJIAZAFbnMrAMUINFQCbHMBAgIANcgB
195=TRA2SAFsc1UCN8gBVQI4SAFsc1UCOcgBVQI6SAHJhTtIAd2DPEgBnCtk5CeRAj5UAs0QPy
196=gpAEAoKQBBKCkAQigpAEMoKQBESAFgckEPRckBBGXkK4V2BWTkJ7UBSEEELUAlQQRJyAFB
197=BErIAUHrS8gBAQcCAExIAcUTTUkBNG8BAgBOSQGK5+QrACRQCY9zKwAeqQFRQQQobAVsc8
198=APbHMnKQBUQAR9AwBk5CdVAFZUAoDrIqw3IhwkSAQiRConKQBZQQQpUAJZBlooKQBbKCkA
199=XEkBLaIEBwCICXl0CCgpAAkoKQAKKCkACygpAAwoKQANKCkADigpAA8oKQAQKCkAESgpAB
200=JJASpsEGZ2LABgRkndFFQCaQEBIk8rLABPSFlNcxZUAidOKywAaAFBBBhUAmAIWQYZKCkA
201=GkgBiFlldiyrWQYAHFQC1XAdSQF0YDBkdkAPqQEfVALRCSBJAUZsAWZ2LABoAUFnIlUCQF
202=QCXVcjyAFZSCRJAXRVAgBmdiwAaAFNBSZUAmgXVQInyAFVAihJAU5AGlUCKUkBVEgBRQgq
203=SAHNBStIAWR2SQwsyAFBBC1IAWQMWQYuSQFxbAF26SwAaAFdCjBVAm61AjHIAVUCMkkBbb
204=UCM8gBVQI0SgF4EFgCZnYsAGgBVQI2VQJzUAJJDDfIAVUCOEgBeBFVAjnIAVUCOkgBJ8QO
205=3Ct16Sy8pGZ2LAAjgCEidEbQSyIMOScpAEBECHANXQpBKCkAQigpAEMoKQBESQFEQCUBBg
206=IARcgBXW1GyQEIZHYnXQFIVQItVDlVAknIAQEJAgBKyAEBCgIAS8kBC2R2J9kATVYCawRA
207=EmZ2LABkdpTpwAR06ScpAFFMBSfEDtQCZHYnKQBUQARJCQBJb1VIAZ8CBQBWSQEweAJkdm
208=g7TwEGAFhUApt0BgBZKCkAWigpAFtIAZt0BgBcSQExVAZdCl1IAZkGBUBfmANxdwckgDhp
209=AQgoKQAJKCkACigpAAsoKQAMKCkADSgpAA5JAYBEKQEABwAPSAGLsQcAEEgBaBBVAhFJAT
210=JsASJuOi0AJUFFE1QCcHdB6xTIAVF3FUkBTUg4SQEWSQGLuQYXyAGfeC0Ab7UCGVUCbakB
211=GsgBQQQbSQGStQIcyAFVAh1IAYBRfXgtt08GAB9VAnpoFyItSC2Qd1lpIVQCYAhJTiJIAY
212=0bAkXvLeVVJFUCdEQETQUlyAFJbyZJAU9IF1UCJ8gBVQIoSQFOtAIiWD4jVyECACpUAs0F
213=K0kBilAJVQ0syAFBZy1JAW+1Ai5IAXB3XQovyAFdCjBJAW5ABFUCMcgBVQIySAFoIlUCM8
214=gBVQI0SAFwd1UCNcgBVQI2SAF8eFUCN8gBVQI4SAF8eFUCOcgBVQI6SQGBYyUCADtIAVwO
215=IiEgPEgB1QI9SAHVAj4oKQA/KCkAQCgpAEEoKQBCKCkAQygpAERIAXx4QXJFyAFBckbIAU
216=FyR0gB1Q1IKCkASUkBLVEUDXx4QChJAQ58eKkBD3x4x2ACAE1MBcUITkkBZ+TvwAR8eCcp
217=AFFBBC9wBWfvLQAzqQFTVAJkAVFsVCgpAFVIAYx+fHjTsQYAV1QCiHp8eN0KB1x4JykAWk
218=AEkwkHAFtIAcndXEgBlwIGAF0oKQBeKCkABbBpfXgGKCkABygpAAgoKQAJKCkACigpAAso
219=KQAMKCkADUgBIxM0BwAOSAGMEHZ7LgCNaAdVey6zYQcAEUAE3RUSSAGMBXX0LiNdLQAiXC
220=2pAQF39C4ATlBhlnsuAHR7WX8XWAZoAVUCGEgBeF5NBRlJAW1UCUEEGsgBQQQbSAF0e1UC
221=HMgBVQIdSAGEE3R7VA1EP0EPH1UCSkQISQEgyAFFayFIAY8bAgAiSQGMYAR2ey4AaAFBBC
222=RUAnxiQXIlyAFVAiZJAU1IF0kBJ0kBT0gBXWIoSAFgGlVlKUgBdAJZBirIAU0FK0gBdHtB
223=BCzIAVgGcaBvQA9BBC5UAnV7BHX0LpX0BSJfLS4Ag0AEUQkxQARoAU0FMkkBfLUCM8gBVQ
224=I0SQF4VPRFCDXIAUUINkkBfa0FN8gBTQU4SAEijEldCjnIAVUCOkgBaAVVAjsoKQA8KCkA
225=PSgpAD4oKQA/KCkAQCgpAEEoKQBCKCkAQ2gBTCZVDUTIAUkiRWgBZA8iXC2cwnmKRyhVAE
226=goKQBJKCkASigpAEsoKQBMKCkATSgpAE5IAXR7VQ1PyQEDdXsujfcAIuRJwA92ey4AwX1T
227=TAXBfVRIAWwUQX1VSAEndA8ijF5cAnR7xQgHVPQnKQBZTAVYA21zWigpAFtIAdVlXEgBgA
228=R0e9sGBgBeKFUAX0gBjQUFWBScEnEJBagUaQEGKCkABygpAAgoKQAJKCkACigpAAsoKQAM
229=SAEjh1MHAA1JAXJgZ25+LwAj0Ctufi8AI9xTb34vADJgFiK1WS9ME0wBZPrEE2x+TAVQAk
230=1zFFAJIlg9TXMVSQFPZz8GABbIAUEEF8gBQQQYSAFka0kBGSgpABpIAZDlImUuLyMUL114
231=HFQCJUEvHUgBJekuHkgBI+g5ZvovAGx+SQwgVAJoAV1tIUkBgWwbbX4vgH1dQSNUAmx+QQ
232=QkSAFsflUCJcgBVQImSAFkE1FWJ0gBwX0oSAFgGlVlKcgBWQYqyAFZBitIAc0FLMgBVQIt
233=SAGAGiIuPS8AxQgvVAJoAUkMMEkBg3gnIp1LL5h/WQYyVAJsfkkMM8gBVQI0SAFtfgYiZS
234=4vI2QuAQcCADZUAmx+TQU3yAFNBThIAWx+VQI5yAFVAjpIAdmgO0gBXA5pbzwoKQA9KCkA
235=PigpAD9JAdFzBQIAQMgBSRdBSQH9tQJCSQEAWD1JDEPIAUGTRMgBQZNFaAGtBUYoKQBHKC
236=kASCgpAEkoKQBKKCkASygpAEwoKQBNKCkATigpAE8oKQBQSAElvS5RSAFoEF1qUigpAFNI
237=AZd7BABUSAGABCIsPSIEblABZPrIAWx+2F5sficpAFn7BgcAWkgB1WVbSAGceyJkLswFbH
238=4nKQBeQARADCJ5V19IAc1+YEgBIxcvBAADIShigQQHRBYjICF5fwUoVQAGKCkABygpAAgo
239=KQAJKCkACigpAAtJAYB8YiLfaTAAcqkBDVQCyQEOKCkAD0gBJyYQMACQFGaBMACAiGaBMA
240=Aj8C9mgTAAJ9xpqQEBdf8wmF5BfRZQCWhkVQIXSAFkYAEABgAYyAFVAhkoKQAaSAF0cEAE
241=ChsAMACKAAAAAAYAHAARAAAqEAAgDDAAigAAAAEGAB0AMABvAEMABgAeSgGrAokBH8gBAQ
242=EGACDIAQECAgAhyAEBAwIAIkkBckgFAQACACPIAQEBAgAkSgFNAVsCAgAlyAFVAibIAU0F
243=J0kBUKEEKMgBQQQpSQFPtQIqSAHFCCvIAUEELEkBTqEELUkBgkQMUQkuyAFBBC9JAX+1Aj
244=BJAZCpATHIAUEEMkkBfm8bAgAzSAF8A0UINCgpADUoKQA2KCkAN0kBgLkGOEkBdKkBOSgp
245=ADpJAXm1AjtIAd0KPEkB6W8BAgA9yAFNED7IAUUpP8gBRSlASQHRTAVJAUFJAf1IAU0FQk
246=kBAEQeAQYCAEPIAQEHAgBEaAFABEkXRSgpAEYoKQBHKCkASCgpAEkoKQBKKCkASygpAEwo
247=KQBNKCkATigpAE8oKQBQSgGLElMQBABRSAFAAQIAAAQAUkkBJ38gBABTSQEoewIEAFRIAW
248=QBAQAFAFVIAZcCBQBW6wEGAFdIAYMEBwBYKCkAWSgpAFpJASpnBAYAW0gBZAEBAAYAXCgp
249=AF1JATJ7AgUAXkkBK6kBX0kBLqkBYEgBZAFNEGEoKwACADGQAgEABwADKCkABCgpAAUoKQ
250=AGKCkABygpAAgoKQAJSQF8cx8HAApJAXqpAQtIAY8MBwAMSQF7tQINSQFyqQEOSQF3qQEP
251=SAGbSAcAEEgBxR4RSAGbBgYAEkkBdW8FBgATSQGPYwsGABTIAVl0FUkBfbUCFsgBVQIXSQ
252=F8tQIYyAFVAhlJAXu1AhrIAVUCG0gBcIIBAgYAHMkBA32DMZyDQQQeVAJ8gwEEBgAfyQEF
253=foMxAHQCRVUh1AJFVSJIAXyDTV0jyAFBXCRIAXR7VQIlyAFVAiZIAdl/J0gBfINBBCjIAU
254=EEKUgBYARVAipIAcUIK8gBQQQsSAF8g0EELUgBfINJAS7IAUEEL0gBfINFazBIAXyDQQQx
255=yAFBBDJIAYgtf4MxAHZrLQIANFQCfCRdbTVJASBAckkBNsgBUQk3SQEAYwACADhJAX+5Bj
256=lIAZc5AgA6SAF8A1kGOygpADxIAX2DBH6DMQBoAQEFAgA+1AJFKT/IAUUpQEgBxQhBKCkA
257=QigpAEMoKQBEKCkARSgpAEYoKQBHSQEhsRRISQEdqQFJSQEfqQFKSAHVDUsoKQBMKCkATS
258=gpAE4oKQBPKCkAUEgBfYMBf4MxACN8CnyD3G1+gzEAhIF8g9QCfIPUAn+DMQAvcBB+gzEA
259=iXoGXIMnKQBZSAzVAlpIAYB9fIPQCXyDJykAXUAEmGl8g9cCBQBfVAJkDFGCYCgpAGEoKQ
260=BiKCsAAQAyiAVJhQIoKQADKCkABCgpAAUoKQAGKCkABygpAAgoKQAJSQGBdCN0hieJAQtU
261=As2JDEkBcqEEDUgBm38HAA5IAZ8RBwAPSQEybQEGVoYyAN0gEVQCiFl2hjIAmAZ2hjIAdI
262=ZVexRABGgBVXsVSAF0hlUCFsgBVQIXSAF0hlUCGMgBVQIZSAF0hlUCGsgBVQIbSAGMc3aG
263=MgBoAVUCHdUCASJXITIAqXQYdIaoAVUCIEAEdAJVcCHIAVVwIkkBVFBsVQIjSAFkgVUCJE
264=gBfApNaCVIAXR7SQEmyAFVcCdIAXQYVQIoyAFVAilIAWx+VQIqKCkAK0gBbBtVAizIAU0F
265=LUgBcIJVAi7IAVUCL0gBeCtVAjAoKQAxSQGAYBp2QTIAhLh3hjIAebUCNEAE2QY1SQEgQB
266=pVGDbIAQEEAgA3yAFNfjhJAQBjAAIAOSgpADooKQA7KCkAPEkB6U0FCHaGMgBpAQl0hqgB
267=AQoCAD9ABF0DAF0VQCgpAEFJAS9EE0EaQkgBwQRDKCkARCgpAEUoKQBGSAHJhUdJARpECF
268=0KSEgBxQhJKCkASigpAEsoKQBMKCkATSgpAE4oKQBPKCkAUEkBiSZXITIAInQNdIaYWyKB
269=IVNABCfUENQCdYYyqIV3hjIAM2sTBQBXTAVlAQB0hs8FBgBZKFUAWigpAFsoKQBcKCkAXU
270=gBJ9QQxAh1hjK/mQUAYEAEiwwFAGEoKQBiKCkAYygoAHBDjAUirCGJFABNiQS0FWkBBSgp
271=AAYoKQAHKCkACCgpAAkoKQAKSAHJhQtJAXJsJiKuITMAyQENVAKYf3SGJ+EBD1QCjRsGV4
272=YzAIB7BgYAEVQCiFl0hsQIdoYzACPQKyKsIScpABVMBYfkBgAWSAGPGwYAF0gBmxEGABhI
273=AcEEGUgBcI0BAAYAGsgBWX8bSAGUcHaGMwBoAVUCHVQChHZ3hjMAqKUTH1QCaAFBBCDIAV
274=2DIcgBRWsiSQF6cBAiLjIzAGgBTV0kVQJPSG9NBSVIAXSGSQEmyAFZBidIAXSGVQIoyAFV
275=AilIAWwQRQgqKCkAK0gBcBRNBSzIAU0FLUgBdIZVAi7IAVUCL0gBdBFVZTAoKQAxKCgA3F
276=R5dDMoVQA0KCkANUkBIEgXAQYCADbJAQd0hsg4IqwhJykAOUEEAGAAIqwhJ1UAO1UCy7UC
277=PMgBQRo9SAF1hg10hietAD9UAmgFXRVASQEvVC5BD0HIAUEPQkgBwQRDKCkAREkBJUwFWQ
278=ZFSQEZqQFGSQEXqQFHKCkASEgBJYEhSUgB0QlKKCkASygpAEwoKQBNKCkATigpAE8oKQBQ
279=SAF0hiOtITMo1BDMGyKtITO8gyKsIdMtBABVWAaMEHWGMyQwInSG2AZ0hicpAFnvBQYAWi
280=gpAFsoKQBcKCkAXUgBhGsirCHECHeGMwAmaCJ0hidVAGFMBc0QYigpAGMoKQBkKCsAAwA0
281=iAWUhicpAAUoVQAGKCkABygpAAgoKQAJKCkACkgBI3sgBwALSAHJhQxIAZt/BwANSAEn1B
282=AntQEPVAIj+CR3hjQAKWASd4Y0AC2pARJABCP8K3aGNACQCXWGNLeRBgAVQASUDXeGNAB0
283=aCJ0hieDABgANCa1IhlIAXSGI60hNCPgIgEDBgAbVAKUcHWGNJSGVQIdVAKEdnWGNJSGI4
284=QyqAEjhDKoAVVaIUwFbIlVWiJIAWiFUXcjyAFRdyRJAVFIb1VaJUkBhW8bAgAmyAFNaCdI
285=AXACQQQoKCkAKSgpACooKQArSQGAexwCACxIAYUeAl8lNAB4tQIuVQJ6qQEvSAHdCjAoKQ
286=AxKCkAMkgBIzAteck0iAVNEDRUAo8BAgA1SQEbqRc2yAFdFTdIAcEEOCgpADkoKQA6KCkA
287=O0gBdIZJIjzIAUkiPUgBxQg+KCkAPygpAEBIAXSGAQwCAEHIAUWMQsgBAQ4CAEPIAQEPAg
288=BESAHRCUVJASSxH0ZJARypAUdIASesISeZA0lUAtkGSigpAEsoKQBMKCkATSgpAE4oKQBP
289=SgFrBE8IAgBQSAEBghIAAJeGNAAgYA8iryE0ABupAVNBBCxJBQB0hiWMSHSG2BF1hjS4in
290=WGNCSHMgUAWFgGI1syBQBZKCkAWigpAFsoKQBcKCkAXUgBI+gudIYniQFfVAJoECOEMidV
291=AGEoVQBiKCkAYygpAGQoKQBlKCkABFBDkQkHWQk1hAFNiQYoVQAHKCkACCgpAAkoKQAKSA
292=GUe3eGNQB5YCUirCEnMQENKIEADkkBdKEED0gBIyMgBwAQSAGHDwcAEUgBzYkSSAHNiRNI
293=Ac2JFEgBlA11hjXtiRZUAsGIFygpABgoKQAZSAGADyKuITUAyQEbVAKMEHSG3BUiXkM1AC
294=W1Ih4ogQAfSQFKdBQiXkM1AGgBTWghVQKCYBoi3FNYEWAEIqwhqAFBBCRABHSGQWclSAF0
295=hkkBJsgBTWgnSAF0BkV2KCgpAClIAcl6KkgBwQQrKCkALEkBgaEPLUgBwQQuKCkALygpAD
296=AoKQAxSAHJ8zJIAcVrM0gB1fQ0SAHd8TVIAXSGXRU2yAFdFTdIAdUNOCgpADkoKQA6KCkA
297=O0kBxnMFAgA8yAFJIj1IAXACRR4+KCkAPygpAEAoKQBBKCkAQkgBbYkUdoY1AGkBFXSGqA
298=EBFgIARUAE3QpGKCkAR0gBj+wCAEhIAcEESSgpAEooKQBLKCkATCgpAE0oKQBOKCkAT0gB
299=aoUCBFaGNQBpAQMiXUM1KNcQNQAeZDQirSE1JCghdIbcTCKEMicpAFZQCYQTdIYnVQBYKF
300=UAWSgpAFooKQBbKCkAXCgpAF0oKQBeSAGYSCKsISddAWBUAtUNYUgBIys3BQBiSAGXnAUA
301=Y0gBwQRkKCkAZSgpAGYoKwAFADaIBZSGJykAByhVAAgoKQAJKCkACigpAAsoKQAMSQEyew
302=kGAA1IASNLJAYADkgBjH4iXUM2JNAgdYY2sOV3hjYAemstBwASTAVgCFkRE0gBzYkUSAHN
303=iRVIAc2JFkgBnAoirCHcCiKEMicpABlBBHJ8CnSGJ1UAG1UCdbUCHEgBlA12hjYA0QkeVA
304=KYoCJdQzaJhQJ0hqgBTWghQASYBneGNgCObAF0hqgBSWQkQAQi4CJJZCVIASIkMUkBJsgB
305=QQQnSAF0BlUCKEgByXopSAEliS0qSAGVOQJM0NgyIqwhJykALUAExQguKCkALygpADAoKQ
306=AxKCkAMigpADNIAcVrNEgB0Qk1SAF1hgQihjI2AGkBBSKEMifhAThABM0FOSgpADpJAex7
307=AgIAO8gBWRw8SAFgiE0mPUgBfANFHj4oKQA/KCkAQCgpAEEoKQBCSAFphRp1hjaUhlkiRN
308=QCXZ9FSAHdCkYoKQBHKCkASCgpAEkoKQBKKCkASygpAEwoKQBNKCkATigpAE9KAYoSXA10
309=hsgidoY2ACdcQydVAFNMBSdcQ9QCdIYnKQBWQARJCQBF91coKQBYKCkAWSgpAFooKQBbKC
310=kAXCgpAF1IAZhIIq0hNqSXdIYntQFgQATJhWFIAUgnYQ9iSAGUnHSGJ60AZFQCxRNlKCkA
311=ZigpAGcoKwAGADeIBUV2BygpAAgoKQAJKCkACkkBMncFBgALSAEjSyUGAAxIASOYJHWGN6
312=StdIYnXQEPQAST5QcAEEgBYAhVDREoKQASSAEjOy4HABNIASN7IAcAFEkBdmN9BwAVSAEj
313=/DYihDLcCneGNwB7YAR1hjejkwYAGU0FcrUCGkkBd6kBG0gB1QIcSAGcCnWGN5URACKHMj
314=cARnABdIaoAUVgIEwFIzAiIo51NwCYBnWGN5SGSfMjQARgiElkJEgBdIZZBiVIAXSGQQQm
315=yAFBBCdIASWpcyhIAXANWWkpSAEltS0qSAFEZSL9QStIAcEELEgBARMBAABdCi1IAdUCLi
316=gpAC8oKQAwSAEizHJdCjHIAVkGMkkB+nwGIoYyNwBoAVUCNNQCURQ1SQHeoQQ2yAFBBDdJ
317=Afu1AjjIAVUCOUkBzLUCOsgBVQI7SAFgiFkcPEgBfANNED0oKQA+KCkAPygpAEAoKQBBKC
318=kAQigpAENIAWCISV9EyAFJdUXIAVHrRkgB1Q1HKCkASCgpAEkoKQBKKCkASygpAEwoKQBN
319=KCkATigpAE9IAXWGAXSGwEZ1hjco1BAnVQBTTAUn1BDUAnSGJykAVkAEnBUirCEnVAAHWA
320=A3AAAAAAAABREAAPoPACAEAFkANwAAAEMABQBaKCkAWygpAFxKASMCgQRdSAFAAQIAAAUA
321=XigpAF9JASWhBGBJAR6pAWFIAc0FYigpAGMoKQBkKCkAZSgpAGYoKQBnKCkAaCgrAAcAOJ
322=gKAQAHAAgoKQAJSQEyfwIGAApJATmpAQtJASmpAQxJAS2pAQ1JAS+pAQ5JASupAQ8oKQAQ
323=KCkAEUkBM6EEEkgBZAFBDxNJAX97HAcAFEkBeakBFUkBMWcEBgAWSAHVDRdIAY8FBgAYSQ
324=F3bwUGABlJAXWpARpIAXQGAQAGABtJAXu1AhxJAXKpAR1JAXqpAR5JAUZQBQECAgAfSAFE
325=AQIAAAIAIEgBmwYCACFIAZsGAgAiSQF0ewYCACNJAXapASRIAdkGJSgpACZJAXyhBCdIAc
326=UIKEgB2QYpSAHZBipJASatBStIAQUTAQAAAwIALMgBAQQCAC3IAQEFAgAuSAHZBi9JAetv
327=AQIAMMgBAQECADFJAdFUAkUIMkkB+qkBM8gBUQk0yAFRCTVJAd5ABFEfNsgBWQY3SQH7tQ
328=I4yAFVAjlJAcy1AjrIAVUCO0gBUAJtJjwoKQA9KCkAPigpAD8oKQBAKCkAQSgpAEIoKQBD
329=KCkAREkBL1QjASgCAEVIAdUNRigpAEcoKQBIKCkASSgpAEooKQBLKCkATEoBgRJbCQQATc
330=gBAQEEAE5JAX+1Ak/IAVUCUEgBg3IEAFFJARdYEQEABABSSQEbqQFTSQEoTAlVAlRIAWQB
331=SXpVKCkAVigpAFcoKQBYKCkAWUkBMn0GBFeGOAAzqQFbVAJkAVEJXEkBJHcNBQBdSAGAD3
332=SG03cFAF9UAs0FYCgpAGEoKQBiKCkAYygpAGQoKQBlKCkAZigpAGcoKQBoKCkAaSgrAAgA
333=OZwOXXgJSAHFdgpJATB/AgYAC0gBZAFBBAxJASpvAQYADUgBZAFZdA4oKQAPSQEsewIGAB
334=BIAdGNEUgB0QkSSQF+fyAHABNIAWgFXQoUKCkAFSgpABZIAdUNF0gBjAV2hjkAnK92hjkA
335=zYkaQASUe3aGOQDZihxVAnl3DQYAHUkBUWsIBgAeyAFdbR9IAXACloY5ACfXEDkAcngGdI
336=YnKQAjTAWTCQIAJEgB2QYlKCkAJkgBmxECACdIAY8QAgAoSAHZBilIAdkGKigpACsoKQAs
337=SQETQYgHdoY5AGkBCHeGOQDiXAZdFS9ABGgBTX4wSAFgiF14MUgBXAN9eDJIAZcjAgAzSA
338=HVAjQoKQA1KCkANigpADcoKQA4KCkAOSgpADooKQA7KCkAPCgpAD1JARZIF1EUPkgBwQ8/
339=KCkAQCgpAEEoKQBCKCkAQ0gBaIUBLQIARMkBLnWGOYwJRTRGVAKPAQIARygpAEgoKQBJKC
340=kASigpAEtKAWsEQwcCAExIAXWGAnSG3Ap0hicpAE9ABEUFAEWBUCgpAFFJASB8QXeGOQAa
341=qQFTVAKf5gQAVEkBM38GBABVSAFkAU1+VigpAFcoKQBYSQEyZwQEAFlJAS6pAVpIAcmQW0
342=gBcAJFCFwoKQBdSAGYzHSG3BV3hjkAJ3sRBQBgQATZBmFIAZNABQBiSAHVAmMoKQBkSQEh
343=uQZlSAGHdgUAZkgBh3YFAGcoKQBoKCkAaUgBm/gFAGpIAd8KCQA6hAFdeAooKQALKCkADE
344=gB3XgNSQGAYw8GAA5JAXqpAQ9IAZEfBlaGOgCH7wcAEVQCi3oHABJIASN4IHaGOgCbJwYA
345=FFQCly4GABVIAZMQBwAWSAHVDRdIAZgcdYY6vDZ1hjqIBQEABgAaQQSBrRAbSAGbAgYAHC
346=gpAB1JAcVhBAJWhjoAaAFBXB/UAlVwIEgBzX4hSAHNfiJJAXm5BiNIAZwKdIbDDwIAJShV
347=ACYoKQAnKCkAKCgpACkoKQAqKCkAKygpACwoKQAtSAF8g1GCLsgBAQQCAC/JAQUirCEnDQ
348=IxVALFEzJJASK9FTNIAdUCNCgpADUoKQA2KCkANygpADgoKQA5KCkAOigpADsoKQA8SAFo
349=hUUTPcgBRRM+yAEBBgIAP0gBzRBAKCkAQUgBj10CAEJIAcEEQ0gBdYYzdoY6AGkBNHSGJ5
350=kDRkAEzQVHKCkASCgpAEkoKQBKKCkAS0gBJ9cQOgCKJFUhTVQCkAl2hjoAg2cEAE9UAoNn
351=BABQSAGIZCKuIToAiP50htdPBABTQATFCFRIAcGIVUgBI+MtBABWKCkAVygpAFhIAcmFWU
352=gBxQhaSAHFCFtIAZNhBABcSAGABCKsIdwgdYY6vOZ0hidVAGAorQBhSAHFjGJIAcUIYygp
353=AGRIAcEEZUgBhHZ0htEJBlSGJykAaEAEhwgGAGlIAYBydIbDBAUAa1QCgAQCBQAKADuEAU
354=GICygpAAxIASUxIg1IAZAqdIbPBQYAD1QCjRAGVoY7AJRwd4Y7AHJoWXaGOwAn1hA7ANEJ
355=FFgGI9QldoY7AJQuIoYyOwCfKwYAF0AElL12hjsAI/w2dIYn4QEaQASAFiKsISdVABwoVQ
356=AdSAFohVVwHsgBTV0fyAFNXSBJAUJQ5VHaIcgBWYoiyAFZiiPIAUUIJEgBlA13hjsAAbkG
357=JlQCaAFZBifIAVkGKEkB+XMFAgApyAFBBCrIAUEEK8gBXQosSAEiSDBNEC3IAU0FLkgBYY
358=gHdIbMG3SGJykAMUAEIzMtAgAySQEcaC0iryE7AB2pATRVAhmpATUoKQA2SQEftQI3SAFs
359=FEEPOCgpADkoKQA6KCkAOygpADwoKQA9SAFgiAEJAgA+yQEKdoY7AHQCAQsCAEBUAskMQS
360=gpAEJIAZviAgBDSQEvWRE5dYY7vGJ0hieZA0ZABMUIRygpAEgoKQBJKCkASigpAEtIASfV
361=EDuVhgEirCHcCnaGOwCQVnSG1QIFVoY7AIhkdIbUAnaGOwCcbXSGJ1UAVEgMhBMirCEnVQ
362=BWKFUAVygpAFhIAYDgIq4hOwAj1DEihDIn2QBbQATBiFxIAcGIXUgBiAx0hswQdIbYBiKs
363=Ic8mBQBhKK0AYkgBlw0FAGNIAZs9BQBkSAGfpAUAZUgBIxwwdIbQCXSGJykAaEAEgA90hs
364=gidIbABHSGJykAbOwFAgUACwA8lAZBiAwoKQANSAGQKnSGwAR1hjygMHSG1AJ1hjzhiBJY
365=Bpj4Iq8hPAB6VERdChRUAtEJFUgBIwgzdIbECHWGPLA1dIYnVQAZTQV8ZAgiryE8AHapAR
366=tUAoAWIq0hPIUBACKFMjwjgCFB4B5ABGCIVXAfyQEIIl5DPAB0hk2JIVQCaAFNiSLIAVkG
367=I8gBWQYkSAGAC3WGPJSGTX4mVAJ0hkUIJ8gBRQgoSAF0hlUCKcgBVQIqyAFdCivIAV0KLE
368=gBdIZNiS3IAV0KLkgB1Q0vKCkAMCgpADEoKQAySQEoXCBFCDPIAUUINEgBk+UCADVJARpA
369=BF2DNkgB3Qo3SQEntQI4SAHVAjkoKQA6KCkAOygpADwoKQA9KCkAPkkBFkGpDnaGPABpAQ
370=90hs8xAgBBQATJDEJIAcUTQ0gB1ZxESAEjIEF2hjwAj10CAEZUAtkGRygpAEgoKQBJKCkA
371=SigpAEsoKQBMSQFnJqwh2BF2hjwA2XRPQASM1iKtITys1nSGJ60AUkAEjBB0hidVAFRVAm
372=u9ClXIAUGTVkkBarUCV0gB2QZYSAGEHnaGPACIvHWGPKu8BABbQASEHiKsIdtpBABdVAKE
373=CHSGwA92hjwA0YJgQASMJnaGPACQxCKFMjys7HSGJ9kAZEwFnKR0htcCBgBmVAKIDHSGJ1
374=UAaChVAGlIAZh0dIbABHWGPCSrJgUAbEAEI6smBQBtKCsADAA9mApBfQ1IAYQIdIbUAnWG
375=PaAwdYY9JtEgEUwFjzEGABJIAZenBgATSAGUCSI1VD28uiKvIT0AfXxXdYY9nANOfhcAJy
376=kAGCgpABlIASM4I3eGPQB5uQYbVAKcBnSGJ9kAHVQCaIVN4R7IAU3hH8gBTeEgSAFohUGI
377=IcgBTQUiyAFNBSPIAU0FJEgBiAx0hssMAgAmKFUAJygpACgoKQApKCkAKigpACsoKQAsKC
378=kALSgpAC4oKQAvKCkAMCgpADEoKQAySAF0hlEUM8gBAQwCADTJAQ12hj0Ak1YCADZUAptT
379=AgA3SAHBGjgoKQA5KCkAOigpADsoKQA8KCkAPSgpAD4oKQA/KCkAQCgpAEEoKQBCKCkAQy
380=gpAERIAYT6dIYnfQVGVALJm0dIAd0VSCgpAEkoKQBKSgEhAUsEAgBLSAFBAQBdpExIAXSG
381=TapNyQEDdoY9ANV7T1QCjAV0hsAPdIYnKQBSQQRwpYFTyAEBAQIAVEgBdIZdClXIAU21Vk
382=gBfApVAlfIAVUNWEkBaaUIWUgB1Q1aKCkAWygpAFxIAZR7dIbMEHSGJykAX0AElDkirSE9
383=qJB1hj3phWJABIgMdIYn2QBkVAKcpHaGPQCAciKsIcAEdIYnKQBoTQUyawgFAGlJATmpAW
384=pIAd2Da0gBJbUibEgBfANFdm0oKQBuKCsADQA+4X0OSAEleSAPSAHZBhAoKQARKCkAEkgB
385=nBV1hj75ihRUAiUtMhVJAXu5fxZJAXipARdIASNcIiKtIT6EDEUTGVQCjAF0hidVABsoVQ
386=AcKCkAHUkBx7EJHsgBWT0fyAFBOyBIAZAJIgxl0AkiNFQnKQAjKIEAJCgpACUoKQAmKCkA
387=JygpACgoKQApSAElJTEqSAHB6ytIASOcKiIMZSe1AS1UAiXpLi5IAcUTLygpADBIAX2DEi
388=IOZT4AaQETIoQyqQEUIoQyqQEVdIapARZ0hqgBWdI2xQgYdIa0AkXUONQCARoCADlIAcEP
389=OigpADsoKQA8KCkAPSgpAD4oKQA/KCkAQCgpAEEoKQBCKCkAQygpAEQoKQBFKCkARigpAE
390=coKQBIKCkASSgpAEpKASEBRIV0hgM+ACEBAABdeExUAsEaTUgBYIgBBQIATkgB1XtPyAFV
391=e1BJAWy1e1HJAQEihjI+AHSGQUZTVALRCVQoKQBVKCkAVkgByThXSAFoDFUNWEgBdIZFCF
392=nIAVUNWkgBJcVFW0gBmAYirSE+sPB1hj63ewQAXkAEgA8irCHARnSGJykAYSiBAGIoKQBj
393=KCkAZCgpAGVIAYCTdIbECHSGJykAaEAEIyBBdoY+AN2DalQCjxAGAGsoKQBsKCkAbSgpAG
394=4oKQBvKCgAAQ4APwDBfQ9JAXatcxBIASPvNAYAEUgBgJMiriE/ACU5RBNUAsEPFEkBfLkG
395=FUgBI+BDIq0hP5wDXYMXVAKMAXaGPwCUOSJcQ6kBAXaGPwB0vU0FG0wFaAFVAhxKAZ4TQA
396=cihjI/AGgBSYUeVAJMAkpKAB8oKQAgKCkAIUkB7UQEQTsiSAFEAW0FIygpACQoKQAlKCkA
397=JigpACcoKQAoKCkAKSgpACooKQArSAGcxXaGPwDNiS1UAkR7YQ8uSAHZii9IAdkRMCgoAA
398=QxAD8AKAIAEQAA1BAAIAABABwCADIAPwAoAgAAHQIAMwA/AGgBAR4CADTIAQEfAgA1yAEB
399=IAIANsgBASECADfIAQEiAgA4yAEBIwIAOUkBAGMAAgA6KCkAOygpADwoKQA9SAEFIAEAAA
400=MCAD7KAQQCQwE/ACBUAgEFAgBAUQEAYwACAEFIAQUhAQAAAgIAQsgBWQZDSAF8AwEAAgBE
401=KCkARSgpAEYoKQBHKCkASCgpAEkoKQBKSAEBIQEAAE0QS8gBTRBMSAHJDE0oKQBOKCkAT0
402=gBAWoSAABNBVBJAWxIAVEUUcgBURRSSAHFCFMoKQBUSQElVC5JF1VIAVAvUhsAVkkBGrUC
403=V0gB2QZYKCkAWUkBaUgMVQ1aSQGKSAEBAQQAW0kBJnsGBABcSAGbBgQAXUkBL28BBABeSQ
404=EzqQFfSAFkAQEABQBgKCkAYSgpAGIoKQBjKCkAZCgpAGVIAZ8KBQBmSAGfCgUAZ0gBnwoG
405=AGgoKQBpKCkAaigpAGsoKQBsKCkAbSgpAG4oKQBvKCkAcCgoAAIPAEAAdWceBgAQSQEoZw
406=8GABFIAWQBAQAHABJJASpvAQYAE0gBZAEBAAYAFEkBf7kGFUkBeakBFkkBcUQpQQQXyAFR
407=KhhIAZc5BAAZyAEBAwQAGkkBa0wFAQIEABvIAVUCHEgBAZ4TAABUAgEdAEAAaAFFPx5IAY
408=MPAgAfKCkAIEkB7VgCSTghyAEBBgIAIsgBAQcCACNIAV0DAEtDJABAhAEBAAIAJSgpACYo
409=KQAnKCkAKCgpACkoKQAqKCkAKygpACwoKQAtSQEkfyACAC5JARepAS9JARmpATBJARupAT
410=FIAZwRdoZAAGiFWU4zVAJpASd0hrQCWQE11QIpdIa1Aip0hqkBK3SGqQEsdYZAmQoAdYZA
411=6QE7RAiPAQIAPCgpAD1JASBYdE0mPsgBTSY/SQEAYAB0hicFAUFWAiEBiXpCyAFVLkNIAW
412=kFAHWGQIQBAQACAEUoVQBGKCkARygpAEgoKQBJKCkASkkBxW8IAgBLyAEBAQIATEgBcAJd
413=Ck0oKQBOKCkATygpAFAoKQBRKCkAUigpAFMoKQBUKCkAVSgpAFZIAck4V0gBSbYAQw9YAE
414=CIEAEAAgBZKCkAWkkBZ11XAHeGQACmaAR1hkBgAUQlVIYnKQBeTAWDfQQAX0kBK2kEBFaG
415=QADJAWEoVQBiKCkAY0gBk4IEAGRIAXQGUY1lKCkAZkgBhHZ0htQNdIYnKQBpQASbBgYAai
416=gpAGsoKQBsKCkAbUkBMnMFBQBuSAGHEwUAbygpAHAoKQBxSAFoBVkREEjKjBt1hkGhGgZV
417=hkFUYEgEdYZBXABIAHSGJykAFVgGTQIASYUWSAF0hk1+F0gBlwIEABhJAYJ0ZXSG2AZ0hi
418=cpABsogQAcSQHNrTEdyAEBAQIAHkgBkAl2hkEAaIUBCAIAIFQCaAEBCQIAIckBCnWGQYkF
419=AHSGJykAJEAEmAJ0hidVACYoVQAnKCkAKCgpACkoKQAqKCkAKygpACwoKQAtKCkALkgB1U
420=8vSQEccx8CADBJAR6pATFIAdkRMigpADMoKQA0SAFGhgAxIq0hQZmKMnSGqQEzdIapATR0
421=hqkBNXSGJ20DOkQIyQw7KCkAPEgBi0MBAD1JAYpEgQEAAQA+ygEBAVjJxT8BQEMnKQBBQQ
422=SJrQVCyAFNBUNIAZNLAQBEKCkARSgpAEZJActUOUWMR0gBIkwgWTJISAHFE0koKQBKSAF1
423=hgJ2hkEAaAFdxUxVAgtADwEBAgBNSAHZBk4oKQBPKCkAUCgpAFFJAdFzBQIAUsgBRQhTSQ
424=H8tQJUSQHVqQFVyAFBBFZIAXACURRXKCkAWCgpAFkoKQBaSAF0hl0VW8gBVd5cSAGYHCKv
425=IUEApXQJIq0hQWABbYlfQASMAXSGJ1UAYShVAGIoKQBjSAGAcnaGQQDBiGVUAoQIIqwhRD
426=9sAXSG0Al0hicpAGnsBXaGQQCHPwUAa1UCK7kGbCgpAG1JAS61Am5IAWQBUYJvKCkAcCgp
427=AHEoKQBySQExcwUEABEhICpkAUWBEigpABMoKQAUKCkAFUkBdkhDTQUWyAEBAQQAF0gByY
428=UYSAGQCXaGQgCUOXSGqAFNBRtABJc5BAAcSQGIVEQBAAMAHUkBh2gBd4ZCAMxoCHSGqQEB
429=dYZCgYgNdYZCeQMAWT0iWAaMAXSGJ1UAJChVACUoKQAmKCkAJygpACgoKQApKCkAKigpAC
430=soKQAsKCkALSgpAC4oKQAvKCkAMCgpADEoKQAyKCkAMygpADQoKQA1KCkANkgBbYk8dYZC
431=jYk9dIYnmQM5QATRHzpJAcpYMkElO0gBl0QBADxIAYhDd4ZCABx8K3SGqAFFgT9ABIQIdI
432=bdCgFCQ0IAfHhFjEJABGgBTQVDSAHNBURIAY9SAABFSAGXDQAARkgBdIYBCAAAR0gBeGlV
433=pkjIAVGCSUkBi1AUXTZKSAGQCXeGQgALRBNBBExUAmkBBHSGtAJJkE5UAs0FTygpAFBJAe
434=t7AgIAUcgBUR9SSAFoTlEJU0gBfExVAlRIAXSGAQICAFXIAUEEVkkBDUAPQQRXSAFsCUUT
435=WCgpAFkoKQBaKCkAW0gBYIhFE1xIAZscAgBdyAFNiV5IAZgcIq0hQpkKAHeGQgAhXCFJAW
436=FABCMbKgQAYkgBhwQEAGMoKQBkSAEjVyEEAGVIAYAEdoZCAJiKd4ZCACt7AgUAaEAEh4wF
437=AGlIAXACTXNqSAEjzDB0hs8QBQBsVAKDBAUAbSgpAG4oKQBvKCkAcCgpAHEoKQByKCkAc0
438=gBiAwEBAASAEMAfmwbIq0hQ4QMTRAUVAKPAQYAFUgBdIYBAgYAFsgBQSUXSAGABCKuIUMA
439=lDl0hqgBSYUaQASUOSKGMkMAlDl2hkMAdYYBdoZDAHSGSTgeTAV1hgJ1hkOBiAN1hkOEDE
440=E7IUAEjAEirCEnVQAjKFUAJCgpACUoKQAmKCkAJygpACgoKQApKCkAKigpACsoKQAsKCkA
441=LSgpAC4oKQAvKCkAMCgpADEoKQAyKCkAMygpADQoKQA1KCkANigpADcoKQA4SAEihCddID
442=nIAUVfOkgBdIYBAwAAO0gBh0oAADxIAYdKAAA9SAF1hgJ2hkMAaQEDIqwh2Cd0hicpAEFM
443=BWiFTQVCyAFNBUNJAdhYLkGIREgBgEZ0htgGdIYnKQBHQARIBWkASEgBZGsBBQAASUgBeG
444=lNPEpIAXQDVRhLKCkATEkBC1UZB3aGQwBoAQEIAgBOVQLSUAVZBk9IAWhDWQZQyAFVAlFI
445=AWhOAQMCAFJIAUgFYcpTKCkAVCgpAFVIAWiFUUtWyAFZBldIAY8bAgBYSAHFCFkoKQBaKC
446=kAWygpAFwoKQBdSAGbHAIAXkgBmBx2hkMAI0BFdIZULmdrBABhQAQjQEV1hkOQDU2JY1QC
447=jAEirSFDvIN1hkMm2SFm4AR0htgGdIbMBXeGQwArawgFAGpMBZzFdIYnrQBsVAKVvQRUhi
448=ddAW5UAnQGI6whJ60AcChVAHEoKQByKCkAc0gBk0AEAHRIAYcIBAATISAqiAEihTJEhAFB
449=iBVVAnN9xQRUhtQCIq8hRADLaAR0hqgBSYUZTAWUOSKtIUS0kXSGJ9kAHEEEzLEJHcgBUU
450=AeSAFsCUlDHygpACBJATR4AiKuIUQAyQEiKFUAI0gBfANZBiQoKQAlKCkAJigpACcoKQAo
451=KCkAKSgpACooKQArSQGBsRQsyAFNGy1JAX21Ai7IAVUCL0kBf7UCMMgBVQIxSQF8tQIyyA
452=FZHDNIAd0VNCgpADUoKQA2SAEihEhBGjfIAVkGOEgBdIZBUDlIAYcIAAA6KCkAOygpADxI
453=AZTTdoZEACPXMQAAPlQCaAFZcz9IAZ9MAABASAHFjEFIAZ0KAVrJRAB4aUGIQ1QCaAFBiE
454=RIAYBGdIbUOXSGJykAR0AEhwgAAEgoKQBJSQFofyACAEpIASKgUU0bS0gBjAUiXEPECHaG
455=RABohVV7TkAEaAEBAwIAT0gBdIZVAlDIAVUCUUgBxQhSKCkAUygpAFQoKQBVKCkAVkgBYB
456=pRCVfIAVEJWEgB0QlZKCkAWigpAFsoKQBcKCkAXUgBzVJeSAEi5FRFgV9IAZAJdIbMG3eG
457=RAAgXDdBBGJABCMgTCKuIUQAI2xFdIYnrQBlQAQl2SFmSQGkdAl3hkQAmqkBaFQCZAFNfm
458=koKQBqKCkAaygpAGxIAZw2dYZE4ZNuVAKTQAQAb0gBk0AEAHBIAd0KcSgpAHIoKQBzSAHR
459=CXRIAY8FBAB1KCgAAhQARQB6eD0irCGoAVFhFlQCzQUXSAF1hgJ1hkWBiAMiryFFAIC1Ix
460=pBBHKpARtJAXqpARxIAdFsHcgBXQoeSAHBch/IAVUCIEkBfm8QBAAhyAFVAiJJAYC1AiNJ
461=AdBIAUEPJEkBe0gBWTIlyAFdbSZIAZ8VAgAnKCkAKCgpACkoKQAqSAHRQCtIAXSGTRssSA
462=GHCAQALUgB1cguSAElwSkvSAHBBDAoKQAxSQF2uREyyAFZETNIAYwFIjVURYQBTWg1VQJy
463=bwUAADZIAXSGTSU3yAEBAwAAOEgBsgUAOUkBJ1QDWQE6SAFYAGkAO0kBI7UCPEgBaAJNAD
464=1JARtchEkBPsgBVQE/SAHFCEBIAcWMQUgBmUgAVoZFACM5RABYyagBWQZEQASE2XSGyBd0
465=hicpAEdABEQNaQBIKCkASUgBdIZFCEpIAXSGXRRLyAFFdkxIASLwL10gTUgBeAdJAU4oKQ
466=BPKCkAUCgpAFFJASFECU0FUkgBl3ACAFNIAZsyAgBUSAHRCVUoKQBWSQHGewICAFfIAVky
467=WEgBcAJRCVkoKQBaKCkAWygpAFwoKQBdSAHBRl5IAXSGWVNfSAGQCXWGRSbZIWFUAiP4XC
468=KuIUUAJdkhY1QCzQVkKCkAZUgBJ9QQ3Ct3hkUAn3AFIq8hRQCeqQFpTAVkAUGIaigpAGso
469=KQBsSAElVUJtSQEtcwUEAG5JASypAW9JATCpAXBIAWQBUQlxSQEybwEEAHJIAYtDBABzSA
470=GQQCKsIcQTdIYnKQB2QAR0BldwFQBGgYgEIoQyqQEFIq0hRiQkPHSGqAFNJhlMBdkGGkkB
471=gWA7Iq0hRpACUQkcVQJ8tQIdSQF2qQEeSAGHBAQAH0gBm6sEACBJAZx4AnaGRgDJASJUAo
472=8mBAAjSAF8A10KJCgpACVIAWCIAQQEACZIAYAEdIbPEAIAKChVACkoKQAqSQGCUHdVGCtJ
473=AYRIAV0KLEgBhAh0hscIBAAuVAIjNVQEVrdGACNfbwQAMFQCk1YEADFIAXSGXY4yyAFJZD
474=NIAd1MNEkBeGgMIjZURgBoAUVrNlQClw0AADcoKQA4KCkAOSgpADpIAYBnIoYyRgCMUiKF
475=Mka41yKuIUYAdIZJLD5MBWgBSZA/SAHJDEAoKQBBKCkAQkgBIrAyUQRDyAFFE0RIAUQCaQ
476=BFKCkARigpAEcoKQBIKCkASSgpAEooKQBLSAFgiAEFAABMSAF0hlEUTcgBQSVOSAF0cF14
477=T0gBj7UCAFBIAd2DUUgBhB4ihDLQH3aGRgAlOVpUQARwFUUIVUgBfNtJAVbIAUmFV0gBYI
478=hVDVhIAc0FWSgpAFpIAdE1WygpAFwoKQBdKCkAXkkBhlQ5TUdfSAGQCXSGJ8EIYVQCJ6wh
479=3BUirCFENEQfXUxkQATZBmVIAZO5BABmSAElISBnSAEj7FV0htwKIoQyJykAakAEhAgihD
480=IKRgAAAAAAAAUAbABGABEAAH4QACAJAAAAAAAFAG0ARgAqRAEBAAQAbkkBKKkBb0gBZAEB
481=AAUAcCgpAHFIAc0FckgBgwQEAHMoKQB0KCkAdSgpAHYoKQB3KCgACRYARwB2EgAAAQQAF0
482=kBxVQJAQIEABjIAQEDBAAZSQHYVAJBBBpIAUUBAFEUG0oBfAJTAQQAHEkBcqkBHSgpAB5J
483=AXa1Ah9JAYFIDAEABgAgyAEBAQYAIUkBfbUCIsgBVQIjSQF7tQIkyAFBDyVIAY8FBAAmyA
484=FVAidJAX9vBQQAKMgBVQIpSQGCVAJVGCrIAVUYK0gBVBVpFyxJASxvAQQALUkBKakBLigp
485=AC9JAS21AjBJASK1GDFJAVS1AjLIAVUNM0kBU7UCNMgBVQI1SQFQtQI2yAEBAQAAN0gBcA
486=JNADhJASV/CgAAOUkBHakBOkkBF6kBO0kBHqkBPEgBSAZpAD1JARtECQEEAAA+yAEBBQAA
487=P0gBdANNAEAoKQBBSQEjpQhCSAGDOwAAQ8gBAQMAAERJAQtQCUkARUgBVAdpAEYoKQBHSA
488=HRFEhJARuxCUlIAWAFTQBKKCkASygpAEwoKQBNSQFnTDFRFE5JAYpIAQEBAgBPSAFUBwIA
489=AAIAUEkBJH8KAgBRSQEcqQFSSQEaqQFTSAHNBVQoKQBVSQHLWAIBAgIAVsgBAQMCAFdIAV
490=ACfQpYKCkAWSgpAFpJATRnBAIAW0gBj1IEAFzIAV02XUkBhlAUTUdeyAFNR19IAXQGWV5g
491=KCkAYUkBIHMUBABiSAGLFwQAY0gBixcEAGRIAdkGZSgpAGZJAS97AgQAZ0kBK6kBaEkBM6
492=kBaUgBZAFNfmooKQBrKCkAbCgpAG1IAcWBbkgBJ9UQR4AIRQhwVQIycwEEAHFJAS6pAXJI
493=AWQBQRpzKCkAdCgpAHUoKQB2KCkAdygpAHgoKwAXAEiMCVEJGEgBaIVZJxnIAVknGkgBhw
494=QEABtJAXutJhxJAXepAR0oKQAeSQF5tQIfSAFlNAJ0hsgMdoZIAI9SBgAiQQQfbwUGACNI
495=AYsMBgAkSAFgiAEEBgAlyQEFdIbHCAQAJ1QCjAV0hidVACkoVQAqSAHdgytIAd2DLEkBMH
496=wGdIbbBgUALlQCcAJJLS9IAc0xMEkBJmcTBAAxSAGDBAQAMigpADNIAZcYBAA0SAGbfwQA
497=NUgBk2wEADZIAWKIBARVhkhZZABGDAA4VAKQCXSGzxAAADpUApcNAAA7SAHBBDwoKQA9SA
498=F4f0UDPsgBTX4/SAFEAmkAQEgBmxEAAEFIAZ9XAABCSAF0A00AQ0kBC0wGloZIAGgBSZBF
499=1AJVe0ZIAVwEaQBHKCkASEgBl3sAAElIAY8bAABKSAFgBU0ASygpAEwoKQBNSAGbdAAATk
500=gBcLmUhsQedIYnKQBRQARACW1+UkgBnyACAFNIAdUCVCgpAFVJASRUGF2OVsgBXQpXSAHN
501=BVhIAZ8gAgBZSAGTSwIAWkgBmBF2hkgAjFJ0hs8QBABdQASHCAQAXigpAF8oKQBgSQEhvU
502=FhSAGcK3SGJwUBY1QCgCV3hkgAGa0FZVQCyUNmSAGYJ3SGJ9kAaFQCzYlpSAHBiGpIAZsR
503=BQBrSAHZf2xJASt7AgQAbUgBxYFuSAEn1BDcCiKtIUgmMSJxQAR0BlV7cigpAHNIAclkdE
504=gByWR1SAHd5nZIAdkGdygpAHgoKQB5KCkAGFFDxnAFIq4hSQBoAUmxGlUCgL0gG0kBdakB
505=HEgBaAVZER1JAaZvAQQAHkkBhVi2AQAGAB/JAQF1hkl5AwBVAiFUApwVdoZJAJwVdoZJAJ
506=wVd4ZJAHWlCCVMBWgBTRAmSAHdNidIAZxBdoZJAJEJBEAJ0QkEXiVJAN2DK0wFhQ8FXATN
507=EAVEDScpAC5ABNkyL0gBzTEwSAGYBnSGJ4kBMlQCnxUEADMoKQA0SAGIF3aGSQCYXneGSQ
508=BSaAh0hqgBVRg4TQVRtQI5yAFRYDpIAXACTQA7SQEnfysAADxIAUQCaQA9SAF0hkEDPsgB
509=WX8/SQELWAdJAEBIAWAFTQBBSAGMEHSG2BwirCEnKQBEQAR4BgEHAABFyAEBCAAARkgBfM
510=VRCUdIAUAJaQBIKCkASUgBI/gldIYnMQFLVAJgBU0ATCgpAE1IAWqFAgJWhkkAaQEDIq0h
511=SUisRAV0hicpAFFMBcl6UigpAFNIAUQFbYlUKCkAVUgBdIZdClbIAV0KV0gBzQVYKCkAWS
512=gpAFpIAckMW0kBi3BLdIbUGHaGSQDRS15ABNFLX0gBnwoEAGBIASWBIWFIASfUECcFAWNU
513=As0FZEgBgyUEAGVIAdUCZkgBxQhnSAHJDGhIAcEEaUgBwYhqSQEreQIEV4ZJADmpAWxUAt
514=VPbUgByU5uSAHZBm9IAdkGcEgByVlxSAFgCFl0cigpAHNIAdGNdEgBgwQFAHVJATFvAQQA
515=dkgB1Q13KCkAeEgBwQ95SAFoBV0KeigpABlIynSGI60hSpwDQQQbVQKBUFdJARxIAZsCBA
516=AdSQGDbTEGVoZKAHWGAnSG2AZ0hicpACFMBZwVdIbXAgcAI1QCnPx1hkqUhkUIJVQCdIZN
517=ECZIAc0xJ0gBwQ8oSAGQCXSG0QkFVIYnKQArQASMBXSGJ1UALShVAC5IAcElL0gBySIwSA
518=GYBnaGSgDJDDL1AgVUhicxATRUAsUINUgByS02SAHRCTdIAYeBBAA4SQFPYQsETkFKAGgB
519=WXQ6VAJwAk0AOygpADwoKQA9KCkAPkkBC0wGlYZKJtEgQNUCBSKsIcQTdoZKACWxMkNABF
520=gLaQBEKCkARUgBaIVBOkbIAV0KR0gBYAVNAEhIAYz3Iq4hSgAl7TRKVAJQA2kASygpAExJ
521=ATdvAgAATUkBVmkBBFaGSgBoAUmmT1QCJWU5UMgBVQJRSQF+bUcEVqxKAGgBVQJTVAIiwC
522=ldTFTIAQEBAgBVSAF4CiOsIdgcIoQyJykAWEAE3YNZKCkAWigpAFtIAXSGSQxcSAGQCXWG
523=SvW9XihVAF9IAc2JYEgBIw85BABhKCkAYkgBJVUhYygpAGRIAc0FZUgBwQRmSAHRjWdIAc
524=EPaEgBhzQEAGlIAdUCaigpAGtIAdVPbEgBgwQFAG1IAZRlIlxD0x8EAG9UAoMEBABwSAGc
525=NiKGMkoAJZEjclQCwQRzSAHdCnRIAZQCdIbRCQVUhicpAHcogQB4SAHNXXlIAcFcekgBhw
526=gEAHsoKwAaAEu0TyKFMkucA1U5HFQCjAF3hksAaGQ/doZLACIdOwB2hksAlGV0htgGIoYy
527=SwCQo3eGSwAraAgiriFLAJCjdYZLI8RFRQglSQx2XApNPCZIAc21J0gB3SAoSAGQCXWGS0
528=x5VAkirCHVDQVYCycpACxMBVgDIqUwLSgpAC4oKQAvSAHNMTBIAdU5MUgByQwySAElESkz
529=SAHRCTQoKQA1KCkANkgB3Ss3SAHdKzhIAd0KOUgBdIYBBAQAOsgBTX47SAGcCiKsIcsXAA
530=A9KFUAPigpAD9JAQtAiAEHAABAyQEIdoZLAGSBQQNCVAIj2CwiriFLAJzbIlxDJ10BRUEE
531=JUAFSQBGyAFBiEdIAc0QSCgpAEkoKQBKSAGBOwBAAScxAUxQAdkGTUgBaYUCdIbBBARMpC
532=cpAFBABI8FBABRKCkAUigpAFMoKQBUSAFgiEElVckBBSJdQ0sm4SJXVALJhVgoKQBZSAEi
533=kCNNR1pIAXSRUVZbSQGMREpJAVxIAc0QXSgpAF5IAd1tX0gBJdlCYEgBxYFhSAHVAmIoKQ
534=BjSAHBBGQoKQBlKCkAZigpAGdIAc2JaEgB2QZpSAHVWmpIAcUTa0gB1U9sSQEreAIihDLU
535=ZXSGJ1EFb0AEfANNG3AoKQBxSAGTQAQAckgBkEAiNVRL7eF0VAKYBnaGSwAl4S12VALNXX
536=dIAcEEeCgpAHlIAdVlekgBgAR0hic5AnwoVwAbAEycA0UTHCgpAB1IAXSGRTQeSAF1hgF0
537=hswFdoZMAJi2dYZMJNg3dYZMqFl0hietACRECGiFI60hTICII64hTADRHydABN02KEgB3S
538=ApSAHdKypIAcUeK0gBgBYirSFM6SItVALBMC4oKQAvSAGHlwQAMEgBzZQxSAHJDDJIAcG0
539=M0gB3Qo0KCkANSgpADYoKQA3SAHdKzhIASP4MCKtIUxQ60wIdYZMI+BDUSo7QAQiOERdeD
540=xIAVgDaQA9KCkAPigpAD8oKQBASQHYRAVNfkHJAQMirCHQKnSGJykAREAESAVpAEVIAXWG
541=BCKGMkwAaAEBBQAAR1QCdANNAEgoKQBJKCkASigpAEsoKQBMKCkATUkBPFgHQRpOSAGEjH
542=SGzRAEVB0nKQBRQATZdFJIAcktU0gBYAhFCFRIASWJIlXIAV1MVkgBJaFcV8gBVQJYSAFo
543=hVmVWcgBTUdaSAHRCVsoKQBcKCkAXSgpAF4oKQBfKCkAYEgB3TZhSAHRCWIoKQBjSAHZU2
544=RIAcWBZSgpAGYoKQBnKCkAaCgpAGkoKQBqSAHBiGtIAdUNbCgpAG0oKQBuSAHZJ29IAdWR
545=cEgBxQhxSAHFCHIoKQBzSAHVZXRIAdFhdUgBxWB2SAHBBHdIAdlpeEgBkwkFAHlIAdVaek
546=gBlAJ0hidhB3woVQB9KCsAHABNiAVBOx0oKQAeSAF1hgB0hsAEdoZNAJRwdoZNACOoJnSG
547=J4EAI1kGcWzAIq4hTQBoAVFAJVQCjAwiNFTMBSI1VE1Q61wCIlxDqAFNBSlNBT9QAlkRKk
548=gBxR4rSAHJIixIAckiLUgBaAVNBS5IAdUuL0gBJe1KMEgBkBQihDIn4QEyVAIn1BDVAgVE
549=3icpADVABJ8KBQA2KCkAN0gBJdkhOEgBJQkzOUgBJQUiOkgBmwYEADtIAXSGQes8yAFdeD
550=1IAYAEIgxl1A0iDGUnKQBAQQQdRI1RBEHIAVUBQkgBRAJpAEMoKQBESQElVQMGIl1DTYmF
551=B3SGJzEBR0AEbAZNAEgoKQBJKCkASigpAEsoKQBMKCkATUgBdIZRmE7IAVF3T0gBxTRQSA
552=HNiVFIAUQNIpVrUigpAFNIASVRJlRIAcEEVSgpAFYoKQBXKCkAWEgB2QZZSAHZBlpIAY/W
553=BABbSAHBk1xIASVNTF1IAdkyXigpAF8oKQBgSAHRNWFIAd0KYkgB1RhjSAHVAmRIAYxdIl
554=5DTQDBiGZUAsndZ0gB1QJoSAHVAmlIAdUCaigpAGtIAcWBbCgpAG1IAdGCbkgBwQ9vSAHF
555=l3BIAdEJcUgBxQhyKCkAc0gB3SB0SAHFCHUoKQB2KCkAd0gB2Wl4SAHZaXlIAdlpekgBxQ
556=h7KCkAfCgpAH0oKQB+KCsAHQBOlAZVcB5IAXSGI6wh1AJ1hk4kpCB1hk4kfDx0hieBACNY
557=BmiFUcQkSAElaVUlSQFEZAt2hk4AaAFZXSdVAkBUAk1SKMgBQespSAFsUlUCKsgBRVUrSQ
558=E+TAVFEyxIAWQBSQEtKCkALigpAC8oKQAwSAHBMDFIAd0rMkgB2SczSAHZJzRIAcmxNUgB
559=iAx0hs8bBQA3KFUAOCgpADlIAc21OkgBmAZ1hk4kYycEADxUAiK4J0UePUgBgAR0htwKdI
560=YnKQBAQAQiuFRRBEHIAVkGQkgBRAJpAEMoKAAJRABOACUBAAAJAABFEQAA2w8AIAgATgAl
561=AQAACgAARkkBAKEARygpAEgoKQBJKCkASigpAEsoKQBMKCkATSgpAE5JATxcCgEFAABPSQ
562=E/SAEBAgAAUMgBAQMEAFFJAT5UAgEABABSSAFkAUkBU0kBJEAFSQFUSQEZqQFVSQEbqQFW
563=SAHNBVcoKQBYSQEgoQRZSQEdqQFaSQEeqQFbSAHZBlxJAShvAQQAXUgBZAEBAAUAXigpAF
564=8oKQBgSQExZwQEAGFJAS2pAWJIAWQBURRjKCkAZEgBzRBlSAHBD2ZIAc0FZ0kBJrkRaEgB
565=1QJpSAHFHmpJARyhBGsoKQBsSQEXtQJtKCkAbkgBySJvSAHRCXBIAc0QcUgB2QZySAHZEX
566=NIAc0FdEkBLG8BBAB1SQEpqQF2SAHZHHdIAXACWRx4KCkAeSgpAHooKQB7KCkAfCgpAH0o
567=KQB+KCkAfygpAB5SQ2cSUwwGAB9IAUABAgAABgAgKCkAISgpACJJAXitBSPIAQEBBAAkSA
568=GbBgQAJUkBREwBTSUmSAFEAWkAJ0kBK0gCTQEoyAEBAQAAKcgBQQMqSAF4U0VVK0gBbFJV
569=AizIAUVVLUkBQlgHXSAuyAFBDy9IAWwFVQIwSAF8A0kBMSgpADJJASdECVUCM0gBwQQ0SA
570=HVTzVIAZcCBQA2KCkAN0kBMnsCBAA4SQErqQE5SQEuqQE6SQEjvQo7SQFLVAIBAgQAPMgB
571=AQMAAD1IAVACaQA+KCkAPygpAEBJAcVYA1EIQcgBWQZCSQENSCNJAENIAVwDaQBESQEcSA
572=JNAUXIAVUBRkgBRAJpAEcoKQBIKCkASSgpAEooKQBLKCkATCgpAE0oKQBOKCkATygpAFBI
573=AcU0UUgBdC5JF1LIAUU0U0kBX3MRBABUSAHZaVVJARpABUEwVkgBfANJAVdJASW1AlhIAd
574=1iWUgBwQRaSAHdYltIAd1iXEkBMGQEdYZPYQEAlIYnKQBfQASbAgUAYCgpAGFIAcGIYkkB
575=LWcEBABjSQEhrRBkSAHRFGVIAXwDURRmKCkAZ0gB2RFoSAHZEWlIAdEJakgB2QZrKCkAbE
576=gB3SBtSAHFgW4oKQBvSAHZq3BIAcEEcUgB2RFySAHdCnNIAclZdEgB3Vd1SAGDBAUAdkkB
577=Km8BBAB3SAFkAVUYeEgBxVV5SAHVAnooKQB7SAHBBHxIAcEEfSgpAH4oKQB/KCkAgCgpAB
578=9IymGIA3eGUABsvYMhVAJoAQEBBgAiSQFzdwIEACNJAaJsDHaGUABgZ1EUJVQCaAFVWiZI
579=AXwDTQAnKCkAKEgBYIhdgynIAQEGAAAqyAEBBwAAK0gBSAZpACxIAXhTTQUtSAF0hlk8Ls
580=gBUWwvSAFgBFUCMMgBXVcxSAFgXFkRMkgBZAlJATMoKQA0SQEvewIEADVJATOpATZIAWQB
581=QVE3SAHBMDhIAdEqOUgBgwQEADpIAdHPO0gBmFZ0hm5rAABRHz1UAo8FAAA+KCkAP0gBkw
582=kAAEBIAcEEQUkBDUwGVRhCyAFNG0NJAQxUAkkAREgBdIZBBEXIAUEERkgBxQhHKCkASCgp
583=AEkoKQBKKCkASygpAEwoKQBNKCkATkgBmGkiriFQAJjiIq0hUNINAFFABM0BUkgBYDBFNF
584=NIAXSGUblUSAGDBAQAVUgBwSVWSAHVAlcoKQBYSQEsewIEAFlIAcFyWkgB3YNbSAF8A1ky
585=XCgpAF0oKQBeKCkAXygpAGAoKQBhKCkAYkgBwTtjSAHR+2RIAcWXZUgBlw0EAGZIAcUTZ0
586=gB2RFoSAGDBAUAaUgB1ZFqSAHJF2tJAS1nBAQAbEgBZAFVT21IAcGIbkgB3YNvSAEliSJw
587=SAHVAnFIASfUENcuBABzVALRCXRIAd1XdUgB0dp2SAHR2ndIAc0FeEgB2Rx5SAHNlHooKQ
588=B7SAHNEHxJAR9QTF0VfUgBxQh+KCkAfygpAIAoKQCBKCkAIFBDaIVJ6CHIAUFyIkgB0Qkj
589=SQGlbAF1hlGUhk0FJVQCdIZVWiZIAXwDTQAnKCkAKEgBwWcpSAFhiAp2hlEAaQELdoZRAI
590=+qAAAsQARUB2kALSgpAC4oKQAvKCkAMEgB3VcxSAF0hl0fMsgBSRczSQFgawkEADRIAWQB
591=VSM1SAHBMDZIAcEwN0gBwTA4SQEiRAlNBTlIAdkGOigpADsoKQA8SAFgiAEEBAA9yAFZaT
592=5IAYPrAAA/SAGcQXWGUYwJUQBBVAJYAGkAQkkBDFyEQQ5DyAFFKURJAcZ7AwAARcgBTQRG
593=SAGyAgBHKCkASCgpAEkoKQBKKCkASygpAEwoKQBNKCkATkkBJEAQTQtPSAGIWXWGUeGIUV
594=QCUANpAFIoKQBTSAHdK1RIAXQDTSZVKCkAVkgBhz8EAFdIAcEEWEgB3eZZSAGXAgUAWigp
595=AFsoKQBcKCkAXSgpAF4oKQBfKCkAYCgpAGEoKQBiSAEn1hBRAN2ZZFQCgw8EAGUoKQBmSA
596=HFE2dIAYMEBQBoKCkAaSgpAGooKQBrSAHJDGxIAZsGBABtKCkAbkgBxUpvSAHBBHBJASB3
597=LgQAcUgB0ZhySAHBBHMoKQB0KCkAdSgpAHZIAd0rd0gB2QZ4SAHdCnlIAZc5BAB6SAHJDH
598=tIAc0FfCgpAH0oKQB+KCkAfygpAIAoKQCBKCsAIQBSjAlFPyIoKQAjKCkAJEkBSmgEIloy
599=UgBoAUlZJlQCcAJNACcoKQAoSAGIFyJaMlIAgJ5phVLhUStABEgGaQAsKCkALSgpAC4oKQ
600=AvKCkAMCgpADEoKQAySAF0hkV2M0kBYFQKQeA0SAFFAQBBGjVIAZ94BAA2SAGbEQQANygp
601=ADhIAd0rOUgBwQQ6SAGH7wQAO0gB0Qk8SQFKbAFohScdBD5UAnACTQA/SAGURGiF0yoAAE
602=FUAlADaQBCKCkAQ0kB4kwCioVSAGkBBGqFUgB0hlUCRkAEXANpAEcoKQBIKCkASSgpAEoo
603=KQBLKCkATCgpAE0oKQBOKCkAT0gB1YZQSAGRSwBAQyfpAlJUAmAQTQBTSAHdK1RIAUQCfS
604=tVKCkAVkgBzXNXSAHBBFhIAcFyWUgBlAJohcsMBQBbKFUAXEgBI08rBQBdSAHNBV4oKQBf
605=KCkAYCgpAGEoKQBiSAHdeGNJASxrCAQAZEgBJXkgZSgpAGZIASVVIWdIAWkFAGiFJ2UCaS
606=hVAGooKQBrSAEl2SFsSAElrSFtSAGHCAQAbkgBk0AEAG9IAdUCcEgB1SNxSAHVAnIoKQBz
607=KCkAdEgB0VZ1SAElAUh2SAElpSB3SAHVAnhIAdUCeUgBiDhohdcYBAB7VALVDXwoKQB9KC
608=kAfigpAH8oKQCAKCsAIgBTgAhZaSMoKQAkSAFwYSP9IFOQglFWJlQCsgUAJ0gBlxgAAChI
609=AZAUcoJTAMkBKlQCnBUi/yBTANG9BixUAmgBRYwtSQH7tQIuyAFVAi9JAdW1AjDIAVUCMU
610=gBsgIAMigpADNJATx4AiL8ICcVAzVUAnACQRo2SAGEYHKCUwDFgThUApMUBAA5KCkAOkgB
611=nRUEUIInMQE8VQJKVAldID3IAV0gPkgB0R8/SAGYBnCC2AZwgicpAEJBBMtECEkAQ8gBQR
612=pESAFxggdwgietAEZUAlwEaQBHKCkASCgpAEkoKQBKKCkASygpAEwoKQBNKCkATigpAE8o
613=KQBQKCkAUSgpAFIoKQBTSQE9cBEirkJTACIsJ1EqVVQCIzcoBABWSAF8A1UCVygpAFhIAS
614=dQEMwbcIInKQBbQQSgfwYFAFxJAZmpAV1IAWUBACKEUyetAF8oVQBgKCkAYSgpAGJIAcV2
615=Y0gBzX5kSAHRCWUoKQBmKCkAZygpAGgoKQBpKCkAaigpAGsoKQBsSAHVDW1IAd2DbkgB3U
616=xvSAHNy3BIAYwQIv4gUwDZlXJUAtmVcygpAHRIAdEJdUgB2QZ2KCkAdygpAHgoKQB5KCkA
617=eigpAHtIAdUNfEgB1Q19KCkAfigpAH9IAdcNIwBUITArUAEi+DCoAUVVJVQCTAJpACYoKQ
618=AnKCkAKEkB81gDTQUpyQECIk4gVAB0AlVlK9QCQeAsSAF4f1UCLUgBeH9NBS7IAVUCL0gB
619=eH9VAjDIAVUCMUkBFVwLSQAySAFQDWkAM0gBeH9NBTTJAQMi0UFU5VU2VAJgBVlTN0gBwb
620=Q4SAHVAjkoKQA6KCkAO0kBRmQEItJBVABoAUEPPVQCcAJNAD4oKQA/KCkAQCgpAEEoKQBC
621=SAF4f1EUQ8gBQRpESAFACWkARSgpAEYoKQBHKCkASCgpAEkoKQBKKCkASygpAExIASV5QU
622=1IAYNRAABOSAFoDU0ATygpAFAoKQBRKCkAUigpAFNIAXh/UR9USAF4f1UYVcgBSS1WSQFf
623=UApdK1dIAWQBSQFYSAEn+Q9UkAJJelpUAowBIk8gVACjbAF7f1QAlqkBXUEEmqkBXkgBZA
624=FZBl9JAaBvAQUAYEgBwQRhSAFwAgEABQBiKCkAYygpAGQoKQBlKCkAZigpAGcoKQBoKCkA
625=aSgpAGooKQBrKCkAbCgpAG1IASUxIm5IAZgRIk0gVCYJM3AoVQBxSAHJInJIAY8FBQBzKC
626=kAdEgB2Yp1SAHFdnZIAdGCd0gBmwYEAHgoKQB5KCkAekgBzX57SAHZoHxIAZsGBQB9KCkA
627=figrACQAVZwDUQAlKCkAJigpACdIAX14BX38VYl6Bnz8qAFZ1yrBBAh8/LUCCSKcQCddAS
628=1ABM1SLkgBI2cjAAAvSQEfWElBDzBIAXR7XWIxyAFJhTJIAVADaQAzKCkANEgBbH5ZETVI
629=Ac1SNsgBTVI3SAEiLFNBUTjJAQF+/FUA1QI6KFUAO0gBdHtZEDxIAWgNTQA9KCkAPkgBI/
630=w2IpxAJ0EDQFQCXARpAEEoKQBCSQElSGVJAEPIAV0KREgBYAVNAEUoKQBGKCkARygpAEgo
631=KQBJKCkASigpAEsoKQBMSAGHzgAATUgBJQUiTkgBRA1pAE8oKQBQKCkAUSgpAFIoKQBTKC
632=kAVEgBI5EuAEEBVYKpBQBf/FUAX1QKRSlXXAJEASJ1MFhIASWhRllIASWlV1pIAYAEYH3M
633=JmN9VQCfeAIi8y9VAJupAV5NBZipAV9IAcWBYEgBJU0gYUgBfAOAfScxAWMoVQBkKCkAZS
634=gpAGYoKQBnKCkAaCgpAGkoKQBqKCkAaygpAGwoKQBtSAHNc25IAcFyb0gBhxMEAHAoKQBx
635=SAHJInJIAckic0gBjwUFAHQoKQB1KCkAdkgByQx3SAHZf3hIAdUNeUgB1Xt6SAHVe3tIAd
636=0KfCgpAH0oKQAlRDeDBAAAJkkB9EwBWVMnyAFZUyhIAXV7C2l6VlgDiQAqVAKAAWh6J1UA
637=LChVAC1IASMTNAAALkgBzQUvKCkAMEgBaHpJhTHIAUmFMsgBSYUzSAHZBjQoKQA1KCgABj
638=YAVgA+AAAABREAAK4PACAABwAANwBWAEIAAAACAAA4AFYAQgAAAAMAADnIAVUCOsgBVQI7
639=SAFcA2kAPCgpAD0oKQA+SQEiTAZFBD9IAVgAaQBAKCkAQSgpAEJIAQUlAQAABAAAQ8gBAQ
640=UAAERIAWwGTQBFKCkARigpAEcoKQBIKCkASSgpAEooKQBLKCkATCgpAE0oKQBOSQEpXBVZ
641=EE/IAVUBUEgBXA9pAFEoKQBSKCkAUygpAFRJAaNnBQAAVUkBnqkBVkkBW0gBAQEEAFdIAU
642=QBfRxYKCkAWUkBL3sCBABaSQEzqQFbSAFkAQEABQBcSQGlbwEFAF1IAWQBVQJeSAGXDQUA
643=X0kBm3sCBQBgSQGdqQFhSAFkAU0FYigpAGMoKQBkKCkAZUkBLHMFBQBmSQEpqQFnSQEtqQ
644=FoSAFkAVEJaSgpAGooKQBrKCkAbCgpAG0oKQBuSQExawgEAG9IAYsMBABwKCkAcSgpAHJJ
645=ATCtBXNIAWQBQQ90KCkAdSgpAHYoKQB3KCkAeEgB1Q15SAHRCXpIAdEJeygpAHwoKQAmTT
646=T0RARBUSfIAUFRKEgBUAJpACkoKQAqSQEhSERZAitJARmpASwoKQAtSQEatQIuSAFcBGkA
647=LygpADAoKQAxSQEVSE8BCgAAMsgBAQsAADNIAWwGTQA0KCkANSgpADYoKQA3KCkAOCgpAD
648=koKQA6SQEnuRE7SAFMCmkAPEkBI7UCPUgBaAJNAD5JASa1Aj9IAUQCaQBAKCkAQUkBJV4V
649=BgBahFcAaQEHcXdXfARtAERABHwATQBFKCkARkgBzSZHSQEdqQxISQEfqQFJSAFIBmkASi
650=gpAEsoKQBMKCkATUgBZHZRNU7IAQEFAABPyAFFE1DIAUUTUUgBcApNAFIoKQBTKCkAVEgB
651=chcBBFJ3VwBkdgECBABWVAJpAQNwd3gDXwcEAFhUAo8mBABZSAFMAml6WkgB3XhbSAHdeF
652=xIAYAEc3dXAKZvAQUAXihVAF8oKQBgKCkAYSgpAGIoKQBjSAHZdGRIAY9oBQBlSAGAXHB3
653=0xQGAGdVAiq1DWhIAWQBAQAFAGkoKQBqKCkAaygpAGwoKQBtKCkAbigpAG8oKQBwKCkAcS
654=gpAHIoKQBzKCkAdCgpAHUoKQB2KCkAdygpAHgoKQB5KCkAeigpAHsoKQAnVDGPGwAAKCgp
655=AClJASWlSipJARepASsoKQAsKCkALSgpAC5JARutBS9IAd0KMCgpADFIAXl0DXp0WABpAQ
656=57dFgADFBhSQA0QATZBjUoKQA2KCkAN0gBxRM4SAHZXjlIAdkGOigpADsoKQA8SQEgpRM9
657=SAHRFD5IAdkGPygpAEAoKQBBSQElWRIJenRYAGgBRYxDVALZBkQoKQBFKCkARkgBzfdHSA
658=HNBUgoKQBJKCkASigpAEsoKQBMKCkATUgBeHQBCAAATsgBWRFPyAFZEVBIAckMUSgpAFIo
659=KQBTSQFXRARBclTIAUFyVUgBUAJpb1YoKQBXKCkAWEgBjCZ6dFgAjCZt7FiUBgEABABbQA
660=TFdlxIAcV2XUgBhAR4dMwFb+xYAKR4Am7sWACT+wUAYSitAGIoKQBjSQEorQVkSAFmAQAG
661=WHTRCQZM7CcpAGdABIPVBQBoSAHJemlIAcXvakgBhwgFAGsoKQBsKCkAbSgpAG4oKQBvKC
662=kAcCgpAHEoKQByKCkAcygpAHQoKQB1KCkAdigpAHcoKQB4KCkAeSgpAHooKQAoWKOLFwAA
663=KSgpACpIAZsyAAArSQEctVosSQEXqQEtSAHVAi5JAR61Ai9IAdEJMCgpADEoKQAySAF0cF
664=kFM8gBAQMAADRJARREYEkANcgBQQQ2SAHRCTcoKQA4KCkAOUgBwdU6SAHR+zsoKQA8SAHd
665=FT1IAd38PkgB3Qo/KCkAQCgpAEFJAR1MEVEEQsgBVQFDSAFEAmkARCgpAEVIAcmFRkgB1Q
666=1HSAGLWQAASEgBbAZNAEkoKQBKKCkASygpAEwoKQBNKCkATkgBbHNdmU9IAUAJaQBQKCkA
667=USgpAFIoKQBTSQFeZwUEAFRIAWQBWWlVKCkAVkgBxeRXSAHBBFhIAYQ/YnJZAIwmYXJZnA
668=NFCFtABI8BBABcSAGPaAQAXUgBlAJgcswFYHInKQBgKIEAYSgpAGIoKQBjSAGTCQUAZEgB
669=kAlgcsQIY3JZACx4An3mWVRVTQEGQnJZAJVwBl7mWQDZdGpECNl0a0gBgwQFAGxIAVAGAg
670=AABQBtKCkAbigpAG8oKQBwKCkAcSgpAHIoKQBzKCkAdCgpAHUoKQB2KCkAdygpAHgoKQB5
671=KCsAKQBagBNRACpIASVZJytIAUQCaQAsSAHVAi1IAWgCTQAuKCkALygpADAoKQAxKCkAMi
672=gpADNIAX1tBWpvWgBoAQEGAAA11AIBBwAANsgBWcE3yAFZwThIAVAOaQA5SAGXRAAAOkgB
673=2V47SAHRgjwoKQA9SQEeXHldBj5IAVgAaQA/KCkAQCgpAEFJAcZ4A27hWgBoAYhvJ3UERE
674=AEvgMARSgpAEZIAdkRR0gB2RFISAHVcElIAdkGSkgB1YZLSAHR+0xIAcEETSgpAE4oKQBP
675=KCkAUCgpAFEoKQBSKCkAU0kBXlUJAWhvyBciyConKQBWQASM9yLIKidVAFhVAiRgJWpvWg
676=CUGGpvWgCUGGzhJ60AXEwF2eJdSQErVA1Nc15IAcXkX0gBcAJNXWAoKQBhSAGTHwUAYkgB
677=nwoFAGNIAZAJaW9aRL5AByLKKloAkAkiyipaAIxzaG/NEAdKb1oAI/QqaG/XAgYAalAJXQ
678=cAVelrSAGABGhvwARobycpAG5ABI8FBQBvKCkAcCgpAHEoKQByKCkAcygpAHQoKQB1KCkA
679=digpAHcoKQB4KCsAKgBbnA5RACsoKQAsKCkALSgpAC4oKQAvKCkAMCgpADEoKQAyKCkAMy
680=gpADRIAXFsC3FsW51tDHBsqAFdujfBBA4iU0dbAApMXkkAOVQCnEFzbFsAHmtDAAA7VAJY
681=FmkAPCgpAD0oKQA+KCkAPygpAEBJAehQBlEIQcgBRe9CSAFwbEkBQ0gBXANpAEQoKQBFKC
682=kARkgB2RFHSAGYU3/bWwAaUApdBklUAlgAaQBKSAHZlUtIAWgCTQBMKCkATSgpAE4oKQBP
683=KCkAUCgpAFEoKQBSKCkAU0kBX1AKWV5USAFkAUkBVUgBnPEiXDjEE3Bs2D0iXDgnKQBZTA
684=WUhnJsWwCEl3NsWwAbYBp921uYCl4KXQAnKQBeSAGTYQQAX0gBhAQiwCnABCLCKVsAgCVw
685=bMwQcGwngQBkKNkAZUgBkAlybFsAlHBxbFu0cH/bWwAubAxzbFsAMmkBBVBswAQiwCnABH
686=BsJ4kBbVwKk+UFAG5IAc3hbygpAHBIAdnicUgBeApJhXIoKQBzKCkAdCgpAHUoKQB2KCkA
687=dygrACsAXIwJUQAsKCkALSgpAC4oKQAvKCkAMCgpADFIASMULyL/NlwAnEQJSQAzVAIjQC
688=9s1ieJATVUAlADaQA2KCkAN0gBbWgEeWlcmGlJ3TnUAkndOkgBbAZNADsoKQA8KCkAPSgp
689=AD4oKQA/SAFsaFEJQMgBUQlByAFd5kJIAUwKaQBDKCkARCgpAEUoKQBGKCkAR0gBgFF6aV
690=wAxWtJVQIbY1EAAEpIAXAKTQBLKCkATCgpAE0oKQBOKCkATygpAFAoKQBRSQGgRAlJAFJI
691=AdEqU0gBeGmM1twrbNYnKQBWQASQFHtpXAAZZBN6aVwAI4RIbdZcpIF4aSfZAFtYBoSBeG
692=knVQBdVAJcDyJdOF5IAYRgeGnABHhpJykAYUAEjAV6aVwAkAl4aSeBAGQogQBlSAGQCXhp
693=wAR5aVzhZ2hABJPlBQBpSAGEa3hpzAV4aScpAGxABMEPbUgB3QpuSAGVAgZM1s8FBgBwVQ
694=IqewIFAHFIAWQBAQAFAHIoKQBzKCkAdCgpAHUoKQB2KCsALABdgAhRAC0oKQAuKCkAL0kB
695=V1QDUTUwSQFUSAFNlDHIAVUCMkkBVrUCM8gBVQI0SQFQtQI1yAFZzDZIAXACTQA3KCkAOE
696=kBClUDCSJxYV2NaAp80KgBRdk7QARIBmkAPCgpAD0oKQA+SAF0ZQEIAAA/yAFRCUDIAVEJ
697=QUgBeAdNAEIoKQBDKCkARCgpAEUoKQBGKCkAR0gBhK1jZ10AHG9SAABJVQIXqQFKSQEfqQ
698=FLSAFEDWkATCgpAE0oKQBOKCkATygpAFBIAdWRUUgBI99eAABSSQFaawkEAFPIAV0rVEgB
699=cAJNMVUoKQBWSAEn4Qxd6WRYVALNBVlIASU1KFpIAdUCWygpAFwoKQBdKCkAXkgBnMVhZ1
700=2/xQQAYFQCI9cmBABhSAGQCWBnxEpiZ10AJQkoZEAEhIwisSddsM9gZ9MJBQBnQQQ5aAgi
701=4UNdJMg1YGcnKQBqQATNy2tIAcHKbEgBdAZFYG1IAZAUfdBdJj0pb1QCgARjZ10AKmwBYG
702=cnkQJy4wQFAHMoKQB0KCkAdSgrAC0AXiQ5QwRA5STSVgIEUBmoAQEDBAAwQARkDFkyMSgp
703=ADJIAWhkTQUzSAElJTw0SAHNBTVIAXRlAQQEADbIAUG/N0gBgARty17GAQA5VQIKVWUOam
704=ReAGkBDyKrJl4A0kgEQQM8QQT9SAFJAD1JAcxcAEkAPsgBQQQ/SAF0ZQENAABASAFQA2kA
705=QSgpAEIoKQBDKCkARCgpAEUoKQBGKCkARygpAEgoKQBJSAGITmzLJxUDS1QCdA5NAEwoKQ
706=BNKCkATkgBbCZFKU/IAVleUEkBU0wGVQJRyAFVAlJIAWhkXStTSAElUSZUSAHJx1UoKQBW
707=SAGEdm3LXqDgbcte+cxZQQQefHhty15sDWnHW1QCI5AjbcteuFMiKEInKQBeQASYU2lkXi
708=ScQGlkXlhDUAhpZF7hZ2JMBcFnY0gBmIoiPTRepHZoZMAPaGQnKQBnTAXFw2hIAVQKIuUz
709=aSgpAGooKQBrSQEqZAQiqSZeJDNDBQBtVAKQFGtkXgA4oQRvVALB1XBIAcHVcUgBfANFa3
710=IoKQBzKCkAdCgrAC4AX4gFWTIvKCkAMCgpADEoKQAyKCkAM0gBi0MEADRIAYsIBAA1SQFP
711=bAFyYV8AaAFRVjdUAtGjOEkBmmAEfMXAD3FhX4RgSTc7QARwYQEDAAA8SAFwYUUIPUgBcG
712=FBBD7IAUEEP0gBJRlsQEgBugoAQSgpAEIoKQBDKCkAREgBI/NmAABFSAHZBkYoKQBHKCkA
713=SCgpAElIASNUIXBhJ+kCS1QCxQhMKCkATSgpAE5IAXBhQVxPSAGPBQQAUCgpAFEoKQBSKC
714=kAUygpAFRIAcXDVUgBxWBWKCkAV0gBChwCAAAABABYAF8AHgIRAAB2DwAgBQAAAAQAWQBf
715=XABIAAIEAFoAX1wASwAEAFtJAShEAUEEXEgBZAEBAAUAXSgpAF4oKQBfSQExZwQEAGBJAS
716=mpAWFJAS2pAWJIAdEJY0gBcAJRCWRKASACUwEFAGVJARupAWZIAU0CAEEEZ0gBmwYFAGhI
717=AZcCBgBpKCkAaigpAGtJASpnBAUAbEgB2QZtSAFwAgEABgBuSAHBBG9IAZcCBQBwKCkAcS
718=gpAHIoKQBzKCkAL1QbmwYEADBJASV/FQQAMUkBGakBMigpADNJARq1AjRIAdkGNSgpADZJ
719=AU9YAgEEBAA3yAEBBQAAOEkBo1QCSQA5SQGeXABJADpIAVgAaQA7KCkAPCgpAD0oKQA+KC
720=kAPygpAEAoKQBBKCkAQigpAENJAaZjDAAAREkBV0gBAQEEAEVJAVNIAVFARsgBVQJHSQFQ
721=tQJIyAEBAQAASUgBcAJNAEooKQBLKCkATCgpAE1JAaJABUkATkgBk04EAE9IAUQCbVJQKC
722=kAUSgpAFJIAdUuU0kBHb0rVEkBHKkBVSgpAFZJAR61AldIAd0KWCgpAFkoKQBaSQEsZAR5
723=XmBQO08BBABcVAJAAWFRXSgpAF4oKQBfKCkAYCgpAGFIAdFhYkkBMGsIBABjSAFkAVVaZE
724=gBJ9oLYACXRAUAZlQCwQRnSQEvbAF7XmAAM6kBaVQCZAFJWWpJATJvAQUAa0kBLqkBbEgB
725=2QZtSQErtQJuSAHBBG9IAXACTRBwKCkAcSgpAHIoKwAwAGGIBUU/MUkBJKUpMkgByS0zSQ
726=EXtQI0SAGTdwQANUgBnwYEADZJAVJsAWJcYQBoAU1HOFQCxUo5SQFRoQQ6yAFZSDtIAXAC
727=TQA8KCkAPSgpAD4oKQA/KCkAQCgpAEFJAVZYB0kXQsgBQQ9DSQFXVgICBEJcYQBpAQNgXC
728=eZA0ZABFwDdU9HKCkASEgBbF1ZdEnIAVl0SkkBpJIFAEtJAZipAUwoKQBNSQGdtQJOSAFg
729=XE0QT0gBkwIEAFBJASG5J1FIAdknUkgBwQRTKCkAVCgpAFVIAcVVVkgBxa1XKCkAWEgB0a
730=5ZSAHRCVpIAYSiYVxhkAJRQFxUAowBfLonVQBeKFUAXygpAGAoKQBhKCkAYigpAGMoKQBk
731=SAEnggthAJRwYFwniQFnQASUGGFcYb1tBVy6wwQGAGpABM21a0gB0RRsKCkAbSgpAG4oKQ
732=BvKCkAcCgpAHEoKwAxAGKMCUlDMigpADNIAZ8VBAA0SAGAcmhZJ60ANlQCnAZoWSdVADgo
733=VQA5SAFwuV0KOsgBiFnPBQAAPFQChwgAAD0oKQA+KCkAPygpAEAoKQBBSAFoWVFWQkgBhw
734=gEAEMoKQBEKCkARUkBI6VKRkgBzQVHKCkASEgByW9JSAHJb0rIAV0VS0gB0c9MSAHdV01I
735=AZMJAABOSAFgZ4hZzBtqWWIA2SdRQQQXrRBSSAHVWlNIAYcIBABUKCkAVUgBzVJWSAGBBA
736=Vcct8KBQBYVALBqVlIAc1dWkkBOHAFaVlisKNstSfZAF1ABHwDQVxeKCkAXygpAGBJASdx
737=FAVAQyfZAGJVAiG1AmNIAYf6BQBkSAHdV2VIAd0KZkgB3VdnSAGIvGhZ0AkiiCInKQBqQA
738=QnKAvUAiKIIicpAG1ABN0KbigpAG8oKQBwKCkAMlzIjQUEQh9jANWyNFQCkBRxVmOcA0FR
739=NlQCjAFwVidVADgoVQA5KCkAOkgBfFdVnDvIAVWcPEgBJU0gPUgBkwkAAD4oKQA/KCkAQC
740=gpAEFJAVtQBVVEQkgBRAFtqkMoKQBEKCkARUgB1RhGSQEbYzAEAEdIAdkGSCgpAElIAXTI
741=TRtKyAFJDEtJAVRzBQQATMgBVQJNSQFXVAJBZ07IAVW9T0gBUAJ5EVBIASfTCmMAF6EPUl
742=QC2X9TSAHNBVQoKQBVSAGP7AQAVkgBi/MEAFdIAZjBc1ZjAJp/BgUAWVQCZAFBUVpIAclZ
743=W0gBgEZwVtgyfK8nKQBeQATZBl8oKQBgKCkAYUgBIxUkBUBDyRcFTQJj5a1kUAHFCGUoKQ
744=BmSAGfbQUAZ0gBn1cGAGhIAYRrclZjAIjHfq9jACfQCidlAmxMBd0KbSgpAG4oKQBvKCsA
745=MwBkiAVRNTQoKQA1KCkANkgBnG16U2QAxT84VAKfBgQAOSgpADpIAc08O8gBTTw8SAHdmT
746=3IAVUCPkgB1UQ/yAFVAkBJAVtAC11BQcgBXUFCSAHNEENIAYx+InsgZAAfvUFFVAJUBmFG
747=RkkBJLUCR0kBG6kBSEgBwQRJKCkASigpAEsoKQBMKCkATSgpAE4oKQBPKCkAUEgBJ3oKZA
748=AneQpkJLsoBABTQATBD1QoKQBVKCkAVkgBmD15U2SIBUFRWFUCoXABeFMnVQBaVAJwAkEE
749=WygpAFwoKQBdKCkAXigpAF8oKQBgKCkAYSgpAGJJASZgJXhTJ7UBZFQC1Q1lSAGAUSJ5IG
750=QmISBnVAKIF3hT2wYHAGlUAoxSeVNkKHgKwARsqicpAG1MBckMbigrADQAZZACTVI1KCkA
751=NkgByS03SAHZfzhIAZAFYFEn2QA6VALBRjtIASUBMjxIAcFGPUgB2QY+KCkAPygpAEBJAS
752=VrIgQAQUgByU5CSAHNPENIAc0QREgB0QlFSQEjuQZGSAHVAkdJASS1AkhIAdkRSUgB2VNK
753=SAHNBUtIAcUITEgB1QJNSAHVAk5IAdUCT0gB0RRQSAHFE1FIASXxL1JIAdEUU0gB2QZUKC
754=kAVUgBgDt9pGWgO2FRZYgFXUxYQQSfcAFiUWUAI6M7BQBaVAJwAkEEWygpAFwoKQBdKCkA
755=XigpAF8oKQBgKCkAYSgpAGIoKQBjKCkAZCgpAGVIAYhOYFHRFAZepGUAlL1iUWUAI0Q1fq
756=RlACNENWFRZSggCtgGYFEnKQBtXArDGjUAZoQBVU82SAHdNjdIAd0rOEgB3TY5SAGTBQQA
757=OkkBJq08O0gB1QI8KCkAPSgpAD4oKQA/KCkAQCgpAEFIAcEPQkgB1TlDKCkAREgB2UhFSA
758=HBBEZIAcFcR0gBzRBIKCkASUgB0RRKSAHBBEtIAcVrTEgBzV1NSAHNR05IAc0FTygpAFBJ
759=ASKlHlFIAcEEUkgByQxTSAHVAlQoKQBVSAGIOGlOZpwDWUhXVQKgcAFq82YAI0wraE4ngQ
760=BaQAR8AwEABQBbKCkAXEgBnFdq82YAh+QFAF5UAofkBQBfSAHZBmAoKQBhKCkAYigpAGNI
761=AdEJZEgB0QllSAEjICBoTtgRaE4nKQBoQAQllT9pSAGXTwUAakgBlE8i7D/MBWhOJykANl
762=lWYWgTYutnANk9OFQC1Tk5SAHVOTpIAWgFTVI7SAGTFAQAPEgBkxQEAD1IAYceBAA+SAHN
763=BT9IAdWGQEgB1QJBKCkAQigpAEMoKQBEKCkARSgpAEYoKQBHKCkASCgpAEkoKQBKSQElqU
764=NLSAHBGkwoKQBNKCkATkgByVlPSAHVT1BIAd1tUUgB3W1SSAHVGFMoKQBUSAHJIlVIAZA1
765=cUtniAVBRldVAqFwAXBLJ1UAWVQCmAZ9mWftR1tUApMqBQBcSAGQCXBL2QYGUktnACOMKH
766=BLJ9kAYEwFgDAisDLMBSLcJycpAGNABJheIrAy1QIGVI4nKQBmQARtFABwSydVAGhUApTp
767=Itw91AJwSycpAGtABJsGBQA3IZUopm8BBAA4SAFkAUFGOSgpADooKQA7SAGYEXlIaIgFQS
768=U9VAKUDXhI1wIEAD9UAt2DQEgBzTFBSAGfBgQAQkgBhCkizTtopCkifSZoJJwqIvhGJzEB
769=RiitAEdIAYstBABIKCkASSgpAEpIAZMqBABLSAHVDUwoKQBNKCkATigpAE9IAdlpUEgB1U
770=9RSAEl9TVSSAHdFVNIAc0QVEgBmz0EAFVIAZcNBQBWKCkAV0kBpXgCeEjAGm6UaACEKXhI
771=1QIGTJQnKQBcWAZ0BkE7XSgpAF4oKQBfKCkAYEgBgDB4SMQIeEgnKQBjQATVDWRIAZQYeE
772=jVLgZUjtQueEjYBnniaOHgaVgGmBF4SMEEBUFGaVw8XAIiHSVpXABIAHDaJysAOwBprOxh
773=Rmms7H2OaazsYEYnrQA/TAUnwghpANXIQVQCnBVhRmkmrSFDVAJMDSL1VkRIAYRrYUZp+U
774=hGVALZMkdIAc0FSCgpAEkoKQBKSAHFCEtIAcE7TCgpAE0oKQBOSAHRS09IAZwKIpJEaQDR
775=FFFUAsUIUkgBzRBTSAGPBQUAVCgpAFUoKQBWKCkAVygpAFgoKQBZSAHJOFpIAZAJYEbZJw
776=ZcjicpAF0ogQBeSAHZzF9IAdnMYEkBOWgIYEbMJmFGaahvIkEvaflTZEwFgA9gRskMB0FG
777=aahDYkZpAMkMaEwF2ddpSAFkDF2DOVnaP00BA2hDInRbTwEEADtUAkABIvU1PCgpAD1JAS
778=GtwD5IAd26P0gB3bpASAHBckFIAYQTaUNqjAlVDUNUAo8BBQBEKCkARSgpAEYoKQBHKCkA
779=SCgpAEkoKQBKKCkASygpAEwoKQBNKCkATkgB2UhPSAHVRFBIAdEUUUgBxRNSKCkAUygpAF
780=QoKQBVKCkAVkgBkEsi/UxqoFxtiWrxNVlABCMgK26JagAj2EIivSNqrFJoQ9sGBgBdTAWE
781=E2nSaqg4aNIn+QRgQAScFWhD1wIGAGJUAsWMY0gBwQRkSAGAD2lDarR7bYlqtHtoQyeJAW
782=hMBdEfOiNfYwAAAXFAa5ACRc48VALV/z1IAdk9PigpAD9IAcU/QEgBnAYinTVrpFVwQNMJ
783=BQBDQQSiZARwQCdVAEVVAqC1AkZIASVZMkdIAXICAAVAyietAElUAtUuSkgBiXoFQcpr9S
784=5MVALZBk0oKQBOKCkAT0gBjCZ8gyeRAlFUAt0KUkgB3QpTKCkAVCgpAFUoKQBWSAGMiXBA
785=0xQGAFhUAohOYcpr6UNaVALNBVtIAZA1cEDZBgdRQGukP3FAayhcIicFAWBYBsUIYUgBmB
786=xwQNgGfYNrvLoiXSJrpD8inHcnKQBmWAbRjWdIAdOCOwBsjAmYPScpAD1UAsXvPkgBzTw/
787=SAGTBQQAQCgpAEFIAYAaeD3ECHo9bAAlvTlEQQSYfwYFAEVIASVJMEZIAXACTTxHSAHBME
788=hIAcEwSUgBxR5KSAGNBQZZPWz1I0xUAs0FTSgpAE5IAZtpBQBPSAGMMXk9bOHVUVQCnxUF
789=AFJIAYMPBgBTSAGRCQZZwWynSgYAVVQCwQ9WKCkAVygpAFgoKQBZKCkAWigoAAtbAGwALw
790=AAAAAGAFwAbBEAAJQJUBQLACsAAAAABgBdAGwALgBDAAYAXkgBQAECAAAGAF8oKQBgKCkA
791=YSgpAGJJASpzBQUAY0gBZAEBAAUAZCgpAGUoKQBmKCsAPABtiAUBAAQAPSgpAD4oKQA/KC
792=kAQCgpAEFJAS9jBwQAQkkBM6kBQ0kBo2sBBQBESQGZqQFFSAFkAVkRRkkBLG8BBQBHSQEw
793=qQFISAFkAVkcSSgpAEooKQBLKCkATCgpAE0oKQBOSAHRH09IAZMJBQBQSAHVDVFIAdUNUk
794=kBKGcEBgBTSAFkAQEABwBUSAGHCAYAVUgBlwIGAFYoKQBXKCkAWCgpAFkoKQBaKCkAWygp
795=AFwoKQBdKCkAXigpAF8oKQBgKCkAYSgpAGJJATF8EWM7bQAtqQFkVAJkAVEqZSgrAD0Abp
796=ACVTk+KCkAPygpAEAoKQBBKCkAQkgBiyIEAENIAYgIazhuAKVvAQUARShVAEZIAYwFaDjX
797=DQYASFQCaAWIOCdVAEooVQBLKCkATEkBMnMFBQBNSAGbXgUATkgBm14FAE9IAXwDTRtQSA
798=HVDVFIAZcCBgBSSAGUT2k4buFnVFQChAhoOCcNAlZUApNABgBXSQEpawgGAFhIAYcpBgBZ
799=SAFwAkkXWigpAFsoKQBcKCkAXSgpAF4oKQBfKCkAYEgB1Q1hSAHVDWJIAdUNY0gBnExsc9
800=AUAwUAPgBvAJsGBAA/SAGbBgQAQEgBmwYEAEFIAZAUfm1vAJAfcjVvAMlvROAEcTVviAVZ
801=J0ZUAowFcDXNBQVQNcMEBgBJQASTBQYASigpAEsoKQBMSAHVT01IAYQTcjVvAMkBTyhVAF
802=BIAdFsUUgB3QpSKCkAUygpAFQoKQBVKCkAVkgBmD1wNdEUB1I1bwCMJnA11wIGAFpMBckM
803=WygpAFwoKQBdKCkAXkgByU5fSAGPJgUAYEgB1Q1hSAGTCQcAYkgB1Q1j6QEFWTJwnANTKk
804=AAcLgReDLUAngyJykAQ0AElS4EWaBw5TRFVAKLCAUARigpAEdIAYwQeDLECHgyJykASkAE
805=mwYGAEtKAScCUwEGAExIAUABZcNNKCkATkgBwQRPSAHBBFAoKQBRKCkAUigpAFMoKQBUKC
806=kAVSgpAFZIAYAaeTJw/W1YVALdbVlIAZxXeTJwq0MGAFtUAp9XBgBcSAHBMF1IAc1+XkgB
807=hQgFXttwAN0gYFQC1Q1hSAGNBQZZMnD44gFAAHEAjFJhMHGkomEwcYAeTZ9DQASMAWEwcf
808=VlRVQCkQkEQTBx+TJHVAKUDWAw1QIFXGLQCXxiJykAS0wFnApjMHEAJa0xTVUCG6kBTkgB
809=wQRPSQEhtQJQSQEZqQFRKCkAUkkBHbUCU0kBH6kBVEgBxQhVSAHNJlZIAYkXBVCYJ5ECWF
810=QCzQVZSAGYJ2Aw3RUHQTBxpFVgMMsBBQBdTAWbBgUAXigpAF9IAd0gYEgB1Q1hKCsAQQBy
811=sAlpLXKACIstcgAjaBdoLSdVAEVMBYQEaS1yoTsESP7ABGktcrgyaS1ypUoFSZByuTIFTl
812=1yAMlZTPEJBl/FcgAidQ0GXMXRCQZfxXIAILUCUE0FHKkBUUkBHqkBUkgBmBF8xSfZAFQo
813=VQBVSAGNfgVI/sAEaC0nkQJYQATVhllIAYAlaC3IF21dcvlTXEAE0QldSAGAD2gtJ10BXy
814=hVAGAoKwBCAHOIBZEqc7gccSpz5cNFQASQrnIqcwCErXAq2AZwKicpAElMBZQJcSpzoDBw
815=KsAEfFcnKQBNTAUnUAUnVQBPVQImuSdQSAGTCQYAUSgpAFIoKQBTKCkAVCgpAFVIAZh0cS
816=pzsIJxKnOldgVdunPxQFlMBclOWigpAFsoKQBcSAHJhV1IAZgRcCrcFWCIJygAAUMAdACI
817=F3kndLMfBABFVALZBkYoKQBHKCkASCgpAEkoKQBKSAGEa3kndIEIAHondADVe01BBBehJU
818=5IAd14T0gBxaJQSAGcNnkndLAfIgwjJzEBU0AEgwsGAFQoKQBVKCkAVigpAFdIAdEqWEgB
819=nwoFAFkoKQBaSAGRrgVYf8kMBVyvJykAXUAElA14JydXAEQAdSihBHWcA0ndRlQCjAEi/C
820=AnVQBIKFUASSgpAEpIASegBMwFYSV17XNNQQQa4CUngQBPVAKbBgYAUEgBlQ0HXUx1sI1g
821=JSetAFPgBGAlJ1UAVShVAFYoKQBXSAHBMFhIAYAlIv0gdeEwWlQC2XRbSAGAD2Al3Ap+pH
822=UAnK9tR3acA4kidvcCRwB2p5cEAEhIAZ2DBEjHJ60ASlQCjBtsR9QCayJ2ACS9IE1ABM2U
823=TkgBjAx9mXasMWgi2AZpInYoSATUAnyZJykAVEQInxUFAFVIAZgRaG8ngQBXVAKYESL8K9
824=UCB0xHJ10BWkAEJ0gEwARoIicrAEYAd7ScfY53mBVZlUhUAoSicR93pbgEUbl39XtLQATV
825=e0xIAcUTTUgBiAhwudAJcB/YBnEfd7wrYGfAD3xBJ60AUygFAVRIAckXVUgBmBxwHyetAF
826=dUApAUcB8nXQFZVAKYinG5d7wrYGfYBnleeIwUmRx467FJAHj9r0pIAYQEbDzPBQUATFQC
827=zRBNSAGABHgcwAR4HCcpAFBABN02UUgBwSVSKCkAUygpAFRIAZwVbTx4/StWVALZBlcoKQ
828=BYKCkAWSgpAFpIAccISAB5vEx9NnmMFEFcSlQCjAFgGidVAExUAidAA9QCYBonKQBPQASY
829=Bn02eSR9JgVdeHm/bQUAUuMEBQBTSAGNcwVBnnnlw1VUAsWXVkgBkAl8xcgMfMUnKQBZKI
830=MASQB6iAWIFycpAEsoVQBMSAEn6ALABGgXJykAT0AEiAhoFydVAFFUAsVKUkgBgARpF3qs
831=JmgXJ60AVUAEzQVWSAHNBVcoKQBYKCsASgB7nANdFUtIAd0gTEgBhPoiUDzABHAUJykAT0
832=AE1URQSAHZPVFIAdU5UkgBgAtxFHvpQ1RUAs0FVUgBzQVWSAHNBVcoKwBLAHztG0xIAYQT
833=Is0lfKQ0eRF8tDl9V3ztPFBMBZireD3MBXg9JykAUyiBAFRIAc08VUgBzRBWKCsATAB9rB
834=BhD32cAwEABwBOVAKcK2AP1AJwNScpAFFABJAFfIMnVQBTKFUAVEgBhAhgZ8AEaS1+54xO
835=AH6om2kMfowJXfxQVAKMAWmQfqC/bRt+tJxoLSetAFRMBcsMTgB/vAoiMEMnKQBQKFUAUU
836=gBzTFSSAGAk3AJJ68ATwCAnA5VRFAoKQBRKCkAUigrAFAAgewFCFEAgQAAAAAAAAUAEQAA

[Lighting]
Red=1.000000
Blue=0.970000
Green=0.990000
Level=0.032000
Ground=0.000000
IonRed=1.000000
Ambient=0.000000
IonBlue=1.000000
IonGreen=1.000000
IonLevel=0.032000
IonGround=0.000000
IonAmbient=1.000000

[Map]
Size=0,0,50,80
Theater=TEMPERATE
LocalSize=3,5,44,69

[Neutral]
IQ=0
Edge=West
Side=GDI
Color=Gold
Allies=Neutral,GDI
Credits=0
ActsLike=0
NodeCount=0
TechLevel=10
PercentBuilt=100
PlayerControl=no

[Nod]
IQ=0
Edge=West
Side=Nod
Color=DarkRed
Allies=Nod,Neutral
Credits=0
ActsLike=0
NodeCount=0
TechLevel=10
PercentBuilt=100
PlayerControl=no

[NodLand]
IQ=5
Edge=North
Side=NodLand
Color=DarkRed
Allies=NodLand
Credits=0
ActsLike=0
NodeCount=0
TechLevel=10
PercentBuilt=100
PlayerControl=no

[NodNaval]
IQ=5
Edge=North
Side=NodNaval
Color=DarkRed
Allies=NodNaval
Credits=0
ActsLike=0
NodeCount=0
TechLevel=10
PercentBuilt=100
PlayerControl=no

[OverlayDataPack]
1=BQAAIP4AIACABQAAIP4AIACABQAAIP4AIACABQAAIP4AIACABQAAIP4AIACABQAAIP4AIA
2=CABQAAIP4AIACABQAAIP4AIACABQAAIP4AIACABQAAIP4AIACABQAAIP4AIACABQAAIP4A
3=IACABQAAIP4AIACABQAAIP4AIACABQAAIP4AIACABQAAIP4AIACABQAAIP4AIACABQAAIP
4=4AIACABQAAIP4AIACABQAAIP4AIACABQAAIP4AIACABQAAIP4AIACABQAAIP4AIACABQAA
5=IP4AIACABQAAIP4AIACABQAAIP4AIACABQAAIP4AIACABQAAIP4AIACABQAAIP4AIACABQ
6=AAIP4AIACABQAAIP4AIACABQAAIP4AIACA

[OverlayPack]
1=BQAAIP4AIP+AEQAAIP5DFv+Bqv4DBP+BqP64Bf+AOgAAIP4wBP+Brf4ECP+Br/4ZAv+Bqf
2=7cAf+BsP4PAP+Bsf4NAv+Bqv7nA/+Brv4cAv+BrP/PA10M/uED/4A4AAAg/j4I/4Gs/iAC
3=/4Go/50DkQj+WgD/gar+Cgb/gan/swOCDIGt/hkA/4Gr//cFbg7iPgj/swEwGIBtAAAg/k
4=gA/4Gs/g8A/4Go/ucF/4Gr/sgB/4Gu/gQA/4Gv/iQA/4Gq4iEI/+YBigTNSAD+zAH/gbD/
5=zgE7Bv5gAP+Bqf7MAf/iDgj+GwL//8kBRgj+4gH/gbH+GQT//wgCVxL/HwIhDMdYAP+zAT
6=8KgFYAACD+VwD/gaj+CAD/gan+wgH/gaz+5gH/gav+CQD/ga3+BQD/gbHaQwD+zAH/gar/
7=swCrBf6DBf///gFeBnov/v0D///ZASMCga7/+gVGDM8kBP/aBV4GgGAAACD+AwD/gaj+TA
8=D/gaz+vAH/Qb2Bqv4cAP+Bq/4LAP+Bqf7dAf8h3skxAv4oAv//TQADAP/HAVkC/psB/9oU
9=Av+TAMgJ/nID/9dQAP+9AVAA/g8K/+U/Dv/eAT0C/u8D/4A0AAAg/kgG/4Gp/gMA/4Gq/v
10=sD/4Go/8YBhgT+Dwb//8MBSAr+WQb/gaz+2wP/6UwGgav+vQH/gBEAACD+BgL/gaz+GgD/
11=gav+3h3/gAUAACD+ACD/gAUAACD+ACD/gAUAACD+ACD/gAUAACD+ACD/gAUAACD+ACD/gA
12=UAACD+ACD/gAUAACD+ACD/gAUAACD+ACD/gAUAACD+ACD/gAUAACD+ACD/gAUAACD+ACD/
13=gAUAACD+ACD/gAUAACD+ACD/gAUAACD+ACD/gAUAACD+ACD/gAUAACD+ACD/gAUAACD+AC
14=D/gAUAACD+ACD/gAUAACD+ACD/gAUAACD+ACD/gAUAACD+ACD/gAUAACD+ACD/gAUAACD+
15=ACD/gA==

[ScriptTypes]
0=01000006
1=01000007
2=01000014
3=01000015
4=01000043

[Smudge]
0=BURNT07,43,118,0
1=BURNT04,46,114,0
2=BURNT01,48,122,0
3=CRATER03,48,119,0
4=CRATER05,44,117,0
5=CRATER06,44,114,0
6=CRATER09,42,114,0
7=CRATER10,47,123,0

[Special]
IQ=5
Edge=North
Side=Special
Color=Grey
Allies=Special
Credits=0
ActsLike=0
NodeCount=0
TechLevel=10
PercentBuilt=100
PlayerControl=no

[SpecialFlags]
Inert=no
FogOfWar=no
IonStorms=no
MCVDeploy=no
Meteorites=no
Visceroids=yes
FixedAlliance=no
TiberiumGrows=yes
InitialVeteran=no
HarvesterImmune=no
TiberiumSpreads=yes
TiberiumExplosive=no
DestroyableBridges=yes

[Structures]
0=Neutral,CTVEGA,256,47,37,64,None,1,0,1,0,0,None,None,None,0,1
1=Neutral,INGALITE,256,51,39,64,None,1,0,1,0,0,None,None,None,0,0
2=GDI2,GAKODK,256,41,54,64,01000093,1,0,1,0,0,None,None,None,0,1
3=Neutral,CACRSH02,256,55,49,64,None,1,0,1,0,0,None,None,None,0,0
4=Neutral,NEGLAMP,256,47,27,64,None,1,0,1,0,0,None,None,None,0,0
5=Neutral,NEGLAMP,256,37,38,64,None,1,0,1,0,0,None,None,None,0,0
14=Neutral,CAPYR03,256,76,81,64,None,1,0,1,0,0,None,None,None,0,0
15=Neutral,CAPYR01,256,59,89,64,None,1,0,1,0,0,None,None,None,0,0
16=Neutral,CAPYR01,256,33,89,64,None,1,0,1,0,0,None,None,None,0,0
17=Neutral,CAPYR03,256,6,100,64,None,1,0,1,0,0,None,None,None,0,0
18=Neutral,CAPYR01,256,2,103,64,None,1,0,1,0,0,None,None,None,0,0
19=Neutral,CAPYR04,256,46,43,64,None,1,0,1,0,0,None,None,None,0,0
21=Neutral,CAPYR04,256,51,34,64,None,1,0,1,0,0,None,None,None,0,0
25=Neutral,NEGLAMP,256,58,15,64,None,1,0,1,0,0,None,None,None,0,0
26=Neutral,NEGLAMP,256,64,33,64,None,1,0,1,0,0,None,None,None,0,0
27=Neutral,NEGLAMP,256,73,30,64,None,1,0,1,0,0,None,None,None,0,0
28=Neutral,NEGLAMP,256,84,46,64,None,1,0,1,0,0,None,None,None,0,0
29=Neutral,NEGLAMP,256,84,56,64,None,1,0,1,0,0,None,None,None,0,0
30=Neutral,NEGLAMP,256,29,47,64,None,1,0,1,0,0,None,None,None,0,0
31=Neutral,NEGLAMP,256,23,57,64,None,1,0,1,0,0,None,None,None,0,0
32=Neutral,NEGLAMP,256,15,66,64,None,1,0,1,0,0,None,None,None,0,0
33=Neutral,NEGLAMP,256,50,75,64,None,1,0,1,0,0,None,None,None,0,0
37=Neutral,CA0010,256,78,64,64,01000001,1,0,1,0,0,None,None,None,0,0
38=Neutral,CAPYR02,256,34,113,64,None,1,0,1,0,0,None,None,None,0,0
39=Neutral,CAPYR01,256,39,123,64,None,1,0,1,0,0,None,None,None,0,0
40=Neutral,CAPYR04,256,86,64,64,None,1,0,1,0,0,None,None,None,0,0
41=Neutral,CAPYR04,256,88,72,64,None,1,0,1,0,0,None,None,None,0,0
42=Neutral,CAPYR04,256,81,70,64,None,1,0,1,0,0,None,None,None,0,0
43=Neutral,CA0009,256,89,66,64,None,1,0,1,0,0,None,None,None,0,0
44=Neutral,CA0003,256,83,71,64,None,1,0,1,0,0,None,None,None,0,0
46=GDI,TSTLAMP,256,88,69,64,None,1,0,1,0,0,None,None,None,0,0
47=Neutral,NEGLAMP,256,2,73,64,None,1,0,1,0,0,None,None,None,0,0
48=Neutral,NEGLAMP,256,5,86,64,None,1,0,1,0,0,None,None,None,0,0
49=Neutral,CACRSH01,256,61,42,64,None,1,0,1,0,0,None,None,None,0,0
50=Neutral,CACRSH04,256,34,56,64,None,1,0,1,0,0,None,None,None,0,0
56=Neutral,CA0008,57,4,120,64,None,1,0,1,0,0,None,None,None,0,0
57=Neutral,CA0010,60,6,116,64,None,1,0,1,0,0,None,None,None,0,0
58=Neutral,CA0012,45,8,127,64,None,1,0,1,0,0,None,None,None,0,0

[Tags]
01000001=0,0 Lock + Reveal + Camera + Create + Music + Lighting 1,01000000
01000011=0,Create MCV 1,01000010
01000013=0,1a text 1,01000012
01000019=0,1c text 1,01000018
01000021=0,1b create 1,01000020
01000023=0,1d text 1,01000022
01000025=0,1e text 1,01000024
01000027=0,1f text 1,01000026
01000029=0,1g text 1,01000028
01000031=0,Create Titan 1,01000030
01000033=0,1h text 1,01000032
01000035=0,1I text 1,01000034
01000037=0,2a text 1,01000036
01000039=0,2b text 1,01000038
01000041=0,2c text 1,01000040
01000045=0,2d text 1,01000044
01000047=0,2e text 1,01000046
01000049=0,2f text 1,01000048
01000051=0,2g lighting 1,01000050
01000053=0,2h WIN 1,01000052
01000056=0,Create Patrol 1,01000055

[TaskForces]
0=01000002
1=01000003
2=01000004
3=01000005
4=01000042

[TeamTypes]
0=01000008
1=01000009
2=01000016
3=01000017
4=01000054

[Terrain]
12052=TREE15
12053=TREE09
12055=TREE10
12056=TREE10
13053=TREE06
14049=TREE08
14052=TREE11
14056=TREE02
15046=TREE08
18045=TREE10
18048=TREE09
18050=TREE15
20041=TREE03
20042=TREE09
20048=TREE11
21048=TREE08
21050=TREE02
22043=TREE05
22052=TREE06
23039=TREE04
23040=TREE02
23049=TREE10
23066=TREE05
24037=TREE04
24049=TREE11
24062=TREE10
25036=TREE11
25041=TREE01
25042=TREE02
25049=TREE06
25050=TREE10
26035=TREE08
26036=TREE02
26039=TREE03
26046=TREE06
26052=TREE02
26063=TREE07
27038=TREE05
27041=TREE10
27042=TREE01
27048=TREE08
27050=TREE02
27064=TREE11
28037=TREE05
28040=TREE07
28045=TREE09
28064=TREE07
28069=TREE12
29030=TREE03
29035=TREE03
29038=TREE03
29045=TREE04
29046=TREE10
30031=TREE10
30034=TREE15
30037=TREE15
30038=TREE08
30064=TREE08
31032=TREE15
31036=TREE06
31042=TREE06
31045=TREE10
31050=TREE02
31060=TREE01
31061=TREE10
31062=TREE08
31072=TREE21
32031=TREE08
32034=TREE06
32036=TREE03
32043=TREE05
32044=TREE02
32050=TREE04
32061=TREE07
32074=TREE19
33030=TREE10
33035=TREE08
33037=TREE08
33038=TREE06
33060=TREE10
34027=TREE09
34033=TREE08
34050=TREE07
34060=TREE07
35035=TREE10
35049=TREE08
35071=TREE20
35074=TREE21
36029=TREE04
36033=TREE05
36034=TREE07
36040=TREE10
36045=TREE06
37033=TREE15
37040=TREE07
37053=TREE08
37063=TREE05
37071=TREE16
38027=TREE10
38029=TREE01
38039=TREE09
38075=TREE18
39036=TREE08
39044=TREE09
39045=TREE04
39077=TREE11
39081=TREE15
40038=TREE07
40061=TREE08
41030=TREE05
41032=TREE06
41049=TREE05
42028=TREE01
42033=TREE08
42035=TREE10
42048=TREE03
42058=TREE06
42084=TREE15
43029=TREE06
43031=TREE04
43084=TREE22
44027=TREE03
44029=TREE02
44045=TREE08
44058=TREE01
45034=TREE10
46030=TREE04
47058=TREE10
48050=TREE11
48056=TREE05
48057=TREE04
48088=TREE12
49050=TREE09
50018=TREE03
50089=TREE21
50091=TREE12
51020=TREE07
51078=TREE15
52024=TREE04
52044=TREE07
52076=TREE17
53020=TREE10
53022=TREE01
53024=TREE05
53025=TREE01
53030=TREE04
53033=TREE10
53074=TREE16
54024=TREE11
54027=TREE10
54028=TREE11
54076=TREE14
55026=TREE03
55033=TREE06
55086=TREE19
55089=TREE21
56020=TREE08
56023=TREE09
56025=TREE06
56027=TREE03
56038=TREE03
56039=TREE04
56067=TREE25
56086=TREE15
56098=TREE11
57032=TREE03
57033=TREE03
57034=TREE09
57039=TREE09
58033=TREE02
58066=TREE23
59018=TREE10
60066=TREE22
60102=TREE16
61056=TREE18
61058=TREE21
62040=TREE11
62102=TREE21
63015=TREE06
63031=TREE24
63104=TREE18
64030=TREE15
64039=TREE12
64104=TREE11
64106=TREE12
65024=TREE05
66023=TREE08
66109=TREE16
67007=TREE02
67013=TREE05
67034=TREE23
68007=TREE03
68053=TREE19
68102=TREE17
68104=TREE25
69039=TREE16
69040=TREE19
69051=TREE25
69057=TREE21
69105=TREE22
69106=TREE18
70014=TREE03
70055=TREE23
70105=TREE20
70107=TREE22
71004=TREE02
71029=TREE01
71105=TREE25
71111=TREE16
72002=TREE03
72003=TREE10
72027=TREE07
72028=TREE10
73001=TREE01
73044=TREE11
74003=TREE08
74044=TREE16
74045=TREE24
75042=TREE22
75044=TREE23
75051=TREE17
76019=TREE04
76052=TREE15
76053=TREE25
78014=TREE04
78054=TREE20
79028=TREE06
79054=TREE17
79095=TREE18
80014=TREE08
80025=TREE05
80039=TREE24
80094=TREE21
81018=TREE02
81019=TREE08
81045=TREE21
81095=TREE18
82018=TREE03
82093=TREE16
82097=TREE20
83014=TREE18
83019=TREE10
83096=TREE16
84098=TREE21
84104=TREE19
84105=TREE24
85097=TREE18
86010=TREE23
86019=TREE09
86105=TREE17
87097=TREE11
87107=TREE21
87109=TREE11
88010=TREE16
88013=TREE25
88098=TREE22
88108=TREE22
88110=TREE15
88117=TREE22
89010=TREE19
89111=TREE11
89113=TREE18
89114=TREE16
89115=TREE23
90032=TREE22
90114=TREE18
92028=TREE23
92114=TREE18
97093=TREE18
98019=TREE24
98093=TREE24
100003=TREE25
100014=TREE20
100046=TREE21
100093=TREE11
101094=TREE19
102027=TREE19
102097=TREE12
103026=TREE17
103027=TREE11
104033=TREE21
106025=TREE25
106067=TREE11
106068=TREE24
106069=TREE21
106071=TREE19
106072=TREE15
107068=TREE25
108049=TREE15
108071=TREE17
108072=TREE24
109031=TREE20
109088=TREE16
109089=TREE23
109091=TREE11
110027=TREE19
110046=TREE21
110091=TREE24
110092=TREE25
110093=TREE17
111050=TREE22
111073=TREE24
111074=TREE18
111082=TREE19
112047=TREE12
112073=TREE20
113063=TREE12
114006=TREE19
114078=TREE15
114082=TREE15
115010=TREE15
115064=TREE24
115082=TREE21
116045=TREE25
116049=TREE24
117085=TREE19
119003=TREE22
119009=TREE23
119020=TREE18
120002=TREE20
120012=TREE17
121022=TREE15
121023=TREE21
123001=TREE24
127056=TREE17
128002=TREE16
129056=TREE17

[Triggers]
01000000=GDI,<none>,0 Lock + Reveal + Camera + Create + Music + Lighting,0,1,1,1,0
01000010=GDI2,<none>,Create MCV,0,1,1,1,0
01000012=GDI2,<none>,1a text,0,1,1,1,0
01000018=GDI,<none>,1c text,0,1,1,1,0
01000020=GDI,<none>,1b create,0,1,1,1,0
01000022=GDI,<none>,1d text,0,1,1,1,0
01000024=GDI,<none>,1e text,0,1,1,1,0
01000026=GDI,<none>,1f text,0,1,1,1,0
01000028=GDI,<none>,1g text,0,1,1,1,0
01000030=GDI2,<none>,Create Titan,0,1,1,1,0
01000032=GDI,<none>,1h text,0,1,1,1,0
01000034=GDI,<none>,1I text,0,1,1,1,0
01000036=GDI,<none>,2a text,0,1,1,1,0
01000038=GDI,<none>,2b text,0,1,1,1,0
01000040=GDI,<none>,2c text,0,1,1,1,0
01000044=GDI,<none>,2d text,0,1,1,1,0
01000046=GDI,<none>,2e text,0,1,1,1,0
01000048=GDI,<none>,2f text,0,1,1,1,0
01000050=GDI,<none>,2g lighting,0,1,1,1,0
01000052=GDI,<none>,2h WIN,0,1,1,1,0
01000055=GDI,<none>,Create Patrol,0,1,1,1,0

[Units]
0=GDI2,BADGER,256,64,54,64,Guard,None,0,-1,0,-1,1,0
1=GDI2,MMCH,256,42,64,64,Guard,None,0,-1,0,-1,1,0
2=GDI2,TRUCK_GDI,256,53,59,0,Guard,None,0,-1,0,-1,1,0
3=GDI2,MMCH,256,61,46,64,Guard,None,0,-1,0,-1,1,0
4=GDI2,TRUCK_GDI,256,54,59,0,Guard,None,0,-1,0,-1,1,0
5=GDI2,TRUCK_GDI,256,63,45,128,Guard,None,0,-1,0,-1,1,0
6=GDI2,TRUCK_GDI,256,64,45,128,Guard,None,0,-1,0,-1,1,0
7=GDI2,BADGER,256,64,55,64,Guard,None,0,-1,0,-1,1,0
8=GDI2,BADGER,256,44,64,64,Guard,None,0,-1,0,-1,1,0
9=GDI2,MMCH,256,64,57,64,Guard,None,0,-1,0,-1,1,0

[Waypoints]
0=52056
1=41069
2=47069
3=49061
4=60030
5=60044
6=56048
7=56059
8=40050
9=51049
10=53050
11=64050
12=55053
13=61064
14=47076
98=74066
99=76066



[Digest]
1=whYRxSHzXBFOQ+P1zbl2PCWlbgU=

