; Map created with FinalSun Mission Editor
; www.wagnerma.de (german+english homepage of author), finalsun.wagnerma.de (finalsun homepage, german+english), www.theonliner.de (german homepage of FRG)
; note that all comments were truncated

[AudioVisual]
AllyReveal=no

[GALAMP]
TechLevel=1
AlphaImage=alpha_blamp
AIBuildThis=yes
LightRedTint=0.6
LightBlueTint=0.1
LightGreenTint=0.5
LightIntensity=0.28
LightVisibility=4100

[GALITE]
LightRedTint=0.3
LightBlueTint=0.2
LightGreenTint=0.3
LightIntensity=0.35

[INGALITE]
LightRedTint=0.1
LightBlueTint=0.1
LightGreenTint=0.1
LightIntensity=0.1
LightVisibility=4500

[INGRNLMP]
LightRedTint=0.1
LightBlueTint=0.01
LightGreenTint=0.7
LightIntensity=0.1
LightVisibility=2100

[INPURPLAMP]
LightRedTint=0.35
LightBlueTint=0.4
LightGreenTint=0.01
LightIntensity=0.1
LightVisibility=4000

[INREDLMP]
LightRedTint=0.5
LightBlueTint=0.01
LightGreenTint=0.01
LightIntensity=0.1
LightVisibility=4000

[INYELWLAMP]
LightRedTint=0.45
LightBlueTint=0.01
LightGreenTint=0.35
LightIntensity=0.01
LightVisibility=4000

[KHETANA]
Sight=9
Speed=5
Primary=none
Cloakable=no

[DRUDGE]
Sight=0
Primary=Minigun
TiberiumHeal=no
TiberiumProof=no

[SPECTRE]
Sight=0
TiberiumHeal=no
TiberiumProof=no

[BRUTE]
Sight=0
TiberiumHeal=no
TiberiumProof=no

[MUTANTCHIEF]
Sight=0

[MutantCannon]
Range=10
Damage=50

[NEGLAMP]
LightRedTint=0.03
LightBlueTint=0.04
LightGreenTint=0.04
LightIntensity=-0.05

[NEGRED]
LightRedTint=0.15
LightBlueTint=0.04
LightGreenTint=0.04
LightIntensity=-0.04

[P90]
Damage=65

[TSTLAMP]
LightRedTint=0.5
LightBlueTint=0.1
LightGreenTint=0.4
LightIntensity=0.1
LightVisibility=2100

[VEGA]
Name=Joseph
Image=COMMANDO
Primary=P90
Secondary=None


[Preview]

[PreviewPack]

[01000004]
0=1,KHETANA
Name=Khetana
Group=-1

[01000005]
0=5,245
1=3,2
2=3,3
3=3,4
4=37,0
Name=Khetana Scipt

[01000006]
Max=5
Full=no
Name=Khetana Team
Group=-1
House=Mutant
Script=01000005
Whiner=no
Droppod=no
Suicide=no
Loadable=no
Prebuild=no
Priority=5
Waypoint=B
Annoyance=no
IonImmune=no
Recruiter=no
Reinforce=no
TaskForce=01000004
TechLevel=0
Aggressive=no
Autocreate=no
GuardSlower=no
OnTransOnly=no
AvoidThreats=no
LooseRecruit=no
VeteranLevel=1
IsBaseDefense=no
OnlyTargetHouseEnemy=no
TransportsReturnOnUnload=no
AreTeamMembersRecruitable=no

[01000019]
0=3,5
Name=Chief Script

[01000020]
0=1,MUTANTCHIEF
Name=Chief
Group=-1

[01000021]
Max=5
Full=no
Name=Chief Team
Group=-1
House=Mutant
Script=01000019
Whiner=no
Droppod=no
Suicide=no
Loadable=no
Prebuild=no
Priority=5
Waypoint=G
Annoyance=no
IonImmune=no
Recruiter=no
Reinforce=no
TaskForce=01000020
TechLevel=0
Aggressive=no
Autocreate=no
GuardSlower=no
OnTransOnly=no
AvoidThreats=no
LooseRecruit=no
VeteranLevel=1
IsBaseDefense=no
OnlyTargetHouseEnemy=no
TransportsReturnOnUnload=no
AreTeamMembersRecruitable=no

[AITriggerTypesEnable]
041CFAE0-G=yes
074AC080-G=yes
074ADF20-G=yes
074B3330-G=yes
075A52F0-G=yes
075A53F0-G=yes
075A5EC0-G=yes
07CC6030-G=yes
07CC6140-G=yes
07CC6250-G=yes
07CC6360-G=yes
07CC6470-G=yes
07CC6580-G=yes
07CC66F0-G=yes
07CC6800-G=yes
07CC6AD0-G=yes
07CC6BE0-G=yes
07CC6CF0-G=yes
07CC6E00-G=yes
07CC6F10-G=yes
07CC7690-G=yes
07CC77A0-G=yes
07CC78B0-G=yes
07CC79C0-G=yes
07CC7AD0-G=yes
07CC7BE0-G=yes
07CC7CF0-G=yes
07CC7E00-G=yes
07CC7F10-G=yes
07CDB770-G=yes
07D5E8A0-G=yes
07D70470-G=yes
07D70D20-G=yes
07E30560-G=yes
07E30660-G=yes
07E57AE0-G=yes
07E8B210-G=yes
07E8B310-G=yes
07E8B410-G=yes
07E8BB50-G=yes
07E8BC50-G=yes
07E8BD50-G=yes
07E8BE50-G=yes
07E8C9B0-G=yes
07E8CAB0-G=yes
07E8CBB0-G=yes
07E8CCB0-G=yes
07EA53C0-G=yes
07EA54C0-G=yes
07ECC040-G=yes
07ECC2E0-G=yes
07ECC580-G=yes
07ECC820-G=yes
07EF8A30-G=yes
07EF8B30-G=yes
07F232E0-G=yes
07F26720-G=yes
07F3D830-G=yes
07F3EC20-G=yes
07F3EE20-G=yes
07F3EF20-G=yes
07FC4E50-G=yes
07FC5110-G=yes
07FC53B0-G=yes
07FC5650-G=yes
080AB180-G=yes
080C70E0-G=yes
080C71E0-G=yes
080CF120-G=yes
080CF220-G=yes
080D0120-G=yes
080D0220-G=yes
080D0320-G=yes
080D0420-G=yes
080D0520-G=yes
080D0620-G=yes
080D0720-G=yes
080D0820-G=yes
080D0920-G=yes
080D0A20-G=yes
080D0B20-G=yes
080D0C20-G=yes
080D1120-G=yes
080D1220-G=yes
080D1320-G=yes
080D1420-G=yes
080D1520-G=yes
080D1620-G=yes
080D1720-G=yes
080D1820-G=yes
080D1920-G=yes
080D1A20-G=yes
080D1C20-G=yes
080D1D20-G=yes
080D1E20-G=yes
080D1F20-G=yes
080D2120-G=yes
080D2220-G=yes
080D2320-G=yes
080D2420-G=yes
080D2520-G=yes
080D2620-G=yes
080D2720-G=yes
080D2820-G=yes
080D2920-G=yes
080D2C20-G=yes
080D2D20-G=yes
080D2E20-G=yes
080D2F20-G=yes
080D3520-G=yes
080D3620-G=yes
080D3720-G=yes
080D3920-G=yes
080D3A20-G=yes
080D3B20-G=yes
080D3C20-G=yes
080D3D20-G=yes
080D3E20-G=yes
080D3F20-G=yes
080D4120-G=yes
080D4220-G=yes
080D4320-G=yes
080D4420-G=yes
080D4520-G=yes
080D4620-G=yes
080D4720-G=yes
080D4820-G=yes
080D4D20-G=yes
080D4E20-G=yes
080D4F20-G=yes
080D5120-G=yes
080D5220-G=yes
080D5320-G=yes
080D5420-G=yes
080D5520-G=yes
080D5620-G=yes
080D5720-G=yes
080D5820-G=yes
080D5920-G=yes
080D5A20-G=yes
080D5B20-G=yes
080D5C20-G=yes
080D5D20-G=yes
080D5E20-G=yes
080D5F20-G=yes
080D6120-G=yes
080D6220-G=yes
080D6320-G=yes
080D6420-G=yes
080D6520-G=yes
080D6620-G=yes
080D6720-G=yes
080D6820-G=yes
080D6920-G=yes
080D6A20-G=yes
080D6B20-G=yes
080D6C20-G=yes
080D6D20-G=yes
080D6E20-G=yes
080D6F20-G=yes
080D7620-G=yes
080D7720-G=yes
080D7820-G=yes
080D7D20-G=yes
080D7E20-G=yes
080D7F20-G=yes
080D8620-G=yes
080D8920-G=yes
080D9320-G=yes
080D9420-G=yes
080D9520-G=yes
080DA220-G=yes
080DA320-G=yes
080DA820-G=yes
080DA920-G=yes
080DAE20-G=yes
080DAF20-G=yes
080DBB20-G=yes
080DBC20-G=yes
080DDBE0-G=yes
080DF140-G=yes
080E2360-G=yes
080E8920-G=yes
080E8A20-G=yes
080E8B20-G=yes
080E8C20-G=yes
080E8D20-G=yes
080E8E20-G=yes
080E8F20-G=yes
080F9470-G=yes
080FB470-G=yes
08440550-G=yes
08440650-G=yes
08440750-G=yes
08440850-G=yes
08440950-G=yes
08440AE0-G=yes
084712B0-G=yes
08471C20-G=yes
08472A20-G=yes
08472B20-G=yes
08472C20-G=yes
08472D20-G=yes
08472E20-G=yes
08472F20-G=yes
084756C0-G=yes
084EF620-G=yes
084EF720-G=yes
084EF820-G=yes
084EF920-G=yes
084EFA20-G=yes
084EFB20-G=yes
084EFC20-G=yes
084EFF20-G=yes
084F0A20-G=yes
084F0B20-G=yes
084F4130-G=yes
084F4230-G=yes
084F7D20-G=yes
08500120-G=yes
08507720-G=yes
085696F0-G=yes
0856AD20-G=yes
0856AF20-G=yes
085940B0-G=yes
085944D0-G=yes
085945B0-G=yes
085945D0-G=yes
085946B0-G=yes
085947B0-G=yes
085948B0-G=yes
085949B0-G=yes
08594AB0-G=yes
08595620-G=yes
08595720-G=yes
08595E20-G=yes
08595F20-G=yes
08596050-G=yes
08596350-G=yes
08596450-G=yes
08596550-G=yes
08596650-G=yes
08596750-G=yes
08596850-G=yes
08596B20-G=yes
08596C20-G=yes
08596D20-G=yes
08597420-G=yes
08597520-G=yes
08597720-G=yes
08597820-G=yes
08597920-G=yes
08597A20-G=yes
08597B20-G=yes
08597C20-G=yes
08597D20-G=yes
08597E20-G=yes
085980D0-G=yes
085981D0-G=yes
085982D0-G=yes
085983D0-G=yes
085984D0-G=yes
085985D0-G=yes
085986D0-G=yes
085987D0-G=yes
085988D0-G=yes
08598A20-G=yes
08598B20-G=yes
08598C20-G=yes
08598D20-G=yes
08598E20-G=yes
08598F20-G=yes
08599F20-G=yes
0859A060-G=yes
0859A160-G=yes
0859A820-G=yes
0859AB20-G=yes
0859B030-G=yes
0859B130-G=yes
0859B330-G=yes
0859B430-G=yes
0859B630-G=yes
0859B930-G=yes
0859BA30-G=yes
0859BB30-G=yes
0859BD20-G=yes
0859BE20-G=yes
0859BF20-G=yes
0859C0E0-G=yes
0859C1E0-G=yes
0859C2E0-G=yes
0859C3E0-G=yes
0859C720-G=yes
0859C820-G=yes
0859C920-G=yes
0859CA20-G=yes
0859CB20-G=yes
0859CC20-G=yes
0859CD20-G=yes
0859CE20-G=yes
0859CF20-G=yes
0859D2C0-G=yes
0859DE20-G=yes
0859DF20-G=yes
0859E070-G=yes
0859E170-G=yes
0859E270-G=yes
0859ED20-G=yes
0859F140-G=yes
0859F240-G=yes
0859F340-G=yes
0859F440-G=yes
0859F540-G=yes
0859F640-G=yes
0859F740-G=yes
0859F840-G=yes
0859F940-G=yes
0859FD20-G=yes
0859FE20-G=yes
0859FF20-G=yes
085A0320-G=yes
085A0420-G=yes
085A0D20-G=yes
085A0E20-G=yes
085A0F20-G=yes
085A10A0-G=yes
085A11A0-G=yes
085A12A0-G=yes
085A13A0-G=yes
085A17F0-G=yes
085A18F0-G=yes
085A1BF0-G=yes
085A1D20-G=yes
085A1E20-G=yes
085A1F20-G=yes
085A20A0-G=yes
085A21A0-G=yes
085A22A0-G=yes
085A23A0-G=yes
085A24A0-G=yes
085A25A0-G=yes
085A26A0-G=yes
085A2A20-G=yes
085A2B20-G=yes
085A2C20-G=yes
085A30B0-G=yes
085A31B0-G=yes
085A32B0-G=yes
085A3480-G=yes
085A3580-G=yes
085A3680-G=yes
085A3780-G=yes
085A3880-G=yes
085A3B80-G=yes
085A3D20-G=yes
085A3E20-G=yes
085A3F20-G=yes
085A4230-G=yes
085A4430-G=yes
085A4530-G=yes
085A4630-G=yes
085A4730-G=yes
085A4C20-G=yes
085A4D20-G=yes
085A4E20-G=yes
085A4F20-G=yes
085A5320-G=yes
085A5420-G=yes
085A5520-G=yes
085A5A20-G=yes
085A5B20-G=yes
085A5C20-G=yes
085A5D20-G=yes
08821CF0-G=yes
08821E00-G=yes
08821F10-G=yes
08823520-G=yes
08823630-G=yes
08823740-G=yes
08823F10-G=yes
08850F10-G=yes
08860AF0-G=yes
08860C00-G=yes
08860D10-G=yes
08B80660-G=yes
08B80760-G=yes
08BBC3E0-G=yes
08BBC4E0-G=yes
08BBCA80-G=yes
08BBCB80-G=yes
08BBCE20-G=yes
08BBCF20-G=yes
08BBE8C0-G=yes
08BBE9C0-G=yes
090EFB90-G=yes
090EFC90-G=yes
090F8D20-G=yes
090F8E20-G=yes
090F8F20-G=yes
090F9350-G=yes
090FA500-G=yes
090FA600-G=yes
090FA700-G=yes
090FC820-G=yes
090FD760-G=yes
090FD860-G=yes
090FD960-G=yes
090FDA60-G=yes
090FDB60-G=yes
090FDE20-G=yes
090FDF20-G=yes
091001C0-G=yes
091002C0-G=yes
09100F20-G=yes
09101470-G=yes
09101920-G=yes
09101A20-G=yes
09101B20-G=yes
09101D20-G=yes
09101F20-G=yes
09102140-G=yes
09102240-G=yes
09102C20-G=yes
09103A20-G=yes
09103B20-G=yes
09103C20-G=yes
09103F20-G=yes
0914DE20-G=yes
091F4720-G=yes
0930A240-G=yes
0930BDC0-G=yes
096E8480-G=yes
096E8580-G=yes
096E8880-G=yes
09798200-G=yes
097985A0-G=yes
09799C80-G=yes
09799F20-G=yes
09A92A20-G=yes
09EEBCD0-G=yes
09EF4430-G=yes
09EF4530-G=yes
09F2E320-G=yes
09F2E520-G=yes
09F2E920-G=yes
09F2EA20-G=yes
09F2EB20-G=yes
09F30210-G=yes
09F30310-G=yes
09F30410-G=yes
09F30510-G=yes
0A70E220-G=yes
0A70E330-G=yes
0A70E440-G=yes
0A70F040-G=yes
0A70F310-G=yes
0A70F420-G=yes
0A70F530-G=yes
0A70F800-G=yes
0A70F910-G=yes
0A70FA20-G=yes
0A70FCF0-G=yes
0A70FE00-G=yes
0A70FF10-G=yes
0AA34260-G=yes
0AA34360-G=yes
0AA34800-G=yes
0AA34900-G=yes
0AA34BA0-G=yes
0AA34CA0-G=yes
0AA35070-G=yes
0AA35980-G=yes
0AA35E20-G=yes
0AA35F20-G=yes
0AA36C80-G=yes
0AA36D80-G=yes
0AA4F100-G=yes
0AA50F20-G=yes
0AAC5B20-G=yes
0AF3EF10-G=yes

[Actions]
01000000=5,46,0,0,0,0,0,0,A,17,0,0,0,0,0,0,A,48,0,1,0,0,0,0,A,20,0,0,0,0,0,0,A,73,0,50,0,0,0,0,A
01000002=2,80,1,01000006,0,0,0,0,B,19,0,70,0,0,0,0,A
01000007=1,11,0,460,0,0,0,0,A
01000009=1,11,0,461,0,0,0,0,A
01000011=1,11,0,462,0,0,0,0,A
01000013=1,11,0,463,0,0,0,0,A
01000015=1,11,0,464,0,0,0,0,A
01000017=1,11,0,465,0,0,0,0,A
01000022=1,80,1,01000021,0,0,0,0,G
01000024=1,11,0,466,0,0,0,0,A
01000026=1,11,0,468,0,0,0,0,A
01000028=1,11,0,469,0,0,0,0,A
01000030=1,11,0,470,0,0,0,0,A
01000032=1,11,0,471,0,0,0,0,A
01000034=1,73,0,0,0,0,0,0,A
01000036=1,1,0,1,0,0,0,0,A
01000038=1,11,0,467,0,0,0,0,A

[Basic]
Name=Cinematic 5
Player=Nod
Percent=0
GameMode=Custom Map
HomeCell=98
InitTime=10000
Official=yes
EndOfGame=yes
FreeRadar=no
MaxPlayer=7
MinPlayer=2
SkipScore=yes
TrainCrate=no
TruckCrate=no
AltHomeCell=99
OneTimeOnly=no
CarryOverCap=0
NewINIFormat=4
NextScenario=
SkipMapSelect=yes
CarryOverMoney=0.000000
AltNextScenario=
MultiplayerOnly=0
IceGrowthEnabled=yes
VeinGrowthEnabled=yes
TiberiumGrowthEnabled=yes
IgnoreGlobalAITriggers=no
TiberiumDeathToVisceroid=no

[Briefing]
1=Деревня мутантов.
;- Mutant Camp -

[CellTags]

[Events]
01000000=1,8,0,0
01000002=1,13,0,15
01000007=1,13,0,30
01000009=1,13,0,50
01000011=1,13,0,70
01000013=1,13,0,90
01000015=1,13,0,110
01000017=1,13,0,135
01000022=1,13,0,20
01000024=1,13,0,155
01000026=1,13,0,195
01000028=1,13,0,215
01000030=1,13,0,235
01000032=1,13,0,255
01000034=1,13,0,265
01000036=1,13,0,275
01000038=1,13,0,175

[GDI]
IQ=0
Edge=South
Side=GDI
Color=Gold
Allies=GDI,Neutral,Mutant
Credits=0
ActsLike=0
NodeCount=0
TechLevel=2
PercentBuilt=0
PlayerControl=no

[GDILand]
IQ=0
Edge=West
Side=GDI
Color=Gold
Allies=GDILand,GDI
Credits=0
ActsLike=0
NodeCount=0
TechLevel=10
PercentBuilt=100
PlayerControl=no

[GDINaval]
IQ=0
Edge=West
Side=GDI
Color=Gold
Allies=GDINaval,GDI
Credits=0
ActsLike=0
NodeCount=0
TechLevel=10
PercentBuilt=100
PlayerControl=no

[Houses]
0=GDI
1=Nod
2=OCN
3=Neutral
4=Special
5=GDILand
6=GDINaval
7=NodLand
8=NodNaval
9=OCNLand
10=OCNNaval
11=Mutant

[OCN]
IQ=5
Edge=North
Side=OCN
Color=DarkGreen
Allies=OCN
Credits=0
ActsLike=0
NodeCount=0
TechLevel=10
PercentBuilt=100
PlayerControl=no

[OCNLand]
IQ=5
Edge=North
Side=OCN
Color=DarkGreen
Allies=OCN
Credits=0
ActsLike=0
NodeCount=0
TechLevel=10
PercentBuilt=100
PlayerControl=no

[OCNNaval]
IQ=5
Edge=North
Side=OCN
Color=DarkGreen
Allies=OCN
Credits=0
ActsLike=0
NodeCount=0
TechLevel=10
PercentBuilt=100
PlayerControl=no

[Infantry]
0=Mutant,CIV6,256,71,52,1,Guard,64,None,0,-1,0,1,0
1=Mutant,DRUDGE,256,73,50,1,Guard,64,None,0,-1,0,1,0
2=Mutant,DRUDGE,256,69,39,0,Area Guard,64,None,0,-1,0,1,0
3=Mutant,DRUDGE,256,64,50,0,Area Guard,64,None,0,-1,0,1,0
4=Mutant,SPECTRE,256,60,38,0,Guard,64,None,0,-1,0,1,0

[IsoMapPack5]
1=9w8AIAE8AAEAgAACBQA7AAKEAQEABQA8KCkAPSgrADoAA+EEOygpADwoKQA9KCkAPigrAD
2=kABPkGOigpADsoKQA8KCkAPSgpAD4oKQA/KCkAOFQTlwkFADkoKQA6KCkAOygpADwoKQA9
3=KCkAPigpAD8oKQBAKCsANwAGhAxFAjgoKQA5KCkAOigpADsoKQA8KCkAPSgpAD4oKQA/SQ
4=EsZwsFAEBJASmpAUEoKwA2AAdtAgBBDzcoKQA4KCkAOUkBfHM0BQA6SQF2qQE7SAGcBnw2
5=JwUBPShVAD5IAcEPP0kBMHAFbBDPBQYAQVQCcAJJEUJJASpsAQIFADUACGABeRE2KCkANy
6=gpADgoKQA5SQF7uRE6SQFyqQE7SQF0qQE8SAHdFT1IAYMLBQA+SQEobwEFAD9IAWQBTRBA
7=KCkAQSgpAEJIAcUTQ0gBjAUCBQA0AAmEAU0mNSgpADYoKQA3KCkAOCgpADlJAX+lEzpIAS
8=e+AgkAyQE8VQJ1oQQ9SAGMDH4VCQAnvALBDwZWOQkAmDJmKQkAmxwGAEJYBie8As8FBQBE
9=VALTCTMACoQBSRc0KCkANSgpADYoKQA3KCkAOCgpADkoKQA6SAHBMDtIAScXAwoAefQYJ7
10=UBPkEEL2gPdy4KADOpAUBUAogidBjYBnYYCgAnFAMnBQFETAWHHgUARUgBzzwyAAtoCWFG
11=MygpADQoKQA1KCkANigpADcoKQA4KCkAOUgByQw6SAHBGjtIAdkyPEgBmw0FAD0oKQA+KC
12=kAP0gB2RxASAHZHEFIAZgGbxsLADFvAQUAQ1UCLakBREgBxSlFSAHBD0ZIAcMPMQAMZAV5
13=HDIoKQAzKCkANCgpADUoKQA2KCkANygpADhIAdkcOUgB1Q06KCkAOygpADxIAcktPSgpAD
14=5IAYhOdDknZQJAVALFVUFIAYAWZB7BBAZFHgzhO0RABIQ/dTkM5WBGVALZEUdIAcsMMAAN
15=jAlRVjEoKQAyKCkAM0gBwRo0SAHZBjVIAZ8GBQA2KCkANygpADhIAc0QOUgBwQ86KCkAOy
16=gpADxJAXf1Wg39FT5UAsU0P0gB1Q1ASAEnHATIF3wgJykAQ0AEwVxESAHZBkVIAdFARkgB
17=2RFHKCkASEgBzxsvAA6UBkkiMCgpADFIAd0gMkgB3TYzSAHRCTRIAc1zNUgBiAh0IycxAT
18=coVQA4KCkAOUgBwSU6SAHdIDtIAdEfPEgB0Qk9SAHVGD5IAcEEP0gBwQRASAHJZEFJASt5
19=AgVGlw4AyQFDVQIutQJESAFkAVkcRUgB3QpGSAHBGkcoKQBISAHNG0lIAdsGLgAPhAFFCC
20=8oKQAwKCkAMUgBzRsySAHNGzNIAdEJNEgBiAh20w8A0do2VALV6TcoKQA4SAHJejlIAdkG
21=OigpADtIAdUYPEgBxTQ9SAHBGj4oKQA/SAHBBEAoKQBBSAHRQEJIAckMQygpAEQoKQBFSA
22=HVDUZIAckMR0gB2TJISAHFCEkoKQBKKCsALQAQnAMBAAQALkgBn5kEAC9IAZsCBQAwKCkA
23=MSgpADIoKQAzKCkANCgpADVIAclkNkgBkwkGADcoKQA4SAHJZDlIAYAEIgQi2BEi5igQAM
24=0bPEAEzRs9KCkAPigpAD9IAcE7QCgpAEFIAc08QkgByQxDKCkAREgB2WlFSAHJDEYoKQBH
25=SAEnJwUQAKZrCAUASVUCMmsBBABKSAGXWgQAS0gBcAJHKSwAEYQBSQEtKCkALkgBiCJ8K8
26=AEfCsnKQAxQASfBgUAMkgByQwzSAHJDDRIAcU0NUgBkAl0e8QIfCsnKQA4QAQnfAXUAn0r
27=ESRUIX8rEQByoZ48TAXJAT0oKQA+SAHRHz9IAcUTQCgpAEEoKQBCSQEyZQQETcARt/8EAE
28=RUAslvRUgBxTRGSQFyoQ9HKCkASEgB2V5JSAGIF3wryBd8KycpAExABHANXCsCKwASAKlt
29=AQRAdwESAP//TwEEAC1UAkEBAEEELkgBlJF1LhKpkARUWicpADFABN0rMkgBgZMERRgSgA
30=hFCDRUAostBAA1SAGQCXQuxQgFVFonKQA4QASECCIkMcQIdi4SAN0gO0AE0R88KCkAPSgp
31=AD4oKQA/SQF6oSVASQEyYxIEAEFIAd0VQkgBlA11LhJUdkQEdS4SWBeJAUVABEABIlUhRk
32=gBzRBHSAHNMUhIAclkSUgBJ9UFErREdi4SAJsyBABMQASTCQQATSgoAAQqABMAUQEAIsU3
33=K0gBbDFJFizJAQNvMRMAqnwGZYwT5TQvQARwAl0rMCgpADEoKQAySAGMc20xE+0QNFQCgD
34=BtMRP1OTZUAskiN0gByWQ4SAGIDG0xE4QBUcQ6KFUAO0gBJ4URE/FhPVUCckgYTQU+SAEn
35=BAwnBQFAVALBJUFIAYELBF3bE0RQUAFuMRMAiMdtMRNMTZUCRe8FBQBGSQEyUAJRH0dIAc
36=kXSCgpAElIAcE7SkgBkBRsMdAUbDEnSQRNQARsCVEJTigoAAIpABQAULkyKkkBTkgBUQQr
37=yAFVASxIAXI1BQBVZRSENFEeLlQCcDVdNi9JAaxMBl0KMMgBAQEEADFIAXgGVQIySAGESm
38=U0FCRLMAQANFQCdAZBBDUoKQA2KCkAN0gB2Wk4SAGMBWU0FIQBVS46KFUAO0gBkB8iFToU
39=KIQGJykAPkAE3Vc/SAHRKkBIAdknQUgBgAtlNBQknDVkNCe1AURBBKBkBCKfKhQAmqkBRl
40=QCIxcvBABHSAGL/gQASEgBfANNG0lIAdlTSkkBckwnVQJLKCkATEgBjEd0ZdcNBABOVALF
41=CE9JAextAQRVEhWQNVYBKQCoAUU0KkgBJ94GFQBoAVUCLChVAC3IAVUCLkgBfDZVOS9IAX
42=w2RRIwygEDAF02FZykVQIyVAJoOE08M0kBYFQOSRc0SAFkAUkBNUgBIxckBAA2SAHJWTdI
43=ASOXPwQAOEgBjAV9NhWFAQB0nCcpADtABIhDfTYVKN4GFQCIIiLMOyetAD9MBdlpQEgBwQ
44=9BSAHBD0JIAcEPQ0gBmA0izzsVAKNsAX82FQCZqQFGKIEAR0gB3QpISAF8A00bSUgBhEps
45=y8QTZGsnKQBMQASESnw20BR/NhUA62sIBABPQARoAVFhUEgBaDhHKScAFoQ0TQQoSAFob0
46=ktKcgBQTAqSAFoOFUCK8gBVQIsyAFVAi1JAU1IOUUILkgBbAVJAS/IAUEDMEgBfApVAjHI
47=AVUCMkgBdDlFPzNIAXQ5RRM0SAHN4TVIAd1tNkgBVAd5wTcoKQA4SAGIWXY5FgAlRSo6VA
48=KAvyKlIBaUBk08PFQCmCcifTwWrH50OSeBAD9ABMFnQEgB3TZBSAGICCIcMCetAEMoVQBE
49=KCkARUkBoXAFf6QWADJoAXZwFgDJekhABJ8VBABJSQFyTCdBO0pIAZDadDnEE3yk1A13OR
50=YA6lAJVSNOTAVpAQJ1ORaAO0k4UFQCXAMi0SBRKCsAJgAXnNtFAydIAdkyKMgBQTApyAFB
51=BCrIAVUCK0gBcDVJASxIAWTkQQQtSAFsPEkWLkgBcAlJAS9IAWwFQQQwyAFZBjFIAdkGMs
52=gBVQIzSQFfQAVFHjRIASeNBxdQiFgCZXYXXABIACJcIicpADhMBcFyOUgBjCZmdhcAyQE7
53=VALFPzxIAdl0PUgBSAlhRj4oKQA/SAGAMCK+TxcA1URBVQKicAVsPCfhAUNUAnACTUdEKC
54=kARUkBpXgCbTwXJMhAbDzYBmWtFyTwL208F7xMZHYngQBLRAhgCF0gTEgBdDlJOE3JAQRl
55=dheZPQVsPCfZAFBABNkGUSgpAFIoKwAlABj9eCbIAVUuJ0gBxTQoyAFVAilIAck4KkgBwQ
56=QryAFBBCxIAWAERQ4tSAHBBC5IAXBAVQIvSAF0AlFAMMgBUYIxSAFkP1UCMsgBVQIzSAFk
57=P11XNEgBVAdlVTVIASd1DxiQAkktN1QCjQEFTLUnVQA5VALRQDpIAZRldnsYAMkBPFQCjJ
58=93exgAMmsIBAA+VAIlSSU/SAHFCEBIAc0FQUgBxXZCSAF0Bk0QQygpAEQoKQBFSAHdCkZI
59=Acl6R0gBhEplPxiwxGQ/yBdkPycpAEtNBctsDHZ7GABoAUkiTVQCcUAHZz8YAH5MJ0lDT1
60=QCaAVJAVBIAckMUUgBk1YEAFJIAcEEUygoAAEkABkAZDRVLiVIAWg4XQkmyAFVAidIAd02
61=KEgBYARVCCnIAUU/KkgBwQQryAFZBixIAWwFUQktSAHBBC5IAXQNVQIvSQFPWAdRCTDIAV
62=UBMUgBfEFVAjLIAVUCM0kBp0gCTRs0SAEnJRAZJh0wNlQCJWkpNygpADgoKQA5SAHBOzpI
63=AWwJXTY7KCkAPCgpAD1IAdXpPkgByU4/SQGkfAZngRkAnKkBQVUCnakBQkgBZAFdCkNIAc
64=U/REgBxRNFSAHRQEZIAYwFZYEZ+X9IVQJySCNZHElIAd02SkgBzQVLSAFwQFG5TMgBhYEZ
65=nANZBk5UAozWZYEZv9sEAFBUAt0KUUgBgJ58QSfZAFNUAiUxIlRIASUzIiMAGvnBJCgpAC
66=XIAVkyJkgByTgnyAFVAihIAcU/KcgBXUEqSAFkP0UVK8gBTQUsSAHFCC1IAXREQQQuyAFB
67=BC9IAd1BMMgBVQIxyAFNJTLIAUkMM0gBdERVAjTIAVUjNUgBIrgoVSM2SAHNRzdIAUQNeY
68=o4KCkAOUgBJck1OkgB3TY7KCkAPCgpAD1IAdU5PkgB2QY/SAHZBkAoKQBBKCkAQigpAENI
69=AcUIREgBk0sEAEVJAZ5rEwQARkgB3XhHSAHJOEhIAZCYdYYaKL0YGnAGYRpLQQQeVCRFHk
70=zIAZeGGgCASCNVAk5UAtEJTygpAFAoKQBRKCkAUkgBwVFTSAHRYVRIAZsNBQBVSAElFCQC
71=IgAbALpYAk0PI0gBfDZBDiTIAUEDJcgBQQQmSAHdQSfIAVUCKMgBTQUpyAFVAirIAVEJK0
72=gBcEtBBCxIAWxHVQItSAFsR0kBLsgBXUEvSAHNEDDIAVUCMUgBZAhdCjJIAWQIUQkzyAFV
73=AjRIAXhIAQUAADVIAWxHXQo2yAFFSjdJAa1MBkUpOMgBXSs5SAEiLDJVAjrIAVUCO0gBIs
74=gqVQI8SAF0BkkBPSgpAD5JAUJ7AgQAP8gBWQZASQE+tQJBSAHRVkJIAXACRQhDSAEjiE4i
75=3T0bJgVDRVQCI2QjbkcbAM08R1QCzX5ISAHFCEkoKQBKKCkAS0kBxWQEZs4bAGgBWRFNVA
76=JwAkEPTkgBJ4QRJ4kBUFQC1Q1RKCkAUkgBn+YEAFNIASftCBsm6TlVVAKfCgUAVigrACEA
77=HCbpRCJIAWRKAQQEACPIAVkyJEgBwTslyAFBOyZIAWRKUTUnSAFsPE0LKEgB1QIpyAFNBS
78=pIAcFGK0gBbAVZBixIAd1BLUgBeAZFCC7IAUlDL0gBYA8IAAAAMAAcAFEBAAARAAD8EAAg
79=BQEAADEAHABPXAAEAAAAMgAcAGgBVQEzyAFVAjTIAVUCNcgBVQI2SQGqXAABBQAAN0kBrU
80=gBAQIAADjIAQEDAAA5SQGstQI6yAFVAjtJAam1AjzIAQEDBAA9SQG+VAJJAD5JAUJcAFEJ
81=P8gBWQZASQE+tQJByAFZBkJJAWBUAgEABABDSAFkAUkBREkBf1gHSQFFSQFyqQFGKCkARy
82=gpAEhJAXShBEkoKQBKSQF2tQJLSQHFQAsBAgQATMgBQQ9NSQELXCEBAQQATkgB1Q1PSQF3
83=uQZQKCkAUUkBdbUCUkgBTQkARRNTSQEobwEEAFRJAZlrAQUAVUgBZAEBAAUAVigpAFdJAS
84=p4AgIEACAAHWABZQghKCkAIkkBtn8CBAAjyAFREyRJAU1cAEEDJcgBVQEmSQFRXABVAidJ
85=AU5IAVETKMgBSS0pSAFgBFUCKsgBVQIrSAHRCSxIAXREQQQtSAF0AkkBLsgBTQUvSAHFCD
86=DIAVUCMUgB2QYyyAFVAjPIAUUINMgBVQI1yAFVAjZIAWgMXRU3yAFJFjjIAVUCOcgBVQI6
87=SAFgGlUCO8gBVQI8SAFoTkVVPUgBfExVAj5JAYRABUkBP0oB//9PAQAAQCgpAEFIAWhOWQ
88=ZCSAF8TFk9Q0gBhwUEAEQoKQBFSQF7UBVBO0ZIAclORygpAEgoKQBJKCkASkgByUNLSAHd
89=CkxIAXBLnkwdAGkBBHxMqAEBBQQAT0AEzQVQKCkAUUgBzRBSSAHdV1NIASefCR0An3wGf0
90=wdAJipAVZBBJqpAVdIAd1MWEgBcAJDGh8AHoQBSQEgKCkAISgpACJIAXRPSWQjyAFJOCRI
91=AXw2VSIlyAFVAiZIAclDJ0gBYARRCyhIAd02KcgBWTIqyAFBBCtIAWwFUQksyAFRCS1IAX
92=AJQQQuyAFZBi/IAVUCMMgBVQIxSQFQXABJADIoKQAzSAFsUk0FNMgBQQQ1SAFsBVUCNkgB
93=wQ83yAFBDzjIAVkROcgBVQI6SAF0GFUCO8gBVQI8SAFkCF0KPUkBhlAKQQQ+yAFBBD9IAS
94=f2CR4AyQFBKFUAQkkBX1gGQTBDSQGiqQFESAFkAVUCRUgBxT9GSAEn9gkeANWRSChVAEko
95=KQBKKCkAS0gBwUZMSAHdCk1IAXVPB3VPHoFRCHdPHgDYRARRYVBBBHxUGU0QUUgBwQ9SSA
96=HVWlNIASf3CR4Ao1gGSZtVVQKbqQFWSQGdqQFXSAEn9AknyQlZVAJ8A0sMHgAfhAFFCB9J
97=ATFwAWeiHwAtqQEhVAJkAU0FIkkBUmwBZqIfAGgBXRUkVQJVtQIlSQG7qQEmyAFFNCdIAX
98=A1TRooSAHVOSlIAdVEKsgBTQUrSAHBBCzIAVU5LUgBbFJFCC7IAVUCL8gBVQIwyAFVAjFI
99=AXxMSQEyKCkAM0gBdA1NBTTIAUEENUgBbAVVAjZIAckMN8gBQQQ4SQFaWBJNGjlJAYJcAE
100=kAOsgBQQM7SQF+SAJJADzIAVUCPUkBkUgCSQA+yAFVAj9IAYA7ZqIfAItDAABBVALZU0JI
101=AWxSUSpDSAGYimaiHwCPiQQARVQC2eJGSQF5XBZZMkdIAUQNeddISAHRVklIAc1HSigpAE
102=tIAdlITEgB2QZNKCkATkgBYVECbVIfjFJJplBUAsEPUUgB3QpSSAHRCVNJAS90CWfvHwAr
103=qQFVVQIzqQFWSAFkAV1MV0gBJ0wK108EAFlUAoMEBABaKCkAHVDzlQIFSVYghAFFCB8oVQ
104=AgSAHRViFIAdFWIkgBkCplVSC7fwQAJFQCiwgEACVIAcEEJkgBcFZZwSfIAVXTKEgBaENd
105=BSlIAc1HKsgBSUMrSAHVWixIAcEELUgBfFdZBi7IAUU/L8gBVQIwyAFVAjEoKQAySAHVTz
106=PIAUkMNEgB3Qo1yAFVAjZIAckMN8gBUQk4SAFkCEkMOUkBglwAVUM6yAFZBjtIAWRVVQI8
107=yAFVAj1IAWRVVQI+yAFVAj9IAZhIZ1UgAHJUA10JQVQC0VZCSQE8SAJVT0NIAYiQZlUgAJ
108=yOZ1UgAJNYEgEBAwBGQARoAQECAwBHSAF0BlkGSEgBxUpJSAHNqkooKQBLSAGADyKNKCC3
109=ZQQATVQCxQhOSQEcSAxRCU/IAUFnUEgBwQRRSAHJDFJIAckMU0gBJXEqVEgBgxoEAFVIAd
110=1XVkgB3VdXSQEudwkEAFhIAWQBVQ1ZKCkAWkkBMnsCAwBbSAFkAQMAAwAcACGEAUVVHSgp
111=AB4oKQAfKCkAICgpACFIAclZIkkBKWwIfVch6bEkVALRViVIAXwDWREmSQG6bwEEACfIAV
112=UiKEgBfFdJNynIAU0EKsgBQQQrSAF8V1UCLMgBVQItSAFwS1kGLsgBXUEvyAFVAjDIAVUC
113=MSgpADJIAXRPRQgzSAFkCF0KNMgBVQI1SAF4EVUCNkgBYARRCTfIAVEJOEgBZAhVAjlIAW
114=T6TQU6yAFFCDtJAXxUA1UCPEgBnzYAAD1JAaZIAkkAPkgBlyMAAD9IASf9CiEo/gohAJuV
115=AABCQQQ8TAZdCUPIAVWcREgBZFVJAUXJAQR9VyGKWQUCXlchAJ+ZAwBIQARACHGuSSgpAE
116=ooKQBLSAHVT0xIAc21TUgB2QZOSQEcQRsCZq0hAGgBQQ9QVALBBFEoKQBSKCkAU0gB3QpU
117=SQFySBhRQFVIAdVaVkgBlyMEAFdIAdEJWEkBMm0BA0WtIaG0A0atIQCAXHxX01YDAFxMBW
118=gFS1kbACKEAUlZHCgpAB0oKQAeKCkAHygpACAoKQAhKCkAIigpACNIAc1dJEgBzV0lSAHF
119=uCZIAZQ5dloiAGBcQbQoVAJoAUG0KUgBZEpdHyrIAVlIK0gBdFpVAixIAXxMXRctyAFVLS
120=5IAXgGVQIvyAFVAjBIAXRPSQExyAFFCDLIAV0KM0gBfApZBjTIAU0FNUgB0Qk2yAFVAjdI
121=AWwFSQE4SAHBBDlIAXRaXQo6yAFdCjtIAcVVPEkBclQDSQw9SAGLOAAAPkgBwVw/SAHNBU
122=BIAc0FQUgBJ1ULIqvdAABDVQI8RAlBJURIAXRaAQYAAEXKAQcAVbIilloIAVZaIgCMn3Va
123=IulDSUwFm6ADAEooKQBLKCkATEgB0WFNSAFQDXFhTkkBHkQfTVJPyAGXsiIAMmcEAwBRVA
124=LdClIoKQBTSAHRCVRIAcFcVUgB2bZWSAHNaFdIAdEJWEgB3VdZSAFkDFFWWkkBfGQpdloi
125=AJxidVoit8gDAF1ABJMqAwAaIXA/mwYFABtJASxtAQVGuCMAj1IFAB1UAskBHigpAB9IAY
126=VVBVm+I3EGAElkIVQCjQEFQAwnVQAjKFUAJCgpACVIASUVJCZIAZgGbl0jACJcLVknKFQC
127=aAFZJylIASWJLSpJAbxxBQRCNSMAaAFVLSxUAmxdUR4tyAFRSy5IAXRPVQIvyAFVAjBIAW
128=xdSQExyAFBBDJJAVRECUkLM8gBVQE0SAFoWU0FNUgB0Qk2SQGDQAVJADfIAU0FOEkBf0gC
129=SQA5SQGQXABJADrIAUEEO0gB3Vc8SQFyVA5BBD0oKQA+SAGQNWa4IwDBBEBUAskBQSgpAE
130=JIAclkQ0kBpEQJSQBESQGeXABJAEVIAXleCm5dIwBqAQsATV0jXCZZAwJEuCcpAElMBZVP
131=Akxd3zYDAEtUAkUFAEVKTEgByWRNSAHdV05JAYpAG0EET8gBAQEDAFBIAc1SUUgBxQhSKC
132=kAU0gB0QlUSAHRCVUoKQBWKCkAV0gB0QlYSAHRCVlIAcFcWkgBlCNsXcwmbF0nKQBdQASD
133=JQMAXkgBxwgZACSEAVFWGigpABtJASh8AmRgwQQGRGAnKQAeQAR8AwEABgAfSAGcV2RgwQ
134=QFQMcnKQAiQASNBQVYDidVACQoVQAlSAHNwCZIAZhpZGDPBQQAKFQChQgEUHEnVQAqVQK1
135=eAJmYCQAaAFNMCxUAmRgQQMtyAFVAi5IAXxXVQIvyAFVAjBIAWwFSQExSAFwYUEEMkgBZG
136=BZUjPIAVleNEgBeF5NBTVIASI4Lk0FNkgBZGBNBTfIAU0FOEgBZGBNBTlIAWRgQQQ6yAFB
137=BDtIAYubAAA8SAGImyINIyQkTEF0vScpAD8ogQBASAGMPCK1OCT9YkJUAsUIQ0gBwWdESA
138=GYPXW9JEgoVBVkYNgndb0kpWABRWAkJDsjAQBJWAaMUmRg1QICRGDbBgMATEAEiwkDAE0o
139=KQBOSQEcWB2GYCQAaAGEYCfZAFFABNkGUigpAFNJAXxII1kGVEgBixcDAFUoKQBWKCkAVy
140=gpAFgoKQBZSAGIIiIMI8giZGAnKQBcKIEAXUgBhORkYCdlAl9UAscTGAAlhAFRYRkoKQAa
141=KCkAG0gBJ1wMzAV8YicpAB5ABIgIfmIlACdfDCUAoHgCfWIlJBA/ZMPYBnxiJykAJOUIBU
142=ABJ1UAJlAByWQnSAGc0H1iJSZJMClUAmQMXcUqSAFxYQJ9YiWcYklOLFQCbF1VLS3IAVUC
143=LkgBfGJVAi/IAVUCMEgBbAVJATFIAXxiQQQyyAFVAjNIAXBhVQI0yAFVAjVIAXxiVQI2SQ
144=GHnhEAN8gBVUM4SAGYPSL9YiW/8QAAOlQCxVU7SAEjsCd9YiUmDSM9KFUAPkgBugoAPygp
145=AEBIAdlpQUgBI3ggIm4vJQCQ+yIWJCUAxc5EKIEARUgBjF19YiWkYGfDJQB+SRgAfWIlJE
146=AkfGLBBAFEw9QCfWIlrWgCXGLBBAJcYt82AwBOSQwcRB8BAgMAT8kBA2TDJ4EAUVQCgRoD
147=WP0nVQBTVAKDGgMAVEgBlHt9YiWvfgMAVlQC2V5XKCkAWCgpAFkoKQBaKCkAWygpAFwoKQ
148=BdKCkAXkgBjzEDAF9IAcUTYCgrABcAJpACAQAFABgoKQAZKCkAGigpABtIASe0DNgGdGUn
149=KQAeQASUCXVlJii1DCYmLVMhQQSWZAR1ZSYmUV0jVAIlfV0kSAEjTEx0Zd0KBUwCJykAJ1
150=ABYAhdFShIAYBydMjBBARRDiYjUDFBZytABCJQMV01LEgBwVwtyAFBXC7IAUEEL0gBfGJN
151=CzBIAc1oMcgBVQIyyAFNBTNIAWwFUUo0yAFRCTVIAckMNkgBIkgwWQY3yAFZBjhIAdFWOU
152=gBmD11ZSazQAAAO1QCkDV0ZcAad8gmABNYB0kAPkAETAppAD8oKQBAKCkAQSgpAEJJAXxE
153=FFEFQ0gBn6QAAERIAUQCaQBFKCkARkgBgDt2ZSYAhFV1ZSYkXC11ZSakznZlJgCcCndlJg
154=B6aAx1ZSaka3VlJu1oTl0KiV4WAAJWZSYAaAEBAQIAUFQCI28kAgBRSQEzcRECVGXHHgMA
155=U1QCcAKUyCdVAFVUApgndGXPJgMAV1QChykDAFgoKQBZKCkAWigpAFsoKQBcSAHVcF0oKQ
156=BeSAGQjXRlJ+EBYFUCMn8RAgBhSAFkAUMaFgAnIfAiUwEFABcoKQAYSAEjvyMFABlIAVkD
157=AEVVGigpABtIAYyUIiUmJ6AlIiwyJykAHkAElyMFAB9IASOMKCIlJieMCVEJIVQCI1xObm
158=gnACVpYCNUAskBJEgBI7RObGgn2QAmVAKJCAVAASdVAChQAScMDdQCbWgnrLVlzieYaQEE
159=BAAsTAV6aQUAUtQnAM1dLlQCaAFFYC9IAd1iMMgBRQ4xSAHZaTLIAU0FM0gBbAVBBDTIAU
160=FFNcgBVQI2SAFsaF1LN8gBWQY4SAGQQGXOJ+FnOlUCckAFWQY7SAHNXTxJARNQClkGPckB
161=BCIlJieYaVUYP1QCSAZpAEAoKQBBKCkAQkgBCX8CAAAAAABDACcAdxEAAKYQACAIAgAAAA
162=AARAAnAHSoAQJFACcAdqkBRkoBKACBAEdIAYMBAQBISQGBYwQBAElIAYMEAQBKSAGXAgIA
163=S0gBjwUCAEwoKQBNKCkATkoBGwFLBAIAT8gBAQECAFBIAUwCAgAAAgBRSQEvbwECAFJJAS
164=upAVMoKQBUSQEztQJVSQF/exEDAFZJAXKpAVcoKQBYKCkAWSgpAFooKQBbSQF1uQZcSAF4
165=CgEAAwBdSQGkbwEDAF5JAZ6pAV9JATJrAQIAYEkBLqkBYUkBNKkBYkkBKmgBAQEAFQCMIw
166=IAAAYAFigpABcoKQAYSAGPBQUAGUgBdAYBAAUAGigpABsoKQAcKCkAHSgpAB4oKQAfKCkA
167=ICgpACEoKQAiKCkAIygpACQoKQAlKCkAJigpACcoKQAoSQExdxQEAClJAS2pASpIAWQBAQ
168=AEACtJAbZvAQQALMgBWTwtSQFOXABBAy7IAVUBL0kBUFwAQS8wSQFRqQExSAF0Ak0FMigp
169=ADNIAcEENMgBAQMAADXIAUUINkkBhEwGSQA3yAFdCThJAXtUA1UCOUkBcqkBOigpADtIAY
170=c/AAA8SAFcBGkAPUkBE1gHAQcAAD7IAQEIAAA/SQELVAJJAEBIAWAFTQBBKCkAQkkBpkgC
171=SQBDSAFYAGkAREgBm1MAAEVJAXmtEEZIAYNcAABHSQEzZQUARGvARmZrKACABGVrKEArRQ
172=QBRGsnKQBM+wYBAE1IAVgDYWdOSQEbRRQCZmsoAGkBA2Rr3ApnaygAfGwQZWsor34CAFNY
173=Bo9+AgBUSAGXBQIAVUgBnApmaygAlxgDAFdUAocpAwBYKCkAWSgpAFooKQBbKCkAXEgBiA
174=xka4EMAFFsXlQCyQxfSAGQYWRrwwQCAGFUAidlDShEfFcFBABjVQJWRAEBAQQAFEhRRAFx
175=bBUoKQAWKCkAFygpABhIAYgMfW0plAacbScpABtBBCx/AgUAHEgBnwIFAB0oKQAeKCkAH0
176=gBh2AFACBIAXQGUQkhSQGgbwEFACJJAZqpASNIAWQBAQAFACRJAaBvAQUAJUkBmKkBJigp
177=ACdIAdkGKEgBfgMABUIBKQDJbypQAYAPfm0pAH1tAnxtqAFdYi1ABHxtWTwuyAFVAi9IAW
178=xoQQowyAFBRTFIAXxtTQUyKCkAM0gBzQU0yAFNBTVJAVVcAEUINkgBfG1ZBjfIAUkMOEgB
179=l0QAADlJAXdUA00FOigpADtIAYxHfW0p+cw9VAJcBGkAPkgBcGxRCT/IAQEEAABAyAEBBQ
180=AAQUgBYAVNAEIoKQBDKCkARCgpAEUoKQBGKCkAR0gBhGt+bSkAyW9JVQKAfBV/bSkAeqkB
181=S1QCRw0AAAFE2WieUAF8bYFDAEHVTkAEcWwEfW0pnW0FfG0ngQBRQQR7cAl+bSkAkB9+bS
182=kAnI59bSmgfX1tKaF9AlxcxRMCXW0p6W9YUAmTKgMAWSgpAFooKQBbKCkAXEgBkI18bdgR
183=Z9kpADJQGEkXX0AE2ddgSAFwAlUCYUgBJ70NKVwQVBx8bccIBABkQASMBQEEABMAkGlpbx
184=QoKQAVKCkAFigpABcoKQAYSAGAB3RwgQEAQVwaVAKfCgUAG0gBgIB0cMEEBlRwJykAHkAE
185=jwUGAB9IAZwCdHCAAXEJIVUCo2QEd3AqAJupASNUAt1tJEkBlrUCJUgBwQQmKCkAJ0gBwQ
186=QoSAHBcilIAXQGXRUqSAGcDXdwKgC6eAJ0cKgBVWQtQAQnFg4qAGgBVVovVAJka0lCMMgB
187=VQIxyAFRCDIoKQAzyAFNBTTIAU0FNcgBVQI2SQGLTAZJADfIAUEPOEkBb0gCSQA5SQGSXA
188=BJADrIAUEEO0gB2XQ8SAGDUQAAPUgBXARpAD4oKQA/SAFgck3hQMgBTeFBSQHSRAVRCUJJ
189=AdxIAUkAQ8gBVQJESQEEXABVAkXIAVUBRkgBRAJpAEcoKQBISAGbPQAASUgBdANdbUooKQ
190=BLKCkATEgBkHd1cCq3ZQEATlUCilwLWQZPyAEBAQEAUEgBl3sBAFFIAYQed3AqAHJMJ01d
191=U1QCyQFUSQF0tQJVSAGA1XVwKu1zV1UCK2kTAlTewQ8CVXAqo4gCAFpABHwDUdpbKCkAXC
192=gpAF1JATJnBAIAXkgByW9fSAFwAlkRYCgpAGFJATR7AgIAYkkBXmgBdHCCTgAAdHAnKQBl
193=QAR8A1UCEqAiYXITKCkAFCgpABUoKQAWKCkAF0gBhxMFABhIAYQTbXMrmApNXRpUAowBbH
194=MijCdQAWxzwARvcysAoFACAQAGAB5MBZRlbXMrrBNsc88FBQAhQARpBQBscydVACNVAp94
195=AmfkKwCdqQElVAJkAU0FJigpACdIAdR7IjgkzAXNpwBMBX0zKnwGbHMBKwD//0wBbXMrmH
196=QBBAQALUQIZHZByi5JAXdcA0kAL8gBRUkwSAF44l1tMUgBxXYySAF8eE0FM8gBTQU0SQFP
197=XABJADVIAcEENkgBbHNRSjfIAVEJOEkBb1gHTQU5SAFsc0EEOsgBQQQ7SAGcFWbkKwCIx2
198=1zK/HlPkAEQAhpAD8oKQBASAFgclEJQcgBUQlCSAFsc1UCQ8gBVQJESAFsc0HrRcgBXSBG
199=yQEGIkYqKwBgBE1+SFUChFAVWQ1JSQH8XABRbEpIAWAESQFLyAFdbUxIAXwDVQJNKCkATk
200=kBHmcIAQBPyAFNBVBIAd14UUgB2XRSSAHZdFNIAYjdZeQr5XZVVAKYlWxzzEdk5CcpAFhA
201=BIwQbXMr8XdaVAKLBAIAWygpAFwoKQBdSAGYXmxzhAVa3gBfVALRCWAoKQBhSAEnbQ4rT3
202=kAAAFsc9gGbHMnKQBlTAWHCAQAZigqABEAI4wpeXQSKCkAEygpABQoKQAVKCkAFigpABdI
203=AYBcZHbQCWR2JykAGkAEgA9kdiIoNlABZHbABGZ2LACMaGV2LLxtZXYsKMQOzAVkdicpAC
204=JdCqBMCQEABQAjSQGZqQEkSAFkAVUCJSgpACYoKQAnKCkAKCgpACkoKQAqSAGAGmR21A1n
205=diwAVGALZHaoAUktLk0FU7UCL8gBVQIwSQG7tQIxyAFVTjJJAU5cAEVgM8gBRWA0SAFoek
206=EDNUgBwQQ2SQFQSAJNBTfIAU0FOEkBWlQCSQs5SQGEXABJADrIAUEDO0gBI0Q1ZXYspFVk
207=dicpAD5ABIDKIgw5zBsiTCsnKQBBQARMCmkAQkkBGlAKTQFDyAFVAURIAUQCaQBFKCkARk
208=gBdXAKZXYshXYLIk4rLABkdlkGSUAEZHZdbUpIAWwFTQBLyQEFIkwruQYGdOmpAQd36SwA
209=x2wNZHaoAUUIUFgGcAJVe1FIAdF3UkgBl10BAFNIAd14VEgB3XhVSAEjGCpkdsQeZXYsJh
210=U6WEEEdEguQeBZSAGAJXTpJ60AW1QCgw8CAFwoKQBdKCkAXigpAF9JATRwBSIOOSwAyQFh
211=KFUAYkkBX2AEZHbIDGR2JykAZUAEfANV6WYoKQBnKCkAEFDHgwQGABEoKQASKCkAEygpAB
212=QoKQAVKCkAFigpABdIAZhefXgtmApNaBlUAowBIixIJ1UAG1QClC58eGDYSAQibDonKQAe
213=QASPMQUAH0gBnJlk7ycFASFUAlAGZeQiSAHZ7SNIASWlKyRIASWBLCUoKQAmKCkAJ0gBk/
214=sFAChIAdEJKUkBoG0BBVGHLSaZOitVAil0Anx4Ikg6TAF9eC1cAokBLkABmQYEXrQtAJ8K
215=BAAwVAKB4ARCCS0AaHoBBAQAMlQCaAFB1TNIAXB3TUY0yAFZdDVJAU1MXkULNkgBYARJAT
216=fIAUEDOMgBVQI5SQGEXABFCDrIAUUIO0gB2e08SQFyVANNBD0oKQA+KCkAP0kBdKEEQEgB
217=kFYibTotJK8hAABCVAJ8eE0EQ8gBSQxESAFMCmkARSgpAEYoKQBHKCkASEgBmD0iVSwtJJ
218=cpAABKVAJ4B1VwSygpAExIAUZ7AAp9eC2kgX14LZ14Anx4qQEDIlQs3EEiVCwnKQBSRAjd
219=ClNIAYEPAUyvww8BAFVUAoAEfXgt8XdXVAKAJSJWLC0AyQFZKFUAWkgBgCVl7y0kDCN9eC
220=3tc11BBDRgC2TvJ1UAXyhVAGBIASKoR0FyYcgBVb1iSAF8eEkBY0gBYAhBBGQoKQBlKCkA
221=ZigpAGcoKQBoKCoADwCMZX3xECgpABEoKQASSAGHVQYAE0gBh1UGABRIAYMPBgAVKCkAFi
222=gpABdJASpkBHR7yAx09CcpABpABJwKdfQupGB0eyeBAB1ABGAIAQAFAB4oKQAfKCkAICgp
223=ACEoKQAiSAEndg8uACd0DycpACVABNUCJkgBJfk7J0gBJTEtKEgBwQ8pSAHRCSpIAdkGKy
224=gpACxIASN1XAVKKi4AhR4ETgIuAJgGdnsuACOkIHd7LgCxYAt0e6gBTXMyVAXRdzPIAVUC
225=NEgBfPFBZzVIAWAEWWk2SQFPVANRCDfIAVUBOEgBzX45SAF0e0EEOsgBQQQ7SAEndQ8upF
226=V09CcpAD5ABJxXdPQnVQBAVAKY13V7Lih2Dy4AdHsBBAAAQ0AEaAFBk0RIAVAOaQBFKCkA
227=RigpAEcoKQBISQF+VBlRBUlIAZxtdHsiNDJPAgAAS1QCl+kAAExIAYwCdHvIQ3R7JykATy
228=iBAFAoKQBRKCkAUigpAFMoKQBUSAGAD3V7LqeMAQBWVALN91dIAYgidHvIIiJcLScpAFoo
229=gQBbSAElZS5cSAHJel1JAVdMF1l0XkgBJdUmX8gBVQJgSAF0ewECBABhSQGkTAVdeGJIAY
230=RKdPTYHHT0JykAZUAEaAVNBWYoKQBnKCkAaCgpAGkoKQAOQM2bBgYADygpABAoKQARKCkA
231=EkgBJYEsE0gBnGJsfoQmaYUVVALRCRYoKQAXSQExeAJsfiLIVUwBbX4vTGOJARpABJwKbX
232=4vJOAtbH7cCmT6JykAHkwFUAZh9h8oKQAgKCkAISgpACJIAZxtImUuLyjMDycpACVABJdw
233=BQAmSAHdCicoKAAlwGF0DSJIUtEJKkAEJ8wPJ70CLFUCMmgIZfovpCxtfi8ozA/MBW1+L4
234=x+WV0xWAZoekUHMsgBTXMzSAF0e0F9NEgBYARNBTVIASJkLk0FNkgBbH5VAjfIAU0FOEgB
235=bH5VAjlIAWx+SQE6yAFBBDtIAYhZImYuLwAjODlsficpAD5ABNUCP0gBwX1ASAEjBCJtfi
236=8ozQ8vjX4GbH6oAQEHAABETAVAFGkARSgpAEZIASVJMEdJAXRYEkUESEkBcqkBSUgB1QJK
237=SAEl/SBLSAHNP0xIASMvJwAATSgpAE5IAdGCT0gBTgoAAGT60AZk+icpAFIogQBTSAGYEW
238=X6L7DwbX4vXAJMCG1+L/l/V0wCnKRtfi+8pGx+JykAWkAElBhm+i8AJ84PLwBgfV14XUAE
239=aAEBAwQAXkgBQAwiwUpfKCkAYCgpAGEoKQBiKCkAYygpAGRJAaBrCAQAZUgBhO8iLD3bHA
240=QAZ1QCfANFgWgoKQBpKCkAaigrAA0AMIgFAQAGAA4oKQAPKCkAECgpABEoKQASKCkAEygp
241=ABRIAYQTdf8wrPcinHcniQEXQASbDQYAGCgpABlIAYTkImwvzAVkgScpABxABJgGZoEwAI
242=gMdv8wACVlLh9ABMkBIEgBiCIijD4nBQEiVALRdyNIAdF3JEgB3PwKJQAwAJ0AAAAABQAm
243=ABEAAH8QACABMAAAAEAAAQUAJwAnKQAoSQGkUAIBAAUAKUkBm6kBKkkBmakBK0kBMmsBBA
244=AsSQEuqQEtSQGgqQEuSAGPBQQAL0kBtbUCMMgBAQEAADFJAVBcAAECAAAyyAEBAwAAM0kB
245=UVQCSQA0SQFPXABFBzVJAU5IAU0FNkkBTUgBVQI3yAFVAThIAXAJVQI5SQGLXABJADrIAU
246=EEO0kBbkgCSQA8yAFVAj1JAZNIAkkAPsgBVQI/SAFEAmkAQEoB//9mAQBBKCkAQkkBJUAF
247=SQBDyAFFE0RIAYcFAABFKCkARkkBe1QDRQNHSQFyqQFIKCkASUkBd7UCSkgBwQRLSQF0tQ
248=JMSQF4qQFNSQF6qQFOSQEvUApJAE9JAStcAEkAUEkBM1wASQBRSAFYAAIAAAEAUkkBfHsG
249=AQBTSAGLDAEAVEkBebUCVUgBzQVWSQEobwEBAFdJAX9jBAIAWEgBkxQCAFlIAYcIAgBaKC
250=kAW0gBkwkCAFxJAV5nCAQAXUkBoqkBXkgBZAEBAAQAX0gB1URgSQGaewIEAGFIAWQBQQRi
251=KCkAYygpAGRJAZ9nBAQAZUkBnakBZkgBZAFZBmcoKQBoKCkAaSgpAGooKQBrKCkADEhRhw
252=gGAA0oKQAOKCkADygpABAoKQARKCkAEigpABMoKQAUSQGjYwsGABVJAZapARZJAZipARdI
253=AZMfBgAYSAFwAgEABgAZSQExbwEFABpJAS2pARtIAWQBAQAFABwoKQAdSAGLDAUAHkgBiw
254=wFAB8oKQAgSAHRdyFIAYMPBQAiSAHNBSNIAYcpBQAkSAHJDCUoKQAmSQEyeQIEXoMxAJ9M
255=BAAoVALJASlIAYtOBAAqSQGlbQUFXQQxWAFMAXyDmRkARTQtQATJOC5IAYAPfoMxAH6DAg
256=RQMqgBRYExQQRORGxBUDLIAVUCM0gBfINJATRIAXyDQQQ1SAF0Al0NNkgBfINVAjdJAVRE
257=CFUCOMgBVQE5SAF8g0EEOsgBUQk7SQFuQAVVAjzIAVUCPUgBfINVAj7IAVUCP0gB0YJAKC
258=kAQUgBQAhpAEJIAXyDAQQAAEPIAQEFAABESAF0A00ARSgpAEZIASd/EDEAckgNQQRIVQJ1
259=qQFJSAFEAmkASkgBg3IAAEtIAcEETEgBdANNAE0oKQBOSAGPfgAAT0kBdrEJUEgB1YZRSA
260=GdNgBegzEAnAp+gzEAnHh8g982AQBVTAVYC22JVkgBhAh9gzFctV0CAVyDzAV8g9AJfIPT
261=CQIAW1kGNEkFAH6DMQB9gwF/gzEAoXUCBEQCxAh+gzEA1URgWAbVyGFIAWgFWUhiKCkAY0
262=kBoHsCBABkSAHNBWVIAXACTQVmKCkAZygpAGgoKQBpKCkAaigpAGsoKQBsKCsACwAymApZ
263=dAwoKQANKCkADkkBLGsEBgAPSQEpqQEQKCkAESgpABJIAZd7BgATSAFoBV0KFCgpABVIAZ
264=d7BgAWSAGHdgYAF0gBmBx0hic5AhlUAsUIGkgBjykFABtIAYgMdIbPBQUAHVQCjAV1hjKo
265=LXaGMgCfCgUAICiBACFIAYwQdoYyAId2BQAjVALFCCQoKQAlKCkAJkkBKmQEdoYyACMoIX
266=aGMgCDngQAKUAEmEh1hjJYhVEFBFoAMgAlKSEsQATBOy1IAYUTBFIDMgCIb3eGMgC0VAZJ
267=ADBABNX/McgBQX0ySAF8g0V2M0kBTkgCUWA0SAF0AlkGNUgBdIZVAjbIAU0FN0gBdIZVAj
268=jIAVUCOUkBVUQIWQY6KCkAOygpADwoKQA9SQGGQAVJAD7IAUUHP0gBRAJpAEBIAZcYAABB
269=SQElVAMBBgAAQskBB3SG0DV2hjIA3XhFQQR0WBJJCEZJAXKpAUcoKQBISAGX9AAASUgBJa
270=UgSkgBSAZpAEtJAYG5BkxIAWgCTQBNSAHJDE5IAd0KT0gBxYxQSAHdFVFIASN4IHWGMlAH
271=SAB0hicpAFRABE4CAAB0hidVAFYoVQBXSAGECHeGMgA0cAV0htREd4YyAJ61AltMBcEEXE
272=kBV1QClYYyKNQQyAx0hstZBABgTAXBRmFIAVQGcc9iKCkAY0gBlFp2hjIAhOQiViEyAIfk
273=BABmQATFVWdIAcUIaCgpAGkoKQBqKCkAaygpAGwoKQBtKCkACqGmAEF9CygpAAwoKQANKC
274=kADkgBgCVsice1BwAQVAKbEQcAESgpABJIAZxtbInPBQYAFFQCjAUiBCInVQAWVAKYq22J
275=M6x+bIkngQAZQASLbwYAGkgBnSAGTYkzpPpsicwFbIknKQAeTAWQKm2JM+mFIFQCjxAFAC
276=EoKQAiKCkAIygpACQoKQAlKCkAJkgBnJluiTMAnJluiTMAI6whbokzAJCubYkzSItcDWyJ
277=J60ALEQIhR4EVAfEHm+JMwC4SAVRxC9ABGgBQXEwSAFsiVRkdNtoAVl/MlQCJVUhM0gBxY
278=E0SAFsiU0FNcgBTQU2SAHZijdIAWAEVQw4yAFJDDlIAWAEVQI6SAF8CkkBO8gBQQQ8SAHJ
279=DD1IAWyJSQw+yAFJDD9IAUgGaQBAKCkAQUgBbYkJbokzAGkBCm6JMwAjDC5uiTMAJa0hRU
280=0FclAKSQhGSAHVhkdIAc1+SEgBUANpAEkoKQBKKCkASygpAExJAYCxCU1IAdEJTkgByQxP
281=SAHdClBIAXAKTQBRSAGAXG2JM7Scb4kzAHRwCSIEIicpAFVMBSMPIwEAVkgBVAdljFdJAV
282=ZvAQQAWMgBXYNZSQFTtQJayAFVAltIAWCIAQIEAFzJAQMiBSIzKCwRyFltiTO44myJJ8EI
283=YVgGeApBRmIoKQBjKCkAZCgpAGVIAZBhbInTYQQAZ1QCxQhoKCkAaSgpAGooKQBrKCkAbC
284=gpAG0oKwAJADSMCQEABgAKKCkACygpAAwoKQANKCkADkgBlC54isQIeIonKQARQASDCwcA
285=EkgBJ1gRwAR4iicpABVABIwFIooiNACEHnmKNLh/eIonrQAZTAXBBBpIASMoIXmKNChYEc
286=wFeIonKQAeTAWIDHiKJ1UAIChVACEoKQAiSQGgcAUiiSI0sLkiYDMnKQAlQASLvAUAJkgB
287=iJsi4EPMEHiKyAx6ijQAgCV7ijQApr0KK1gGiCIiYTM09UQtVALFzi5JAbZsBSKKIjQAaA
288=FJejBUAmyJQQMxyAFUAnnfU1wAVQIzVAJoAVUBNEgB1YY1SQGDVANJADbIAUEEN0kBf0gC
289=SQA4SQF7XABJADnIAUEEOkkBgkgCSQA7yAFVAjxIAdkGPUkBkFQDSQA+yAFBBD9IAUQCaQ
290=BAKCkAQUkBxmwCeoo0AGgBTQVDVAKcr3mKNChaETQAwX1GQAS2BgBHSAEl2SFISAHVAkko
291=KQBKKCkASygpAEwoKQBNKCkATkgB0ZhPSAHFjFBIAZ+DAABRSAGcNnmKNChiMzQAjAV4ii
292=cpAFVMBZwVeIrEPyJhMzRXjAAAAnqKNACHSgQAWUwFg0YEAFpIAZcYBABbSAHBBFxIAZBL
293=eYo0oOsiYDPcCniKyGR4ishkIuBDJ4EAYkQI3QpjKCkAZCgpAGUoKQBmKCkAZygpAGgoKQ
294=BpKCkAaigpAGsoKQBsKCsACAA1nA5NiQkoKQAKKCkACygpAAwoKQANKCkADkgBlC54itAJ
295=eIonKQARQASMDHmKNax+IrQiwAR4iicpABXsBXiKJ1UAFyhVABgoKQAZKCkAGigpABtIAZ
296=h0IrQixAh4iicpAB5ABJw2eYo1JFgyIuQzJ4EAIUAEnBUi5TM1oH16ijUAIyA2eYo1JOco
297=BQAlTAUjECl5ijWkP3iK2Bx4itwKeoo1ACfmMzUAJRVFK0QIJ+Qz1A0itCLQCSK1IjWMiU
298=1SL0wFeIoBAwAAMEgBeIpd5THIAVUCMkgBbIlVAjPIAVUCNEgBeIpVAjVIAXiKSQE2yAFB
299=BDdIAXyDVXs4SAF4ikEEOcgBQQQ6SQGCTCJVAjvIAVUCPEgB2QY9SAF4ikEEPsgBQQQ/SA
300=FUBmkAQEkB7GABIuYzNQBoAVUNQlQCeIpNBUNIAb4DAERIAcF9RUkBdVAKRQNGSAFYAGkA
301=RygpAEgoKQBJKCkASigpAEsoKQBMKCkATUgBJ+UzNbyDIr5ENQAlDSNQQAQjOER4itw2eI
302=oiuCdqEABTQASQFHiKxAgi5jM1AJwVeYo1gQUAe4o1AF9wAXiKJ44HWQAnjQdaSAF9AwB4
303=iieBAFxUApBLeYo1oOt4itwKeIonKQBgTAXFCGEoKQBiKCkAYygpAGQoKQBlSAGQYSK0It
304=BhIrQiJ10BaEAE3QppKCkAaigpAGsoKwAHADaIBU2JCCgpAAkoKQAKKCkACygpAAwoKQAN
305=KCkADkgBlGV5ija3ZQYAEFQCg2cGABEoKQASSAGMaHmKNri2eYo2tHsiEDQnZQIWTQUyex
306=QFABdIAZMJBQAYKCkAGSgpABooKQAbSAGIDHiK0Al4iicpAB5ABCOQI3mKNv2DIFQChMMi
307=ETQ2Jl0iIlQCzYkjSAEj/CB4iiIwQkkTBFiKIiwxiQEmQASY7XmKNrSneIrYHHiK3AoitC
308=InKQArWAaADyK1Ijakl3mKNvlILkEEwUQMSQAvSAFsiUkBMMgBTXMxSAHVhjJIAXh/QQQz
309=yAFBBDRIAXh/VQI1SAF4f0kBNsgBQQQ3SQF+sXc4SQGOVANJADnIAUEEOkgB2QY7yAFVAj
310=xIAVwEaQA9KCkAPigpAD9JAeVYA0kLQMgBQYhBSAF4ikkBQkgB1XtDSQF0QAVZBURJAXKp
311=AUVJAXmpAUZIAVADaQBHKCkASCgpAEkoKQBKKCkAS0gByQxMSAHJDE1IAcGITkkBdakMT0
312=gBfAtNAFAoKQBRSAElbUVSSAGJ6ABZijYm4SJUVAKQCXmKNiZxVlZUAkAJJBE0NpmKAXmK
313=NiQMLiK0Iie5B1pMBdFAW0gBI+AtIhE0NibVPF1UAiOoUnmKNiYBPV8oVQBgKCkAYSgpAG
314=JIASU1PmNIAZgRIkBF0GEiQEUnOQJmQATBD2dIAc0FaCgpAGkoKQBqKCsABgA3iAVNiQco
315=KQAIKCkACSgpAAooKQALSAGfmQYADEgBkB8idWc35YEOVAKAC3iKJ4kBEChVABEoKQASKC
316=kAE0gBIyBBeYo3vPx4iicFARZABCOsQnqKNwCUI3iKwwQFABlABIAPInRnJ1UAGyhVABwo
317=KQAdKCkAHigpAB8oKQAgSAGYEXmKN7R7IrQiJykAI0AElC55ijf1hiVUAo+qBAAmSAGMny
318=JuRTcAiJt5ijckvCN5ijewmHiKJykAK1gGydIsSAGIDHuKNwBGUBtRdy5UAniKSQEvSAF4
319=ilFgMMgBTXMxSAEiRFZZBTJIAXiKQQQzyAFBBDRIAXiKRQg1SAF8g0EENsgBQQQ3SQGBSA
320=JFCDhIAXiKVQE5yAFBBDpIAdkGO8gBVQI8SAFIBmkAPSgpAD5IAWyJAQUAAD/IAQEGAABA
321=yQEHIrQi0DUiEjQ3ACO0ZCJvRTcAd1QOVwlEADescyL1dzd8ckT+WCGoAU0ER0AEXARpAE
322=goKQBJSAHBiEpIAcGIS0kBd0wGUQVMSAHBiE1IAUQCaQBOSAEj2CEitiI3ANkGUFQCyQFR
323=SQF2pQhSSAGYPXmKN6joCQAAVAA3ACsAAAAAABEAAEIQACAGAFUANwArAAAAQQBWKCkAV0
324=kBYEgCAQAEAFhIAWQBSQFZSQGfbwEEAFpJASypAVtJASmpAVxJATCpAV1IAWQBAQAFAF4o
325=KQBfKCkAYCgpAGEoKQBiSQEqfwYEAGNIAWQBQQ9kKCkAZSgpAGYoKQBnKCkAaCgpAGkoKw
326=AFADiOCQAGRAAnKQAHKFUACCgpAAkoKQAKKCkAC0kBo28IBgAMSQGbqQENSQGdqQEOSAFk
327=AUEMDygpABAoKQARKCkAEigpABNIAZMqBgAUSQGZawgGABVIAWQBUQkWKCkAF0gBlyMFAB
328=hIAYMEBQAZSQGgbwEFABpJAZipARsoKQAcSQGatQIdSAFkAQEABQAeSQGgbwEFAB9IAdkG
329=IEkBlrUCISgpACJIAYcTBQAjSQEyYwQEACRJAS6pASVIAZMJBAAmSAGTCQQAJygpAChIAY
330=cIBAApSgH//18GBAAqSQFCRAFNPCvIAQEBBAAsSQFGVAIBAgAALUkBj0gBSQAuyAEBAQAA
331=L0kBfkgCSQAwKCkAMcgBQQQySQGQVANJADPIAVUCNEkBfFAKVQI1SQF6qQE2SAFEAmkANy
332=gpADgoKQA5KCkAOigpADtJAQVQClEIPMgBAQMAAD1JAeVICQEIAAA+yAEBCQAAP8gBAQoA
333=AEDIAQELAABBSQH6TAVJAELIAV0JQ8gBXQpESQEASAJdCkXIAQEEAABGyAEBBQAAR2gBWA
334=dJAEgoKQBJSQF/WAdVAkpJAXmpAUtIAUQCaQBMSQF7tQJNSQF0qQFOSQFyqQFPSQF3qQFQ
335=KCkAUUgB0QlSSAGLOAAAUygpAFRIAYlkAFqKOACfYgAAVlQCzQVXSAF4ik08WEkBpHMRBA
336=BZSAGYaXuKOAAotQJbVQKmawEFAFxIAWQBAQAFAF0oKQBeSQGgewIFAF9IAcFcYEgBcAIB
337=AAUAYSgpAGJIAYBneIrbfwQAZFQCjwUEAGUoKQBmKCkAZygpAGgoKwAEADmUBk1zBSgpAA
338=YoKQAHKCkACCgpAAkoKQAKKCkACygpAAwoKQANSAGbqwYADkgBm6sGAA8oKQAQKCkAEUkB
339=LWMSBgASSAFkAUUTE0gBJ1oROQCIb3iKJ+kCFkAEzQUXSAGUI3iKwAR6ijkAhAh6ijkA0Y
340=IbTAWTNQUAHEgBjzwFAB1IAZAJeoo5AJBAeIon2QAgQATFCCFIAcUIIkgBxQgjSAGMEHuK
341=OQCgdwkEACVUApgGeIrQCXiKJykAKEAEhAh5ijlNYwBhZipUAniKSVgryAFNaCxJAX5IAk
342=kLLUgBeIpVAS7IAUEEL0gBeIpVAjAoKQAxyAFBBDJIAXiKQQQzyAFVAjRJAYFIAl0KNUgB
343=WABpADYoKQA3SQHRbQIAUkg5AGgBVXo5VAJgiEl6OsgBSXo7yAEBBgAAPMkBB3qKOQB5ig
344=x4iqkBDXiKqQEOeIqpAQ96ijkAeIpFE0JECGgBSQxDyAFJDERIAXQkSQxFyAFJDEZoAbEU
345=RygpAEgoKQBJKCkASigpAEsoKQBMSAHdjk1IAcGITkkBebUjT0gBxYFQKCkAUUgBh4EAAF
346=JJAZ6tEFNIAc0FVCgpAFUoKQBWKCkAV0kBW1gGmYo5QAFIAHiKJykAWkAEJ1gR1AJ4itxM
347=eoo5AIzWIrYiOQDZU19YBpNLBQBgSAFWCgAAeIonBQFiVALRVmNIAYAEeIrABHiKJykAZi
348=iBAGcoKwADADqUBkV2BEgBzX4FSAHNfgYoKQAHKCkACCgpAAkoKQAKSAHFgQtIAYALIrQi
349=J4kBDVQCnCB4itUCB1uKOgCgcwUHABBABIOpBwARSAGMG3mKOnkDAFEUE1QClHsitSI6qL
350=x4iieBABZABJMFBgAXSAGECHiKwAR5ijooWRE6o5MFABtMBZgGeIonrQAdVQIyewIEAB5J
351=ATOpAR9IAY8QBQAgSAHFNCFIAc0FIkkBK60FI0gBJYkiJEgBnJl5ijqsPHiKJykAJ0AEkQ
352=kETdA6jIldVilUAsFRKkgBJf0gK0gB3eYsSQF5QAVBDi1IAc0FLkgBzQUvSAHNBTAoKQAx
353=SQF2uQYySAHFYDNIAcVgNEgBTAppADUoKQA2SQHsbwIAADfIAU2JOEgBeIpNfjlIAXqKCA
354=BCAToAaAEBCQAAO1ABtAZYitwreIonKQA+KIEAP0gByRdASAHRFEFIAcUIQkgB2RxDSAHN
355=BURIAc0FRUgBzQVGKCkARygpAEgoKQBJKCkASigpAEsoKQBMKCkATSgpAE4oKQBPSQGYUC
356=BJm1BIAcUTUUkBV1AQUYJSSQFUSAEBAAQAU8gBVQJUSQFTtQJVyAFVAlZIAWyJAQIEAFdJ
357=AaKhBFhIAWQBRQhZKCkAWkgBm2kEAFtIAYAEeYo64eBdVAKESnqKOgDZU19UAtlTYCgpAG
358=EoKQBiSAHRVmNIAZwKeIrQNXiKJykAZiiBAAJUPI8FBgADKCkABEgBkxQGAAVIAYEEB0V5
359=O4YBAAdEACcpAAgogQAJKCkACkkBMXcFBgALSAHBkwxIAdGNDUgByQwOSAFoBVUKD0gBmX
360=QHWYo7qIV6ijsAkIJ4isMPBgATTAWYBniKJ1UAFShVABZIAZknBVqKOwCUI3iKzAV5ijv1
361=LhpMBdUuG0gBnAp4iietAB1UAowQeYo7UH1LBAQAH1QCQQEAWSQgSAGXDQQAIUgBlw0EAC
362=JJAaBnBAQAI0gBnMUitSI7sJh4isgMe4o7AEWtBSdMBWgBRVQoSAHVZSlIAdGCKkgB0eUr
363=SAHNiSxIAclZLSgpAC5IAc3sL0gB2QYwKCkAMSgpADJIAckMM0gBzXM0SAFgE00ANUkBy1
364=wASQA2yAFRFDdIAWSMTYk4SAFQA2kAOSgpADooKQA7KCkAPCgpAD0oKQA+KCkAP0gByRdA
365=SAHJF0FIAdEUQigpAENIAcEEREgBySJFSAFsEU0ARigpAEcoKQBIKCkASSgpAEpJAVZMBg
366=EABABLyAFBfUxJAVO1Ak3IAVUCTkkBVLUCT8gBVQJQSAFsiVGCUcgBAQMEAFJIAd1BU0gB
367=n+YEAFRIAWAIVQ1VKCkAVigpAFdIAd3QWEkBmnAFIrQiJ+0IWlQCmGl4itQCeIonKQBdQA
368=R1BgB4ittpBABf9wIEAGAoKQBhKCkAYigpAGMoKQBkKCkAZSgpAAFYxIsMBgACKCkAAygp
369=AARIAZAUeYo8iAVNfgZUAowBeIonVQAIKFUACUkBoGcEBwAKSQGYqQELSAGfIAcADEgBj3
370=MGAA1IAckMDkgBaAVJDA8oKQAQKCkAEUgB2QYSSAGMBXiKzBB5ijy/rwUAFUAEn68FABZI
371=AZR7eIrMBXiKJykAGUAEkAkiEDQnVQAbVAKUGHqKPACIFyIRNDyom3mKPChaETwAJR07IF
372=gGkBR6ijwAhAh5ijwkcDV5ijwmXSIkTQWbZA97ijwAnqkBJlQCbIkBAgAAJ0kBgFwAQQMo
373=SAHVZSlIAdVlKkgBwYgrKCkALCgpAC0oKQAuKCkALygpADAoKQAxSAGVGABXKDwAe6EPM1
374=UCdakBNEgBSBFpADVIAXiKQQM2yAFNiTdIAXQDTQA4KCkAOSgpADpJAY1UA0kAO8gBVZE8
375=SQFtSAJJAD3IAVUCPkkBb0gCSQA/SQGSXABJAEDIAUEEQUgB0Y1CSAHJIkNIAZcuAABESA
376=GRKgBctMA7ImxFJykAR0AETAppAEgoKQBJKCkASkgBeIpRgktIAWAFTX5MKCkATSgpAE4o
377=KQBPKCkAUCgpAFFIAYQTeIonPQhTVQKWYAt5ijwkhzIEAFVUAoNnBABWKCkAV0gBzQVYKC
378=kAWUgBmFMibEUnTQpbVAJ5CgB4isQeIhA0JykAXkAExVVfSAGMBXiKwwQEAGEoVQBiKCkA
379=YygpAGQoKAABAgA9ACPrLgUAA0gBkQkGSSU9qGRhiD2QAlV7BuAEYIgnVQAIKFUACUgBJV
380=UhCkgBi2QHAAtJAZ1sCGGIPbRwY4g9AC90AiK6Mz0AjH4iFEUnKQAQWAbVAhFIAYSBIl0i
381=PaxzYYg9tHtgiNwKYIjEE2CIJykAF0QIcA1RKhgoKQAZKCkAGigpABtIAZQYYYg9JGwkYI
382=jIDGCIyBciXCLfFQQAIFgGkBRhiD0kvCNgiMQIY4g9AD9wECJeIj0AmH9jiD0ATbUCJkQI
383=aAFJZCdIAYEEAFwwzwUAACkoVQAqKCkAK0gBYAhNACwoKQAtKCkALigpAC9JAXxMf00FME
384=gB0fsxKCkAMkkBcqEEM0gBJwARxykAADVVAhtEFEUINsgBVQE3SAFEAmkAOCgpADkoKQA6
385=SAFgiEkLO8gBXY48SAFgiFUCPcgBVQI+SAFgiF0KP0gBYIhBBEDIAUEEQUgB1SNCKCkAQ0
386=kBpWQQY4g9AJdYB00FRVQCsgIARigpAEcoKQBISAEi/CABAQQASUgBJdkhSsgBVQJLSAGH
387=CAQATEkBoG0BBE02Pe1+TlQCzX5PKCkAUCgpAFFIAZBhYYg99chTVALRglQoKQBVSAHNBV
388=YoKQBXKCkAWCgpAFlIAYRrYIjEdiJcItA1YIgnKQBdTAVlFwAiXCInKQtf9AJgiMwFYIjT
389=bAQAYkAEzZRjSAGFCARJhT6FAQBphT7/eAUAPv14BigpAAcoKQAISAGTjQYACUgBiAgirC
390=HQCWiFJykADEAElJxohdQCaIUnKQAPQASHCAYAECgpABEoKQASSAEjLCdphT4kHDBqhT4A
391=I8A0aoU+ACOUNGiF3AoirCEnKQAYRAiIDCIJMz68jiKtIT68jiJkRCetABxNBTJzBQQAHU
392=gBxYEeSAEj9EBrhT4AnKEEIFQC0SohSAEiOGVJriLIAV1WI0gBaIVZXiTJAQNrhT4ASGcI
393=AAAmVALdeCdIASX5MChIAd1iKSgpACpJAX5ECUUHK0gBWABpACwoKQAtKCkALigpAC9JAX
394=+5BjBIASUNIzFJAXK1AjJIAdUCM0kBebUCNEgBfAtNADVIAWiFQQM2yAFBcjdIAVADaQA4
395=SQGMYwEAADnIAVEfOkkBcrUCO8gBVQI8SQFaXABBAz1JAVBIAVEJPsgBSQw/SQGGVANJAE
396=DIAU0EQUkBoEgCSQBCSAElVSFDSAHNfkRIAWiFAQYEAEVIAdl/RsgBWX9HSAFuBQIEUi8+
397=AGgBTTFJVAJNCgBdNkpIAYgMIgkzPvGCTFQC3XhNKCkATigpAE8oKQBQSAHdeFFIAd0KUi
398=gpAFNIAYjSIq0hPqjSIq0hPogFTRBWQASMASJkRCdVAFgoVQBZKCkAWkgBhO9ohcd2BABc
399=VAKb7QQAXSgpAF5IAclZX0gByQxgKCkAYUgBxRNiSAHVGASg3SJRUgUoKQAGKCkABygpAA
400=hIAZgRcYI/4YgKVAKYESJcQydVAAxUApgRcYI/lBFJkA5UAowBIvwgJ1UAEFQCmzIGABFI
401=AYC0Iv0gPyRAL3GCPyhQECfZABVMBd2DFkgB3YMXSAGQCSIBMj+8eHGCP7C5cIInKQAbTA
402=WcTCL9ID8kvCNygj8AIwRZIv0gP0j5RBZxgj+okCL+ID8AmNcGBAAhAD8ARgAAEQAA5Q8A
403=IAYAAgAAIgA/AHxcAAUAAAAjAD8AdqkBJEkBP0gCAQUAACVIAcEEJkkBd6EEJ0kBeakBKE
404=oB//9TBQAAKUkBgLUCKkgBzQUrSQF6tQIsSAGHBQAALSgpAC4oKQAvKCkAMEgB3QoxSQF9
405=pQgySQGmqQgzSAGmAQA0KCkANUgBBRsBAAAEAAA2yAFVGDdIAc0FOEkBjEwBXQk5yAEBAw
406=AAOkkBcrUCO8gBVQI8SQFQUAlJAT1JAU5IAUkAPkgBdAJZBT9JAYZcAFEJQMgBTQVBSQGd
407=VAJJAEJJAVdcAAECBABDyAEBAwQAREgBUAJ1FEVJAaBvAQQARkkBmKkBRygpAEhJAZq1Ak
408=lIAWQBURtKSQGjbwEEAEtIAZcNBABMSAFwAkEETSgpAE5JASx7AgQAT0kBKakBUCgpAFEo
409=KQBSKCkAU0kBLa0FVEgBxQhVSAHFCFYoKQBXKCkAWEgB2QZZSAHZBlpIAdkGWygpAFwoKQ
410=BdSAHZBl5IAXwOVRhfKCkAYCgpAGEoKwAFAECKBQAGRAAnKQAHKFUACCgpAAkoKQAKSAGH
411=EwYAC0gBhxMGAAwoKQANKCkADkgBhxMGAA9IAZsNBgAQSQGfbwEGABFJAZapARIoKQATSQ
412=GZtQIUSAFkAUkUFSgpABZJASp7AgUAF0kBpakBGEgBZAEBAAUAGSgpABooKQAbSQEyZwQE
413=ABxJAS6pAR1JASipAR5IAYtkBQAfSAGLDAQAIEkBT6EEIcgBSVkiSQF/UFdBAyNJAXKpAS
414=RJAXSpASVJAXWpASZIAcFyJygpAChJAX6hBClIAUAJaQAqKCkAKygpACwoKQAtKCkALigp
415=AC8oKQAwSAHVDTFIAdEUMkgBzYkzSAFoDU0ANCgpADVJAcZIAkkANsgBWRw3SAFEAmkAOE
416=kBjmMBAAA5yAFBBDpJAXq1AjvIAVUCPEgBzX49yAFVez5IAXh/UR4/SAF4f0UHQMgBWQZB
417=SQFWSAJdV0LJAQF4f9hTeH8nKQBFQATdeEZJAZu5BkcoKQBISAHVe0lIAXwDXQpKSAGcV3
418=l/QECvXAJ4fycpAE1ABJdaBABOSQEwXANZBk9IAZsGBQBQSAGDBAUAUSgpAFJIAY9dBQBT
419=SAHNR1RIAdFLVUgBbAlZU1YoKQBXKCkAWEgB2QZZSAHZBlpJAaB/BgUAW0gBn5kFAFxIAX
420=ACAQAFAF1IAdkGXkgBlwIEAF8oKQBgKCsABgBBnANZaQcoKQAIKCkACSgpAApIAYwQYH3Z
421=BgdAfScpAA1ABJcJBwAOSAGMEGB9wARifUEAhDRifUEAJ6APJykAE1gGJ6APJ9kAFVQCnw
422=oGABZIAZwKYH3DBAUAGFQCgARgfSdVABooVQAbSQExZARhfUHtPB1VAji1Ah5JASupAR9I
423=AcWBIEgBm38EACFIAWx+AQQEACLIAU3hI0kBe1BXRQckSAHNfiVJAXm1AiZIAclvJ0gB1f
424=8oSAHNBSlIAd2DKkgBwXIrSAFMCmkALEgB0YItSAFoAk0ALigpAC8oKQAwSAHVDTEoKQAy
425=KCkAM0gBVAdpADRJAfJAAVFsNcgBSRY2SAFsfk1zN0gBkx8AADhIAWB9QQQ5yAFBBDpIAW
426=B9VQI7yAFVAjxIAWB9SQE9SAF0e0kMPkkBVVwAQQ4/SAFgfVkGQMgBTQVBSAFgfVH7QkgB
427=XARl+kMoKQBEKCkARSgpAEZIAZdwBABHSAGXcAQASCgpAEkoKQBKSAHRd0tIAYkMBVz8J8
428=EITShVAE4oKQBPSAGYXmB9zQUGQH0nKQBSQATNUlPrAQQAVEgBmwYEAFVIAdUNVkkBoG8B
429=BQBXSAHRd1hIAYcIBABZSAHZBlpIAZRlYn1BAISXYH3AD2J9QQDZBl5MBXgKQZNfKCsABw
430=BCkAJVewgoKQAJKCkACkgBlA1oeswFaHonKQANQASICGl6QrQNaHrBBAZM9ycpABFMBZ8V
431=BgASSAHVexNIASdIDyetABVUApwKaHrcCmh6wARoeicpABnvBQUAGigpABtIAcUpHEgBxS
432=kdSAHBfR5IAZ2vBE/3QgCieA1s99wKa3pCAEq1AiJMBWgBRVQjSAEnSg9CAMH2JVQCxWsm
433=SAHdeCdIAd14KEgBJZEuKUkBeVRbSQsqSAFYAGkAK0gB2QYsSAHNBS1JAXitBS5IAdl/L0
434=gBbAZNADBIAcEPMSgpADIoKQAzSAF8eE1oNMgBAQQAADXIAU2UNkgBQAlpADdIAc0QOEgB
435=3Y45SAElsTI6SQF3ZwUAADvIAUkiPEgBfHhdFD3IAVUNPkkBTVQDVQI/SQGFuQZAyAFBA0
436=FJAWB1AgRAASfVBUNQAXACRVVESAHRd0VIAdF3RkgB2XRHSAGNBQVIescIBQBJKFUASigp
437=AEtIAd1BTEgB3UFNSAHFCE4oKQBPSAGYXmh63ApoeicpAFJABIRrbPfYU2p6QgCYBmh6zw
438=UFAFZMBZheaXpC+XRYVAKECGh6J9kAWlQC2RFbKCkAXCgpAF1IAdkGXkgBjwUEAAghwDOL
439=AQYACSgpAApIAZgRcXdDnQMAcHcnKQANQASYAnF3QyjwDsEEBlB3JykAEewFcXdD9fQTVA
440=KfjgYAFEgBkwkGABUoKQAWSAGcFXB30AlwdycpABlABJgGcHcnVQAbVAIjxy8FABxIAYuF
441=BQAdSAHdNh5IAZwKcHfYEXJ3QwCABHF3Q5B3XcUiTAVwd01SI0gBJ/IOQwDRbCVUAs1dJk
442=gBxXYnSAHVeyhIAZAUItw90RQAXCUnKQArQQSBQF1RBCxIAVgAaQAtKCkALigpAC8oKQAw
443=KCkAMSgpADIoKQAzKCkANEgBfXgHcndDAM1+NlQCyQE3SAEl6S44SAHVGDlIAdUYOkkBdn
444=wScndDAGgBVXA8VQJPXABJAD1IAXx4TQQ+yAFVAj9IAXB3WRtAyAFFKUFIAXF3AXJ3QwCE
445=ayLgLScBBkRABJdPBABFSAFPCgAABSHcPc0mBVzxJykASCiBAEkoKQBKKCkAS0gBzWhMSA
446=GLTgUATUgB3QpOKCkAT0kBL3gCcndDACPVJgVc8ScpAFJABCMDJwUAU0gB2UhUSAGYBnB3
447=zQUEUHcnKQBXQASTCQQAWEgBhAhyd0MA2QZaVALBBFsoKQBcKCkAXUgB2wYJAERpFABF7w
448=pIAYQIeXREvBUifDwnKQANQASfCgYADkgBhAhs7CcFARBUApQJItgsJ1UAElQCl6cGABNI
449=AZSnenREAJTeeHQnrQAWQASY4nh0wAR4dMAEItgsJykAGk0FoHsNBQAbSAHNcxxIASNENX
450=l0RPWcHlQCnAp4dNwKe3REAKFkCHt0RABLqQEiTAVoAUlOI0gBJRFKJEgBwVwlSAHRdyZI
451=AcFcJ0gB3XgoSAHF5ClIAXgKTQAqSAElgSwrSAFEAmkALCgpAC0oKQAuKCkALygpADAoKQ
452=AxKCkAMigpADMoKQA0SAHdFTUoKQA2KCkANygpADhIAcV2OUkBeURsSRM6SAFsc1UBO8gB
453=XW08SAF4dEkBPUgBeHRBBD7IAVUCP0kBkFgHSQBAyAFFKUFJAV9IAlXpQkgBjGh4dMQ0In
454=08RO3WRUAEaQUAe3REAKBsAXl0RKyqbOwnEQhJKK0ASigpAEsoKQBMSQEyZQgEWHTIWSJ8
455=PCcpAE9ABJdaBABQKCkAUSgpAFIoKQBTSAGbXgQAVEgBeApBGlUoKQBWKCkAVygpAFgoKQ
456=BZKCkAWigpAFsoKQBcKCkACkGWM28MBQALSAFkAVl0DCgpAA0oKQAOKCkADygpABAoKQAR
457=KCkAEkgBhKJhckWYCl3xFFQCiJBgctQCItArJykAF+AEYHLUAmFyReU0GkAE1XAbSAEjMC
458=185ietAB1UApsNBQAeKCkAH0gBgA9hckUoQQ5FgHKc5qgBUUsjTAXFVSRIAdHlJUkBclRQ
459=TQsmSAHZzCdIAUQCaQAoKCkAKUgBJWkpKkgB2QYrSAEleSssSAHdCi1IAdUCLkgByXovSA
460=FwCk0AMCgpADEoKQAyKCkAMygpADRJAYKxFDVIASXFOjZIAdkRN0gBJXkrOEgBWAtpADlI
461=Ad14OkgBJ9IrRQBoAUVrPFQCdHBJAT1IAWxzXQY+yAFVAj9IAWByTQ9AyAFFKUFIAWBynO
462=bENGByJykAREAElER85tQCYXJFJMwlYXJF+atITAVSDgAAItArJ60ASlUCMngCIsFKRaDK
463=IsJKRQDNaE1ABHwDTWhOKCkATygpAFAoKQBRKCkAUigpAFMoKQBUSQGgdwkEAFVIASX5JV
464=ZIAXACSQxXKCkAWCgpAFkoKQBaKCkAWygrAAsARoAIiG8nKQANKFUADigpAA8oKQAQKCkA
465=ESgpABJIAc3sE0gBnI5t4UaoImpvRgCUGGlvRqOeBgAXTAWY12lvRiRYSGlvRqjoIskqRi
466=SUSm7hRgAn6A3cFWzhJykAHlAJlE8irlhGACfqDUYAIzhab+FGAE5sHiIISagBWUgj+wYA
467=ACRIAdVwJUkBckRLWQUmKCkAJ0gByVkoSAFQA2kAKUgB3eYqSAHZzCtIAXQDTQAsSAEl9S
468=otSAFEAmkALigpAC8oKQAwKCkAMSgpADIoKQAzKCkANCgpADUoKQA2SAHZETdIAdWGOEgB
469=3W05KCkAOkkBj3ARIsoqRgBoAUkiPFUCfrUCPcgBVQI+SQF/tQI/SAGLLQAAQEgB3QpBSA
470=EifGiIb9gyaG8nKQBEQASURGlvRuFnRlQCmMEiCEnMBWzhJykASUAEnw4FAEpIAYBGaG/A
471=RmhvJykATUAEIyQmbOEnVQBPVAIjUCZs4d8KBABRVAKfCgQAUigpAFMoKQBUSAHF+lVIAS
472=NXLAQAVkgB2QZXSAGUWiLIKtRaIsgqJ4kBWkAEzwUMAEeEAV1tDSgpAA4oKQAPKCkAEEgB
473=nAoiwilHACMgbSJfOEcAnGwIfNsnVQAUTAXBBBVIAYDVcWxHtGVwbCfhARhABGAITRAZSA
474=GEKXFsR+lvG1QCmCd82ydVAB1UApgnfNvQCXJsRwCECH3bR6R2cWxHJqlHIlgGfG0BBAQA
475=I8kBBXFsRyZxNSVUAt1tJkgB3W0nKCkAKEgBzdYpSAHJWSpIAZUYAEhI2xEAACwoVQAtKC
476=kALigpAC8oKQAwKCkAMSgpADIoKQAzKCkANCgpADUoKQA2SAHJFzdIAc1+OEgB0WE5SAHZ
477=4jpIAWRrWYk7yAFB1TxIAXBsVQI9yAFVAj5IAXBsXW0/SQFYfRwEUmxHAGRrAQIEAEFUAm
478=kBAyJdOEesqnFsR6yqIsApyCJwbCcpAEZYBtXeR0gBeQoAcGzABHzbJykASiiBAEsoKQBM
479=KCkATSgpAE4oKQBPSAHdQVBIAZhIcGzYSHBsJykAU0AEhEoiwCnAD3zbJykAVkAEkRQEQR
480=9HqPNxbEeo83BsCkcAAAAAAAAEAA0ASAARAADEDwAgBwAAAAAABgAOAEhcAEsABgAPKCkA
481=EEkBn1ACAQAGABFJAZmpARJIAWQBVQITSAHBBBRJAZZ7AgYAFUkBm6kBFkkBnakBF0gBZA
482=FZBhgoKQAZKCkAGigpABtJAaBzBQYAHEkBmqkBHUkBMWsBBQAeSQEtqQEfSAGDBAUAIEkB
483=KncCBAAhSQGhqQEiSQFTqQEjyAEBAQQAJEkBULUCJcgBAQEAACZKAX8CegIAJ0kBcqkBKC
484=gpACkoKQAqSQF2oQQrSAGTBgAALCgpAC0oKQAuKCkALygpADAoKQAxKCkAMkkBfL0KM0gB
485=yQw0SAHJDDUoKQA2KCkANygpADgoKQA5KCkAOkgB3Qo7SAHdCjxKAf//hQs9SAGXLgAAPk
486=gBmz0AAD9JAV9/AwQAQEgBZAEBAAQAQSgpAEJJAaN7AgQAQ0gBmz0EAERIAXACTQVFSQEs
487=bwEEAEZJATCpAUdIAWYBAAVAAddPBQBJUAHVAkooKQBLKCkATEkBoGcEBQBNSQGYqQFOKC
488=kAT0gB3UFQSAF8AwEABQBRKCkAUigpAFNIAcFGVEgBjwUEAFUoKQBWKCkAVygpAFgoKQAO
489=RBaYBmFnSYQBQVwQVAKIImJnSQDdYhJUAp8VBgATSAHJZBRIAYgtYGcnBQEWVAKXCQYAFy
490=gpABhJAaB7AgYAGUgBmxwGABpIAXACQQ8bSAHBchxIAcEPHUgBzQUeSAGHHgUAH0gBkDVi
491=Z0kAlAJiZ0kAixcEACJBBJ5jCwQAI0gBZAFVOSRIAdUCJUgBbmgEBEJnSQBqAQUAQmdJAM
492=1oKEEEd6lZKSgpACpJAXm1AitIAZwKYmdJANlTLVUCdKEELkkBeqkBL0gBzQUwKCkAMUgB
493=2QYySAHFdjMoKQA0SAHNXTVIAcUINkkBfr0KN0gB1QI4KCkAOSgpADpJAXutBTtIAckMPE
494=gB3Qo9SAGMJmJnSQCUOWJnSQBgZ1GNQEAEiAxgZ888BABCKFUAQygpAERIAdVlRUgB1WVG
495=SAGXAgUAR0kBKXQJYmdJAMkBSVQCxaJKSAF8AwEABQBLKCkATEgBkBRiZ0kAl08FAE5UAs
496=kBT0gBgUYFRjlJAIBGYGffFQUAUkAE3QpTSAGLsQQAVEgBgA9gZ88FBABWVAKPBQQAVygr
497=AA8ASpACRVUQKCkAEUgBhxMGABJIAYxSaGQnrQAUVALVWhVIAc1oFigpABcoKQAYSAGUGG
498=lkSrgcamRKANkGGyiBABwoKQAdSAGdNgZNy0qwYWhkzBBqZEoAxR4hTAWULmlkSqAwaGQn
499=KQAkQATJIiVJAU5sHmlkSlotAABZzCdUAtGuKEgBfANNACkoKQAqKCkAKygpACxIAcVrLU
500=gBzWguSAFUB2kALygpADAoKQAxSAHdVzJIAd1XMygpADQoKQA1SAHJbzZIAc0FN0gB1QI4
501=SAHZXjlIAXQOTQA6SAHJDDtIAdkGPEgB0RQ9SAFcBGkAPkgBiPNrZEoAYGwCbMvILWhkJy
502=kAQk0FoKEEQ0gBjFJvy0oAKLUCRVQC3WJGSAGUZWhkxQgGRLUnKQBJQASVnAVDAUoAMqUI
503=S1EBM6kBTEgBZQEAaGTYBmhkJykAT0AEhFVoZNBLaGTQS2lkSuFnU0wF0QlUSAHNR1VIAc
504=1HVkgBgwQEABBAdYgBfcVLhAFJZBIoVQATKCkAFEgBjBB9xUvhXBZUApx4fMUnVQAYVALZ
505=aRlIAYALcWFLq7wGABtUAtkGHCgpAB1IAdkGHkgBzSYfSAGECHNhSwCgbwEFACFUAoVrBV
506=3FS7FsBV3FS/0gJEAEhwgEACVJAaZ4BnFhS5BhSccnVAJoZEnHKEgB3WIpKCkAKigpACso
507=KQAsKCkALUgBeApNAC4oKQAvKCkAMCgpADFIAcVVMkkBcr26MygpADQoKQA1KCkANigpAD
508=coKQA4SQF3pQg5SQF4qQE6SAHVAjtIAcVgPEgBQBRpAD0oKQA+SQGlbAJxYUuQYZzF0EBw
509=YScpAEJMBYQ/IqMlSwCdeAZxYUsoMAzLAQUARkwFfANZSEcoKQBIKCkASUgBmDJxYUuhng
510=RMAscIBABMUAGECHBhzBBwYScpAE9BBDJlBARexUsAzWhRVAKQFHBh0xQFAFNUAmoFAAVc
511=xScFAVUoVQARXA2ABG3ATIUBAGzAJykAFCiBABUoKQAWKCkAFygpABgoKQAZKCkAGigpAB
512=soKQAcKCkAHSgpAB5IAYR2bcBMqLx6XkwAnLp5Xkyob3leTCSEJ3leTLf/BQAkRAicK3he
513=1Bh5XkxMIVsbBAAnQAQiWDJZPShJAVRSAgAERQ1MRCRRxARLMkwAUbUCK0AEaAFJxyxJAa
514=J1AgBIEd8KAAAuVAKyAgAvSAElQSQwSAHZtjFJAXK5UzJIAdlTMygpADQoKQA1KCkANigp
515=ADdIAclZOEgB1Q05KCkAOigpADsoKQA8KCkAPSgpAD5IAcF9P0kBXnQJbMDAGnheJykAQk
516=AEfANVI0MoKQBESAEnDRhMpGB4XtsGBgBHQASYBm3ATLS9In0xTFAlXAJ5XkxMLEgBeF7E
517=CHhexAh5Xkz1nE5RCZpIBV1XT0gBiEN6XkwAhc4EQDUn2QBSQARoBU0FUygpAFQoKwASAE
518=2cA4BcJykAFChVABUoKQAWKCkAFygpABgoKQAZSAGcQXy6JzEBG1QCjAwiAD0nVQAdVQKg
519=eAIikyNNAJ6pAR9UAmQBWREgSAGQVmBc2AZhXE28xWFcTbyOYVxN+SclWAaECGBc2AZjXE
520=0ApHkCBFczTQCcqQEpTAWEKWFcTbMiBAArVAJgKIJcTQDFoi1UAslZLkgByVkvSAHdVzBI
521=AdVaMUkBdeJcTQDRSzNUAskBNCgpADVIAXQRTQA2KCkANygpADgoKQA5KCkAOigpADsoKQ
522=A8KCkAPSgpAD5JAVdcC1V7P0gBYFxJAUBIAVECAElZQUgBI+AiIh0wTVx+XAJ8uicpAERA
523=BNFLRUgBjF1hXE2sUmFcTazsYFzMMWBcwDBgXNQCYVxNUDCJDExQCUIBAABgXCdhB05UAo
524=PKBQBPSAHBBFAoKQBRKCkAUigpAFMoKQATnPlDBwYAFCgpABUoKQAWKCkAF0kBoEgFSU4Y
525=SAEj/CAivS5OoKlpWU7tGxtABGgFTQUcSAGHSgYAHUgBJ70uTvV7H1UCK3AFbbVO4X0hVA
526=JxAgBoWSKkIVABaFknKQAkQATJeiVIASV9JiYoKQAnKCkAKEgBjMButU4AIyAraFlnhAAA
527=AmhZqQEDIkk7TihKO04AxVUuRAjFVS9IAdlTMEgBJW0vMUgBxa0ySAHBBDNIASPzJAAANE
528=gB0Us1SQFSXBlFSjbIAV1MN0gBbMtVAjjIAVUCOUgBzQU6yAFVAjtIAdHPPMgBVQI9SAFo
529=DEEaPsgBAQMEAD9IAXANXQpAKCkAQUgBmFNoWSdRBUNUAo8FBQBEKCkARUgBjAVpWU64im
530=lZTriKaVlOJJw1aVlOTNxMCGlZTvCNIt0oL1ACTRBMUAmZPQRZUE5QiFkCBE0CTiYxIk9Q
531=AUwCbV1QKCkAUSgpAFJJATJlBARRVk9hAQBdTBVMYI8BBgAWSQGgbAEiXS1P+VMYVAInkT
532=lPJCAgcFYnKQAbQATZqxxIAWAIXQodSAGIm32vT/kcH1QCiE5xVk+kgXyvJykAIkAEiE5w
533=VtAUfq9PAIcTBQAlQASPaAUAJigpACdIAYWtBUl/T/knKVQCjBBxVk9QAUwTcFaoAZ6vTw
534=DBUS1YA8WtLkgBzVIvSAHNUjAoKQAxKCkAMigpADNIAdlINMgBWUg1SAFYDnmgNigpADdI
535=AYMaBAA4SAGLFwQAOUgBzQU6SAHBBDtIAcEEPEgBwQQ9KCkAPigpAD8oKQBAKCkAQUgBgF
536=FwVidRBUNUApAJcFYnVQBFVAKITnFWT7BLIpA5wARwVicpAElMBcnoSugBfK/ABCKAIScp
537=AE1ABJQNcVZPVDRRAQRMAsAEIpA5JykAUVwCWwMAAAUhfF0ipE1QAXlTUO9oFwBQKHkKUC
538=QYKm6qUACYzHlTULBLItg3JykAHFgGkEtsqiddAR5UAkAMcWEfSQGgbwEGACBIAZcuBgAh
539=SAFwAlVaIkgBxR4jSAGUAnhT0Al4U8QTeFMnKQAnTAXFzihIAYQIbKrYBnpTUACAnnlTUJ
540=ofBARQGakBBSL9K1AkgCEi/StQJDsjAAAvUAkneQpQJiEgMVUCVmsTBAAyyAFVnDNJAVi1
541=AjRIAWQBWYo1KCkANigpADdIASNgM3lTULiVeFMnvQI6KIEAO0gBjxsEADxIAd0KPUgBhy
542=kEAD5IAYR2bapQqN0i/CsnMQFBQAQneArXAgUAQ1QCkAl4UydVAEUoVQBGSAGYBnhTwAR4
543=UycoACKUVogtbapQ8YJLWAacCnhTzAVsqicpAE5ABIRgeVNQ5a1QVALerxYAInwyTAh9pF
544=HtUhhUApwgYVFRoFxhUVG/NgcAG0AEh0oHABxIAZDwYVFR5VUeVALZUx9IAYAwYVFR7V0h
545=VAKHCAYAIkgBzRsjSAFQEXVlJCgpACVIAZi2YVFRq2QFACdUAs0FKEgBjBBgUcwQYVFRvN
546=BiUVEAyegsTAVoAVlILUgB2e0uyAFVAi9IAcHrMMgBVQIxSAFgUUHrMkgBgQ8ESIrZJwRS
547=+1EA1UQ1QASPGwQANkgBzQU3SAGIemBRJ5ECOVQCl8gEADooKQA7SAGYJ2BRJ4kBPVQChC
548=lgUcQpYFHIImBRJ60AQUwFxT9CSAHZPUMoKQBESAEl7T9FSAGQFH2kUURxUAFhUVGgRiK8
549=WicpAElNBS5dAwBhUVEoIAon4AEl8DtxxE1MBWgFTXNOKCkATygpABewMnmVGEgBlCNpTl
550=IkeDZoTmg1TAhqTlIAIzBZaU5SJMNKBwAdWAaLLQcAHkgBm0gGAB9IAVAGfQogSAGYBm2f
551=Urh/aU5SqBdo88gMbJ8nKQAlWAaILWlOUrBWaE7AD2nzUrl/BUheJ9kAKlgGjBBoTtQCbJ
552=8nKQAtQAQjKywEAC5IASVxNS9IAZ0VBEAfJ60AMShVADIoKQAzKCkANEgBjxsEADVIAYR2
553=aE4nBQE3VAKYimhO1QIFSPMnKQA6QASDDwUAO0gByRc8SAGXAgQAPSgpAD5IAdUNP0gBIx
554=QvaE7QCSLsPycpAEJABMUIQ0gBgDsiyEvDOwQARVQCgARoTtgGaE4nKQBIKIEASSgpAEpI
555=AdEUS0gBhAhsn9gGbJ8nKQBOKIMAGABT8ZgZSAGbBgcAGigpABtIAYwbcUtTJGAocUtTsI
556=1xS1OgRnFLU6B9fJnABHBLhIlpTiJQCZSRcUtTWENcDXFLU7SRYOvMBXFLU7RacUtT/Uwo
557=RAicK3BLJ6wACSoAUwAxAAAAAAQAKxEAANcOqh8IAFMAKQAAAAAEACwoKQAtKCkALkoBLQ
558=BDAAQAL0gBQAFtBTBJAaBvAQQAMUkBmqkBMkgBZAFRCTNIAcEENEkBmXsCBAA1SAFkAUEE
559=NigpADdJASh7AgQAOEgBZAEBAAUAOUkBoG8BBQA6SAGLDAUAO0kBKncCBAA8SAFkAVEJPS
560=gpAD5JAaN7AgQAP0kBnakBQEkBLKkBQUkBKakBQigpAENJATC1AkRIAWQBAQAFAEUoKQBG
561=KCkAR0kBoGcEBQBISAHFE0lIAXACAQAFAEpIAdEUS0gBlwIEAEwoKQBNKCsAGQBUnAMBAA
562=cAGigpABtJAaV/AgcAHEgBZAFBBB1IAdUCHkgBiwwGAB9IAYceBgAgSAGHHgYAIUgBmwYG
563=ACJJAaRvAQYAI0gBnxUGACRIAYcIBQAlSQGgYwQFACZJAZapASdJAZupASgoKQApSQGYtQ
564=IqSAGTCQUAK0gBcgIABVhIwxoFAC0oVQAuSAGUDXhIwwQEADBUAogXekhUAIsXBAAyVAKT
565=CQQAM0gBwQQ0SAHBBDVIAcEENigpADdIAScYCcgMekhUAIQIeEjIDHpIVADZETxYBtEJPU
566=gB1UQ+SAHVRD8oKQBASAHVREFIAY8FBQBCSAGPBQUAQygpAEQoKQBFSAGPaAUARkgBlw0F
567=AEdIAcUTSEgBjxsFAElIAcEESkgB0RRLSAGUAnhIzRsEQUZVkAJKQxsAJykAHCgpAB1JAT
568=JrBAYAHkkBLqkBH0gBZQEAYUZVWC1RAQVBRlVYOIkBIkEEM0QBVTkjSAGITmFGVawmYUZV
569=8SomQATJFydIAXQGWQYoKCkAKUkBn3kCBVYHVQDRSytUAtlILEgB2UgtSAGfFQQALkgBnB
570=VgRswbYUZVQExUCWFGVeWXMkwFgDBgRidVADRUApQufI4nBQE2VAJcB3GYN0kBL2wBfI7R
571=HwRcjicpADpBBCuhBDtIAdkRPEgBcAKejlUAyU4+9QIFXI7XDQUAQChVAEFIAYwFYEbBBA
572=ZARicpAERABJ0KBlyOJ6kFRvQCYEbMBXyOJykASSiBAEpIASfACMAEAgQAGwBWmApVRBwo
573=KQAdSAGMBWtDVgCgaARuiVYAjDFpQ1ZANlgCaEPFCAVNiVZcwJUCI0QIlSMFTYlWQDaVAi
574=VUAkIBAABsiSfZACcoVQAoKCkAKUgBJ2kIVihqCFYA3Y4sQATRSy1IAZwVaEPcCmhDJykA
575=MEAEnCtoQ9UCBVBbJykAM0AExRM0SQExbAFpQ1b5SDZUAtlIN0gBzUc4SAFoBVk9OSgpAD
576=ooKQA7KCkAPCgpAD1IAdkRPkgBhAhoQyc5AkAoVQBBSAGMBWhDwARoQycpAERABJxiaNIn
577=qQVG9QIETYlWsXcESNInKQBJQASFNARI0tkGBEHKV6wFAgYAHQBXvDZyQFcAjDFyQFcAgP
578=ZxQFcoEwhXAKB4GHJAVwDRdyNECIBGcUBXegMAAHyDJ60AJiiBACdIAZUYBFFmV0y7WQUE
579=UC/AD3yDwA9gyicxASwo2QAtSAHVcC5IAVwHfXgvKCkAMEgBhClwQCcFATJVAqBxBQVRDl
580=ejXAUANFQCcAIBAAUANSgpADYoKQA3SAHVRDhIAclDOUgByUM6SAGHCAQAOygpADwoKQA9
581=SAHZET5IAYwFcEAnZQJAKFUAQUgBjAVwQMAEcEAnKQBEQASEYHFAV0RbWQkEQMrIOHBAzA
582=VwQCcpAElYBkQFYyUdAFiEAUG/HkgBkM95PVik73k9WCi5B1i8QXk9WO1zI1gGwXIkSAGU
583=CXk9WCg4GNMJBQAnQAScFXk9WEg+VAV4PcwQeD0nKQArTAVYA21HLEgB2QYtSQGmeAJsfs
584=wFbH4nKQAwQASMJng91AJsfic5AjNABN0VNEgBbAmYPSetADZVAqB7AgUAN0gByVk4SAFx
585=AgAi/iBYANFAOlQC0UA7KCkAPCgpAD1JATh/BgQAPkgByW8/KCkAQEgBg+sEAEFIAZDPeT
586=1YoHIi/CAnKQBEQASMXXg92DJ4PcgXeD0nKQBITAV8Dk+UHgBZ8QkfKCkAIEgB0QkhSAGA
587=fWE7WaN9BQAjVAIlOSMkSAGYHGI7WQCMXXG5WYQMSSInQATFNChIAZQYYDvBDwRJSFlAbV
588=kFBEgRJ9kALEwF2QYtSAFYA21SLigpAC8oKQAwSAHdCjFIAcUpMigpADNIAcUpNEgBkAl8
589=eCe1ATZUAtkcN0gBJdkhOEgBzTw5SAHZBjooKQA7KCkAPCgpAD1IAdFAPkgBlCMifDHVIw
590=Rd/Fm44mA7Jx0EQkwFyRdDKCkARCgpAEVIAZgyYDvIF2A7JysAHwBajBRVLiBJAaBwAX3x
591=WuFyIlQCjLVpOFqwbGix2wYGACVABJQuaDjUAm1zWlQ0VAlsc9QCaDgnKQAqWAbBMCtIAd
592=UYLEgB3RUtSAFcB6g4J9kALyhVADAoKQAxKCkAMigpADNIAdF3NEgBkAloONMJBQA2VAIn
593=CQdaJk0gOFQC1Tk5SAHd0DooKQA7KCkAPEgB2T09SAHJDD4oKQA/SAGUI2g4wA9oOCcpAE
594=JABJsGBABDKCkARCgpAEUoKQBGKCsAIABb5aIhSAHdFSJIASexBlugRnE1W1hkUAx9bVu8
595=8XE1W0gCSABxNVsoswZbAKJQAkF9KVAJZAFJASooKQArKCkALEgBiXoETXhbXOxUBWCpJy
596=kAL0AEyVkwKCkAMSgpADIoKQAzSAEl5TM0SAFICW21NUgBzVI2SAHNGzdIAcEEOEgBmMxh
597=qVvpODpUAiWFJzsoKQA8SAHBJT1IAd02PkgB0Qk/SAEnsAbUI3I1WwCPEAQAQkAEnEFxNV
598=u//AQARFQChwgEAEUoKwAhAFzlNCJIAdkRI0gBhAh5MlykCHkyXIEIAHkyXOXvJ0wF0WEo
599=SQGhaARsaMwFeKAnKQArQAR8A1E1LEgB2V4tSAGVAgVUPs0FBVhCJykAMCiBADEoKQAyKC
600=kAMygpADQoKQA1SAHVLjZIAcHgN0gB1Q04SAElJSY5SAHBqTpIAcEEOygpADxIAdVwPUgB
601=zTw+SAHNBT9IASdYBsgXeTJcJPwgeTJcuJV5MlwkrCF4MievACIAXYwJXSsjSAHJFyRIAc
602=kXJUgBhARhMF3xYSdVAqB4AnGYXaTZYDDQCWAwJykAK0wFaAWBMF28pHxiwARgMCcpAC/v
603=BQUAMCgpADEoKQAyKCkAM0gBjBAiPSld4UY1VAKUDXCYJ10BNyhVADhIAc0mOUgBxa06SA
604=HNMTtIAcUIPEgBySI9SAHJIj5IAck4P0gBwVFASAGYBmEwXSgABid1BEMogwAjAF6/jgQA
605=JCgpACUoKQAmSAHdCidIAZBAaS1eKKkFXpANUSoqQASMAWj+J1UALFQCJ6wL1AJoLScpAC
606=9ABJgGaS1ev3gFADFUAtVwMigpADNIAd2DNEgB3SA1SAHFCDYoKQA3KCkAOEgBJ6gFww8E
607=ADpUAsUTO0gBxQg8KCkAPSgpAD5IAcUIP0gBjAV8xScxAUFUAoQ0bV1e41wkAF+IBVUjJS
608=gpACYoKQAnSAHZBihIAYAafFcn2QAqVAKICHAqJ1UALFQCwUYtSAHBRi5IAYwFYIjMBXEq
609=X/WcMUAE1ZwyKCkAM0gBgA98VyfZADVUAtVaNkgBybE3SAHJDDhIAckiOUgBlAJxKl/laz
610=v3AgUAPCgpAD0oKQA+SAHFCD9IAcUIQCgpAEEoKwAlAGCcA0UpJigpACcoKQAoKCkAKSgp
611=ACooKQArKCkALEgBJ1kcYER8SAt44sgMeCcnKQAwTAVaAwAAbFInVQAyKFUAMygpADQoKQ
612=A1SAGAO3l/YLxBInwxJwUBOEAEJT0pOUgB0fA6SAEl+TA7SAElzSU8KCkAPSgpAD5IAc1z
613=P0gBkBRsUsgMAgQAJgBhkAJNJicoKQAoKCkAKSgpACooKQArKCkALEgByWQtSAGUCXB33A
614=pgJScpADBABNWRMUgBzVIySAHZBjMoKQA0KCkANUgB2QY2SAHZBjdIAdkGOCgpADkoKQA6
615=SAHNRztIAYwFIjxg2xEEAD0oVQA+KCkAPygrACcAYpQGVSMoKCkAKSgpACooKQArKCkALE
616=gBJ0gExAhoIicpAC9ABIALaW9i4dUxVALZBjJIAcEEMygpADQoKQA1SAHNGzZIAdkGN0gB
617=2QY4KCkAOSgpADpIAcVKO0gBxUo8KCkAPUgBIyg3Imw63BVxuWOYCl4gKQAnKQAqKCkAKy
618=gpACxIAdkRLUgBnAZwH9gGfEEnKQAwQATVGDFIAdmVMkgB1VozKCkANCgpADVIAdVaNkgB
619=1Q03SAHVDTgoKQA5KCkAOigpADsoKQA8KCkAPUgB2xEpAGSMCUUeKigpACsoKQAsSAHdFS
620=1IAd0VLigpAC8oKQAwSAHdFTFIAYALIvxiJ4kBMyhVADQoKQA1KCkANkgB1Q03SAHVDTgo
621=KQA5SAHdYjpIAYgMIvxiyAx4qycrACoAZZwDTRsrKCkALCgpAC0oKQAuSAHZoC9IAcFGMC
622=gpADEoKQAySAHNRzNIAY8MBAA0KCkANSgpADYoKQA3KCkAOCgpADlIAcE7OkgBkAlgGsgX
623=IulPZpACVhgsACcpAC0oKQAuSAHFCC9IAZAFfG3MBWy1JykAMkAE3WIzSAHZHDRIAcEaNU
624=gBhwgEADYoKQA3KCkAOCgpADlIAdE1OkgB0zUsAGeACF0VLSgpAC5IASeQAsAEcBQnKQAx
625=QAScBiLASidVADMoVQA0SAHJFzVIAckXNigpADcoKQA4SAHBGjlIAZwKInkraIQBRxMuAG
626=jp8y9IAZgCeBHABGwmJykAMiiBADMoKQA0KCkANSgpADYoKQA3KCkAOEgB320uAGkhRDNc
627=DSLhTmkmwSkwVALVWjFIAVgDbewyKCkAMygpADQoKQA1KCkANigpADcoKwAvAGqMCUUeME
628=gBwTAxSAGYAmgtwAQiKFgnKQA0KIEANSgpADYoKwAwAGv5JzFIAScxAWuFAQBwCScpADRA
629=BNHaNUgB10QxAGzxHzIoKQAzKCkANEgBz4kyAG28CgoEADMAbQAAAAAAAAQAEQAA

[Lighting]
Red=0.8
Blue=1.0
Green=0.9
Level=0.032000
Ground=0.000000
IonRed=1.000000
Ambient=0.000000
IonBlue=1.000000
IonGreen=1.000000
IonLevel=0.032000
IonGround=0.000000
IonAmbient=1.000000

[Map]
Size=0,0,60,50
Theater=TEMPERATE
LocalSize=2,4,56,44

[Mutant]
IQ=0
Edge=West
Side=GDI
Color=Purple
Allies=Mutant,GDI,Neutral,Nod
Credits=0
ActsLike=0
NodeCount=0
TechLevel=10
PercentBuilt=100
PlayerControl=no

[Neutral]
IQ=5
Edge=North
Side=Neutral
Color=Grey
Allies=Neutral
Credits=0
ActsLike=2
NodeCount=0
TechLevel=10
PercentBuilt=100
PlayerControl=no

[Nod]
IQ=0
Edge=North
Side=Nod
Color=DarkRed
Allies=Nod,Neutral,Mutant
Credits=0
ActsLike=1
NodeCount=0
TechLevel=10
PercentBuilt=100
PlayerControl=no

[NodLand]
IQ=0
Edge=West
Side=Nod
Color=DarkRed
Allies=NodLand,Nod
Credits=0
ActsLike=0
NodeCount=0
TechLevel=10
PercentBuilt=100
PlayerControl=no

[NodNaval]
IQ=0
Edge=West
Side=Nod
Color=DarkRed
Allies=NodNaval,Nod
Credits=0
ActsLike=0
NodeCount=0
TechLevel=10
PercentBuilt=100
PlayerControl=no

[OverlayDataPack]
1=BQAAIP4AIACABQAAIP4AIACABQAAIP4AIACABQAAIP4AIACABQAAIP4AIACABQAAIP4AIA
2=CABQAAIP4AIACABQAAIP4AIACABQAAIP4AIACABQAAIP4AIACABQAAIP4AIACABQAAIP4A
3=IACABQAAIP4AIACABQAAIP4AIACABQAAIP4AIACABQAAIP4AIACABQAAIP4AIACABQAAIP
4=4AIACABQAAIP4AIACABQAAIP4AIACABQAAIP4AIACABQAAIP4AIACABQAAIP4AIACABQAA
5=IP4AIACABQAAIP4AIACABQAAIP4AIACABQAAIP4AIACABQAAIP4AIACABQAAIP4AIACABQ
6=AAIP4AIACABQAAIP4AIACABQAAIP4AIACA

[OverlayPack]
1=BQAAIP4AIP+ABQAAIP4AIP+ABQAAIP4AIP+AHgAAIP5AAP+Bq/72Df+Bqf4BDP+Bqv/wA0
2=IMgaj+1QH/gBYAACD+JQj/gar+Dwb/gav/CgwrAv7ABf+ABQAAIP4AIP+ACwAAIP5aEv+B
3=rP6lDf+ABQAAIP4AIP+ABQAAIP4AIP+ABQAAIP4AIP+ABQAAIP4AIP+ABQAAIP4AIP+ABQ
4=AAIP4AIP+ABQAAIP4AIP+ABQAAIP4AIP+ABQAAIP4AIP+ABQAAIP4AIP+ABQAAIP4AIP+A
5=BQAAIP4AIP+ABQAAIP4AIP+ABQAAIP4AIP+ABQAAIP4AIP+ABQAAIP4AIP+ABQAAIP4AIP
6=+ABQAAIP4AIP+ABQAAIP4AIP+ABQAAIP4AIP+ABQAAIP4AIP+ABQAAIP4AIP+ABQAAIP4A
7=IP+ABQAAIP4AIP+ABQAAIP4AIP+A

[ScriptTypes]
0=01000005
1=01000019

[Special]
IQ=5
Edge=North
Side=Special
Color=DarkGreen
Allies=Special
Credits=0
ActsLike=3
NodeCount=0
TechLevel=10
PercentBuilt=100
PlayerControl=no

[SpecialFlags]
Inert=no
FogOfWar=no
IonStorms=no
MCVDeploy=no
Meteorites=no
Visceroids=yes
FixedAlliance=no
TiberiumGrows=yes
InitialVeteran=no
HarvesterImmune=no
TiberiumSpreads=yes
TiberiumExplosive=no
DestroyableBridges=yes

[Structures]
0=Neutral,CTVEGA,256,40,66,64,None,1,0,1,0,0,None,None,None,0,0
1=Neutral,INGALITE,256,46,67,64,None,1,0,1,0,0,None,None,None,0,0
2=Neutral,CA0008,256,61,42,64,01000019,1,0,1,0,0,None,None,None,0,0
3=Neutral,CAFARM04,256,66,37,64,None,1,0,1,0,0,None,None,None,0,0
4=Neutral,CA0009,256,69,48,64,None,1,0,1,0,0,None,None,None,0,0
5=Neutral,CA0006,256,59,40,64,None,1,0,1,0,0,None,None,None,0,0
6=Neutral,CA0002,256,64,38,64,None,1,0,1,0,0,None,None,None,0,0
7=Neutral,CA0010,256,61,37,64,None,1,0,1,0,0,None,None,None,0,0
8=Neutral,INGALITE,256,67,45,64,None,1,0,1,0,0,None,None,None,0,0
9=Neutral,CA0012,256,76,49,64,None,1,0,1,0,0,None,None,None,0,0
10=Neutral,CA0012,256,76,52,64,None,1,0,1,0,0,None,None,None,0,0
11=Neutral,CA0005,256,74,53,64,None,1,0,1,0,0,None,None,None,0,0
12=Neutral,CAPWRLN1,256,73,42,64,None,1,0,1,0,0,None,None,None,0,0
13=Neutral,CAPWRLN1,256,73,49,64,None,1,0,1,0,0,None,None,None,0,0
14=Neutral,CAPWRLN1,256,73,33,64,None,1,0,1,0,0,None,None,None,0,0
15=Neutral,CAPWRLN1,256,73,24,64,None,1,0,1,0,0,None,None,None,0,0
16=Neutral,CA0011,256,81,46,64,None,1,0,1,0,0,None,None,None,0,0
17=Neutral,LAMP2,256,62,45,64,None,1,0,1,0,0,None,None,None,0,0
18=Neutral,LAMP3,256,68,40,64,None,1,0,1,0,0,None,None,None,0,0
19=Neutral,CAFARM03,256,77,55,64,None,1,0,1,0,0,None,None,None,0,0
20=Neutral,CAFARM03,256,67,59,64,None,1,0,1,0,0,None,None,None,0,0
21=Neutral,CAFARM03,256,69,59,64,None,1,0,1,0,0,None,None,None,0,0
22=Neutral,TSTLAMP,256,63,38,64,None,1,0,1,0,0,None,None,None,0,0
23=Neutral,INGALITE,256,77,29,64,None,1,0,1,0,0,None,None,None,0,0
24=Neutral,NEGLAMP,256,90,39,64,None,1,0,1,0,0,None,None,None,0,0
25=Neutral,NEGLAMP,256,89,54,64,None,1,0,1,0,0,None,None,None,0,0
26=Neutral,NEGLAMP,256,70,67,64,None,1,0,1,0,0,None,None,None,0,0
27=Neutral,NEGLAMP,256,51,47,64,None,1,0,1,0,0,None,None,None,0,0
28=Neutral,NEGLAMP,256,67,19,64,None,1,0,1,0,0,None,None,None,0,0
29=Neutral,NEGLAMP,256,67,32,64,None,1,0,1,0,0,None,None,None,0,0
30=Neutral,NEGLAMP,256,79,60,64,None,1,0,1,0,0,None,None,None,0,0
31=Neutral,NEGLAMP,256,54,81,64,None,1,0,1,0,0,None,None,None,0,0
32=Neutral,NEGLAMP,256,39,77,64,None,1,0,1,0,0,None,None,None,0,0
33=Neutral,NEGLAMP,256,34,60,64,None,1,0,1,0,0,None,None,None,0,0
34=Neutral,NEGLAMP,256,44,54,64,None,1,0,1,0,0,None,None,None,0,0
35=Neutral,NEGLAMP,256,60,71,64,None,1,0,1,0,0,None,None,None,0,0
36=Neutral,TSTLAMP,256,76,51,64,None,1,0,1,0,0,None,None,None,0,0
37=Neutral,TSTLAMP,256,64,58,64,None,1,0,1,0,0,None,None,None,0,0

[Tags]
01000001=0,0 Lock+ Reveal + Lighting + Camera + Music 1,01000000
01000003=0,1a Create Khetana 1,01000002
01000008=0,1c Text 1,01000007
01000010=0,1d Text 1,01000009
01000012=0,1e Text 1,01000011
01000014=0,1f Text 1,01000013
01000016=0,1g Text 1,01000015
01000018=0,1h Text 1,01000017
01000023=0,1b Create Chief 1,01000022
01000025=0,1i Text 1,01000024
01000027=0,1k Text 1,01000026
01000029=0,1l Text 1,01000028
01000031=0,1m Text 1,01000030
01000033=0,1n Text 1,01000032
01000035=0,2a Lighting 1,01000034
01000037=0,2b Win 1,01000036
01000039=0,1J Text 1,01000038

[TaskForces]
0=01000004
1=01000020

[TeamTypes]
0=01000006
1=01000021

[Terrain]
11060=TREE05
12071=TREE03
13056=TREE15
13059=TREE03
13071=TREE08
14058=TREE07
14061=TREE15
14071=TREE03
15061=TREE13
15064=TREE03
15068=TREE15
15069=TREE03
15070=TREE05
16059=TREE08
16062=TREE15
16068=TREE10
16070=TREE06
17060=TREE12
18070=TREE13
18072=TREE01
19060=TREE05
19074=TREE18
20074=TREE08
20075=TREE07
20076=TREE07
21069=TREE04
21073=TREE03
21074=TREE13
22057=TREE03
22061=TREE08
22067=TREE09
22069=TREE01
22073=TREE05
23056=TREE13
23058=TREE15
23059=TREE07
23063=TREE11
23065=TREE07
23067=TREE09
23068=TREE12
24063=TREE01
24065=TREE07
24068=TREE04
25064=TREE11
25065=TREE04
25071=TREE03
25072=TREE01
25080=TREE07
26068=TREE24
26070=TREE05
26080=TREE01
26081=TREE08
27067=TREE25
27079=TREE04
27082=TREE21
28068=TREE07
28070=TREE01
28072=TREE08
28081=TREE10
29063=TREE02
29069=TREE05
29070=TREE09
29071=TREE09
29084=TREE01
30069=TREE10
30072=TREE01
30074=TREE04
30085=TREE04
31067=TREE05
31068=TREE18
31073=TREE15
31074=TREE16
31075=TREE06
31081=TREE04
31082=TREE04
32068=TREE07
32075=TREE07
32082=TREE06
33063=TREE04
33083=TREE09
33084=TREE18
33085=TREE01
33087=TREE04
34061=TREE16
34062=TREE15
34063=TREE09
34064=TREE03
35061=TREE11
35063=TREE06
35067=TREE08
35068=TREE13
35089=TREE20
36085=TREE08
36086=TREE08
36090=TREE04
36091=TREE01
37032=TREE19
37033=TREE21
37058=TREE16
37063=TREE04
37071=TREE16
37089=TREE03
37092=TREE11
38034=TREE13
38057=TREE02
38068=TREE24
38071=TREE20
38072=TREE05
38074=TREE08
38085=TREE01
38086=TREE10
38088=TREE11
38089=TREE21
38090=TREE08
38091=TREE02
38092=TREE07
39057=TREE17
39068=TREE05
40036=TREE12
40057=TREE18
40060=TREE01
40087=TREE06
40088=TREE03
40092=TREE01
41034=TREE08
41035=TREE10
41057=TREE01
41081=TREE07
41082=TREE05
41083=TREE08
41089=TREE07
41090=TREE05
41091=TREE06
42036=TREE02
43060=TREE25
43083=TREE04
43085=TREE05
44036=TREE11
44039=TREE03
44087=TREE20
45086=TREE09
46032=TREE10
46034=TREE08
46035=TREE21
46043=TREE01
46047=TREE04
46060=TREE02
46061=TREE04
46062=TREE01
46087=TREE21
46089=TREE01
46090=TREE03
47035=TREE25
47043=TREE02
47046=TREE18
47061=TREE17
47089=TREE07
48026=TREE22
48031=TREE22
48034=TREE02
48035=TREE25
48037=TREE21
48046=TREE22
48074=TREE03
48084=TREE06
48089=TREE02
48101=TREE04
49023=TREE03
49027=TREE06
49033=TREE23
49045=TREE17
49071=TREE04
49078=TREE23
49083=TREE04
49096=TREE13
50021=TREE19
50028=TREE02
50031=TREE09
50032=TREE11
50045=TREE15
50079=TREE11
50095=TREE02
50099=TREE05
50102=TREE11
51021=TREE16
51023=TREE07
51040=TREE01
51044=TREE13
51078=TREE24
51079=TREE06
51102=TREE02
51103=TREE20
52023=TREE06
52032=TREE10
52044=TREE01
52045=TREE05
52068=TREE03
52069=TREE25
52070=TREE13
52079=TREE21
52084=TREE07
52097=TREE17
53020=TREE16
53022=TREE24
53037=TREE13
53044=TREE02
53067=TREE20
53068=TREE01
53080=TREE08
53084=TREE03
54029=TREE17
54030=TREE03
54041=TREE02
54042=TREE04
54068=TREE11
54084=TREE02
55011=TREE13
55020=TREE09
55028=TREE09
55034=TREE01
55067=TREE09
55100=TREE04
56010=TREE17
56013=TREE18
56034=TREE05
56093=TREE05
57027=TREE02
57032=TREE03
57037=TREE01
58019=TREE06
58020=TREE07
58036=TREE02
58042=TREE02
58043=TREE07
58044=TREE10
58047=TREE05
58048=TREE24
58049=TREE08
59018=TREE05
59026=TREE12
59035=TREE17
59041=TREE04
59047=TREE07
59049=TREE19
59051=TREE12
59063=TREE20
59064=TREE04
59091=TREE07
59092=TREE01
60035=TREE16
60036=TREE03
60049=TREE03
60050=TREE13
60084=TREE08
60086=TREE15
61017=TREE16
61025=TREE16
61026=TREE21
61033=TREE12
61045=TREE05
61049=TREE08
61050=TREE21
61077=TREE22
61081=TREE02
61092=TREE02
62025=TREE09
62032=TREE02
62039=TREE06
63018=TREE25
63032=TREE01
63038=TREE13
63050=TREE25
63073=TREE11
63074=TREE23
64008=TREE10
64015=TREE10
64035=TREE02
64068=TREE04
64069=TREE04
64071=TREE13
64072=TREE02
64090=TREE21
65016=TREE21
65036=TREE04
65037=TREE11
65068=TREE23
65082=TREE23
66009=TREE11
66012=TREE22
66018=TREE07
66038=TREE15
66044=TREE09
66067=TREE22
66076=TREE21
66080=TREE04
66081=TREE07
66092=TREE19
67019=TREE08
67026=TREE13
67027=TREE15
67035=TREE01
67036=TREE07
67067=TREE16
67074=TREE01
68017=TREE19
68026=TREE02
68028=TREE05
68029=TREE16
68035=TREE13
68038=TREE12
68057=TREE02
68072=TREE20
69017=TREE06
69026=TREE01
69027=TREE03
69035=TREE12
69044=TREE09
69054=TREE21
70022=TREE03
70037=TREE10
70054=TREE09
70055=TREE10
70067=TREE19
71018=TREE20
71020=TREE17
71022=TREE12
71067=TREE25
71072=TREE08
71073=TREE23
71074=TREE05
72014=TREE15
72017=TREE04
72028=TREE13
72039=TREE04
72051=TREE09
72058=TREE18
72064=TREE06
72075=TREE05
72076=TREE02
72077=TREE16
73016=TREE21
73029=TREE10
73034=TREE16
73035=TREE17
73042=TREE16
73049=TREE10
73064=TREE16
73066=TREE04
74018=TREE03
74029=TREE17
74051=TREE06
74054=TREE07
74059=TREE17
74076=TREE22
75019=TREE02
75029=TREE18
75050=TREE02
75052=TREE06
75053=TREE05
75056=TREE10
75058=TREE02
75065=TREE08
75082=TREE13
76020=TREE17
76034=TREE16
76035=TREE05
76048=TREE05
76078=TREE11
77045=TREE06
77046=TREE10
77047=TREE17
77048=TREE06
77079=TREE01
78023=TREE08
78045=TREE03
78079=TREE04
79023=TREE12
79025=TREE15
79027=TREE08
79056=TREE15
79057=TREE04
79059=TREE19
79063=TREE19
79067=TREE04
79068=TREE23
80032=TREE03
80036=TREE01
80037=TREE02
80053=TREE01
80054=TREE04
80060=TREE09
80061=TREE13
80063=TREE08
81033=TREE05
81036=TREE05
81053=TREE09
81061=TREE01
81063=TREE01
82027=TREE12
82028=TREE07
82033=TREE06
82038=TREE16
82045=TREE02
82047=TREE01
82052=TREE01
82053=TREE16
82061=TREE03
82062=TREE01
82070=TREE25
83029=TREE10
83032=TREE04
83038=TREE07
83048=TREE15
83049=TREE07
83050=TREE17
83053=TREE10
83069=TREE18
83070=TREE11
84039=TREE17
84047=TREE22
84052=TREE08
84053=TREE12
84070=TREE23
84071=TREE10
84072=TREE25
85041=TREE05
85043=TREE01
86031=TREE06
86042=TREE02
87031=TREE07
87037=TREE09
87038=TREE18
87042=TREE01
87051=TREE09
88034=TREE25
88038=TREE08
88045=TREE05
89038=TREE07
89047=TREE16
90056=TREE01
90058=TREE12
91059=TREE16
91061=TREE09
91065=TREE04
92059=TREE02
93039=TREE05
93048=TREE25
93051=TREE20
93052=TREE12
93054=TREE07
94040=TREE20
94047=TREE07
94051=TREE03
95040=TREE04
97051=TREE07
99046=TREE17
99057=TREE21
104050=TREE13

[Triggers]
01000000=Nod,<none>,0 Lock+ Reveal + Lighting + Camera + Music,0,1,1,1,0
01000002=GDI,<none>,1a Create Khetana,0,1,1,1,0
01000007=GDI,<none>,1c Text,0,1,1,1,0
01000009=GDI,<none>,1d Text,0,1,1,1,0
01000011=GDI,<none>,1e Text,0,1,1,1,0
01000013=GDI,<none>,1f Text,0,1,1,1,0
01000015=GDI,<none>,1g Text,0,1,1,1,0
01000017=GDI,<none>,1h Text,0,1,1,1,0
01000022=GDI,<none>,1b Create Chief,0,1,1,1,0
01000024=GDI,<none>,1i Text,0,1,1,1,0
01000026=GDI,<none>,1k Text,0,1,1,1,0
01000028=GDI,<none>,1l Text,0,1,1,1,0
01000030=GDI,<none>,1m Text,0,1,1,1,0
01000032=GDI,<none>,1n Text,0,1,1,1,0
01000034=GDI,<none>,2a Lighting,0,1,1,1,0
01000036=GDI,<none>,2b Win,0,1,1,1,0
01000038=GDI,<none>,1J Text,0,1,1,1,0

[Units]
0=Neutral,TRACTOR,256,72,51,64,Sleep,None,0,-1,0,-1,1,0
1=Neutral,PICK,256,70,46,0,Sleep,None,0,-1,0,-1,1,0

[Waypoints]
0=43065
1=42065
2=43071
3=44079
4=31078
5=43064
6=43061
98=64086
99=65087



[Digest]
1=BcQCa13YtjtEGC/Um/s+BH48lbA=

