; Map created with FinalSun Mission Editor
; www.wagnerma.de (german+english homepage of author), finalsun.wagnerma.de (finalsun homepage, german+english), www.theonliner.de (german homepage of FRG)
; note that all comments were truncated

[COMPSAM]
TechLevel=-1

[COMPVULC]
TechLevel=-1

[ENGINEER]
TechLevel=-1

[GARADR]
Radar=no
TechLevel=-1

[GASRAY]
TechLevel=-1

[GAWEAP]
TechLevel=-1

[MEDIC]
TechLevel=-1

[MMCH]
TechLevel=-1

[NAGATE_B]
Strength=200

[VulcanGun]
Damage=20

[XEDES]
Speed=6
Immune=yes
Cloakable=no


[Preview]

[PreviewPack]

[01000018]
0=7,E1
Name=Nod Infantry Attack
Group=-1

[01000019]
0=16,7
1=11,10
Name=Assault Base

[01000024]
0=3,4
Name=Move W4

[01000025]
0=1,XEDES
Name=Primus Xedes
Group=-1

[01000026]
Max=5
Full=yes
Name=Xedes
Group=-1
House=Nod
Script=01000024
Whiner=no
Droppod=no
Suicide=no
Loadable=no
Prebuild=no
Priority=5
Waypoint=D
Annoyance=no
IonImmune=no
Recruiter=no
Reinforce=no
TaskForce=01000025
TechLevel=0
Aggressive=no
Autocreate=yes
GuardSlower=no
OnTransOnly=no
AvoidThreats=no
LooseRecruit=no
VeteranLevel=1
IsBaseDefense=no
OnlyTargetHouseEnemy=no
TransportsReturnOnUnload=no
AreTeamMembersRecruitable=no

[01000033]
Max=5
Full=yes
Name=Infantry Force
Group=-1
House=Nod2
Script=01000019
Whiner=no
Droppod=no
Suicide=no
Loadable=no
Prebuild=no
Priority=5
Waypoint=B
Annoyance=no
IonImmune=no
Recruiter=no
Reinforce=no
TaskForce=01000018
TechLevel=0
Aggressive=no
Autocreate=yes
GuardSlower=no
OnTransOnly=no
AvoidThreats=no
LooseRecruit=no
VeteranLevel=1
IsBaseDefense=no
OnlyTargetHouseEnemy=no
TransportsReturnOnUnload=no
AreTeamMembersRecruitable=no

[AITriggerTypesEnable]
041CFAE0-G=yes
074AC080-G=yes
074ADF20-G=yes
074B3330-G=yes
075A52F0-G=yes
075A53F0-G=yes
075A5EC0-G=yes
07CC6030-G=yes
07CC6140-G=yes
07CC6250-G=yes
07CC6360-G=yes
07CC6470-G=yes
07CC6580-G=yes
07CC66F0-G=yes
07CC6800-G=yes
07CC6AD0-G=yes
07CC6BE0-G=yes
07CC6CF0-G=yes
07CC6E00-G=yes
07CC6F10-G=yes
07CC7690-G=yes
07CC77A0-G=yes
07CC78B0-G=yes
07CC79C0-G=yes
07CC7AD0-G=yes
07CC7BE0-G=yes
07CC7CF0-G=yes
07CC7E00-G=yes
07CC7F10-G=yes
07CDB770-G=yes
07D5E8A0-G=yes
07D70470-G=yes
07D70D20-G=yes
07E30560-G=yes
07E30660-G=yes
07E57AE0-G=yes
07E8B210-G=yes
07E8B310-G=yes
07E8B410-G=yes
07E8BB50-G=yes
07E8BC50-G=yes
07E8BD50-G=yes
07E8BE50-G=yes
07E8C9B0-G=yes
07E8CAB0-G=yes
07E8CBB0-G=yes
07E8CCB0-G=yes
07EA53C0-G=yes
07EA54C0-G=yes
07ECC040-G=yes
07ECC2E0-G=yes
07ECC580-G=yes
07ECC820-G=yes
07EF8A30-G=yes
07EF8B30-G=yes
07F232E0-G=yes
07F26720-G=yes
07F3D830-G=yes
07F3EC20-G=yes
07F3EE20-G=yes
07F3EF20-G=yes
07FC4E50-G=yes
07FC5110-G=yes
07FC53B0-G=yes
07FC5650-G=yes
080AB180-G=yes
080C70E0-G=yes
080C71E0-G=yes
080CF120-G=yes
080CF220-G=yes
080D0120-G=yes
080D0220-G=yes
080D0320-G=yes
080D0420-G=yes
080D0520-G=yes
080D0620-G=yes
080D0720-G=yes
080D0820-G=yes
080D0920-G=yes
080D0A20-G=yes
080D0B20-G=yes
080D0C20-G=yes
080D1120-G=yes
080D1220-G=yes
080D1320-G=yes
080D1420-G=yes
080D1520-G=yes
080D1620-G=yes
080D1720-G=yes
080D1820-G=yes
080D1920-G=yes
080D1A20-G=yes
080D1C20-G=yes
080D1D20-G=yes
080D1E20-G=yes
080D1F20-G=yes
080D2120-G=yes
080D2220-G=yes
080D2320-G=yes
080D2420-G=yes
080D2520-G=yes
080D2620-G=yes
080D2720-G=yes
080D2820-G=yes
080D2920-G=yes
080D2C20-G=yes
080D2D20-G=yes
080D2E20-G=yes
080D2F20-G=yes
080D3520-G=yes
080D3620-G=yes
080D3720-G=yes
080D3920-G=yes
080D3A20-G=yes
080D3B20-G=yes
080D3C20-G=yes
080D3D20-G=yes
080D3E20-G=yes
080D3F20-G=yes
080D4120-G=yes
080D4220-G=yes
080D4320-G=yes
080D4420-G=yes
080D4520-G=yes
080D4620-G=yes
080D4720-G=yes
080D4820-G=yes
080D4D20-G=yes
080D4E20-G=yes
080D4F20-G=yes
080D5120-G=yes
080D5220-G=yes
080D5320-G=yes
080D5420-G=yes
080D5520-G=yes
080D5620-G=yes
080D5720-G=yes
080D5820-G=yes
080D5920-G=yes
080D5A20-G=yes
080D5B20-G=yes
080D5C20-G=yes
080D5D20-G=yes
080D5E20-G=yes
080D5F20-G=yes
080D6120-G=yes
080D6220-G=yes
080D6320-G=yes
080D6420-G=yes
080D6520-G=yes
080D6620-G=yes
080D6720-G=yes
080D6820-G=yes
080D6920-G=yes
080D6A20-G=yes
080D6B20-G=yes
080D6C20-G=yes
080D6D20-G=yes
080D6E20-G=yes
080D6F20-G=yes
080D7620-G=yes
080D7720-G=yes
080D7820-G=yes
080D7D20-G=yes
080D7E20-G=yes
080D7F20-G=yes
080D8620-G=yes
080D8920-G=yes
080D9320-G=yes
080D9420-G=yes
080D9520-G=yes
080DA220-G=yes
080DA320-G=yes
080DA820-G=yes
080DA920-G=yes
080DAE20-G=yes
080DAF20-G=yes
080DBB20-G=yes
080DBC20-G=yes
080DDBE0-G=yes
080DF140-G=yes
080E2360-G=yes
080E8920-G=yes
080E8A20-G=yes
080E8B20-G=yes
080E8C20-G=yes
080E8D20-G=yes
080E8E20-G=yes
080E8F20-G=yes
080F9470-G=yes
080FB470-G=yes
08440550-G=yes
08440650-G=yes
08440750-G=yes
08440850-G=yes
08440950-G=yes
08440AE0-G=yes
084712B0-G=yes
08471C20-G=yes
08472A20-G=yes
08472B20-G=yes
08472C20-G=yes
08472D20-G=yes
08472E20-G=yes
08472F20-G=yes
084756C0-G=yes
084EF620-G=yes
084EF720-G=yes
084EF820-G=yes
084EF920-G=yes
084EFA20-G=yes
084EFB20-G=yes
084EFC20-G=yes
084EFF20-G=yes
084F0A20-G=yes
084F0B20-G=yes
084F4130-G=yes
084F4230-G=yes
084F7D20-G=yes
08500120-G=yes
08507720-G=yes
085696F0-G=yes
0856AD20-G=yes
0856AF20-G=yes
085940B0-G=yes
085944D0-G=yes
085945B0-G=yes
085945D0-G=yes
085946B0-G=yes
085947B0-G=yes
085948B0-G=yes
085949B0-G=yes
08594AB0-G=yes
08595620-G=yes
08595720-G=yes
08595E20-G=yes
08595F20-G=yes
08596050-G=yes
08596350-G=yes
08596450-G=yes
08596550-G=yes
08596650-G=yes
08596750-G=yes
08596850-G=yes
08596B20-G=yes
08596C20-G=yes
08596D20-G=yes
08597420-G=yes
08597520-G=yes
08597720-G=yes
08597820-G=yes
08597920-G=yes
08597A20-G=yes
08597B20-G=yes
08597C20-G=yes
08597D20-G=yes
08597E20-G=yes
085980D0-G=yes
085981D0-G=yes
085982D0-G=yes
085983D0-G=yes
085984D0-G=yes
085985D0-G=yes
085986D0-G=yes
085987D0-G=yes
085988D0-G=yes
08598A20-G=yes
08598B20-G=yes
08598C20-G=yes
08598D20-G=yes
08598E20-G=yes
08598F20-G=yes
08599F20-G=yes
0859A060-G=yes
0859A160-G=yes
0859A820-G=yes
0859AB20-G=yes
0859B030-G=yes
0859B130-G=yes
0859B330-G=yes
0859B430-G=yes
0859B630-G=yes
0859B930-G=yes
0859BA30-G=yes
0859BB30-G=yes
0859BD20-G=yes
0859BE20-G=yes
0859BF20-G=yes
0859C0E0-G=yes
0859C1E0-G=yes
0859C2E0-G=yes
0859C3E0-G=yes
0859C720-G=yes
0859C820-G=yes
0859C920-G=yes
0859CA20-G=yes
0859CB20-G=yes
0859CC20-G=yes
0859CD20-G=yes
0859CE20-G=yes
0859CF20-G=yes
0859D2C0-G=yes
0859DE20-G=yes
0859DF20-G=yes
0859E070-G=yes
0859E170-G=yes
0859E270-G=yes
0859ED20-G=yes
0859F140-G=yes
0859F240-G=yes
0859F340-G=yes
0859F440-G=yes
0859F540-G=yes
0859F640-G=yes
0859F740-G=yes
0859F840-G=yes
0859F940-G=yes
0859FD20-G=yes
0859FE20-G=yes
0859FF20-G=yes
085A0320-G=yes
085A0420-G=yes
085A0D20-G=yes
085A0E20-G=yes
085A0F20-G=yes
085A10A0-G=yes
085A11A0-G=yes
085A12A0-G=yes
085A13A0-G=yes
085A17F0-G=yes
085A18F0-G=yes
085A1BF0-G=yes
085A1D20-G=yes
085A1E20-G=yes
085A1F20-G=yes
085A20A0-G=yes
085A21A0-G=yes
085A22A0-G=yes
085A23A0-G=yes
085A24A0-G=yes
085A25A0-G=yes
085A26A0-G=yes
085A2A20-G=yes
085A2B20-G=yes
085A2C20-G=yes
085A30B0-G=yes
085A31B0-G=yes
085A32B0-G=yes
085A3480-G=yes
085A3580-G=yes
085A3680-G=yes
085A3780-G=yes
085A3880-G=yes
085A3B80-G=yes
085A3D20-G=yes
085A3E20-G=yes
085A3F20-G=yes
085A4230-G=yes
085A4430-G=yes
085A4530-G=yes
085A4630-G=yes
085A4730-G=yes
085A4C20-G=yes
085A4D20-G=yes
085A4E20-G=yes
085A4F20-G=yes
085A5320-G=yes
085A5420-G=yes
085A5520-G=yes
085A5A20-G=yes
085A5B20-G=yes
085A5C20-G=yes
085A5D20-G=yes
08821CF0-G=yes
08821E00-G=yes
08821F10-G=yes
08823520-G=yes
08823630-G=yes
08823740-G=yes
08823F10-G=yes
08850F10-G=yes
08860AF0-G=yes
08860C00-G=yes
08860D10-G=yes
08B80660-G=yes
08B80760-G=yes
08BBC3E0-G=yes
08BBC4E0-G=yes
08BBCA80-G=yes
08BBCB80-G=yes
08BBCE20-G=yes
08BBCF20-G=yes
08BBE8C0-G=yes
08BBE9C0-G=yes
090EFB90-G=yes
090EFC90-G=yes
090F8D20-G=yes
090F8E20-G=yes
090F8F20-G=yes
090F9350-G=yes
090FA500-G=yes
090FA600-G=yes
090FA700-G=yes
090FC820-G=yes
090FD760-G=yes
090FD860-G=yes
090FD960-G=yes
090FDA60-G=yes
090FDB60-G=yes
090FDE20-G=yes
090FDF20-G=yes
091001C0-G=yes
091002C0-G=yes
09100F20-G=yes
09101470-G=yes
09101920-G=yes
09101A20-G=yes
09101B20-G=yes
09101D20-G=yes
09101F20-G=yes
09102140-G=yes
09102240-G=yes
09102C20-G=yes
09103A20-G=yes
09103B20-G=yes
09103C20-G=yes
09103F20-G=yes
0914DE20-G=yes
091F4720-G=yes
0930A240-G=yes
0930BDC0-G=yes
096E8480-G=yes
096E8580-G=yes
096E8880-G=yes
09798200-G=yes
097985A0-G=yes
09799C80-G=yes
09799F20-G=yes
09A92A20-G=yes
09EEBCD0-G=yes
09EF4430-G=yes
09EF4530-G=yes
09F2E320-G=yes
09F2E520-G=yes
09F2E920-G=yes
09F2EA20-G=yes
09F2EB20-G=yes
09F30210-G=yes
09F30310-G=yes
09F30410-G=yes
09F30510-G=yes
0A70E220-G=yes
0A70E330-G=yes
0A70E440-G=yes
0A70F040-G=yes
0A70F310-G=yes
0A70F420-G=yes
0A70F530-G=yes
0A70F800-G=yes
0A70F910-G=yes
0A70FA20-G=yes
0A70FCF0-G=yes
0A70FE00-G=yes
0A70FF10-G=yes
0AA34260-G=yes
0AA34360-G=yes
0AA34800-G=yes
0AA34900-G=yes
0AA34BA0-G=yes
0AA34CA0-G=yes
0AA35070-G=yes
0AA35980-G=yes
0AA35E20-G=yes
0AA35F20-G=yes
0AA36C80-G=yes
0AA36D80-G=yes
0AA4F100-G=yes
0AA50F20-G=yes
0AAC5B20-G=yes
0AF3EF10-G=yes

[Actions]
01000000=1,48,0,0.5,0,0,0,0,A
01000002=1,46,0,0,0,0,0,0,A
01000004=2,47,0,0,0,0,0,0,A,11,0,22,0,0,0,0,A
01000006=2,14,0,0,0,0,0,0,A,11,0,4,0,0,0,0,A
01000008=1,11,0,1,0,0,0,0,
01000010=1,14,0,1,0,0,0,0,A
01000012=1,17,0,2,0,0,0,0,A
01000014=1,11,0,2,0,0,0,0,A
01000016=1,11,0,3,0,0,0,0,A
01000020=1,1,0,0,0,0,0,0,A
01000022=1,2,0,0,0,0,0,0,A
01000027=5,17,0,5,0,0,0,0,A,80,1,01000026,0,0,0,0,D,17,0,6,0,0,0,0,A,11,0,32,0,0,0,0,A,53,2,01000029,0,0,0,0,A
01000029=2,11,0,33,0,0,0,0,A,19,0,158,0,0,0,0,A
01000031=2,53,2,01000014,0,0,0,0,A,53,2,01000016,0,0,0,0,A
01000034=1,80,1,01000033,0,0,0,0,B

[Basic]
Name=Calm before the Storm
Player=GDI
Percent=0
GameMode=Custom Map
HomeCell=98
InitTime=10000
Official=yes
EndOfGame=yes
FreeRadar=no
MaxPlayer=8
MinPlayer=2
SkipScore=yes
TrainCrate=no
TruckCrate=no
AltHomeCell=99
OneTimeOnly=no
CarryOverCap=0
NewINIFormat=4
NextScenario=Maps\Campaign\camp02.map
SkipMapSelect=yes
CarryOverMoney=0.000000
AltNextScenario=
MultiplayerOnly=0
IceGrowthEnabled=yes
VeinGrowthEnabled=yes
TiberiumGrowthEnabled=yes
IgnoreGlobalAITriggers=no
TiberiumDeathToVisceroid=no

[Briefing]
1=Mission 1: The Beginning@@
2=Intelligence has revealed a small fanatical group responsible for the recent uprisings calling themselves the"Black Hand".
3=The United Nations general assembly has called for a swift and promptly end to these terrorists and their cause.
4=We cannot afford to lose our new world order to such extremest ideals.@@
5=Objective: Eliminate all remnant Black Hand terrorists.

[CellTags]
61074=01000028
61075=01000028
62074=01000028
62075=01000028
63074=01000028
63075=01000028
64074=01000028
64075=01000028
65074=01000028
65075=01000028
66074=01000028
66075=01000028
67074=01000028
67075=01000028
68074=01000028
68075=01000028
69074=01000028
69075=01000028
70074=01000028
70075=01000028
71075=01000028

[Events]
01000000=1,13,0,5
01000002=1,13,0,0
01000004=1,13,0,50
01000006=1,4,0,0
01000008=1,13,0,10
01000010=1,4,0,0
01000012=1,13,0,0
01000014=1,13,0,10
01000016=1,13,0,30
01000020=1,11,0,1
01000022=1,11,0,0
01000027=1,1,0,0
01000029=1,13,0,18
01000031=1,5,0,1
01000034=1,13,0,20

[Extra1]
IQ=5
Edge=North
Side=Extra1
Color=Gold
Allies=Extra1
Credits=0
ActsLike=4
NodeCount=0
TechLevel=10
PercentBuilt=100
PlayerControl=no

[Extra2]
IQ=5
Edge=North
Side=Extra2
Color=Red
Allies=Extra2
Credits=0
ActsLike=5
NodeCount=0
TechLevel=10
PercentBuilt=100
PlayerControl=no

[Extra3]
IQ=5
Edge=North
Side=Extra3
Color=Grey
Allies=Extra3
Credits=0
ActsLike=6
NodeCount=0
TechLevel=10
PercentBuilt=100
PlayerControl=no

[Extra4]
IQ=5
Edge=North
Side=Extra4
Color=LightGold
Allies=Extra4
Credits=0
ActsLike=7
NodeCount=0
TechLevel=10
PercentBuilt=100
PlayerControl=no

[Extra5]
IQ=5
Edge=North
Side=Extra5
Color=Gold
Allies=Extra5
Credits=0
ActsLike=8
NodeCount=0
TechLevel=10
PercentBuilt=100
PlayerControl=no

[Extra6]
IQ=5
Edge=North
Side=Extra6
Color=Red
Allies=Extra6
Credits=0
ActsLike=9
NodeCount=0
TechLevel=10
PercentBuilt=100
PlayerControl=no

[Extra7]
IQ=5
Edge=North
Side=Extra7
Color=Grey
Allies=Extra7
Credits=0
ActsLike=10
NodeCount=0
TechLevel=10
PercentBuilt=100
PlayerControl=no

[Extra8]
IQ=5
Edge=North
Side=Extra8
Color=LightGold
Allies=Extra8
Credits=0
ActsLike=11
NodeCount=0
TechLevel=10
PercentBuilt=100
PlayerControl=no

[GDI]
IQ=0
Edge=North
Side=GDI
Color=Gold
Allies=GDI,Neutral
Credits=5
ActsLike=0
NodeCount=0
TechLevel=1
PercentBuilt=100
PlayerControl=yes

[Houses]
0=GDI
1=Nod
2=Neutral
3=Special
4=Extra1
5=Extra2
6=Extra3
7=Extra4
8=Extra5
9=Extra6
10=Extra7
11=Extra8
12=Nod2

[Infantry]
0=Neutral,E2,128,70,100,0,Guard,64,01000007,0,-1,0,1,0
1=GDI,E1,256,36,62,1,Guard,64,None,0,-1,0,1,0
2=GDI,E2,256,33,52,0,Area Guard,64,None,0,-1,0,1,0
3=Neutral,E1,92,69,102,0,Guard,64,01000007,0,-1,0,1,0
4=Neutral,E1,89,68,99,1,Guard,64,01000007,0,-1,0,1,0
5=GDI,E1,256,31,49,0,Area Guard,64,None,0,-1,0,1,0
6=Nod,E1,256,84,69,0,Area Guard,64,None,0,-1,0,1,0
7=Nod,E1,256,84,67,0,Area Guard,64,None,0,-1,0,1,0
8=Nod,CYBORG,256,78,49,0,Area Guard,64,None,0,-1,0,1,0
9=Nod,E3,256,94,71,0,Area Guard,64,None,0,-1,0,1,0
10=Nod,E3,256,93,72,0,Area Guard,64,None,0,-1,0,1,0
11=Nod,E1,256,46,32,0,Area Guard,64,None,0,-1,0,1,0
12=Nod,E1,256,44,32,0,Area Guard,64,None,0,-1,0,1,0
13=Nod,E1,256,43,30,1,Area Guard,64,None,0,-1,0,1,0
14=Nod,E3,256,64,67,0,Guard,64,None,0,-1,0,1,0
15=Nod,E1,256,64,64,0,Guard,64,None,0,-1,0,1,0
16=Nod,E1,256,64,69,0,Guard,64,None,0,-1,0,1,0
17=Nod,E1,256,61,38,0,Area Guard,64,None,0,-1,0,1,0
18=Nod,E1,256,58,41,0,Area Guard,64,None,0,-1,0,1,0
19=GDI,E1,256,27,58,0,Guard,64,None,0,-1,0,1,0
20=Neutral,CIV4,256,41,25,0,Guard,64,None,0,-1,0,1,0
21=Neutral,CIV4,256,21,40,2,Guard,64,None,0,-1,0,1,0
22=Neutral,CIV3,256,48,16,0,Guard,64,None,0,-1,0,1,0
23=Neutral,CIV6,256,55,16,1,Guard,64,None,0,-1,0,1,0
24=Neutral,CIV8,256,42,25,0,Guard,64,None,0,-1,0,1,0
25=Nod,E3,256,50,17,0,Area Guard,64,None,0,-1,0,1,0
26=Neutral,E1,113,63,97,0,Guard,64,01000007,0,-1,0,1,0
27=Neutral,E1,256,63,99,1,Guard,64,01000011,0,-1,0,1,0
28=Neutral,E1,256,69,97,1,Guard,64,01000011,0,-1,0,1,0
29=Neutral,E1,256,66,103,0,Guard,64,01000011,0,-1,0,1,0
30=Neutral,E3,256,71,97,1,Guard,64,01000011,0,-1,0,1,0
31=Nod,E1,256,46,34,0,Area Guard,64,None,0,-1,0,1,0
32=Nod,E1,256,62,63,0,Guard,64,None,0,-1,0,1,0
33=Neutral,CIV6,256,63,71,1,Stop,64,None,0,-1,0,1,0
34=Neutral,CIV3,256,70,75,0,Stop,64,None,0,-1,0,1,0
35=Nod,E1,256,52,14,0,Area Guard,64,None,0,-1,0,1,0

[IsoMapPack5]
1=Jg8AIAswAAEAXQIAAAAFAC8AAlwASwAFADBJAVx3AQUAMUkBn6sBLgADVANIAGwFJykAMF
2=QCJ64AAwDNBTJUAssBLQAETAZLAAUALkkBXbEJL0kBVakBMEgBzQUxKCkAMkoBOQGZBjPI
3=AQEBBQAsQBVMAn0VLSgpAC5IAc0QL0gB0QkwKCkAMSgpADJIASdeAQUAaAFdCjTUAgMCBQ
4=ArAAaEDEUCLEgB3RUtSAHdFS5IAckMLygpADAoKQAxKCkAMkgBaAxRCTPIAZUNBoAPVQ01
5=VALTCSoAB+EPKygpACxIAc0bLUgBzQUuKCkALygpADAoKQAxKCkAMkgBJw0CB4APjBCoAY
6=0QB/02NkwFywwpAAj5ESpIAd0gK0gB3SAsSAHNBS0oKQAuKCkALygpADAoKQAxKCkAMkgB
7=J2UCCChkAqgBhRMIKGQCJykAN1gGww8oAAnxFCkoKQAqSAHNJitIAc0FLCgpAC0oKQAuKC
8=kALygpADAoKQAxKCkAMkgBJ70CCSi8AqgBnxUJAGC1WjZNBVipATcoKQA4SQFatwInAArp
9=FygoKQApSAHJLSpIAckXKygpACwoKQAtKCkALigpAC8oKQAwKCkAMSgpADJIAScVAwooFA
10=OoAZQYJ2UCNk0F81gUQUY3yAFBBDjJAQNcZ8gBAwQFACYAC0QFSwAFACcoKQAoKCkAKUgB
11=2TIqSAEnbQML7TwsKFUALUkBUKElLsgBTRAvSAHZBjAoKQAxKCkAMkkBS/aGCwBoAVkGNN
12=QCSRc1SAFgGgEFBQA2yAEBBgUAN8gBAQcFADjJAQhuGwsAbAUBCQUAOlUCXrsRJQAMTBxI
13=AGQeJykAJ1QC3TYoSAHJZClIAd0VKigpACsoKQAsKCkALUgBZB5RFC7IAV0rL0gBxQgwKC
14=kAMSgpADJIAXgcQTAzyAFNGzTIAU0bNcgBTRs2SAFhGgtkHifpAjhUAlgZbao5SAHVGDpI
15=AcEPO0gBwxokAA2IBV2ZJSgpACZIAdkGJ0gB2QYoKCkAKSgpACooKQArKCkALCgpAC0oKQ
16=AuKCkALygpADAoKQAxKCkAMkgBfCBdNjPIAV02NMgBAQoFADXIAVEfNkgBmBh8ICdBAzhU
17=AtUYOUgB1Rg6KCkAOygpADxJAVa/QSMADowJSSIkKCkAJUgB0QkmSAHRCScoKQAoKCkAKS
18=gpACooKQArKCkALCgpAC0oKQAuKCkALygpADAoKQAxKCkAMkgBdCMBDAUAM8gBAQ0FADTJ
19=AQ53Iw4AX6EaNlQChBp0IydtAzhUAtF3OUgBwRo6KCkAOygpADwoKQA9SAHPRyIAD5gKQS
20=UjKCkAJEgBwSUlSAHdCiYoKQAnKCkAKCgpACkoKQAqKCkAKygpACwoKQAtKCkALkgB1bIv
21=KCkAMCgpADFIAcG0MkgBJ50UDyicFKgBWXQ1QATJIjZIAdkcNygpADhIAcEaOSgpADooKQ
22=A7KCkAPCgpAD0oKQA+SAHfTCEAEPknIkgBxRMjyAFVnCTIAUUTJUgBwQ8mKCkAJ0kBTa08
23=KMgBWQYpSAHNBSooKQArSAHBJSxIAcEELUgB2REuSQEGpa0vyAFRCTDIAU0QMcgBUZgySA
24=HdFTPIAU0FNMgBTQU1SQFPpRM2yAFBBDdJAU61AjjIAVUCOUgB2RE6KCkAOygpADxIAdkc
25=PcgBWQY+SAHJFz9IAYgpAgUAIAARhAFNUiEoKQAiSAHdFSPIAUUIJMgBXRUlSAHNECYoKQ
26=AnSAFgD0EEKMgBUR8pSAHNBSpIAdFLK0gBhA8iTisRACXRIC1UAsEELkgBfCtdui/IAV26
27=MMgBXboxyAFdujJIAd0VM8gBXRU0yAFZETVIAXwrSQE2yAFFEzdIAXwrVQI4yAFVAjlIAd
28=0VOigpADsoKQA8SAHZHD3IAVkGPkgBJ3wFJ1EFQFUCKnwcAgQAHwASYAF5zCAoKQAhSAHZ
29=fyJIAdUYI8gBVRgkyAFRFCVJATipTiYoKQAnKCkAKCgpAClJAUOtBSrIAVEJK8gBUQksyA
30=FJFy1IAd0KLigpAC8oKQAwKCkAMSgpADJJAT6pDDPIAUkMNMgBSQw1SAHFKTYoKQA3KCkA
31=OCgpADkoKQA6SQFYuV47KCkAPCgpAD0oKQA+SAHBRj9IAYMsBQBASAHVLkFIAZQCAgQAHg
32=AThAFNXR8oKQAgSAHBMCFIAd0VIkgBJy0GE+2fJNQCTRslSQE4UB9FHiYoKQAnKCkAKCgp
33=AClIAWwxSVkqyAFJWSvIAUlZLMgBSVktSAHdCi4oKQAvKCkAMCgpADEoKQAySAFsMVU5M8
34=gBVQ00yAFVDTVJAVixKjYoKQA3KCkAOCgpADlIAdEqOkkBMncmBAA7SQErqQE8KCkAPSgp
35=AD4oKQA/KCkAQEkBLrkGQUgBZAEBAAQAQigrAB0AFJACWTIeKCkAH0gB2TIgSAHZMiEoKQ
36=AiSAEnhQYUKIQGqAGHNBQAOEQ0SQEmTAXJAScoKQAoKCkAKUgBZDQBCAUAKskBCSImPBQA
37=dQIKbJSoAQELBQAtQATRCS4oKQAvKCkAMCgpADEoKQAySAFkNFk9M8gBWT00yAFBDzVIAY
38=AhImQuJ0kEN1UCgr02OEgBzTE5SAHNMTpIAd0rO0gBgwQDADxIAYMEAwA9KCkAPkkBM28M
39=AwA/SQF8fQoEV2UUAHSpAUFUAskBQigpAENJAXajBBwAFXwHcZgdKCkAHigpAB9IASVNIC
40=BIASfdBhUmjTMiVAIn3QYVKNwGqAFRNSVABNkGJigpACcoKQAoKCkAKSgpACpJAVdwFHw2
41=J5ECLFQC2UgtSQFVoQQuSQFbqQEvSQEWVERdeDBJAWG1AjFIAdEJMkkBREAEWVMzyAFNBT
42=TIAV0VNUgBjCJ9NhWEAU0FN1QCjzEEADhIAcU0OUgBhwQEADooKQA7SAGYlXw2xAh8Nicp
43=AD5BBCh8Bn82FQB/cBR/NhUAcqkBQUAEyQFCKCkAQygpAERJAXavBRsAFiGAS1cJBAAcSA
44=FAAbU5FoQBSRceKFUAH0gBJzUHFuk4IVQCxTQiSAEnNQcWKDQHqAFVIyVABM0FJigpACco
45=KQAoKCkAKSgpACooKQArSQFVaBd0cCcNAi1VAla1Ai5JARZENEGeL8gBQZ4wyAFdbTFJAW
46=KtBTJIAXQ5nqQWAGgBWQY01AJZBjVIAYAhdTkWhAFJIjdUAoQ0dDnXAgQAOVQChAR3ORYA
47=Mm0BA16kFgCYPXc5FgCgtQI9TQWaqQE+SQEvqQE/SAHBckBIAcE7QUkBd3wVfqQWAMkBQ1
48=UCcrUCREkBdakBRUgBbAlPqhoAF4QBAQAFABsoKQAcKCkAHSgpAB4oKQAfSAEnjQcXKIwH
49=JykAIkAEJ40HFyiMB6gBjDwnrQAmTAXZPScoKQAoKCkAKSgpACpJAVh0GGZ2FwDJASwoVQ
50=AtKCkALkgBJ8YOFwB4PUG0MFQCaAFBtDHIAUG0MkgBYDtFPzPIAYWtF5g9hK0noQQ2QASQ
51=JiKvNxcAMWwBbTwXWLxMAWw8zAVtPBdUw1QCbDzUAmw8UB9RAgBndhcAmakBPvwKZnYXAN
52=k9QFQC1bJBKCkAQkgB0UBDSQF7ayIEAERIAdk9RUgB1bJGSQF2owQZABhtDQBZPRooKQAb
53=KCkAHCgpAB0oKQAeKCkAH0gBJ+YHGAAigCxRCSFUAmgBVZwiSAEn5QcYKOQHqAGFPxjhRi
54=ZMBSfkBydVACgoVQApSAElVSEqSAGMF2Q/JxUDLChVAC0oKQAuKCkAL0gBzeEwSQEWTX4O
55=IoVeGJ5BDwVFcBiMPElDM0AEcEBJQzTIAUlDNUgBwQ82SQGAZClnPxgAdqkBOFQCwX05SA
56=GMBWU/GCjnBxgAoHgCZz8YAJapAT1MBSfkB8AaZD8nrQBAQQSYrQVBSAHFgUJIAd26Q0gB
57=J+YHGAAn5AcnKQBGQATVAkdIAZ0VBEIBGQCHCAQAGUQAZAwBAAUAGigpABsoKQAcKCkAHS
58=gpAB4oKQAfSAEnPQgZnEFNPCFUAnxBSaYiSAEnPggZAGgBVkQkAKgBTQUlSAHRQCYoKQAn
59=KCkAKEkBVqktKUgB3RUqKCkAKygpACwoKQAtKCkALigpAC8oKQAwSAHVOTFJAXqpDDJIAX
60=BAh4EZACBARlUjNFQCaAFJFzVJAQBgAHW9GWEBAEEEN1UCgaUIOEgBJzwIwAR9QRkoPwgZ
61=AKNgB31BGSg8CCcpAD5ECMU/P0gBwUZAKCkAQUkBnaUIQkgBlzkDAENIAdnBREgBzcBFSA
62=HRQEYoKQBHSAHZwUhIAWwJWcEXWEDJARhIAZwKdUQakAJZHBpUAowBfMUnVQAcKFUAHSgp
63=AB4oKQAfSAEnlQga+X8hVALFPyJJATmpLSPIAUktJMgBlEQn2QAmVALZBicoKQAoSAEnlA
64=gnZQIqVALdFSsoKQAsSQEyeQIESrYaAJmrBEDwJykAL0AE1QIwSAGFrQREvSddATJUAnRE
65=l4YaACBJFwMibFCpAQQibFCpAQV0RCfZADdZBgBgACLNXBq8QXzFwAR1RBpYDEQEfcUaVB
66=OJATxZBp9EAZ3FGuFGPlQCyUM/KCkAQEgB2YpBSAF0BlkGQkgBwcpDSAGNGwNexRoAjxsD
67=AEVUAs1HRkkBcmtZBABHSAEnlAgnkQJJVAKfCgQAFiHZIAlSHwEEUcwbkAJZSBhUApQNbU
68=cb/SsaVAKVDQRAAc8FBQAcUAGfBgUAHSgpAB4oKQAfSAElqUcgSQFYZxMFACEoKQAiSAEn
69=7ggbAGgBjEeoAY1HG+lOJkwFJ+wIJ1UAKFQCJ+wIJ2UCKlQCxRMrSQEybwEEACxJAS6pAS
70=1IASOgMG5HGwAjwSkEX/YbAFdzFAQAMEAEzWgxSAF0Bk1oMigpADNJASBYJ1GNNMkBB2xH
71=Jw0CNlQCwQ83SAGcNiKtIRtWVQAASS05VAJAAWkBOigpADtIAYiQZIxYHGQEIq0hGyjsCC
72=cpAD9MBdlIQCgpAEFIAcmQQigpAENIAd3QREgBjDxtRxv5SEZUAtlIR0kBeb0gSEgBaBBd
73=FUkoKQBKSQFgewIIABVYQHlIBGZKHABpAQVkSqkBBm3WHGQFeRwZTAWNAQRZUBzl2Rv0Am
74=RKzAVkSicpAB4ogQAfKCkAICgpACEoKQAiSAF4SFE1I8gBCAEFACQAHAA5AQAAEQAAGRAA
75=IA8CBQAlABwAnwIAAAAFACYAHADJAScoKQAoSQFWoQQpSAFEBW0FKigpACtJASp7AgQALE
76=kBXW8FBAAtSAGTCQQALigpAC9IAZMJBAAwSQEvuQYxSQErqQEyKCkAM0oBigFbAgQANMgB
77=AQEEADVIAc0FNkkBLlwDAQAEADdIAWQBSQE4KCkAOUkBonsCBAA6SAFkAUEEO0gBnxUDAD
78=xJAaN7AgMAPUkBlqkBPigpAD8oKQBAKCkAQSgpAEJJAZu5BkNJAZmpAURIAWQBAQADAEVI
79=AZscAwBGSQEzewIDAEdIAWQBWRFIKCkASSgpAEpJAWBEBAEBCABLSAFEAQUAAAgAFAAdAN
80=wrAhUAHQBXqS0WSQEJQCUBCQQAF8gBAQoEABjIAQELBAAZSAGHCAQAGkgBmxEEABtIAcUp
81=HEgBhRMEQQEdiAVdQR5QAY8BBQAfKCkAICgpACEoKQAiSQE5TBBZBiPIAQEBBQAkyQECf0
82=wdAFh8FXxMJykAJ0AE1QIoSQFaoQQpSAHBDypJATJvAQQAK0gB2T0sSQFcbAV8TNAJfUwd
83=v1cEAC9ABNVPMEkBW60FMUgBbAlVLjIoKQAzSQEcaBd+TB0AaAGcTN8gBAA2QATZBjdJAa
84=BvAQQAOEkBmKkBOUgBjEd/TB0AnrUCO1UCMWgBfUwdQGJMAX5MHQDJTj5ABM1HP0gBhwgD
85=AEAoKQBBSQGdVAYBAAMAQkgBZAFJAUNJAZ9vAQMAREkBmqkBRUgBZAFBBEZJAShsAXxMJx
86=UDSFQCcAJRH0koKQBKSQFeeAJ8TM8FCABMVAJwAktOEwAehAFZBhRIAdUuFUgB3SsWSAHd
87=KxdIAWFRDnZPHgBpAQ93Tx4AFFwrUSoaQARpAQJ0TyddARxUAs1SHUgBzVIeKCkAH0gB2V
88=MgSAGfEQUAISgpACJJATVvPAUAI8gBlk8eAHQClE/UDXRPJykAJ0wF0QkoSAHdTClIAc0Q
89=KkgByU4rSQFhaQwEVpweAIVVBFA60Al3Tx4AYKEEL0wFwQQwSAGLDAQAMSgpADIoKQAzSA
90=FoTkkiNMkBA3ScJ10BNlUCpGgIdpweAIBGdE8nKQA5QAScjnRPJ9kAO1QCdAZdNjxIAcFR
91=PUkBLXsCAwA+SAFkAUFGP0gBxUpASAGTCQMAQUgBwQRCKCkAQ0gB3VdESAHZU0VJASxwBX
92=WcHky7TAF0Tyc5AkhABE0CAFkRSSgpAEpIAXRPlJzMBXRPJykATUAEmwYIABJRkF29KxNJ
93=AVWpARRIAcFRFUgBzcsWSAGYBmWiH4QBQQ8YVAJ1TwZtUh+NUgdkoqkBCGxSqAFBqRxMBZ
94=wGZKInBQEeKFUAH0gB0VYgSAHBRiEoKQAiKCkAIygpACQoKQAlKCkAJigpACcoKQAoSAHV
95=TylIAdkRKigpACsoKQAsKCkALSgpAC4oKQAvKCkAMCgpADFJAdFjCwQAMsgBWXQzSQHetQ
96=I0yAFVAjVJAdW1AjbIAVUCN0gBcAJdKzgoKQA5SQGheAJsUif5BDtUAtWnPEgBhZcERu8f
97=AN3xPlQCgwQDAD9IASdGFB8AyQFBVAKQrmaiHwCHCAMAQ1QCcA1JWUQoKQBFSAHZoEZIAY
98=EEBETvJzkCSChVAEkoKQBKSQFfcAVkoswFbVIfXH5bAggATUEEMEQBUaNOSAFkAQQACQAR
99=ACAA2VMSSAHNUhMoKQAUKCkAFUkBTr1XFsgBRSkXSAGQCXWnIJhTjPepAQxkVakBDWRVqA
100=FFrRxZBtJcBkUIHUkBBEStTTEeyAFVAh9IAVwDaW8gKCkAISgpACJJATO5ESPIAVkGJMgB
101=QZMlSAHFCCYoKQAnKCkAKCgpACkoKQAqKCkAK0kBBUQTUQksyAFVnC1JAftgC3anIABoAU
102=EPL1UC81QCTQUwyAFNBTHJAQRmVSAAcFZVAjNUAmRVTQU0yAFVAjVIAWRVVQI2yAFVAjdI
103=AWjSSQw4SAFEDGkiOUgBnJlmVSAAk0sEADtUAotOBAA8SAGUnGVVICilCiD5+D9ABIwFbf
104=cgKKUKIKy1ZlUgAIQIZVUguEhv9yAAKXAQIo0oIOmmRlAJcAJJOEcoKQBIKCkASUkBV0QE
105=SaZKSAFkVUkBS0gBUAIijShMSAGYXmVVIJACWVNOVAKPAQkATygpABBQ6NFWEUgB0VYSKC
106=kAEygpABQoKQAVSAF8V10rFsgBXSsXSAElRSoYSAGUDWWtIf1iGlQCwQQbSAFwVkUIHMgB
107=RQgdSAF8V008HsoBBQRKbCEAdAJZtiDUAlm2IUkBTERKQQQiyAFBBCPIAUEEJMgBXbolyA
108=FduiZJAfprEwQAJ8gBXUEoyAFZESlIAWRVTRAqyAFJDCvIAUkMLMgBSQwtSAFwVlkGLsgB
109=VRgvSAF8V0EEMMgBTRAxyAFNEDJIAWgQTTwzKCkANCgpADUoKQA2SQEJWBxZETfIAVkROM
110=gBWRE5SAHRCTpIAclZO0gBiE59VyGcA1UNPVQCJ6QV1AJlrSHpWUBABJgGdf8h5VVCVQIp
111=bAh9VyHlVURUAov+BABFSAGDBAQARkgBI4AhZK3LDAQASFQCcFYBAggAScgBAQMIAEpIAX
112=gKQalLSAGQCWStyAx/VyEAfGOTCQBOQQR0qQFPSQF2qQFQSAGECAIJAA8AIv1MEEgByVkR
113=KCkAEigpABMoKQAUKCkAFSgpABYoKQAXKCkAGEgBJdkhGUgByQwaSAEl2SEbSAGbEQQAHC
114=gpAB0oKQAeKCkAH0gBdloKBFlxIoBcVb0hVAJ0WlUCIsgBVQIjyAFNwCTIAU3AJcgBTcAm
115=SAF0WlVPJ8gBQUYoyAFBRilIAXRaQVEqyAFBUStIAd0VLCgpAC0oKQAuKCkALygpADAoKQ
116=AxKCkAMigpADMoKQA0KCkANSgpADYoKQA3SQEJQFxZETjIAVEfOcgBUR86SAHRFDsoKQA8
117=KCkAPUgBJXkrPkkBKXAFdVoi+atAKFUAQUgBjPd1siJkBW3AQ1QCjwEEAERIAZSndFrBBA
118=VVWiKgv3Ra1AJ3WiIAYHwGdFrUAnVaIqBnIv0gIrRldFrDBAkATUkMe71XTkkBcqkBTygp
119=AFBIAc1dUSgrAA4AI+FcD0gB1U8QKCkAESgpABIoKQATSAEjhz0EABRIAdkGFUkBTWMPBA
120=AWyAFZoBdIAcEEGCgpABkoKQAaKCkAG0gB0WEcSAHduh1IAWQiUY0eSAHNyx9IAc0FICgp
121=ACFIASXhOCJIAXpeEARCASMAaAEBEQQAJFABaAEBEgQAJUgB3QomKCkAJygpACgoKQApKC
122=kAKigpACsoKQAsKCkALSgpAC4oKQAvKCkAMCgpADEoKQAySQGAuSczSAGQNSL2QCMAyQE1
123=VAKMlCL1QCOEF0kiN1QCjAEi/zYjAAlYXlF3OVQCaQEPIgciIwAVVAJNMTtUAs0FPCgpAD
124=0oKQA+KCkAPygpAEBIAYOpBABBSQEpawgEAEIoKQBDSAHBtERIASUJM0VIASUJM0ZIASXV
125=MUdJAaKlCEhIAW1dAWxdwBpuXSMAlGVsXdcCCQBMTAXZtk1IAcFcTigpAE8oKQBQKCkAUS
126=gpAFJJAXV/KwkADVhAaBBZJw5IASX9QQ9IAcVVECgpABEoKQASSAElCT4TSAHFCBRJAWB/
127=CgQAFUgBZGBN9xbIAVWnF0gB3QoYKCkAGSgpABooKQAbKCkAHEgB0WwdSQFZqQweSAHVAh
128=9IAd0KIEgBxRMhSAHFEyJJATlEP1kcI8gBUUAkyAFRFCVIAc0FJigpACcoKQAoKCkAKSgp
129=ACooKQArKCkALCgpAC0oKQAuKCkALygpADAoKQAxSQGmcxAEADJJAampATNJAX+lHjRJAX
130=epATVJAXmpATZIAWgFTRs3KCkAOCgpADlJARVQH0EwOsgBWdc7SAHZBjwoKQA9KCkAPigp
131=AD9IAdleQEgBiLxlYCSCCAAFRGAnKQBDQAQjFCR0vdQCd70kAKB0BSIPIyQAnKkBR0wFI0
132=Akdr0kACK1LQBkYNgGZWAkKAUMJCa1IkxYBtleTUgBiCIiDiMkANUCT1QCyQFQSAHBBFEo
133=KQBSSAGbJwkAU0gBdBEBAAkADEGhOEAlRSkNKCkADigpAA8oKQAQSQFDrQURyAFFShLIAU
134=VKE8gBVS4USAHdChUoKQAWKCkAFygpABgoKQAZKCkAGigpABsoKQAcKCkAHSgpAB4oKQAf
135=KCkAICgpACEoKQAiSQE6tRgjyAFVGCTIAVUYJUkBQqEEJsgBQQQnyAFBBCjIAVkcKUgBhS
136=kEVfklhAFFKSsoVQAsKCkALSgpAC5KAf//WwUEAC9JAa1EAVkGMMgBVQ0xSQGydwIAADJI
137=AXxiRV8zyAFBDzRJAa5gBCJmTyUAYARFCDZVAoJABUkBN0gBfANJATgoKQA5SAF9YgZlwy
138=WFwwcibDqpAQgibC8nFQM9TAXFCD4oKQA/SAGDtAQAQEgBgQQFRMPYBn1iJUwWXwIEAENA
139=BMG/REgBTAIibSRFSAElJUdGSQFWewIIAEfIAVnBSEgBfGJJAUlJAaWhBEpIAYAPZsMlAJ
140=yDZ8MlAHVkHiIUJMwQfmIlACVBJE9YBsEEUEgBi3oJAFFIAYfZCQBSSAGY131iJf1tVFQC
141=m+0JAAshGGtoWVkyDCgpAA0oKQAOKCkADygpABBIAXRlXY4RyAEBBQQAEsgBQTATyAFBMB
142=RIAckMFSgpABYoKQAXKCkAGCgpABkoKQAaKCkAGygpABwoKQAdKCkAHigpAB8oKQAgKCkA
143=ISgpACJIAXRlSU4jyAFBGiTIAUEaJUgBdGVVAibIAVUCJ8gBWRwoyAFZHClIAXA5TVIqKC
144=kAKygpACwoKQAtSQGxcAUiJkcmAGgBTXIvVAJ0ZUU+MMgBAQMAADFJAU9UA1kFMsgBVQEz
145=SAF8YgEFAAA0SAF0ZVUCNUgBdAJFCDbIAU0bN0gBIjAiRRM4SAFACWVVOSgpADpJARVZBw
146=p2ZSYAaQELdWUmiAVZBj1ABI8BBAA+KCkAP0gBJUEkQEgBJclhQUgBjAV1ZSZEh1ABdGUn
147=MQFE4AR2yCYAJ7YMJgB1ZQJ0Zc8FCABITAWUWnbIJgCUWnXIJiahMEtABEEMAFW9TEgB3W
148=JNSAEjaCl2ZSYAycdPVQJ1SCNNBVBIAZxtdGXVDQpUZdwVdWUm9XBUTAXFzlVIAdwKAQoA
149=JwB0WkmmCygpAAwoKQANKCkADigpAA8oKQAQSAFsaEGTEckBCW5oJwB0Ak0xE9QCTTEUSA
150=HVDRUoKQAWKCkAFygpABgoKQAZKCkAGigpABsoKQAcKCkAHSgpAB4oKQAfKCkAICgpACEo
151=KQAiSAFsaFFhI8gBUWEkyAFNGyVIAWxoSQEmyAFZHCfIAVkcKMgBWRwpSAGUOWXOJ4QBVU
152=8rKFUALCgpAC1IAWBnQTouSQFRXFdBBi/IAVUBMMgBVQIxSQFUSAJJATLIAVUBM0kBUFwA
153=VQI0yAFVATVIAdEJNsgBBQEAADcAJwBgEQAAbRAAIAYAAAABBAA4ACdAAUgAAQQAOQAnKQ
154=A6SAEFFQEAAA0EADvIAQEOBAA8SQHYSAUBAQQAPUgBRAECAAAEAD4oKQA/KCkAQEkBL2cE
155=BABBSQErqQFCSQEuqQFDSAFkAUUIREkBpG8BBABFSQGdqQFGSQFbSAEBAQgAR0kBLEgBAQ
156=AIAEhJATCpAUlKAXwCTwEJAEpJAXSpAUsoKQBMSQF3tQJNKCkATigpAE9JAXmhBFBIAZ8V
157=CQBRSAGfFQkAUkkBOUQMAQAJAFNJASmpAVRJAS2pAVVJAX+lCFZJAXWoAQIJACgAXWsBBA
158=AKSQFVqQELSQGfqQEMKCkADSgpAA4oKQAPKCkAECgpABEoKQASKCkAEygpABQoKQAVSQFQ
159=tQ0WyAFdNhdIAc0QGEkBV6EEGUgBfBlNMRpIAckXG0gBzQUcKCkAHSgpAB4oKQAfSAHRCS
160=BJASdMR1EJIcgBQQ8iSQE5tQIjyAFVAiTIAQECBAAlSAHNECYoKQAnKCkAKCgpACkoKQAq
161=KCkAK0kBsGsIBAAsyAFBDi1JAVBcAEEDLsgBVQEvSQFNXABVAjDIAVUBMUkBVFwAVSIyyA
162=EBAwAAM0gBZAhVAjTIAVUCNUkBUa0FNsgBVQI3SQGnUApRHzhKAf//TAFlayhcAEsABAA6
163=VAJAAWFnO0gBeGlRHzzJAQNkayetAD5UAs0FPygpAEBJAYBMEUkMQUgBm14EAEJJAXa1Ak
164=NIAdkGREkBWG0BCEZrKAB4aQECCABGVAJpAQNka9gqZGvDDwkASUAE1VpKSAHNaEtJAXlr
165=DAkATEgBg3IJAE1IAd1iTkgB3WJPSAF8DkFnUCgpAFEoKQBSSAGcDWRrgQEATWVUVQIqfw
166=YJAFVIAWQBRQhWSQF7oQ9XSAGZHAlMgZgOZCkCCQApAFxgBH5tKQDRVgtUAskBDCgpAA0o
167=KQAOKCkADygpABAoKQARKCkAEigpABMoKQAUKCkAFUgBfG1VORbIAVU5F0gBzRAYKCkAGU
168=gB0YIaSAHBBBsoKQAcKCkAHSgpAB4oKQAfSQFWpR4gSAF8bUEPIcgBQQ8iSQFGWFNVRCPI
169=AZ5tKQB0Ak0FJVQCnysEACYoKQAnKCkAKCgpACkoKQAqSAHVWitIAXxtWRAsyAFFYC1IAd
170=VlLsgBVQIvSAF8bU0FMMgBVQIxSAFsBV0QMsgBSRYzyAFVAjTIAVUCNUgBfG1VAjbIAVUC
171=N0gBfG1dCjjIAVEfOUkBX0AFUR86SAFkAUkBO0kBGkwGSQE8yAFJIj1IAcEEPkkBYUQJQQ
172=Q/SAHFNEBIAcmbQUgBgFF+bSkAl70EAENVAqJrCAQAREgBgA98bdhTfW0pRJJEBH5tKQDZ
173=10hMBU0CAEFcSSgpAEpJATJ7AggAS0kBM6kBTEgBkGR8bd8KCgBOVALVZU9IAdkGUEgBmd
174=cIRdkpVJdJCAhG2SkA3dtT4wQJAFRIAZzxfm0pANXpVlUCcn8gCQBXSAGbHAkAWEgBSAl+
175=FQcAmA5pbwgoKQAJSAEnFQ4qKBQOJykADEAEzV0NKCkADigpAA8oKQAQKCkAESgpABIoKQ
176=ATKCkAFCgpABUoKQAWKCkAFygpABgoKQAZKCkAGigpABsoKQAcKCkAHSgpAB4oKQAfKCkA
177=IEgB1UQhSAFgcgEFBAAiSAF8bU1SI8gBAQQEACTIAUEEJUgBkCp0cCdRBScoVQAoKCkAKS
178=gpACpJAbV/BgQAK8gBQVssSAFwbEEDLcgBVQIuSAHBZy/IAVUCMEkBgEAFSQAxyAFVAjJJ
179=AXpIAkkAM8gBVQI0SAF4dEV2NUgBcAlVQzZJAYZABUkAN8gBTQU4SAFgcgEFAAA5SAFwYV
180=FsOkgBXARhRjtIAXRwSZA8yAFVIz1IAcEEPigpAD9JAWBIDQEABABASAHBnkFIAScVDioo
181=Fw4qAKFoCHZwKgCAD3Rw0Cp0cCWsIHVwKqNyCQBIUAmAanbeKgDZ10pUAoAHdHAn2QBMVA
182=LNaE1IAZFsCVZwKgDNaE9UAtkGUEgBdBFZ1FFIAZgGdXAq4XJTVAKABHVwKulvVVQCyW9W
183=KCkAV0gBJxQOgAx1cFlUAsUIBlhAiwEEAAcoKQAIKCkACUgBJ20OKyhsDicpAAxABCdsDi
184=dVAA4oVQAPKCkAECgpABEoKQASKCkAEygpABQoKQAVKCkAFigpABcoKQAYKCkAGSgpABoo
185=KQAbKCkAHCgpAB0oKQAeKCkAH0kBWK1HIEkBWqkBIUkBfqkBIkgBbHMBBgQAI8kBB21zK4
186=XkCCJFKiuMKlVPJkAEjwEEACdIAZ+kBAAoSAEl+SUpSQF6vQoqSAFsc0FcK8gBQWcsSAFs
187=c00ELcgBVQIuSQGCgAtSsysAaAFNaDBVAoBUAk0FMcgBTQUySAFsc1UCM8gBVQI0SAFsc1
188=kGNUkBT1wARQc2SQGGXABNBTfIAU0FOEgBjPdvcysAXkAEAQAEADpUAmQBSQE7SQEaRAhN
189=lDzIAU2UPUgBwQQ+KCkAP0kBglwLWQZASQFeqQFBSAEj5Chl5Csobw4rAKVoCG9zKwBgaA
190=Fsc9wrbHMi8C5YAmxzyAFsc8MECgBJXQoqXANR5UroAW1zK1wmWwIIAExUApcFCABNKCkA
191=TigpAE9JAS5IBUFyUEgBiDhm5CsAIzwpbHMnMQFTQQQzrQVUSAGAGmbkKwAlKSxWVQJyZB
192=5m5CsAyQFYVAKfQQkAWUgBnwoJAFpIAWwJSRcFVY5QbwEIAAbIAVGjB0gBcAJFKQgoKQAJ
193=SAHNnwpIAclZCygpAAwoKQANSAHRdw4oKQAPKCkAECgpABEoKQASSQFTdxgEABPIAVkRFE
194=kBUrUCFcgBVQIWSAHJDBcoKQAYKCkAGSgpABooKQAbKCkAHCgpAB0oKQAeSAHduh9IAZsy
195=BAAgSAGHKQQAIUgBjJ916SyNcwlkdqkBCmR2qQELZXYsgClFKSZYBowBZnYsAN3FKFQC0A
196=kiSCYi9CpMBXHBs5AFSzUsAE1EYFUBLEwFaAFVAS3IAVUCLkgBeHRBJC/IAUVrMEkBgFQD
197=AQQAADHIAUHgMkkBdFQCSQAzyAFRCTRIAWR2WQY1SAFkdlEJNkgBZHZNBTfIAU0FOEgBJ8
198=UOLIR2TTE6VAJcBLbpLABkdgEGBAA8VAJoAVGYPUgBwQQ+KCkAP0gBJWk/QEgB1TlBSAEl
199=4SJCSAHBJUNIAZxXZXYshXYBZHbcK2R2Iow9UAxldiy0cGR2fJxUAnXpLPniSlAJkHdndi
200=wAgFgdVXBMVQJ4qQFNKCkATigpAE8oKQBQSAGIb2Z2LAAjFDpkdic5AlNBBC9cDl0KVEgB
201=xYFVSAHdeFZIAYwbZXYsKMQOJykAWUAE3XhaSAGTHwkAW0gBeApRdwQkcSAASQwFKCkABk
202=gBanoECEbvLQBoAUmmCFQCmQYEQQcthQEAImw6JykACyiBAAwoKQANSAHNfg5IAc1+D0gB
203=0TUQKCkAESgpABJIAX14An54LQBoAQEDBAAUVAJ8eFUCFcgBVQIWSAHRCRcoKQAYKCkAGS
204=gpABooKQAbKCkAHCgpAB0oKQAeSAEnHg8tAIimfXgtqKZ9eC28Nn54LQAnLEioAVVaJEQI
205=dAJdFSVIAZAmIlUsLaBGfHgnMQEoQASTQAQAKUgBfHhESSL5JlNUZkkHK1QCaAFVASxIAX
206=x4XW0tyAFNBS5JAYdABUkAL8gBTQUwSAGYU394LQB6QAVBBDJUAnx4VQEzyAFRCTRJAU5M
207=BkkANUgBaAxNBTZJAYZcAE0FN8gBTQU4SQFWVAJRQDnIAUUeOkgBcAJVAjtJARlECUkBPM
208=gBQQQ9SAHBBD5IAdF3P0gByThAKCkAQUgBJZEjQkgBjF0ibTot8fBEVQI9dAl9eC2IeklZ
209=RlQCwWdHSAHBZ0goKQBJKCkASkgByehLSAGYEWbvLQAjqDxk7ycpAE5ABNUCTygpAFAoKQ
210=BRKCkAUigpAFMoKQBUSAGDkwgAVUkBKKkXVkgBkEt9eC0oHA8nKQBZQAQnHA8nVQBbVAKD
211=ygkAXEgB1XsDpJRpegQoKQAFKCkABkkBVKEPB8gBWaAISQFTtQIJyAFVAgrIAVEqC8gBVQ
212=IMSQFRrQUNyAFBOw5IAXACWT0PSAHNfhBIAc1+ESgpABIoKQATSAHFPxQoKQAVKCkAFigp
213=ABcoKQAYKCkAGSgpABooKQAbKCkAHCgpAB0oKQAeKCkAH0kBWVRbSRcgSAGMPHV7LrBAd3
214=suADOhBCNABGgBRR4kyAGUe5BIedcmVAKYSHZ7LgCYPSJfLS4AungjdHuoAUljKk0FU1wA
215=SQsryAFEa3DM1XAtVALVcC5JAYtlCABG0y4AaAFFBzBVAmy1AjHIAVUCMkkBcrUCM8gBVQ
216=I0SAF8CkkMNUgBfApBDzZJAYStBTfIAU0FOEgBdHtNGzlIAZwDIlwtJ5kDO1QCdHtBBDzI
217=AUmxPUgBzQU+SAHRQD9IAc08QEgBzapBSAElbSRCSAGAXHV7Lih2Dy4AdHtJLUVABCKILV
218=VPRkgBmAZ29C4AhGAipFcnKQBJQATVAkpIAYCedfQuJDxVdXsuJLQ4dHsnKQBOTAWTFAgA
219=TygpAFAoKQBRKCkAUkkBTUwnXWJTyAFFE1RIAYwbdXsuVDRHIQgAVlQCwfZXSAHBfVhIAZ
220=T/Il0tLu1+WlQCnCB09CdVAFwoVQBdSAHBfQKgDGF9AygpAAQoKQAFKCkABigpAAdIAZnB
221=CFIXLwAltSIJVALJAQooKQALSAHZJwxIAdWGDcgBRR4OSQFSVBxJCQ/IAVUCEEgBItAgVQ
222=IRyAFJOBJIAWgFUWwTSAEl5T4USAGXLgQAFSgpABYoKQAXKCkAGCgpABkoKQAaKCkAGygp
223=ABwoKQAdKCkAHigpAB9JAUtoOGb6LwBoAVEUIVQC2REiSQFxoQQjyAFBBCTIAVleJUgBwX
224=0mSAHZBicoKQAoSAHYfyKgUnh/AQQEACpUAmsBBQAAInA2IqwsWCIiuCloAUlvLUAEeHRU
225=AnBIYH1ZEC9UAmgBUXcwSAFsflUCMcgBVQIySAFsflUCM8gBVQI0SQFaUApRCTVIAWx+SQ
226=E2SQGEXABNBTfIAU0FOEgBJQE9OUgBXAN9mTooKQA7SAFtfgQiZi4vAGoBBQRIdJDtbQU+
227=QATZBj9IAdl/QEgBnGIi3XQvJt0yQlQCjF1tfi+kYCJlLi8k8Doi3XQvI3QwWUhGTAWAZ2
228=x+zAVsficpAElABCMTNAgASkkBYUAbWQZLSAGQz21+LyjMDycpAE5ABJw2b34vAEq5BlBU
229=AmgBSVlRSAHBBFJIAWx+AQIIAFPIAQEDCABUSAGMG25+LwAj9EBsfng1RyEIAFdABCUFIl
230=hIAcWBWUgBgBoiLD3UGGx+JykAXEAElyMJAF1JAXllEwlYIcstCQABJMxdeX8CKCkAA0gB
231=IwExCFhsIlRijRAFVQIpRAFJIgYoKQAHKCkACCgpAAkoKQAKKCkAC0gBI6MvCAAMSAFsCV
232=EJDSgpAA5IAdWyD0gB3a8QSAGblQgAEUgBcIIBBAgAEsgBTUcTSQFgbBsibi8wAJA1ZYEw
233=szUEABZABIMwBAAXKCkAGCgoAAoZADAATQIAAAAEABoAEQAAGhEAIAADMABNAgAAAQQAGw
234=AwAE4CAAAABAAcyAEBAQQAHUkBn7UCHigpAB9JAUtUAgECBAAgyAEBAwQAIUgBzQUiSgE5
235=AZEJI8gBUQkkyAFZBiVIAc0FJigpACcoKQAoSQFWSAxZESlJAbVMCUkBKsgBSQsrSQFPXA
236=BNBCzIAQEDAAAtSQFOtQIuyAFVAi9JAVBUAlEIMMgBVQExyAFFCDLIAU0FM0gB3Qo0yAFV
237=AjVJAU1MBk0FNkkBh0QJSQA3yAFBAzhJAV5IAlkcOUgBRAFlKTooKQA7SQEZQAUBBgQAPM
238=gBAQcEAD1IAc0FPigpAD9JAYJIDUUeQEkBYqkBQUkBe6kBQkkBcqkBQygpAERJAXW1AkVI
239=AZsRCABGSAGLDAgAR0gBhwgIAEhIAYcICABJSAGbBggASkgBzQVLKCkATEkBXH8KCABNSA
240=GfNggATigpAE9JAUpABAECCABQyAEBAwgAUUgBzQVSKCkAUygpAFQoKQBVSQFXRAgBAAgA
241=VkkBgKkBV0kBdqkBWEkBL2sTCABZSQEzqQFaSQF/YwQJAFtJAXepAVxJAXmpAV1IAWgFAQ
242=AJAF4oKQBfKCsAAgAxnANBDwNJAShxAQhcLtcCCQAFVAJwAkUIBigpAAcoKQAIKCkACUkB
243=fqEPCkgB2QYLSAGbCQgADEkBKXsCCAANSQEtqQEOSAGXGAgAD0gBlxgIABBIAZcYCAARSQ
244=FNrQUSyAFdTBNIAXACVRUUSAGDDwQAFUgBkzUEABZIAYMwBAAXKCkAGCgpABlIAXh/QXIa
245=yAFdeBtIAWSBVQIcyAFVAh1IAdEJHigpAB8oKQAgKCkAISgpACJIAScmEDEAaAFJFyTUAk
246=kMJUkBUm8mBAAmyAFBBCdIAdUNKEgBJyYQMQBkgVkGKlQCaAFNcytJAVFEa00hLMgBVQEt
247=SAF8eFUCLsgBVQIvSAFkgUEOMMgBRQgxSAHVezLIAVUCM0gBzQU0SQGHRAlJADXIAVEJNk
248=gBRAJpADdJAVpjAQQAOMgBVRg5SAFwAkU0OigpADtJAcV4AmaBMQBoAU0FPVQCcAJNBT4o
249=KQA/KCkAQEkBfFwWQQRBSAGTdwQAQigpAEMoKQBESAGPRwQARUkBX2ALZoExAIQIZoExAI
250=QIZIEnKQBJTAXVAkpJAXR3DQgAS0kBeqkBTEgBkEtmgTEAhDRkgScpAE9ABNUCUCgpAFEo
251=KQBSKCkAU0kBR70KVEgB2QZVKCkAVkgB0YJXSAHJZFhIAdGCWUgBxXZaSQEseBxmgTEAk2
252=wJAFxUApNsCQBdSAF8A114XigpAF9JATJ7AggAYEgBZAGGgTIA3goEAJkDAFkGBSgpAAYo
253=KQAHSAGRKglCBzIAjSYJVwUyAHJsGwEJAAoAJ1UACygpAAxIAZUYCUeBMgAqZw8IAA5UAp
254=QYZYEytBhlgTJA20QEZYEyULSJARJNBUpEAU1HE0gBi6YEABRIAZC5Z4EyAGBsEGeBMgBY
255=qQEXQASLLQQAGCgpABkoKQAaKCkAGygpABwoKQAdKCkAHigpAB8oKQAgKCkAISgpACJIAX
256=h/XVcjyAFJFyTIAUl6JUgBZIFJASbIAV2OJ0gB3RUoSAEnJxAyALZQH1EJKlQCaAFBcitI
257=AWSBRR0syAFdeC1IAWSBVQIuyAFVAi9IAc1+MMgBVQIxSAHFCDLIAVUCM0gBJVUhNEkBhm
258=MPAAA1yAFBDzZJAVh3AgQAN0gBZIFVGDhIAYtDBAA5SAGbPQQAOkgBaAVJFztIAXh/TQU8
259=yAFFHj1JAQ1QClUjPkgBzQU/KCkAQEgBk2EEAEFIAZ1MBESBy04EAENUAtFAREkBpmgIZo
260=EyAGWBAWaBMgCECGaBMgDFzkhMBckBSSgpAEpIAYyJZ4EyAF1YKEVdTFQCmDJlgTIoJBAn
261=KQBPQQRMrQVQyAFBD1FIAdkGUigpAFMoKQBUKCkAVSgpAFZIAZ9XCABXSQFbvQpYSQF9qQ
262=FZSAHFdlroAWWBMmkfAE1wXFQCkGxkgdQCIkwgJykAX+AEZIHXAggAYVQCiAgiTCAj0CGk
263=gScqAAYAJykAB0gBkCpngTMAcmQTZIEnKQAKQASfKwkACygpAAxIAZwrZYEzKCUQM+mQD0
264=AEIzcoCQAQSAGUGGWBM4SBAQIIABJUAmSBTUcTSAGcFWeBMwB7bBBngTMAeKkBFkAEkLki
265=TiAzAJC5ZYEzqzgEABlABIc0BAAaKCkAGygpABwoKQAdKCkAHigpAB8oKQAgKCkAISgpAC
266=JIAScmEDMAaAFNXSTUAlFhJUkBUb0VJsgBQQQnSAHFEyhIASclEDOEgVkGKlQCZIFFditI
267=AXR7TSEsyAFFai1IAXx4VQIuyAFVAi9IAc0FMMgBVQIxSAFkgU0FMsgBVQIzyAFVAjRIAW
268=SBXRQ1yAFBDzZIASLgLVV7N0kBfFQDSQE4SAGcQWaBMwDNczpUAkAJIqEwOygpADxIAXh/
269=QRo9yAFBOz5JAdhQBV0gP0gBRAF5BkAoKQBBSAHZPUJIAdUNQ0gB1Q1ESQFWfwYIAEXIAU
270=FyRkgBcAJJekdIAdHPSEgBiOgidTAz/dBKVQItcAVkgc9HCABMVAKYMmeBMwBIZB4iTCDH
271=SggAT0AEZIFFVVDIASN0MCeBAFJUAtV7UygpAFQoKQBVSQFavQpWSAFpEABlgTMmOSNYVA
272=KYHCJ0MCfhDFpUAiPMMGeBMwArfAYiTyAzAC6pAV1BBDJrAQgAXkgBgQQITKTABGSB1Htk
273=gScpAGJMBSNALwEHAAUAeEBLCAgABkgBQAF9gwcoKQAISAGYMmWBNKQ/Ik4gNACILWWBNL
274=8rCQAMTAWcK2SBIsgpWAkiTyA0ADhEAUUeD0AE0RQQSAGUGGeBNABLoQQSVAJoAVVEE0gB
275=1U8USAGUI2WBNGQFbUcWVAKMAWeBNABefCtngTQAOkBdUVYZQARoAVEJGsgBTVIbSAGYPS
276=KdQDT1hh0oVQAeKCkAHygpACBIAXBAXQohyAFdCiJIAXh/VQIjyAFVAiTIAVUNJUgBZIFJ
277=ASbIAVFhJ0gBzRAoSAEnJxA0ALtlGgRQqKgBQRkrQAR0e1kbLMgBWXQtSAFkgVUCLsgBVQ
278=IvSAHNBTDIAVUCMUgBZIFNBTLIAVUCM8gBVQI0SAEndjA0AGgBQQ82VAJkgUEaN0gBkEAi
279=dTA0pMNkgdxBIkwgJ1kGO0wFcBhJIjwoKQA9SAF4f10gPsgBXSA/SAHNBUBIAdk9QUkBcl
280=gSRQhCKCkAQ0gBm8wEAERIAWSBQXJFSAGAUSJMIMBRIkwgIuhDRAsidDDHEwkASUwFTAJh
281=XEpIAd3QS0gBlMhngTQAUGAPZIGoAUWMTkAEkDVkgcBGIpxAJykAUUAEizgIAFJIAYsMCA
282=BTSQEybwEHAFRIAZteBwBVSAGfcAcAVkkBgLUNV0gBg+sIAFhIAYxdZoE0AJt/CABaVAKH
283=CAgAWygpAFwoKQBdSAHZaV5IAXwOXW1fKCkAYCgpAGEoKQBiSQFEcwUIAGPIAVs9BgA1bA
284=JhJQcoKQAISAEleSAJSAGMMWWBNbz8ZoE1AJ38CkWBNUxYUAhmgTUAI2s/CQAOWAbVLg9I
285=AdEfEEgBhPplgTWEgUE7ElQCZIFVRBNIAYAPIk8gNQB1bCZlgTVcC0gAInUwNSRYJ2aBNQ
286=CMMWWBNYSBRggZAKkBBCJMIKkBBSLGUDUAItRHXUwcQARoAVEfHUgBmz0EAB4oKQAfKCkA
287=IEgBZIFJWSHIAUkMIkgBJyUQNShMIKgBTQUlQATdCiYoKQAnKCkAKEgByRcpSAGMJmWBNZ
288=CCSRcrVAJ+gwUAT681AFVMdFkfLVQCyQEuKCkAL0gBbH5BBDDIAVkFMUgBIiQxVQIyyAFV
289=AjNIASKcQFUCNEkBi1wASQA1yAFBBDZIASLgLUElN0gBJyUQNSgmEDUAnEFkgSdZBjtMBU
290=AJbbU8KCkAPUkBGVAKUQk+yAFVLj9IAc0FQEgByQxBSQFyuT1CSQF1qQFDSAElSTBESAGH
291=EwgARUgBJQUtRkgBk0sJAEdJAXR7BgkASEgBIwgzZIEi7DNcDSLFUDW06SJNIDUkPCllgT
292=WEgUFRTVgGcIJJ/k5IAYg4ZYE1qMdmgTUA1f9RQQRadA1kgckMB0SByAxngTUAol0OAGWB
293=NbR7ZYE1s/sHAFdECN2DWEgBmF5ngTUAeL0KWlQCyQFbSAGPGwgAXEgB1QJdSAHZaV5JAU
294=B0DSJOIDUAaAFdmWBVAkG1AmHIAVUCYkgBZIFFVWNJAaBjBAQAZEkBmqoBBwAiaChNAQhB
295=izZcAEgAIkwgJykACkAEmJVlgTagGiJNIDa8K2aBNgAjuDNkgSXsSSKdQDYk/yAIABBECC
296=P8IGeBNgBPRAxNDRJUAmgBVUQTSAFwAk1HFEgBkAlkgcwQZYE2qDhlgTakNGWBNoWBBiJ0
297=MKkBB2SBqQEIZYE2hIFRHxxcCmSBSXodSAGYPWSBJzEBHyhVACAoKQAhKCkAIkkBcXM1BA
298=AjyAFJFyTIAUkMJUgB3QomKCkAJygpAChIASckEMwmZoE2ACLEUFEfK0AEaAFZaCxIAXB3
299=QQ4tyAFR+y5IAXh/VQIvKCkAMMgBQQQxSAFkgUEEMsgBVQIzSAHRCTRIAWSBQQQ1yAFBBD
300=ZIAXxtQRo3SAGYUyJOIDYAzXM5VALFNDooKQA7KCkAPCgpAD1IAWSBSSI+yAFVLj9IAcUI
301=QEgByQxBSAEnJRA2/Y5DVQJ2RBRJIkRIAYQTZYE2p2sIAEZUAphpIk0gNiQ4OWSB3BVlgT
302=ag1WWBNqDVZIHYSGSBxD8iTCAnKQBOXAqIOGWBNqTOZIEiHEVTFwcAUUAEg/YHAFJIAYjz
303=Z4E2AKRcA1l/VFUCm6kBVUkBnKkBVkkBnqkBV0gBm2kHAFhIAdEJWUkBlFg+RQhayAEBAQ
304=cAW0kBgXwgZYE2VB5LCAgAXVUCRkQBUTVeSAF4f0ktX8gBSS1gSAFkgVUCYcgBVQJiSAHR
305=z2NJAaNECF0rZEkBnakBZUgBZAFXAggAN6N9CAAJSAHJLQpIAd2vC0gBjJRmgTcAyQENVA
306=KUOWWBN6ubCQAPVAKFlwlFgTf5MhFUApgRIp1AN5CCAQQIABNUAnCCWfgUSQF7cB9mgTcA
307=3UEWVAIl8VAXSAGQNWWBN4SBSRcZVQI6RClVIxrIAV0gG0kBOFQCQQQcKCkAHSgpAB4oKQ
308=AfKCkAICgpACEoKQAiSQE+sQkjyAFVDSTIAVUNJUgBxRMmKCkAJygpAChIASclEDe0p2WB
309=N4SBRQgrQARkgU1zLEgBIkgwSTMtyAFNDy5IAWB9VQIvyAFVAjBIASWhMDHIAUUIMkgB2X
310=8zyAFVAjRIAc2JNcgBVQI2SQFgUApBJTdIAWQBSQE4SAHNMTlIAc0xOkgBwQQ7KCkAPCgp
311=AD1IAWSBAQQEAD7IAUE7P0gB2QZAKCkAQUgByQxCSAGbSAQAQ0gByZBESQE9fAZmgTcAcI
312=JVyEZUAiV5IEdIAYQIZYE3pJdkgSfJCUpABNlpS0gBmEhlgTegymSBJykATkEEWHRPZ4E3
313=AFqpAVBUAiOkK2aBNwCU6WaBNwDVe1NABGwUXXhUSQEybwEGAFVIAYN9BgBWKCkAVygpAF
314=goKQBZSAFkgQEDBgBayQEEZoE3AHUCBWWBN4SBVURdQASDcgQAXkgBlXAERCPLbwQAYChV
315=AGFIASMrIQQAYkgB0SpjSAEjnDUiTSA3o/YEAGVUAiObRQQAZigrAAkAOCRLMAgACkgBaB
316=tVgwtIAdUuDEkBcmAlIk0gOCTkKGSBIrxZVAUiTSA4+YoQTAWUpyJNIDikYAkIABIAOABI
317=AAAAAAQRAAD7EAAgCgATADgAfAIAAAAEABRLAXICAGkBFSgpABZJAXa1AhdJAVypARhIAQ
318=U6AQAABgQAGcgBAQcEABrIAQEIBAAbSQE4QAQBAgQAHCgpAB0oKQAeKCkAHygpACAoKQAh
319=KCkAIkkBPlAJVQ0jyAFVDSTIAVUNJUkBn6UTJigpACcoKQAoSQFWoQQpSQF9qQEqSQG2QB
320=5RHyvIAVUMLEkBTlwATQQtyAEBAwAALkkBT7UCL8gBVQIwSQFRVAJRCDHIAVUBMkkBUFwA
321=VQIzyAFVATTIAVUCNcgBVQI2SQFgSAIBAQQAN0kBfFQOWRE4SAHNMTkoKQA6SAHNMTtIAV
322=QGcTU8KCkAPUkBGVAKQSU+yAFBJT9IAc0FQCgpAEFJAXu1DUJIAdUNQ0kBdbUCREkBPVwG
323=RRNFSQFfawEIAEZJAShIAQEACABHSAGHCAkASEgBmwYJAElJATGhBEpJAS2pAUtJAX5/Cg
324=gATEgBm0gIAE1IAZsyCABOSAFoBV0KTygpAFBJASp7AgcAUUkBpakBUkkBMmsBBgBTSQEr
325=qQFUSQEuqQFVSAGDBAUAVkgBgwQFAFcoKQBYKCkAWUkBlG8mBQBayAFNJlvIAVFLXEkBgm
326=sXBABdSAFkDEU0XkkBfbUCX0gB1QJgSAHVAmFIAdUCYkkBga0FY0gBmycEAGRIAYMEBQBl
327=KCkAZigpAGcoKwAKADmIBQEACQALSQF/cwkJAAxJAXmpAQ1IAYcECQAOSAGPJggAD0gBh0
328=oIABBJAXRvBQgAEUgBkzUIABJJAU5cBk08E0gBnApngTkAcm8FBAAVVALJARZIAZcNBAAX
329=SAGLOAQAGEgByW8ZKCkAGigpABsoKQAcKCkAHSgpAB4oKQAfKCkAICgpACEoKQAiSQFxpR
330=MjyAFJFyTIAVGNJUgB2REmKCkAJygpAChIAYtOBAApSAHRNSpIAWSBRQgryAFVeyxIAd14
331=LcgBQUUuSAFkgVkmL8gBVQIwSAFkgVETMcgBRQgySAFkCFUCM8gBVQI0yAFVAjXIAVUCNk
332=kBp1AKUUs3SAHNMThJAXdABVUCOSgpADpIAc0xO0gBdAZBBDwoKQA9SQEXWBJVAj7IAUEl
333=P0gBzQVAKCkAQUkBe6kMQkgB2T1DSAGXRAQAREkBon8GBABFSQFeaAFmgTkAiFlmgTkAhA
334=hngTkAd3EJCUeBOQB6qQFKWAbNUktIAZQuZ4E5AGBgBGeBOQBaqQFOQARkDIWBOYQBSQFQ
335=VAKECGSB1wIHAFL0AmeBOQCkdwUGAFRVAp6pAVVIAZgGZ4E5AIBoDGaBOQCDqQUAWEEEMm
336=8FBABZSAFmgQkERoE5AGgBAQoEAFtUAnwDRSlcKCkAXUgBh2sEAF5JAXJ/CgQAX0gBk2wE
337=AGBIAdUCYUgBlw0EAGJIAdEJY0gBmCdkgcAaZIEnKQBmQASPBQUAZygpAGgoKwALADqcA1
338=GCDCgpAA0oKQAOSAGQH2aBOgCFSghFgTqkNGeBOgB5aBdlgTpMsF/JCAATWAZxggVkgdgG
339=ZoE6AN1BFkAEhA9lgTqoOGaBOgDJbxlABMkBGigpABsoKQAcKCkAHSgpAB4oKQAfKCkAIC
340=gpACFJAUt/FQQAIkkBOaFcI8gBQVwkyAFdeCVIAc0QJigpACcoKQAoSAEnJhA6AI9SBAAq
341=VQK6cxsEACvIAVUMLEgB3XgtSQFVSAJNBC4oKQAvKCkAMEgBZIFBBDHIAVkFMkgB1YYzyA
342=FVAjRJAU1cAE0FNcgBVQE2SAFkgUUdN8oBAwRTwToArUAFQVE5VAJoAUUeOkgBaPNVAjtI
343=AXwDSQE8KCkAPUkBF1AKSSI+yAFRCT9IAc0FQCgpAEFIAZdEBABCSQF3QBBRCUNIAcU/RE
344=gBkPBlgTpLXwAAAWWBOigmEDoAiN1ngToAMm0MCEWBOlQpTwEIAEpECJf0CABLSAGUDWeB
345=OgB6dA1lgTpABUgAIk8gOgCTSBcCAQcATwCoAQECBwBQSAGECGSByQwGRoE6AJQCZIHVAg
346=VEgcMPBQBV+AZkgcgMZIHcFWWBOlQ/QA9lgTqohWaBOgDJeltECMkBXCgpAF1JAXJoF2aB
347=OgDJAV8oVQBgKCkAYUgB0SpiSAHRCWNIASckECdlAmVVAixUEQEABQBmSQEpqQFnKCkAaC
348=gpAGkoKwAMADtlBQBRgg0oKQAOSAEnJhA7AJ0KCEWBO1DgWAVmgTsAJakmEk0FUFACUa4T
349=yAFdTBRJAaZ0AmeBOwB7px4WADv1IxdIAdWcGEgBnLoidzA7AFitBRpUAskBGygpABwoKQ
350=AdSAHFdh4oKQAfKCkAICgpACFIAWSBVVoiSAEnJhA7AGgBXRUk1AJBBCVJAUqtECbIAUEE
351=J0gB1Q0oSAEnJBAnbQMqVALBGitIAXKCBARKJzsAagEFAF4lOwDJei5ABGgBUVUvyAFNJT
352=BJAVFIAk0PMcgBXfwySAFsBVUCM8gBVQI0SQFNrQU1SQFTSAFFCDbIAVUBN0gBcIJBDzhI
353=AXh/RQg5yAFFCDpIAWSBTRs7SAFUB1a5ADwoKQA9SQEXRAlVGD7IAUm8P0gBzQVAKCkAQS
354=gpAEIoKQBDSAHFP0RIAdUjRUkBPGgIZ4E7AC+pAUdUAiPjLQgASEgBjXMIRYE7pGtngTsA
355=ekgYXUxLQQRBuQZMyAFZik1IAXl/A2WBO4WBBGSBqgEFBkWBO7uKBgBRTAWIDGeBOwAycw
356=kFAFP0AmaBOwAjDCNlgTt5AwBFa1ZABI8FBABXSAGfFQQAWEgBkAlkgcwFZIEnaQhbQQRy
357=axcEAFwoKQBdKCkAXigpAF8oKQBgSAGb7QQAYUgBkBAiTSA7q6YEAGNUApgnIk8gOwAzZw
358=QEAGVUApyDZIHbEQYAZ1QCfAMBAAYAaCgpAGkoKQBqKCkADVhAjxsIAA5IAYwbIk0gPPm2
359=EFQCI48zCQARSAHJhRJIASXRNhNIAXCCAQQIABTIAU1HFUgBh7gEABZJAXepIhcoKQAYSA
360=HVnBlIAcFGGkgBiBcin0A8AHy7BhwAPCRTJgQAHUgBJX0xHkgB2XQfSQFMrQUgyAFNXSFI
361=AcEEIkgBeH8BAAQAI8gBQQQkyAGGgTwAZIFJASZUAmgBTeEnSAHFCChIAScnEDwAe7UNKl
362=QCweArSQG1bBdmgTwAaAFFai1UAsl6LsgBQXIvyAFRCDBJAU5ABUUHMUgBwX0ySQFQtQIz
363=yAFVATTIAU0FNUgBZIFFCDbIAV0KN0kBhlQDSQA4yAFZBjlJAZ5IAkkAOkkBXlwAXSA7SA
364=FkAUkBPCgpAD1JARdMBgEGBAA+yAEBBwQAP0gBzQVAKCkAQSgpAEIoKQBDSAHFP0RIAdUj
365=RUkBPEgIXStGyAFRd0dJAT5UAkF9SEgBnExngTwARLUCSlQCaAFRNUtIAWSBRQhMyAFFNE
366=1IAWSBXRVOyAFdFU/KAQgFRYE8pYEFRIEnKQBSQASMXWeBPACgdA1ngTwAnakBVUAEZQEA
367=Ik0gPPX/V1QCiIVkgXgZSARkgSelClpABNl/WygpAFxJAXdENUktXUgBwQReKCkAX0gBwS
368=VgSAFUCmG0YUkBfrkGYkgB1QJjSAHVAmRIAZh/ZYE8uKtkgSeZA2dABImFBUSB3xUGAGlU
369=Ap/8BgBqSAEj/yAGAGtIAZ38BkWBPZANWzIPAD2/CggAEEgByYURSAGYJyJ3MD0AfXAUIn
370=UwPVyqRAdkgagBT7UVAD1QMJUCFsgBVTkXSAEl0SAYSAHBRhlIAdmgGkgBUAZ9IBtIAcEE
371=HEgBwQQdSAElKSEeSAHZdB9IAWSBVUQgyAFVRCFIAcEEIkgBJyUQPShMIKgBWQYlQATNBS
372=YoKQAnKCkAKEgBJyUQPSglED0kwDQidTA9mH9RCSxMBWSBTXMtSAHJei7IAV1sL0gBIiAg
373=SR0wSAFkgVEpMcgBVQIySAF4BlUCM8gBUQk0yAFVAjXIAVUCNsgBVQI3SQGGWAdJATjIAU
374=EEOUoB//9bAgAAOkgBZIFNMTtIAY0CBElAPYQBRVU9VQLFcAFmgT0AaAFNBT9UAnACQQRA
375=KCkAQSgpAEIoKQBDKCkAREkBe0wRWQZFSAHVvUZIAXRSXcVHSQE+QAtNJkjIAV2DSUgBeH
376=9VAkpJAaBABEUIS0gBn5kEAExJAXy9Ck1IAd0KTkgBcIIBCgQAT8oBCwRQUMwbZIEnKQBS
377=QAQjcEBngT0AmWgMZYE9JKcgBABVQASbXgQAVkgBmF4iTiA9ACW5M1hVAl+tEFlIAcVVWk
378=gBzX5bSAHRVlxIAWQMVRhdSAHNBV5IAc0FXygpAGBJAXi9CmFIAcEEYkgB1QJjSAHVhmRI
379=AScmED0AiCJlgT285iKdQD2k+mSB0B9kgdQCZIHVAgdFgT2jngYAbFwKnxUGAA9AwokBCE
380=SBaDVQASJ1MD60DWaBPgCIm2aBPgCQFGSBJykAFUQIJVknFkgBJdEgF8gBUUAYSAGMMSJ3
381=MD4AnEQMQSUaVALJARsoKQAcSAHRQB1IAWgFTQUeSAHRgh9IASVRMSBIAcl6ISgpACJIAS
382=clED4oJBCoAUlOJUEERqEwJkgBxQgnKCkAKEgBJycQPgB9rQUqVQKxfBFmgT4AaAFBfSxU
383=AsF9LcgBVQIuSAFo/lkFL8gBVQIwSAFsflUCMUgB0YIySAHVAjPIAU0FNEgBxQg1yAFVAj
384=ZIASLYIUUIN0kBh1wASQA4yAFBBDlJAVpIAk0mOsgBVXs7SAFwAlUCPCgpAD1IAXh/SSI+
385=yAFNqj9JAQtECVkGQEgB2QZBKCkAQkkBgKkiQ0gBJbEnREgBlEQinUA+JLtJBABGVALBBE
386=dIAd14SEgBZE1JQ0lIAclDSkgBl/QEAEtIAcEPTEkBe7UNTUgByQxOSAHRCU9IASUFLVBI
387=AZviBABRSAGHCAUAUigpAFNIAZR7ZYE+sGFlgT4koDBkgXwSQAdngT4AXaEPWFgG1URZSQ
388=FVtQJaKCkAWygpAFwoKQBdKCkAXigpAF8oKQBgKCkAYSgpAGJJAVepDGNIAdVPZEgBJyYQ
389=PgCEjGWBPiSITmWBPqT6ZYE+JCcxBQBpWAaUI2WBPiTEJCJNID4m6URsQARcHQIAAAYAbS
390=grABAAP6cIBwARSAGUDWWBP6zhZoE/ACOsIWWBPyZNQRVMBSOvIQgAFkkBUmMLCAAXyAEB
391=AQgAGEkBU7UCGcgBVQIaSQFUtQIbyAFVAhxIAWyJAQAIAB3IAU1SHkgBJYEhH0gBdAZVWi
392=BIAd2DIUgB3YMiSAEn7mA/AGgBRQgk1AJZXiVIAcE7JigpACcoKQAoSAEjkFoi7WA/JtE2
393=KlQCeH9RNCtJAVRUZV0QLMgBVQEtSAFwgknzLkgBfHhNBS/IAVUCMEgBbH5VAjFIAWAERQ
394=gySAHVAjPIAU0FNEgBYARNBTXIAVUCNkgBZIFVAjfIAVUCOEkBWEQJSSI5SAFkgVkcOkkB
395=YUAFVQI7SAHdVzxIAd1MPUgBdAZBBD5IAXh/hoE/AGgBAQQEAEDUAkV2QUgBzQVCKCkAQ0
396=gB2XRESAHZ4kVIAc0FRkgBm0gEAEdIAdXeSEgB3XhJSAHNBUpIAYjdZYE/JrlJTFQC2QZN
397=SAEnJRA/8Y1PVAKc0CJNID+44mWBP5kKAGeBPwAycwEEAFNNBSupAVRIAdX/VUkBobUCVk
398=gB2X9XSAHVRFgoKQBZKCkAWigpAFtJAU6pLVzIAUlOXUkBT7UCXsgBVQJfSAHdCmAoKQBh
399=KCkAYkgB3dBjSAEnJRA/oH0idDDbdAQAZkEEf2gMZYE/JnkgaFQCmH8GBQBpAD8AKwAAEQ
400=AAURAAIAcAAAUAagA/ADMAQAACBQBrAD9cAEsABgBsKCkAbSgpAG4oKwARAEBABUsACAAS
401=SQEpRAEBAAgAE0kBMKkBFEoBfgJPAQkAFUkBMUQBQQQWSQEtqQEXSAFkAVUCGEkBgG8FCA
402=AZSQF0qQEaKCkAG0kBeLUCHEkBdqkBHUkBUEgIAQQIAB7IAQEFBAAfSAFQAgIAAAQAICgp
403=ACEoKQAiSQE1ZwgEACPIAQEBBAAkyAEBAgQAJUkBWKEEJigpACdJAVq1AihIAckMKUkBtW
404=8BBAAqyAEBAQAAK0kBVFwAWQUsyAEBAwAALUkBTVQCSQAuSQFOXABFBy/IAVUBMEkBUVwA
405=VQIxSAFsBUUIMsgBVQIzyAFNBDRJAVBcAFUCNcgBVQE2SAF4BlUCN8gBVQI4SQFeSAJJIj
406=lIAWQBSQE6KCkAO0kBYEgNVQI8SAHZHD1IAc0FPkgBlTkES0BAAAtSCgcETAKoAQEIBABB
407=UQHYUAVFKUJIAUQBYTBDSQGBvQpESAHVAkUoKQBGKCkARygpAEhJAXu5BklIAZ9BBABKSQ
408=F3tQJLSQF1qQFMSAHdCk1IAdUNTkgB1QJPKCkAUEkBL3sCBABRSQErqQFSSQEuqQFTSQGk
409=qQFUSQGYqQFVSQGZqQFWSQFcoQ9XSQGfqQFYKCkAWSgpAFooKQBbSQFOTAVRS1zIAQEDBA
410=BdSQFPtQJeyAFVAl9IAd0KYCgpAGEoKQBiSQFWWAZRNWNIAcElZEgBn2IEAGVIAdkcZkgB
411=l3sEAGdJAX17BgUAaEgBfBlZf2koKQBqSAGYBmaBQACVIwVGgUAAhwgFAG1BBHxnCAYAbk
412=gBlw0GAG9IAZEJBkWBQYYBAAlEgScpABRRQ394BmaBQQCbBgkAFlQC0YIXSAHBiBhIAd2D
413=GUgBmwYIABpJAXlnCAgAG0gBjwwIABxIAZs9CAAdSQFJeQIERoFBAJAUZIHUDWSB2xEEAC
414=FNBaCtBSJJAZqpASNIAWQBUSokKCkAJSgpACZIAd0KJ0gBzVIoSAGDGgQAKUgBZIFNPCrI
415=AU1+K0kBT1RlTQssSAFsc0EZLcgBQQQuSAFkgVUCL8gBVQIwSAFkgVUCMcgBVQIySAHFCD
416=PIAVUCNEgBZIFNBTXIAVUCNkgBzQU3yAFVAjhIAWSBWXQ5SQFhTAZFHjpJAVupATtIAcF9
417=PEgBWBZ9eD1IAdEfPkkBcq0FP0kBeqkBQEgBeH9RH0HIAUlZQkgBxQhDKCkARCgpAEUoKQ
418=BGKCkAR0gB1Q1ISAHNfklIAZBAZIEnNQdLVALFYExIAdkRTUgBwQ9OSQGibwEEAE9IAWQB
419=RR5QKCkAUUkBpnsCBABSSAFkAUEEUygpAFRJAZ97AgQAVUkBnakBVkgBJyYQQQDFdlhUAs
420=kBWSgpAFooKQBbKCkAXCgpAF0oKQBeKCkAXygpAGAoKQBhKCkAYkgBJyYQQQDdIGRUAsU0
421=ZUgB2VNmSQEoqRdnSAGEa2aBQQCPJgUAaVQCfQMAIkwg3CtkgScpAGxABN2DbUgB3YNuSA
422=Hdg29IAZcNBgBwSAGRCQZFgUKEAVKCFAAnKQAVSAGMEGaBQgCbaQkAF1QChwgJABhIAd2D
423=GUgB3YMaSAHdgxtIAYRVZYFCUDtUDGSBqAFBXB5ABIgMZoFCAM1HIFQCRAV1WiFJAaNvAQ
424=QAIkkBlqkBI0gBwb8kSAHdgyVIAXwDSUMmSAHJLSdIAcktKEgByQwpSQGykgUAKkgBdHBV
425=ASvIAVGBLEgBZHZVAi3IAVUCLkgBbH5VAi/IAVUCMEgBwYgxyAFJbjLIAUl6M0gBcAlVAj
426=TIAVUCNUgBeAZVAjbIAVUCN0kBVlwLVRg4yAFBJTlIAd1tOkgBjzEEADtIAc0bPEgB1QI9
427=SAHVAj5IAdHwP0gBeApdCkBJARpcFkkBQcgBSQxCSAHBBEMoKQBEKCkARUgBxe9GSAHVLk
428=dIAYu8BABISQGgawgEAElIAcEESkgBcAJVDUtIAc0FTEgBzQVNSAHVOU5IAdn4T0gB2QZQ
429=KCkAUSgpAFJIAcUIU0gBxQhUSAHZf1VIAcUIVkgBJyUQQignEEIATFQvRRNZQARoAV0gWk
430=gB3YNbKCkAXCgpAF0oKQBeKCkAXygpAGBJAVG9CmHIAV0KYkkBXrUCY0gB2V5kSAHVp2VI
431=AdlTZkgBnHgiTSBCs/sEAGhUAoAaZIHYdGSBJykAayiBAGwoKQBtKCkAbkgBnwoFAG9IAd
432=GCcEgBi3oGAHFJASpsDAIFABQAQ2EBAFGCFSgpABZIAYgXZoFDAJxMZYFD/YMZQASTCQkA
433=GkgBkAkiTiBDAIByZYFDvJllgUOQgiN0MKgBI3YwQwDZwSBECJAQIkwg2BFmgUMA1b0jQA
434=TRgiRIAcU/JUgB2QYmSAGfFQQAJ0gB3SsoSQG0hgQAKUgByXoqyAFJYytIAXCCQXIsSAHR
435=dy3IAVUCLkgBeAZBOi/IAVUCMEgByXoxSAEi0CBVDDLIAV0KM0gBfApVAjTIAVUCNcgBVQ
436=I2yAFVAjdIAWSBQfY4SAFQA2WiOUgBwRo6SAGAMGSBzzEEADwoVQA9SAHRSz5IASckECcl
437=BUBUAmSBSQxByAEjTCAngQBDVALBD0QoKQBFKCkARkgBwbRHSQGccAVngUMAm6kBSVQCyQ
438=FKSAHZdEsoKQBMSAHBBE1IAdU5TkgB1QJPSAHZBlBJAZ69ClFIAWQBUXdSSAHNEFNIAdFA
439=VEgBwQRVSAEl/SBWSAEnJBBYSFw3RQhYVAJ4f10gWcgBXSBaSAEnJBAnrQBcKFUAXUkBSq
440=UIXsgBQX1fSAHZBmBIAWSBXQphyAFdCmJIASckECepBWRUAt0VZSgpAGYoKQBnSAEleSBo
441=SAGMBWSBxAhkgScpAGsogQBsKCkAbSgpAG4oKQBvSAHRgnBIASXRIHFIASPLNQUAckgB1w
442=0VAESEAVGCFigpABdIAYxSZYFE8YIZVAKITmWBRFzsRAdmgUQAjMBngUQARlECAGSBqAFZ
443=Jx5YBtnMH0gB1TkgSAFoBVE1ISgpACJIAScmEEQAycckVALNBSUoKQAmKCkAJ0gBIhwwUQ
444=koyAFdbSlIAXB3SQcqyAFVAitIAXh/SQEsSAHBBC3IAVUCLkgBwX0vyAFVAjBIAWwFUYIx
445=SAFgBEFFMsgBVQIzSAFkgVUCNMgBVQI1yAFVAjbIAVUCN0kBp1gSXRU4SgH//08BBAA5SA
446=FAAXGCOkgBgDBmgUQAzX48VALBnj1IAc0FPkgBgDAinEDUOSKeQEQAZYEEIpxAqAFJsUJM
447=BdkGQygpAEQoKQBFKCkARigpAEdIASW1IkhIAZjBIkwgJ7UBSlQCxXZLSAHNPExIASO7KA
448=QATUkBpWcPBABOSAFkAVEfT0gB1QJQSAHVAlEoKQBSKCkAUygpAFQoKQBVSAHZJ1ZIAScl
449=EEQoTCAnKQBZQATdeFooKQBbKCkAXCgpAF1IAWSBQX1eyAFBfV9IAcUIYCgpAGEoKQBiSA
450=EndzBEAAFAR1kcZFQCaAFRYWXIAV0KZkkB/GgeIk8gRACDrQVoVQL5dAJmgUQAaQEBZIGp
451=AQIidDCpAQMin0BEAPitBW1YBmgBTQVuyAFNBW/IAU0FcEkB+q0FccgBTQVyyAFNBXNJAY
452=JYVAMABQAWAEVkBSKlIBcoKQAYSAGPUgkAGUgBgFFlgUUoJBDYBmWBRYSBWRwdTAXNRx5I
453=ASVNKx9IAdlIIEkBonwNIkwgxAgiTSBFKE4gRQDVyCRMBSUZKiVIAd0KJkgB0QknSAFkgU
454=EPKMgBXW0pSQFTfSsAThVFAGgBVQErVAJkgUEELEgBdHtdHy3IAVUCLkgBwX0vyAFVAjBJ
455=AVVYB0kWMUgBbH5JATLIAUEDM0gBIighVQI0yAFVAjVIAXAJVQI2yAFVAjdIAWSBQQ84yA
456=FdTDlJAapABU1HOkgBwVw7SAFwAlUCPCgpAD0oKQA+KCkAPygpAEBIAWWBBmWBRZCCAQcE
457=AEJUAtEJQygpAEQoKQBFSAHdK0ZIAd02R0gB1ZFISAEltSJJSAHBBEpIASPbWAQASygpAE
458=xIAYjHZIEnjQdOVALNEE8oKQBQKCkAUSgpAFIoKQBTKCkAVCgpAFVIAcElVkgBJyQQWEhQ
459=K00mWFQC0XdZKCkAWigpAFsoKQBcKCkAXSgpAF4oKQBfKCkAYCgpAGEoKQBiSAEnJRBFhI
460=FBO2RUAmSBVbJlyAFVsmZIAWSBXYNnSQGDXEJJAWhIAXl/BGWBRYWBBWSBqQEGZIGpAQdl
461=gUWEgU0FbVgGZIFNBW7IAU0Fb8gBTQVwSAFkgQEDBQBxyAFZBnLIAVkGc0gBmzIFABeUeF
462=ABIiAgiPtxghlVAjJQAl38GkgBI1QhIiMgRgBKtQIcVAJoAVUYHUgBI6AwIplQRiQoISJy
463=QEYAgIgim1BGAKF4Bnh/yAx5f0Yo+Q9GKPoPRgDNyyVcCpeRBAAmSAHRSydJAbmxCSjIAV
464=EpKUgBbH5dQCrIAV14K0gBeH9BBCxIAc1zLcgBVQIuSAHVey/IAVUCMEgByYUxSAFgBF0K
465=MsgBXQozSAF4f1UCNMgBVQI1SAFoDFUCNsgBVQI3SAFkCF0KOEkBp0gXAQUAADlIAXh/TQ
466=U6yAFNRztJAWBABElZPEgBZAFJAT0oKQA+KCkAPygpAEBJASJcC00FQcgBWTJCSAHFCEMo
467=KAAkzCZdAgRKQEYA3StGQATRNUdIAVgDIokiSEgBwQRJSAHBBEpIAcEESygpAExIAdFATU
468=gBzbVOSAHNBU8oKQBQKCkAUSgpAFIoKQBTKCkAVEkBoGsIBABVSAHFw1ZIASf4D1lIAkcE
469=BABYVAIn+A8nVQBaKFUAWygpAFxJAUu5Bl3IAU0mXkgBxQhfKCkAYEgBIkgwXSthyAFNBW
470=JIASdIMCdVC2RUAlAReSdlSAHZq2ZJAXq1DWdIASdKMEYAgAR5f0YkCF94f9AJeH8nKQBs
471=WAacCiLAYCdVAG4oVQBvKCkAcCgpAHEoKQByKCsAGABHjQkAffxHQOZUASI8YNQCYX1HgX
472=0CfPyoAVlTHVgGzTweSAHBch9JAaRACFUjIEgBJUEvIUgBcAJVAiJIASfFL0coxC/UDSJk
473=cCcpACZMBckMJ0gB2UgoSAFsfk2qKcgBTWgqSAF0e10qK8gBXW0sSAHVcC3IAVUCLkgBdH
474=BNBS/IAVUCMEgBfHhBFTFIAcn+MkgBxQgzyAFNBTRIAWwFRQg1yAFVAjZIAd0KN8gBVQI4
475=yAFdCjnIAVlzOkgBbH5JFztIAWB9WUg8SAFcBGFGPSgpAD4oKQA/KCkAQEkBIkUJAn78Rw
476=BoAVkyQlQCxQhDKCkARCgpAEUoKQBGKCkARygpAEgoKQBJKCkASkgBmFN9/Ecks0gEAExW
477=AnICXA1+/EcA0UBOVAJMAnUYTygpAFAoKQBRKCkAUigpAFMoKQBUSQGjaAhgfSeVCFZUAi
478=ehD0coxC8nKQBZQATFdlooKQBbKCkAXEgBYH1NJl3IAU0mXkgB2QZfKCkAYEgBYH1NBWHI
479=AU0FYkgBJ6APJ6UKZFQC1SNlSAEIdQIAAAAEAGYARwARAADDEAAgCSwAAAAABABnAEcAME
480=QBAQAEAGhKAXsCTwEFAGlJAXmpAWpIAUwCAgAABQBrKCkAbCgpAG0oKQBuKCkAbygpAHAo
481=KQBxKCsAGQBImAoBAAgAGigpABtJAUt/AggAHMgBAQEEAB1IAYcTBAAeSQFyZxMEAB9JAX
482=apASBJAZ97BgQAIUkBmKkBIkkBlqkBIygpACRIAcEEJUkBmqEEJkkBf7EJJ0kBdakBKEkB
483=uqEEKcgBAQEAACpJAVFcAE0EK0kBUEgBTQQsyAFVAS1JAU5cAFUCLsgBVQEvyAFVAjDIAV
484=UCMcgBVQIyyAFVAjNJAU1cAFUCNMgBVQE1SAF8CkkBNkgBwQQ3yAFVAjjIAUUTOUkBhVgH
485=SQA6yAFBBDtJAV9IAlk9PEkBfEAFSQE9SQF0qQE+SAHRKj9IAWgFQQRASQEiWAcBBAQAQc
486=gBAQUEAEJIAcEEQygpAEQoKQBFKCkARigpAEcoKQBISAHNEElKAXgCWwkEAEpJAXepAUso
487=KQBMKCkATUgB0UBOSAHdFU9JAaBACF0VUEkBnKkBUUgBzTxSSAFwAkEEU0kBom8BBABUSA
488=FkAVUCVUkBpW8BBABWSQFcrRBXSQGfqQFYKCkAWSgpAFooKQBbKCkAXCgpAF0oKQBeKCkA
489=XygpAGAoKQBhKCkAYkkBVqEPY0gBwSVkSAHRH2VIAZt0BABmSQEoqRdnSAGNBQVKekgAiF
490=lqekgAj34FAGpBBClsBWp6SADJAWxVAi21Am1IAWQBAQAFAG4oKQBvKCkAcCgrABoASYgF
491=XXgbSAFxdwJyd0kAaQEDcndJACfyDkkAyRcfTAWHEwQAIEkBo2wIcndJAMV2IlUCm7UCI0
492=gB1QIkKCkAJUkBmaEEJkgBZAFJOCdIAdUNKEgByUMpSAF8eF1XKsgBAQUAACtIAXB3SSws
493=yAEBAwAALUgBcGxVAi7IAVUCL8gBVQIwyAFVAjHIAVUCMsgBVQIzSAFsc1UCNMgBVQI1SA
494=F8CkkBNkgBwQQ3yAFVAjhIAXiKRRk5SQGFXABFCDrIAUEEO0gBcHdFojxIAdkcPUgB0So+
495=SAHRKj9IAUEIAEkiQEkBIlF3BnB30DVwdycpAENABM0FRCgpAEVKAYACXwIEAEZIAcUpR0
496=gBTAJ9CkhJAYGhBElJAVZ5AghRd0lQZwEAAAEIQ0BJAFC1AkxABGgBSRdNSAHFrU5IAd0V
497=T0gByW9QSAF0BkkXUUgB3bpSSAHZtlNJAZ1kBHB3JxUDVVQCcAJZBlZIASfyDkkAJ/AOJy
498=kAWUAE1QJaKCkAWygpAFxJAU6tG13IAUkXXkgB2QZfSQFPoQRgyAFBBGFIAcEEYkgBJ/IO
499=SQDFHmRUAsV2ZUgBgHJxd0nx8GdUAoA7cXdJKPIOSQCUe3N3SQB+YQ8GXPHTHwYAbFkGMX
500=cfBQBtSAHJem4oKQBvSAF8A0l6G000TWwBenRKAGgBSRcdVAKAD23sSiiYDicpACBABNFA
501=IUgB0TUiSAFsCVUuI0gB0TUkSAHFdiUoKQAmSAHJsSdIAckiKEgBySIpSQG4dQkETuxKAG
502=gBXVYrVAJ4dEEDLMgBVQItyAFVAi7IAVUCL0kBT1wAVQIwyAFVATFIAcVrMsgBVQIzSAHN
503=BTTIAVUCNUgBbAVJATbIAVEJN8gBVQI4yAFNMDlJAYRUA0kAOsgBQQQ7SQFeSAJJIjxIAd
504=kcPUgB0do+KCkAP0gB0SpASAF0BlkGQSgpAEIoKQBDKCkARCgpAEUoKQBGSQF9WBJFCEdI
505=AdEJSCgpAElIAXh0QbRKSAGQxHp0SgCPEAgATFQCenQECFlCSpB3AQUEAE5UAsF9T0gB3Q
506=pQSQGgbwEEAFFIAdk9UkgB1bJTSAF8A1kRVEgB2e1VSAHVAlZIASeZDkoomw5KAEe1GFlA
507=BNlpWigpAFsoKQBcSAF4dAECBABdyAFFzl5IAdkGX0gBeHRBBGDIAUEEYUgBwQRiKCkAY0
508=kBW6EPZEgBzXNlSAElgSxmSAGHogUAZ0gBlDl6dEoAnFdt7Eoomg5KAIwxeXRKpO95dEq5
509=7QZZdEpIzUUhBk3sSlwASwAGABxQpidBDkv1hh5UAsm8HygpACBIAdWnIUgBXAd1siIoKQ
510=AjSAEnQQ5L4eslVQKbcwUEACZIAcGpJ0gBcAJRNSgoKQApSQG1eAJicksAaAFBXCtUAmBy
511=TSUsyAFV0y3IAVUCLsgBVQIvSAFwbFUCMMgBVQIxSAFwbFUCMsgBVQIzSAHNBTTIAVUCNU
512=gBbAVJATbIAVkGN8gBVQI4SAFg610UOUgBYHJBBDrIAUEEO0gBYHJVnDxIAcE7PUgBn6QE
513=AD5IASPrIwQAP0gBzV1ASAFMCnEqQSgpAEIoKQBDKCkARCgpAEVIAZREfeZLq0MEAEdUAt
514=EJSCgoACKRJGB4An3mSySYJGFyS6C/YXJLWG9EBGByqAFVGE4oBQFPSQGgXANdNlBIAcE7
515=UUgBJ0AOJ+UHU1QCyehUSAHZdFVIAWAIRQhWSQFgTCdJAVdJAVipAVgoKQBZKCkAWigpAF
516=soKQBcKCkAXSgpAF4oKQBfKCkAYCgpAGEoKQBiSQFaoQ9jSQGCqQFkSAGD4AQAZUgBg+AF
517=AGZIAZQ5YXJLpGtgcicpAGlABJB3feZLKEEOS7h0YHIilCpZHwdBcktUzksBBgAdQaGmRA
518=FdIB5IAdniH0gB1XAgKCkAIUgBl6cEACJIAXQGWQYjSQGfbwEEACRIAcktJUgBcAJBBCYo
519=KQAnSAGJsQRVEkypsQRRGUycbUWXKkAEaG9JWStIAc1dLMgBQXItyAFNCy7IAVUCL0gBeH
520=RVAjDIAVUCMcgBVQIyyAFVAjNIAXBsVQI0yAFVAjVIASKcKkEPNkgBYARZMTfIAVUCOEgB
521=eBFVAjnIAVUCOkgBeMxZHDvIAVFWPEgByTg9SAHJOD5IASPgImlvTKeiBABAVAJIEalvTI
522=QBUQlCKFUAQygpAEQoKQBFKCkARigpAEcoKQBISAGDDwQASUkBPGQLam9MAJT0am9MAJy6
523=a29MAHpBGwBpb0yUcFniTlkGTlgGWeJPSQGhSAFFE1BIAd0KUUgBJTUzUkgB1XBTSAHNc1
524=RIAdGuVUgBYAhFCFZIAYtZBABXSAHBk1goKQBZSAHNlFpJAYBnEwQAW0gBJdU8XEgBJRE/
525=XUgBixcEAF5IAd0KX0gB3QpgSAHRCWFIAdEJYkgB2QZjSAHZBmRIAYxoam9MAJCjaW9MVF
526=VQF2pvTACHCAYAaEwFmxEGAGkoKQBqSAGA1W/hTAAvVQYAa29MACurAR4ATaAwIlFHTSbt
527=KSBUAt1tIUgBhAhwbHzjXwYEACNUAsktJEgB0SolSAFYA21HJkkBfKElJ0gB0QkoSAGA9n
528=NsTQCzkAVKf00AbF1VAStABGgBRWAsyAFVAi3IAVUCLkgBxWsvyAFVDDDIAUVgMcgBVQIy
529=yAFVAjNIAc1oNMgBVQI1KCkANkgBfApZBjfIAUEEOEgBeBFVAjnIAVUCOkgBcGxdgztIAd
530=VPPEgBJ5AN0SoFXdtNu4oFAD9BBCpUGUlOQEgBZAFJAUEoKQBCKCkAQ0kBRVgdQQREyAFd
531=eEXIAUEPRkkBgFgSQQRHSAHVT0hIAdE1SUkBPEwMTAUioDFpAQNzbE0AQlQCRWtMQARpAQ
532=FwbCJYR1gCIsIpTQDBv09ABCWpMVBIAZh0IsEpTa9zBABSVALBBFNIAVwHZT9USAHdV1VI
533=AdleVkgByVlXSAGLFwUAWEgBm14FAFlIAdWRWkgB2QZbSAHVZVxIAYdgBABdSAHJDF5IAd
534=0KX0gBjxAFAGBIAdEJYUgB0QliKCkAY0gB2QZkSAGRCQVd201Qv0wIcWxNJFw4cWxNJhEp
535=aEwFkAlxbE2rpgYAalQCgNVwbNs9BgAfXJbNJiBIAYibIplFTvFsIlQC2dcjSAFYDnknJE
536=kBfKE7JUgBwTsmSAHNaCdIAc1oKEkBtnwGemlOAGgBTUYqVALRVivIAVFWLMgBSQstyAFV
537=Ai5IAdleL8gBVQIwyAFNBTHIAVUCMsgBVQIzyAFVAjTIAVkQNcgBTRA2SAF8bVUCN8gBVQ
538=I4SAEilClVAjnIAVUCOkkBp0gCSVk7SAHNPDxIAZuVBAA9SQEzoQQ+SAGABHlpTkSHWAJu
539=1k4A1XBBQARMAmUpQigpAENIAXhpAQMEAETIAQEEBABFyAFBykZIAdkGR0gBlzkEAEhIAd
540=UuSUgBhFUij1ROADxQBVgGIlgobGhQbHjUaAFJDE1MBc1oTkkBrUwFTRtPyAFdeFBJAam1
541=AlFKAf//TAF4aXTbiQFTVAIlFSRUSAHZilVJAXxULwEABQBWSAGNRwVN1k64U3lpTv1XWU
542=AEg2cFAFpIAZUjBU7WTgDdYlxUAohZeWlOrV0ETtZOAMkMX0AElE96aU4AyQFhVALBD2JI
543=AVQVInliY0gByQxkSAGcFXhpwxoGAGZUAoMEBgBnSAGABGzWwQQHTNbUOXppTgCAZwIGAC
544=AAT4QMWSchSAGUAn3QT+1oI1QChBMisCcnVQAlVALdNiZIAcWiJ0gByS0oSAF0ZV02KcgB
545=SVkqSAEiSCVJDivIAVlTLEgBaGRVAi3IAVUCLkgBwVwvSAHVWjBIAdUCMcgBTQUyyAFFCD
546=PIAVUCNEgBfApBOjVJAVVIAkEENigpADcoKQA4KCkAOSgpADpIAWBnRQg7yAFVTzxIAdFL
547=PUgBzWg+SAGI/iKzJ08ALkgNUSpAVALRKkFIAYA7InxSJ9UFQ1QCYWcGYmdPAGkBB2BnqQ
548=EIIpw1J60AR0wF0QlISAHNlElIAcVgSsgBRWBLSQGsrRBMyAFVAk1JAbJ1AgBORE8AeAZN
549=G09UAmgBRTRQSAFsG1UCUcgBRR5SSAEicFZBGlNIAYAIIn1STySbJAQAVVQChBNhZ08kgD
550=dgZ8AEYWdPtd4GXdBPuIphZ0+gUWFnT7feBQBcUAmJDAVc0NEfBUFnTyQPOQUAX0AElE9h
551=Z08kTysFAGFUAo/ABQBiSAGTVgUAY0gBm1MFAGRIAZxiYGfcCmJnTwAlMUNnQASUOWFnTy
552=YBJ2lUApc5BgAhI9RITBNpZFC4ESKpJlD1ZSRABIcTBAAlKCkAJkgB0TUnSQGxQAhFKSjI
553=AVlSKUgB3WIqyAFVAitIAXjMWQUsyAFVAi1IAdFhLsgBVQIvyAFdNjBIAWhkSQExyAFBOz
554=LIAVUCM8gBVQI0SAHdYjVIAdUNNsgBXQo3SAHVDTjIAVUCOUgB3RU6yAFVAjtIAXRlAQUA
555=ADxIAdlIPcgBWUg+SAF8TFEfP8gBTVJASAFsBVUCQUgBkM9oZCKsTksfBABDVAJ9YglpZF
556=CJZApoZKkBC2pkUADdjkdMBd0rSMgBRBMiqF5gD1AfIuBPaAFRH0tABGhkVQJMyAFVAk1I
557=Ad0gTsgBRQhPSAHFHlDIAVUCUUgBaBdFHlJIAWhkQRpTSAGIsWlkUCRIMGpkUADN7FZABJ
558=gcaGTABGlkUKhOIqkmUKCIa2RQADJYIFUjW1gGxYxcKCkAXUgB3QpeSAHVcF9IAYtOBQBg
559=SAFgCFHaYSgpAGJIAc0FY0gBJ4kMUKh6aGTAMGlkUCRoNGzLJ1UAaFgGnwoGACIhlFSQCX
560=FhUaByfMUnKQAlQASYESJdTlGUBkEaJ1QCcDVBMChIAWy1SQMpyAFdKypIAdVPK8gBVQIs
561=SAHNBS3IAVQCCS4AUQBPAQAAAwAALxEAAC0RACAEAFEATwEAAEEAMMgBAQEAADFJAU1cAF
562=UCMsgBVQEzyAFVAjRJAVVIAkkBNUgBbAUBAgAANsgBAQMAADdJAVChBDjIAVUBOcgBWQY6
563=yAFVAjvIAVUCPMgBVQI9SQGpSAIBBQAAPkkBrUgBSQw/yAFJDEBIAWAEVQJByAEBAwQAQk
564=kBLFgHAQAEAEPIAQEBBABEyAEBAgQARcgBTQVGyAEBBAQAR0kBsakMSEkBVGcIAABJyAFV
565=AUpJAVFcAE0ES8gBVQFMyAFVAk1IAd0gTsgBURRPSQFOQAVRFFDIAVUCUUgBbAVBA1JJAa
566=dYB10VU0kBf0AFSQFUSQF6qQFVSQEvoQRWSQEzqQFXSQGCYwQFAFhJATK1AllJASupAVpJ
567=AS6pAVtJAXxvBQQAXEkBdqkBXUgB3QpeSAHZBl8oKQBgKCkAYSgpAGJIAc0QY0kBgXMJBQ
568=BkSQEodw0FAGVIAWQBAQAGAGYoKQBnKCgAASMAUgCHCAMAJEgBjwUEACVJAbBvAQQAJsgB
569=VSMnSAF4J0EDKMgBVQIpSAHNMSrIAVUCK0gByU4syAFVAi3IAVUuLkgB0VYvSQFPVANVFz
570=DIAUEEMUgBeDJVAjLIAVUCM8gBVQI0SAHFCDVIAWQIRRM2yAFdCTdIAWwQTQU4yAFFCDnI
571=AVUCOsgBVQI7SAHFCDzIAUUIPUgBZAhdCj5JAVNIAkkBP8gBVQFASAFwFEkBQUgBZGBJZE
572=JIAXheSQFDyQEGel5SAHUCB3heqAEBCAQARsIECQBaXlIA3StIVAJ4XlEUScgBURRKSAFo
573=LVUCS8gBVQJMyAFVAk3IAVUCTkgBcAlVAk/IAVUCUEgBfBVVAlHIAVUCUkgBeF5VAlPIAU
574=FyVEkBqlgdRWBVSAGDXAQAVkgBxVVXSAHFVVhIAcFcWUgBdAZZBlpJAYBQCkkBW0kBd6kB
575=XCgpAF1JAXS1Al4oKQBfSQF4tQJgSAHBBGFIAdVlYkgBg1wEAGNIAZQNel5SAJQCeV5SkQ
576=IAeF4nKAADJABTAP//QANiXFMAYFxVDCZUAmgBXSAnSAHNJijIAVUCKUgB1S4qyAFVAitI
577=AWhDRQgsyAFVAi1IAXwrXUEuSAHZUy9IAWwFSQ8wyAFBBDFIAXwKVQIyyAFVAjNIAWwQVQ
578=I0SAHFCDVIAXhTVQ02yAFVDTdIAcUIOMgBRQg5SAHFCDrIAVUCO0gBxQg8SAFwFEkMPcgB
579=QQQ+SAFgXEkMP8gBSQxASAHRCUHIAU0FQkgBalkKAF26U5ZaCwBcuqoBDABcuqoBDQBAXK
580=kBDmFcU4BcSQxIRAjJIknIAV0KSkgB1Q1LyAFVAkzIAV0VTSgpAE7IAUEET0gB0QlQyAFV
581=AlFJAVpcAFkGUkgBYARVAVNIAWxdTXNUSAFgXFkRVcgBWV5WSAF821FWV8gBTdZYSQGsRA
582=lVAlnIAVUCWkkBq7UCW8gBVQJcSAF8Ck0FXUgB1cheSQF5SA1VAl9IAcEEYEgBwQRhSAHB
583=BGJIAYlZBEFcU2IMAABhXFMogAvVAgZPtVQAuEgETxsmAFScK1UBJ8gBVQIoSAFkP1UCKc
584=gBVQIqSAFoIlUCK8gBVQIsSAFsBUkBLUgBdERRQC5IAXgyVQIvSAF4BkEZMMgBQQQxSQGC
585=RAlJADLIAU0FM0kBfEgCSQA0yAFVAjVJAXpIAkkANsgBVQI3SAFoWV0KOMgBXQo5SAFgD1
586=UCOsgBVQI7SAFsEEUIPEgBfBVJAT3IAVEJPkgBwQQ/yAFVAkBIAXAJTQVByAFVAkJIAcUI
587=Q8gBVQJESAFwH00FRcgBVQJGSAHdCkfIAVUCSMgBURRJyAFRFEpIAXQNVQJLyAFVAkzIAV
588=UCTSgpAE7IAUEET0gBwQ9QyAFJDFHIAVkRUsgBVQJTSAFsJlUCVMgBVQJVSAFwS0FcVkgB
589=aFlVDVfIAUkMWEgBaFlVAlnIAVUCWkgBaFlVAlvIAVUCXEgBcAlVAl3IAUlkXkkBslQOSQ
590=BfSAHBBGDIAUEEYUgBbOFNXWJIAd3FY0gBI68hBABkSAFUB3daJgBVkFZJDCfIAUEPKEgB
591=eDJVAinIAVUCKkgBYDBVAitIAcElLMgBUR8tSAF4Bk0LLsgBVQIvSAHNMTDIAVEJMUgBcF
592=ZRCTLIAVUCM0gBcFZVAjTIAVUCNUgBcFZVAjbIAVUCN0gBwTA4yAFVDTnIAU0QOsgBVQI7
593=SAHJFzxIAXAUUQk9yAFRCT5IAcEEP8gBVQJASAHJF0HIAVUCQkgBxQhDyAFVAkRIAWgiXQ
594=pFyAFVAkZIAd0KR0gB3RVIyAFFE0lIAWAEXRVKyAFVAktIAWAPVQJMyAFVAk0oKQBOKCkA
595=T0gBYA9NBVDIAU0FUcgBWRFSyAFZEVNIAd0KVMgBTQVVyAFFCFbIAVUCV0gB3RVYyAFVAl
596=lIAcUIWsgBVQJbSAHNEFzIAVUCXUgBeFNRYV5IAdkGX8gBQQRgSAHBBGFIAXBWXRViyAFJ
597=WWNIAVUSAEhZAScAVgBoDFkGKEgB0QkpyAFVAipIAXgyXQUrSAFsBVEJLMgBUR8tSAFgBF
598=UCLkgBxQgvyAFFCDBIAc0xMUkBhkQJSQAyyAFBBDNIASP7MAAANEgBI0MkAAA1SQF1QAVJ
599=ADbIAU0FN0gBeCdVDTjIAU0QOUgBZBNBBDpIAc0QO8gBVQI8yAFRCT3IAVUCPkgB2QY/yA
600=FBBEDIAUEEQUgBcAlJAUJIAXgcQQRDyAFVAkRIAXgRVQJFyAFVAkZIAXgGVQJHSAFgBF0V
601=SMgBXRVJSAFoIlUCSsgBVQJLSAF4BlUCTMgBVQJNKCkATigpAE9IAWgXTQVQyAFNBVFIAW
602=QIQQ9SyAFZEVPIAU0FVMgBTQVVyAFVAlbIAVUCV0gB3RVYyAFVAllIAXwKTQVaSAFgD0kM
603=WygpAFzIAVUNXcgBQQReSAHZBl/IAVEJYEgBxQhhyAFZBmJIAWRVV1ooAFf1pynIAVkGKk
604=gBYDBNECtIAXgnSQwsyAFFCC1IAd0KLkgBwQ8vyAFFCDBIAXgGRQgxSQGGWAdJATLIAUEE
605=M0gBI+AiYlFXACPgImJRVwBgUU0FNkAEaAFNBTdIAXgRUQg4yAFNEDlIAWwQQQQ6SAHNED
606=vIAVUCPMgBUQk9yAFVAj5IAdkGP0kBWkQJXQpASAHVAkFIAXAJTQVCSAFgD0UIQ8gBVQJE
607=SAHdNkXIAVUCRkgBeAZNBUdIAXgGXQpIyAFVDElIAWgMVQJKyAFVAktIAXAJVQJMyAFVAk
608=1IAXAJSQFOSAF4BkkBT0gBzQVQyAFVAlFIAWwFQQ9SyAFZEVNIAc0FVMgBTQVVyAFVDVbI
609=AVUCV0gBaAxVAljIAVUCWUgB1RhaSAFgBEkMWygpAFzIAVUNXcgBQQReSAHZEV/IAUEEYE
610=gBxQhhyAFXAikAWCPASlUNKkgB3RUrSAFsR1kRLMgBQQQtSAF8ClUCLkgBzQUvyAFBBDBI
611=AcEEMUkBhEAFSQAyyAFBBDNJAYxIAkkANMgBVQI1SQFySAJJADbIAVUCN0gBcB9BGjjIAV
612=0VOcgBQQQ6SAHNEDvIAVUCPEgBzRA9yAFVAj5IAWwFSQE/yAFVDUDIAVUCQUgBdCNJAUJJ
613=AVVcAEEEQ0gB1QJEyAFVAkXIAU0ERsgBVQJHSAHdFUjIAV0VSUgBZAhVGErIAVUCS0gBeB
614=FVAkzIAVUCTUgBaBdJAU5IAXgGSQFPSAHNBVDIAVUCUUgBbAVBD1LIAVkRU8gBVQJUyAFV
615=AlVIAWQTVQJWyAFVAldIAcUIWEgBdA1BBFnIAUEEWkgBwQRbSAFsEEEEXMgBQQRdSAHdCl
616=4oKQBfyAFBBGDIAVgGASoAWQBkCEUeK0gBcEtJASzIAUEaLUgBdA1VAi5IAc0FL8gBQQQw
617=SAHBBDFIAXBLTQUyyAFBBDNIAXBLVQI0yAFVAjVIAXBLVQI2yAFVAjdIAcUeOMgBXRU5SA
618=FkE0kBOkgBzRA7yAFZBjxIAc0QPcgBVQI+SAFsBUkBP8gBVQ1AyAFVAkFJAX9QIEkAQkgB
619=J3EJWSMwIkEERFQCeBFZBkXIAVUCRsgBVQJHSAFkE0UISMgBURRJSAF4EVUCSsgBVQJLSA
620=HZMkzIAVUCTUgBZAhJAU5IAXwVSQFPyAFFCFDIAVUCUUgBeBFVAlLIAVUCU0gBdA1ZEVTI
621=AVEUVUgBdA1VAlbIAVUCV0gBzQVYSAFwCUEEWcgBQQRaSAFsEEkMW8gBSQxcSAFwFFUCXc
622=gBVQJeSAFkCFUCX8gBVwIrAFqEl1UCLMgBVQItSAHdCi5IAWwQQQQvyAFBBDBIAXwVVQIx
623=SQGLXABJADLIAUEEM0kBc0gCSQA0yAFVAjVIAWwQVRg2yAFVGDfIAVUCOMgBVQI5SAF0GE
624=kBOkgB1Q07yAFRCTxIAXAJSQw9yAFVAj4oKQA/SAHJF0DIAUEEQUgBeEhJAUJJAS1cAEUI
625=Q8kBASJ+UloAdQICInxSqQEDInxSqQEEIvpGWgBkE10VSFgGaAFRFElIAXQNVQJKyAFVAk
626=tIAWgXVQJMyAFVAk1IAdkGTkgBaC1VAk/IAU0FUMgBVQJRSAF4HFUCUsgBVQJTSAF8CkkX
627=VMgBQRlVSAF8ClUCVsgBVQJXSQGASAJJAFhIAXAJSQFZyAFBBFpIAWwQSQxbyAFJDFxIAX
628=AJVQJdyAFVAl5IAWQIVwIsAFuMR1UCLUgBxQguSAHdIC/IAUEEMEgBfBVZBjFIAWBGSQEy
629=yAFBBDNIAWBGVQI0yAFVAjVIAXwKURQ2SAF4EUkXN8gBVQI4SAF0DVUCOUkBg1wASQA6yA
630=FBBDtJAX5IAkkAPMgBVQI9SAFwQFUCPkgBwQQ/yAFBBEBIAXwKTRBBSQFXQAVJQ0JIAWlD
631=BSIdZ1uVRAZgRqgBI0BbqAEjQFupAQkiHGci2FdLCAQASEQIIiBWUQlJSAEj90oEAErIAV
632=UCS0kBu0gFAQAEAEzIAVkRTUgBfCBVI05IAc2fT0gBdAJZBVDIAU0FUUgBwSVSyAFVAlNI
633=AcEwVMgBTRtVSAF4HEUIVsgBTQVXSAHdClhIAdk9WUgBzQVayAFNBVvIAUUIXEgBaAxJAV
634=3IAUEELSJ8Z1wAVQIuyAFVAS9IAdEUMMgBVQIxSAFgD0UTMkgBYARFHjPIAVUCNEgB0R81
635=SAHNBTZIAc0FN0gBIsBgVQ04yAFdCjlIAWhDUQk6yAFRCTtIAWQ/VQI8yAFVAj1IAWhDWQ
636=Y+SAHBBD/IAUEEQEgBfEFdg0HJAQMiiW9cTA5IAGtDXAA5WAdJOERABGgBQTtFyAFZBkZJ
637=AV1UDkEER0kBVakBSEkBV6kBSUkBgKkBSkgBJeVfS0gBI6A7akNcAHREAQQEAE1UAmgBAQ
638=UAAE5IAdUjT0gBdCNRCFDIAUkXUUgBwSVSyAFVAlNIAWwFURdUyAFVF1VIAXg9RQhWSAHB
639=BFfIAUEEWEgB0QlZSAHNBVrIAV0KW8gBRQhcSAFoQ0sBLgBdIwwjQQQvSAHFCDDIAVUCMU
640=gBbAVJDDLIAUUTM8gBVQI0SAF4EUkBNUgBbAVBBDbIAVUCN0gBcEBVDTjIAV0KOUkBh0AF
641=SQA6yAFNBTtJAVZIAk0xPMgBUTU9SAHNcz7IAVUCP0kBVK0FQMgBVQJBSAHRNUJIASWFdE
642=NIAWQ/XQpEyAFNBUXIAZNAXQCfRBRBBEdUAskBSCgpAElIAd1BSkkBe60FS0kBdakBTEkB
643=urkRTcgBQRpOSAEnEQhdI1A8TQRQVAJkNEEEUcgBVQJSyAFVAlNIAXAqSQtUyAFNJlVIAW
644=Q0TQVWSAHBBFdIAXAJVQJYyAFFCFlIAc0FWsgBVQJbSAFgiE8FLwBe5T8wSAF8NlUNMcgB
645=CQMAADIAXgBPAQAAAhEAAD8KlBUAAwAAMwBeAE8BAAADAAA0AF4AUAEAAEkANUkBTVwAAQ
646=AAADbIAVUBN0gBYAQBAgAAOMgBWQY5SQGRQAVJADrIAU0FO0kBVkgCAQIEADxJAXxMBgEA
647=BAA9SQF2qQE+SQFdqQE/SQFVqQFAKCkAQSgpAEJJAVehBENJATlcC1EJRMgBAQEEAEXIAV
648=UNRkkBTa0FR8gBQQRISQGftQJJSQFWqQFKSQF/qQFLSQF3qQFMSAHRFE1JAbpUGAEEBABO
649=yAEBBQAAT0kBTkwQWQVQyAFdIFHIAVUCUsgBVQJTSQFPrQVUyAFVAlVIAcUpVsgBVQxXSA
650=HdCljIAU0FWUgBzQVayAFUAgEwAF8AbAVZBjHIAVUMMkgB3TYzyAFVAjRIAWQIWQY1SAFg
651=BFEUNsgBVQI3SQFRQAVRCTjIAVUBOUgBYDtNBTrIAU0FO0kBV0AFUSo8SQF7VANNMT1JAX
652=mpAT5JAVypAT9IAdUuQCgpAEEoKQBCKCkAQ0gBJ2IHXwBoAUkMRdQCgjtfAGA7SQFHVAJo
653=AQEDBABISAHJDElIASdhB19IFEsABABLVAJBAQBRFExJAX2lE01JAVJ4AmI7XwBoAVUNT1
654=UCU7UCUMgBVQJRSQFUtQJSyAFVAlNJAVW1AlRJAVCpAVXIAVknVmgBXABBDldIAXBATQRY
655=yAFBA1lIAWwxVwIxAGCUOV0rMkgBdAJZBjPIAVUCNEgBZDRZBjVIAcU/NsgBVQI3SAFgBF
656=kGOMgBWQY5SQFZXAtRHzpIAXw2WSc7yAFZJzxJAYFMBkEEPUgBwXI+SAHRKj8oKQBASQFM
657=rQVByAFdIEJIAc0FQ0kBRkwRUQlEyAFBBEXIAUEPRkgBzQVHKCkASCgpAEkoKQBKSAHRgk
658=tIAdl/TEgBxXZNSQF0uRFOKCkAT0gB0XdQSAFsH1kRUUkBfq0FUkgB1QJTSAHBk1RIAdkG
659=VUgBdDlNflbIAU1+V0gBaDhRCFjIAVwrATIAYQB0AkkBM0gBwTA0yAFVAjVIAXA1WQY2yA
660=FVAjdIAWw8XRA4yAFZJjlJAV5IAl0VOkgB3RU7SAHZMjxIAckiPUgBxSk+SQFIXAtZBj9I
661=AdUCQEgBcDVVLkHIAVk9QkgBwQRDSAFwNVUCRMgBRR5FyAEBBQQARkgBzQVHSQFKqQxIyA
662=FBO0lIAcEESigpAEsoKQBMSAHdNk1IAd02TkgBxa1PSQFyvQpQSAHVOVFIAdUCUkgB1QJT
663=SAHVAlRJAXW5BlVIAcV2VigpAFfIAVMUMwBihGtdKjTIAUktNUgBcDVVAjZJAYBcAEkAN8
664=gBQQQ4SAFkNFE1OUgBeDJRCTpIAcGIO0gB1Zw8SAHdID0oKQA+KCkAPygpAEAoKQBBKCkA
665=QigpAENIAXgyAQYEAETJAQd+22IAdQIIejJiANUNR0AEeDJNPEjIAVU5SUgBwQRKSQFJoS
666=VLSAHVAkxIAd2kTUgBQB9xo04oKQBPSAHdulBIAdE1UUgBwTBSKCkAUygpAFRIASdZBmKY
667=CgEABABWVAKMAQIEADQAY4wxUSo1SQF/mgIANkkBgEgBXRQ3yAFBBDhIASL8IAEABAA5yA
668=GCMGMA2ZU7VAInAQZj6SI9VALZHD4oKQA/KCkAQCgpAEEoKQBCKCkAQ0gBaS0JYTBjlS4K
669=YDCpAQtjMGMAR1AVRRNHTAXVDUgoKQBJSQFGoQRKSAHBBEsoKQBMSQFaoQRNSAFMH6MwYw
670=CAtQJPVALV6VBIAcEEUUgBzWhSSAHZMlMoKQBUSAHZBlVIAdgGATUAZABoLVVaNkkBgFgC
671=AQQAADfIAUmbOEgBaC1ZSDlIAd2OOkkBYbkRO0gB1Rg8KCkAPSgpAD4oKQA/SQE6SA0BAA
672=QAQMgBXTZByAFJDEJJATihBENIAc0FRMgBTQVFyAFNBUZIAc0FRygpAEgoKQBJKCkASigp
673=AEtJAUOpDEzIAV0KTcgBXQpOyAFVZU9IAckMUCgpAFEoKQBSKCkAU0gBVCdxNVQoKAADNg
674=BlAP//nQI3SQFaZwEEADjIAUEPOUgB3TY6SQF68iplACf9CmUo/AonKQA+TAXVLj9IAWAl
675=XRVAyAFNtUHIAU21QkgBdBhVDUNIAc0FRMgBTQVFyAFNBUZIAc0FRygpAEgoKQBJKCkASi
676=gpAEtIAXAqUQlMyAFRCU3IAVmVTsgBWZVPSAHJDFAoKQBRKCkAUigpAFNIAWgmQEYBNwBm
677=AHgnRTQ4SAHVAjkoKQA6SAHN4TtIAdUjPCgpAD0oKQA+KCkAP0gBaCJRFEDIAVEUQcgBTa
678=pCSAF8FUEPQ0gBzQVEyAFNBUXIAU0FRkgBzQVHKCkASCgpAEkoKQBKKCkAS0gBeCdFCEzI
679=AUWMTcgBRYxOyAFFjE9IAckMUCgpAFEoKQBSKCsAOABnnCRZJzlIAdUjOkgB1SM7KCkAPC
680=gpAD0oKQA+KCkAPygpAEBJAUulVUHIAVFLQkgB3QpDSAEikC5BD0TIAUEERcgBRSlGSAHN
681=BUdJAU6xCUjIAU0FSUgBwQRKKCkASygpAEwoKQBNKCkATigpAE8oKQBQKCkAUSgrADkAaP
682=FsOkgB1Q07KCkAPCgpAD0oKQA+SAHJvD9IAdkGQEgBaCJNG0HIAUFyQkgBzexDSAEnSQRo
683=KAgzqAFZBkZABCWpJkdIAWgiVQJIyAFRCUlIAdUNSigpAEsoKQBMKCkATSgpAE4oKQBPKC
684=kAUCgrADoAaeWMOygpADwoKQA9KCkAPigpAD8oKQBAKCkAQSgpAEIoKQBDSAEn8QNpKPAD
685=qAFZHEZABM0bRygpAEgoKQBJKCkASigpAEsoKQBMKCkATSgpAE4oKQBPSQFYv0w7AGrlHj
686=woKQA9KCkAPigpAD8oKQBAKCkAQUkBUrEJQsgBUVZDSAEnmQNqKJgDqAGYHCfhAUdMBcUe
687=SCgpAEkoKQBKKCkASygpAEwoKQBNKCkATkgBJdcmPABr7Rs9KCkAPigpAD8oKQBAKCkAQU
688=gBYBpRFELIAUlOQ0gBJ0EDayhAA6gBTQVGQATVGEdIASVlI0hIAdUCSSgpAEooKQBLKCkA
689=TCgpAE0oKwA9AGz1GD4oKQA/KCkAQCgpAEEoKQBCKCkAQ0gBJ+kCbCjoAqgBiBcniQFHTA
690=XdFUgoKQBJKCkASigpAEsoKQBMKCsAPgBt/RU/KCkAQCgpAEEoKQBCKCkAQ0gBJ5ECbSiQ
691=AqgBkBQnXQFHTAUnkAInVQBJKFUASigpAEsoKAABPwBuANleQEgBxQhBKCkAQigpAENIAS
692=c5Am4oOAKoAZkRbvkcR0wF0QlIKCkASSgpAEooKwBAAG/lrUFIAdkGQigpAENIASfhAW8o
693=4AGoAYEPbyjgAScpAEhYBtEJSSgrAEEAcO0FQigpAENIASeJAXAoiAGoAYgMJ9kAR0wF3Q
694=pIKCsAQgBx/QpDSAEnMQFxKDABqAGQCSetAEdMBdMJQwByjAWY4qgBVYZF1AKZBnLrDEQA
695=c4wFgAQGcwA5AQAAAgQAEQAA

[Lighting]
Red=1.000000
Blue=0.920000
Green=0.950000
Level=0.032000
Ground=0.000000
IonRed=1.000000
Ambient=0.700000
IonBlue=1.000000
IonGreen=1.000000
IonLevel=0.032000
IonGround=0.000000
IonAmbient=1.000000

[Map]
Size=0,0,48,68
Theater=TEMPERATE
LocalSize=2,4,44,62

[Neutral]
IQ=5
Edge=North
Side=Neutral
Color=Grey
Allies=Neutral
Credits=0
ActsLike=2
NodeCount=0
TechLevel=10
PercentBuilt=100
PlayerControl=no

[Nod]
IQ=5
Edge=North
Side=Nod
Color=DarkRed
Allies=Nod,Neutral,Nod2
Credits=100
ActsLike=1
NodeCount=0
TechLevel=10
PercentBuilt=0
PlayerControl=no

[Nod2]
IQ=0
Edge=West
Side=Nod
Color=DarkRed
Allies=Nod2,Nod,Neutral
Credits=0
ActsLike=0
NodeCount=0
TechLevel=10
PercentBuilt=100
PlayerControl=no

[OverlayDataPack]
1=BQAAIP4AIACAegAAIP4tAACBBP7+AQCCAgn+CgIAgwIKCP7xCQD//wEtAIIABf4QAACCAw
2=P+7QEAgQH+EAAAgQbSKBL/6wFCDP4DAAciBP74AQD+AwAIgQf++wEAgQbAOgSBCP/kAUEU
3=gwIKCtE6BBYA/+UBQRjXJBiBBv8BAisO/74BQRKATwAAIP4fAACDAgoI/vYRAIEE/v8BAI
4=EF//8FGRKBAf4yAACBBv4IAAr/vgEhAIIGDiHDgQLITRqDAgoM/1YA9Rn+lAEAggMJ0f8d
5=4Scc/rQBAIBIAAAg/igAAIEF/v8BAP8jAigAgQT//wFMAv/dASgC/yMEKAaBA///A0wA/w
6=sMSw6BBv4LAAqBDP67AQCBAmG96ygcySge/54BKBqAqAAAIP4fAACDAwoI/gMAAIQCCgoJ
7=/i0AAIEF1EsA/ugBAP8AAlYAgQHUSwT+tQMAggQD/vwBAIMDBwf+/gEA8SIKgQT/zAFXCo
8=IABvDxDf/JAUwMhAQHCgjoJA4B7ggv/8wBVgKDBwgK5yMMhAQGBwYCA//LAVYQD7/pJBCB
9=CAAC/88BVAKBBOklEAQAggcDwB4A/goACusoAP+UAY4I6/gXgQTqIhj+gAcAgBcAACD+RA
10=YAgQn//w1FBP4DBACCAgj+twcAgAUAACD+ACAAgAUAACD+ACAAgAUAACD+ACAAgAUAACD+
11=ACAAgAUAACD+ACAAgAUAACD+ACAAgAUAACD+ACAAgAUAACD+ACAAgAUAACD+ACAAgAUAAC
12=D+ACAAgAUAACD+ACAAgAUAACD+ACAAgAUAACD+ACAAgAUAACD+ACAAgAUAACD+ACAAgAUA
13=ACD+ACAAgAUAACD+ACAAgAUAACD+ACAAgAUAACD+ACAAgAUAACD+ACAAgAUAACD+ACAAgA
14=UAACD+ACAAgAUAACD+ACAAgAUAACD+ACAAgAUAACD+ACAAgAUAACD+ACAAgA==

[OverlayPack]
1=BQAAIP4AIP+AYQAAIP4tAP+BAP7+Af+CAAD+CgL//gMAAP7xBf//AAQ6BP8AAiwKziwOgn
2=Bw//8BPw5gBf72Af/+BQBw/vwB////AT4UEf3/5QFAFv4EAADVKhT//wFBFP/8AUESyDcS
3=/rgB/4A+AAAg/h8A//4DAAD+HAD/gXD+2RH/2iEA/xYINRD+CgAa/r0B//4GAAJABxAKIB
4=PhKBr+xgH/0iYc4iYc/rQB/4A7AAAg/igA/4EC/v8B//8jAigAgRr/ygVMAoGu/zQEFwT/
5=AARLAP8LCksQ/g0AGv+8AW0aYffsKBz/qQFADIB9AAAg/h8A//4DAAIwBhAH/ioA/4Ea1E
6=sA/ugB//8ABFYA/s0B/4JwcP/+AScG//0BJAjzIQj/zAFiBIFwAAL/+wEmBP4FAHDp+A0Q
7=A//MAVYE6iIQQi7/zAFWDusgDDYu/80BVgTqJBQ0Af4NABr/wgFiDOwmEP//ASMK/q0F/4
8=AXAAAg/kQG/4EZ//8NRQT+AwT/ggIC/rcH/4AFAAAg/gAg/4AFAAAg/gAg/4AFAAAg/gAg
9=/4AFAAAg/gAg/4AFAAAg/gAg/4AFAAAg/gAg/4AFAAAg/gAg/4AFAAAg/gAg/4AFAAAg/g
10=Ag/4AFAAAg/gAg/4AFAAAg/gAg/4AFAAAg/gAg/4AFAAAg/gAg/4AFAAAg/gAg/4AFAAAg
11=/gAg/4AFAAAg/gAg/4AFAAAg/gAg/4AFAAAg/gAg/4AFAAAg/gAg/4AFAAAg/gAg/4AFAA
12=Ag/gAg/4AFAAAg/gAg/4AFAAAg/gAg/4AFAAAg/gAg/4AFAAAg/gAg/4AFAAAg/gAg/4A=

[ScriptTypes]
0=01000024
1=01000019

[Smudge]
0=CRATER08,40,32,0
1=BURNT03,41,32,0
2=CRATER06,70,103,0
3=CRATER08,59,100,0
4=CRATER09,72,93,0
5=CRATER08,77,99,0
6=CRATER03,63,98,0
7=CRATER04,66,94,0
8=BURNT05,65,98,0
9=BURNT09,70,96,0
10=BURNT11,61,97,0
11=BURNT03,49,27,0
12=CRATER09,49,29,0
13=CRATER10,54,18,0
14=BURNT10,57,22,0
15=BURNT03,46,22,0
16=BURNT09,53,14,0
17=BURNT01,54,25,0
18=CRATER03,59,54,0
19=CRATER07,62,49,0
20=CRATER07,59,35,0
21=CRATER09,60,37,0
22=CRATER10,56,37,0
23=CRATER10,58,54,0
24=CRATER11,64,60,0
25=CRATER03,67,74,0
26=CRATER01,65,75,0
27=CRATER05,67,72,0
28=CRATER07,62,70,0
29=BURNT09,67,68,0
30=BURNT07,58,52,0
31=BURNT04,56,31,0
32=BURNT04,59,63,0

[Special]
IQ=5
Edge=North
Side=Special
Color=Grey
Allies=Special
Credits=0
ActsLike=3
NodeCount=0
TechLevel=10
PercentBuilt=100
PlayerControl=no

[SpecialFlags]
Inert=no
FogOfWar=no
IonStorms=no
MCVDeploy=no
Meteorites=no
Visceroids=yes
FixedAlliance=no
TiberiumGrows=yes
InitialVeteran=no
HarvesterImmune=no
TiberiumSpreads=yes
TiberiumExplosive=no
DestroyableBridges=no

[Structures]
0=GDI,GACNST,256,24,52,64,None,1,0,1,0,0,None,None,None,0,0
1=GDI,GARADR,256,23,48,64,None,1,0,1,0,0,None,None,None,0,0
2=GDI,GAPILE,256,29,50,64,None,1,0,1,0,0,None,None,None,0,0
3=GDI,PROC,256,29,58,64,None,1,0,1,0,0,None,None,None,0,0
4=Neutral,CACITY05,169,18,41,64,None,1,0,1,0,0,None,None,None,0,0
5=Nod,INREDLMP,256,92,68,64,None,1,0,1,0,0,None,None,None,0,0
6=Neutral,GASPOT,27,70,92,64,01000007,1,0,1,0,0,None,None,None,0,0
7=Neutral,CABHUT,256,66,92,64,None,1,0,1,0,0,None,None,None,0,0
8=Neutral,CABHUT,256,70,80,64,None,1,0,1,0,0,None,None,None,0,0
9=Neutral,GAPOWR,54,64,96,64,01000007,1,0,1,0,0,None,None,None,0,0
10=Neutral,GALITE,256,29,53,64,None,1,0,1,0,0,None,None,None,0,0
11=GDI,GAVTUR,256,33,45,0,None,1,0,1,0,0,None,None,None,0,0
12=GDI,GAPOWR,256,37,57,64,None,1,0,1,0,0,None,None,None,0,0
13=GDI,GAPOWR,256,37,54,64,None,1,0,1,0,0,None,None,None,0,0
14=GDI,GAGATE_A,256,34,46,64,None,1,0,1,0,0,None,None,None,0,0
15=GDI,GAVTUR,256,37,45,0,None,1,0,1,0,0,None,None,None,0,0
18=Neutral,CACITY06,172,26,43,64,None,1,0,1,0,0,None,None,None,0,0
19=GDI,GAGATE_A,256,34,64,64,None,1,0,1,0,0,None,None,None,0,0
20=Neutral,CACITY07,256,21,33,64,None,1,0,1,0,0,None,None,None,0,0
21=Neutral,INGRNLMP,256,35,71,64,None,1,0,1,0,0,None,None,None,0,0
22=Nod,NAPOWR,256,95,63,64,None,1,0,1,0,0,None,None,None,0,0
23=Nod,PROC,256,89,72,64,None,1,0,1,0,0,None,None,None,0,0
24=Neutral,NEGLAMP,256,75,76,64,None,1,0,1,0,0,None,None,None,0,0
25=Nod,NAHAND,256,87,63,64,None,1,0,1,0,0,None,None,None,0,0
26=Nod,NAAPWR,256,79,46,64,None,1,0,1,0,0,None,None,None,0,0
27=Nod,NAGATE_B,256,86,67,64,None,1,0,1,0,0,None,None,None,0,0
28=Neutral,CACITY08,226,45,28,64,None,1,0,1,0,0,None,None,None,0,0
29=Neutral,CACITY09,96,45,23,64,None,1,0,1,0,0,None,None,None,0,0
30=Neutral,CACITY10,154,29,35,64,None,1,0,1,0,0,None,None,None,0,0
31=Neutral,CACITY11,154,39,26,64,None,1,0,1,0,0,None,None,None,0,0
32=Neutral,CA0012,256,64,41,64,None,1,0,1,0,0,None,None,None,0,0
33=Neutral,CA0012,60,64,46,64,None,1,0,1,0,0,None,None,None,0,0
34=Neutral,CA0013,69,64,44,64,None,1,0,1,0,0,None,None,None,0,0
35=Neutral,CACITY12,256,48,10,64,None,1,0,1,0,0,None,None,None,0,0
36=Neutral,CACITY13,256,58,16,64,None,1,0,1,0,0,None,None,None,0,0
37=Neutral,CACITY17,256,41,14,64,None,1,0,1,0,0,None,None,None,0,0
38=Neutral,CABOARD04,256,26,36,64,None,1,0,1,0,0,None,None,None,0,0
39=Neutral,CABOARD12,256,23,58,64,None,1,0,1,0,0,None,None,None,0,0
40=Neutral,CABOARD12,256,59,61,64,None,1,0,1,0,0,None,None,None,0,0
41=Neutral,CACITY17,187,61,105,64,None,1,0,1,0,0,None,None,None,0,0
42=Neutral,TSTLAMP,256,54,26,64,None,1,0,1,0,0,None,None,None,0,0
43=Neutral,TSTLAMP,256,62,44,64,None,1,0,1,0,0,None,None,None,0,0
44=Neutral,INGRNLMP,256,63,28,64,None,1,0,1,0,0,None,None,None,0,0
45=Neutral,INGRNLMP,256,81,74,64,None,1,0,1,0,0,None,None,None,0,0
46=Neutral,CACITY15,166,71,106,64,None,1,0,1,0,0,None,None,None,0,0
47=Neutral,TSTLAMP,256,70,104,64,None,1,0,1,0,0,None,None,None,0,0
48=Neutral,GAWEAP,84,61,100,64,01000007,1,0,1,0,0,None,None,None,0,0
49=Neutral,NEGLAMP,256,73,57,64,None,1,0,1,0,0,None,None,None,0,0
50=Neutral,TSTLAMP,256,65,94,64,None,1,0,1,0,0,None,None,None,0,0
51=Neutral,INGALITE,256,66,99,64,None,1,0,1,0,0,None,None,None,0,0
52=Neutral,CACITY12,87,74,98,64,None,1,0,1,0,0,None,None,None,0,0
53=Nod,NASPOT,256,76,54,64,None,1,0,1,0,1,None,None,None,0,0
54=Neutral,INREDLMP,256,83,48,64,None,1,0,1,0,0,None,None,None,0,0
55=Neutral,NEGLAMP,256,76,38,64,None,1,0,1,0,0,None,None,None,0,0
56=Neutral,NEGLAMP,256,93,53,64,None,1,0,1,0,0,None,None,None,0,0
57=Neutral,LAMP4,256,97,65,64,None,1,0,1,0,0,None,None,None,0,0
58=Neutral,NEGLAMP,256,96,80,64,None,1,0,1,0,0,None,None,None,0,0
59=Neutral,NEGLAMP,256,51,8,64,None,1,0,1,0,0,None,None,None,0,0
60=Neutral,CACITY14,97,47,14,64,None,1,0,1,0,0,None,None,None,0,0
61=Neutral,CACITY16,256,38,22,64,None,1,0,1,0,0,None,None,None,0,0
62=Neutral,CACITY04,175,13,42,64,None,1,0,1,0,0,None,None,None,0,0
63=Neutral,CABARL1,256,28,41,64,None,1,0,1,0,0,None,None,None,0,0
64=Neutral,CABARL2,256,29,42,64,None,1,0,1,0,0,None,None,None,0,0
65=Neutral,NEGLAMP,256,80,96,64,None,1,0,1,0,0,None,None,None,0,0
66=Neutral,NEGLAMP,256,69,112,64,None,1,0,1,0,0,None,None,None,0,0
67=Neutral,LAMP4,256,97,73,64,None,1,0,1,0,0,None,None,None,0,0
68=Neutral,LAMP1,256,88,74,64,None,1,0,1,0,0,None,None,None,0,0
69=Neutral,LAMP2,256,87,66,64,None,1,0,1,0,0,None,None,None,0,0
70=Neutral,LAMP3,256,90,63,64,None,1,0,1,0,0,None,None,None,0,0
71=Neutral,LAMP3,256,81,46,64,None,1,0,1,0,0,None,None,None,0,0
72=Neutral,LAMP2,256,76,51,64,None,1,0,1,0,0,None,None,None,0,0
73=Neutral,CABARL3,256,31,41,64,None,1,0,1,0,0,None,None,None,0,0
74=Neutral,CABARL1,256,31,42,64,None,1,0,1,0,0,None,None,None,0,0
75=Neutral,CA0010,52,61,69,64,None,1,0,1,0,0,None,None,None,0,0
76=Neutral,NEGLAMP,256,24,67,64,None,1,0,1,0,0,None,None,None,0,0
77=Neutral,NEGLAMP,256,13,53,64,None,1,0,1,0,0,None,None,None,0,0
78=Neutral,CACRSH01,256,37,36,64,None,1,0,1,0,0,None,None,None,0,0
79=Neutral,CACRSH02,256,58,32,64,None,1,0,1,0,0,None,None,None,0,0
80=Neutral,CACRSH05,256,45,37,64,None,1,0,1,0,0,None,None,None,0,0
81=Neutral,MAILBOX,256,32,36,64,None,1,0,1,0,0,None,None,None,0,0
82=Neutral,MAILBOX,256,41,17,64,None,1,0,1,0,0,None,None,None,0,0
83=Neutral,CABARL1,256,26,47,64,None,1,0,1,0,0,None,None,None,0,0
84=Neutral,CABARL2,256,27,47,64,None,1,0,1,0,0,None,None,None,0,0
85=Neutral,CABARL1,256,28,48,64,None,1,0,1,0,0,None,None,None,0,0
86=Neutral,CABARL1,256,16,41,64,None,1,0,1,0,0,None,None,None,0,0
87=Neutral,CABARL3,256,17,43,64,None,1,0,1,0,0,None,None,None,0,0
88=Neutral,CABARL2,256,17,45,64,None,1,0,1,0,0,None,None,None,0,0
89=Neutral,CABARL1,256,17,44,64,None,1,0,1,0,0,None,None,None,0,0
90=Neutral,CABARL1,256,15,44,64,None,1,0,1,0,0,None,None,None,0,0
91=Neutral,CABARL1,256,38,28,64,None,1,0,1,0,0,None,None,None,0,0
92=Neutral,CABARL2,256,37,28,64,None,1,0,1,0,0,None,None,None,0,0
93=Neutral,CABARL2,256,47,22,64,None,1,0,1,0,0,None,None,None,0,0
94=Neutral,CABARL3,256,48,25,64,None,1,0,1,0,0,None,None,None,0,0
95=Neutral,CABARL1,256,48,24,64,None,1,0,1,0,0,None,None,None,0,0
96=Neutral,HEDGEHOG2,256,33,38,64,None,1,0,1,0,0,None,None,None,0,0
97=Neutral,HEDGEHOG1,256,31,39,64,None,1,0,1,0,0,None,None,None,0,0
98=Neutral,HEDGEHOG1,256,36,26,64,None,1,0,1,0,0,None,None,None,0,0
99=Neutral,HEDGEHOG2,256,34,28,64,None,1,0,1,0,0,None,None,None,0,0
100=Neutral,HEDGEHOG2,256,52,23,64,None,1,0,1,0,0,None,None,None,0,0
101=GDI,GASPOT,256,24,46,64,None,1,0,1,0,1,None,None,None,0,0
102=GDI,GASPOT,81,57,54,64,None,1,0,1,0,0,None,None,None,0,0
103=Neutral,CABARL1,256,46,21,64,None,1,0,1,0,0,None,None,None,0,0
104=Neutral,CABARL1,256,48,22,64,None,1,0,1,0,0,None,None,None,0,0
105=Neutral,CABARL1,256,56,19,64,None,1,0,1,0,0,None,None,None,0,0
106=Neutral,CABARL2,256,60,18,64,None,1,0,1,0,0,None,None,None,0,0
107=Neutral,CABARL1,256,42,28,64,None,1,0,1,0,0,None,None,None,0,0
108=Neutral,CABARL1,256,31,29,64,None,1,0,1,0,0,None,None,None,0,0
109=Neutral,INORNGLAMP,256,22,37,64,None,1,0,1,0,0,None,None,None,0,0
110=Neutral,INORNGLAMP,256,36,23,64,None,1,0,1,0,0,None,None,None,0,0
111=Neutral,INORNGLAMP,256,51,11,64,None,1,0,1,0,0,None,None,None,0,0
112=Neutral,CABARL3,256,30,29,64,None,1,0,1,0,0,None,None,None,0,0
113=Neutral,LAMP3,256,24,36,64,None,1,0,1,0,0,None,None,None,0,0
114=Neutral,LAMP2,256,33,49,64,None,1,0,1,0,0,None,None,None,0,0
115=Neutral,LAMP2,256,33,61,64,None,1,0,1,0,0,None,None,None,0,0
116=Neutral,LAMP2,256,33,54,64,None,1,0,1,0,0,None,None,None,0,0
118=Neutral,LAMP1,256,23,40,64,None,1,0,1,0,0,None,None,None,0,0
119=Neutral,LAMP2,256,33,36,64,None,1,0,1,0,0,None,None,None,0,0
120=Neutral,LAMP2,256,33,29,64,None,1,0,1,0,0,None,None,None,0,0
121=Neutral,LAMP2,256,49,21,64,None,1,0,1,0,0,None,None,None,0,0
122=Neutral,LAMP2,256,49,13,64,None,1,0,1,0,0,None,None,None,0,0
123=Neutral,LAMP4,256,53,18,64,None,1,0,1,0,0,None,None,None,0,0
124=Neutral,LAMP4,256,53,10,64,None,1,0,1,0,0,None,None,None,0,0
125=Neutral,LAMP4,256,37,25,64,None,1,0,1,0,0,None,None,None,0,0
126=Neutral,LAMP1,256,41,21,64,None,1,0,1,0,0,None,None,None,0,0
127=Neutral,LAMP2,256,44,30,64,None,1,0,1,0,0,None,None,None,0,0
128=Neutral,CABARL1,256,33,26,64,None,1,0,1,0,0,None,None,None,0,0
129=Neutral,CABOARD05,256,54,20,64,None,1,0,1,0,0,None,None,None,0,0
133=Neutral,CA0003,103,69,76,64,None,1,0,1,0,0,None,None,None,0,0

[Tags]
01000001=0,Camera move to base 1,01000000
01000003=0,Lock 1,01000002
01000005=0,Unlock 1,01000004
01000007=0,Discovered Base South 1,01000006
01000009=0,Text Objective 1,01000008
01000011=0,House change to Nod 1,01000010
01000013=0,Reveal area top base 1,01000012
01000015=0,Text 1 1,01000014
01000017=0,Text 2 1,01000016
01000021=0,Win 1,01000020
01000023=0,Lose 1,01000022
01000028=0,Reveal Xedes 1,01000027
01000030=0,Text 4 Xedes 1,01000029
01000032=0,Discovered Nod 1,01000031
01000035=0,Create Infantry Force 1,01000034

[TaskForces]
0=01000025
1=01000018

[TeamTypes]
0=01000026
1=01000033

[Terrain]
14054=TREE20
21064=TREE15
22054=TREE24
22066=TREE04
25067=TREE13
26041=TREE23
26069=TREE12
28056=TREE23
28057=TREE25
28063=TIBTRE02
30027=TREE21
30056=TREE21
31059=TREE22
32038=TREE25
34067=TREE23
35048=TREE24
35063=TREE17
35077=TREE04
36052=TREE07
36053=TREE19
36065=TREE24
36076=TREE01
36079=TREE03
37076=TREE03
37078=TREE08
38044=TREE11
38079=TREE05
39044=TREE12
39074=TREE10
39075=TREE01
39077=TREE06
39079=TREE10
40025=TREE22
40056=TREE13
40064=TREE10
40065=TREE04
40074=TREE05
42065=TREE07
42086=TREE10
43085=TREE04
43086=TREE03
44077=TREE03
44078=TREE08
44081=TREE05
45039=TREE07
45040=TREE03
45048=TREE07
45049=TREE10
45088=TREE01
45091=TREE04
46066=TREE03
46072=TREE03
47057=TREE18
47066=TREE05
47073=TREE07
47090=TREE06
48012=TREE18
48072=TREE04
48087=TREE04
48091=TREE09
49014=TREE02
49015=TREE04
49073=TREE10
50057=TREE05
50065=TREE10
50071=TREE01
50072=TREE06
50074=TREE08
51010=TREE04
51012=TREE03
51020=TREE03
51022=TREE05
51056=TREE04
51057=TREE07
51088=TREE07
52009=TREE05
52020=TREE10
52056=TREE01
52065=TREE04
52088=TREE05
53011=TREE06
53016=TREE05
53019=TREE02
53065=TREE03
53091=TREE09
53092=TREE10
54021=TREE13
54055=TREE15
55013=TREE04
55066=TREE07
55072=TREE05
55074=TREE06
55094=TREE13
56012=TREE02
56021=TREE05
56056=TREE03
56057=TREE07
56066=TREE01
56072=TREE01
57013=TREE05
57015=TREE06
57020=TREE06
57021=TREE07
57041=TREE09
57057=TREE10
57066=TREE09
57072=TREE04
57075=TREE03
57087=TREE07
57094=TREE09
57096=TREE10
58016=TREE10
58041=TREE04
58094=TREE07
58095=TREE03
59022=TREE04
59091=TREE03
59093=TREE08
60024=TREE07
60028=TREE05
60041=TREE10
60042=TREE03
60072=TREE08
60090=TREE09
60092=TREE10
60094=TREE07
61018=TREE02
61028=TREE04
61041=TREE07
61068=TREE03
61076=TREE06
61094=TREE04
61097=TREE09
62068=TREE07
62070=TREE01
62071=TREE11
62102=TREE07
63067=TREE09
63075=TREE10
63077=TREE07
63103=TREE09
64070=TREE23
64073=TREE03
64074=TREE07
64100=TREE09
64103=TREE10
65027=TREE07
65028=TREE08
65039=TREE03
65040=TREE04
65057=TREE11
65062=TREE05
65072=TREE10
65075=TREE09
65099=TREE04
65101=TREE07
65105=TREE08
66031=TREE03
66059=TREE07
66060=TREE10
66061=TREE06
66070=TREE06
67025=TREE04
67027=TREE10
67038=TREE12
67039=TREE08
67057=TREE04
67059=TREE01
67070=TREE05
67072=TREE16
68024=TREE06
68031=TREE18
68058=TREE03
68061=TREE08
69030=TREE10
69072=TREE07
70029=TREE03
70071=TREE03
70072=TREE09
70076=TREE08
71030=TREE04
71035=TIBTRE02
71076=TREE11
71077=TREE10
71080=TREE21
72030=TREE01
72077=TREE09
72100=TREE08
72104=TREE08
73030=TREE09
73061=TREE11
73078=TREE03
73100=TREE04
74040=TREE04
74061=TREE07
74081=TIBTRE02
74085=TREE25
75031=TREE04
75075=TREE07
75099=TREE07
76034=TREE22
76040=TREE05
76091=TREE07
76092=TREE12
76105=TREE09
77033=TREE08
77062=TREE15
77072=TREE03
77078=TREE12
78039=TREE09
78062=TREE05
79036=TREE03
79038=TREE01
79083=TREE24
79085=TREE04
79086=TREE03
79088=TREE07
79091=TREE05
79094=TREE06
79095=TREE05
79097=TREE03
79099=TREE09
80037=TREE10
80095=TREE04
80099=TREE10
81084=TREE05
81087=TREE06
81091=TREE10
82091=TREE04
82093=TREE03
86051=TREE01
86052=TREE10
87051=TREE07
92075=TREE05
93066=TREE05
93074=TREE01
95060=TREE03
95061=TREE02
95076=TREE04
96060=TREE05
97078=TREE07
97083=TREE01
98058=TREE04
98081=TREE03
98083=TREE04
99079=TREE05
100057=TREE01
101058=TREE03

[Triggers]
01000000=GDI,<none>,Camera move to base,0,1,1,1,0
01000002=GDI,<none>,Lock,0,1,1,1,0
01000004=GDI,<none>,Unlock,0,1,1,1,0
01000006=GDI,<none>,Discovered Base South,0,1,1,1,0
01000008=GDI,<none>,Text Objective,0,1,1,1,0
01000010=GDI,<none>,House change to Nod,0,1,1,1,0
01000012=GDI,<none>,Reveal area top base,0,1,1,1,0
01000014=GDI,<none>,Text 1,1,1,1,1,0
01000016=GDI,<none>,Text 2,1,1,1,1,0
01000020=GDI,<none>,Win,0,1,1,1,0
01000022=GDI,<none>,Lose,0,1,1,1,0
01000027=GDI,<none>,Reveal Xedes,0,1,1,1,0
01000029=GDI,<none>,Text 4 Xedes,1,1,1,1,0
01000031=GDI,<none>,Discovered Nod,0,1,1,1,0
01000034=Nod2,<none>,Create Infantry Force,0,1,1,1,0

[Units]
0=GDI,BADGER,256,24,58,0,Guard,None,0,-1,0,-1,1,0
1=Nod,RAIDER,256,96,66,192,Area Guard,None,0,-1,0,-1,1,0
2=GDI,BADGER,256,37,51,192,Area Guard,None,0,-1,0,-1,1,0
4=Nod,TRUCKB,256,82,47,128,Guard,None,0,-1,0,-1,1,0
5=Nod,TRUCK_NOD,256,96,71,192,Sleep,None,0,-1,0,-1,1,0
6=Nod,TRUCKA,256,77,53,64,Guard,None,0,-1,0,-1,1,0
7=GDI,HARV,256,34,59,64,Harvest,None,0,-1,0,-1,1,0
8=Nod,RAIDER,256,60,41,0,Guard,None,0,-1,0,-1,1,0
9=Nod,TRUCK_NOD,256,95,73,0,Sleep,None,0,-1,0,-1,1,0
10=Neutral,BADGER,191,66,101,64,Guard,01000007,0,-1,0,-1,1,0
11=Neutral,PICK,256,47,30,64,Guard,None,0,-1,0,-1,1,0
12=Neutral,FVBLUE,256,22,36,0,Guard,None,0,-1,0,-1,1,0
13=Neutral,PICKRED,256,55,17,0,Guard,None,0,-1,0,-1,1,0
14=Neutral,TREXYELLOW,256,53,16,128,Guard,None,0,-1,0,-1,1,0
15=Neutral,GARBAGETRUCK,256,42,22,128,Guard,None,0,-1,0,-1,1,0
16=Neutral,CARBLACK,256,47,17,64,Guard,None,0,-1,0,-1,1,0
17=Neutral,PICKBLUE,256,20,45,64,Guard,None,0,-1,0,-1,1,0
18=Neutral,LUXBLACK,256,21,44,64,Guard,None,0,-1,0,-1,1,0
19=Neutral,TOWTRUCK,256,19,44,64,Guard,None,0,-1,0,-1,1,0
20=Nod,RAIDER,256,51,15,128,Area Guard,None,0,-1,0,-1,1,0
21=Neutral,PICKBLACK,256,69,74,64,Guard,None,0,-1,0,-1,1,0

[Waypoints]
0=54029
1=26035
2=64028
3=68088
4=69114
5=69092
6=69103
7=45035
98=55081
99=55082



[Digest]
1=EhOIL2AbAlAEFiQztD0MakwrjBU=

